=== S0-C 정책 A/B (freeze 7281411, 팬리스, 5라운드, 예열 15분) ===
  노드 3개 확인
--- 예열 15분 (round-robin, 결과는 버린다) ---
  예열  5/15  soc: 
  예열 10/15  soc: 
  예열 15/15  soc: 
  예열 완료 — thermal steady-state 가정
  r1  round-robin  -> 355.7,78.54,238.28,308.20,0.0000,33.3,33.3,33.3,144.7,67.0,65.8  soc최대 ?°C
  r1  least-queue  -> 166.4,202.26,410.00,506.26,0.0000,34.6,32.9,32.5,202.0,208.6,197.2  soc최대 ?°C
  r1  ect          -> 155.5,225.86,404.96,495.32,0.0000,37.4,35.3,27.3,228.7,218.6,230.3  soc최대 ?°C
  r2  least-queue  -> 170.5,198.94,379.48,456.42,0.0000,38.0,31.7,30.2,209.2,194.7,192.7  soc최대 ?°C
  r2  ect          -> 159.8,219.00,394.19,475.29,0.0000,35.5,37.3,27.2,221.3,219.6,215.8  soc최대 ?°C
  r2  round-robin  -> 385.1,86.93,150.54,192.76,0.0000,33.3,33.3,33.3,88.7,86.7,85.5  soc최대 ?°C
  r3  ect          -> 160.4,212.10,403.55,486.03,0.0000,35.1,37.8,27.1,215.5,207.4,214.1  soc최대 ?°C
  r3  round-robin  -> 387.2,87.25,144.82,184.44,0.0000,33.3,33.3,33.3,89.7,83.1,89.2  soc최대 ?°C
  r3  least-queue  -> 169.1,201.97,391.69,475.38,0.0000,34.4,34.3,31.3,206.3,204.0,192.8  soc최대 ?°C
  r4  round-robin  -> 386.1,87.63,143.94,188.16,0.0000,33.3,33.3,33.3,86.5,87.8,88.7  soc최대 ?°C
  r4  least-queue  -> 170.4,198.82,384.96,479.14,0.0000,35.7,33.6,30.7,192.6,203.8,200.1  soc최대 ?°C
  r4  ect          -> 157.3,220.73,399.11,481.11,0.0000,32.5,35.4,32.0,211.0,222.6,228.6  soc최대 ?°C
  r5  least-queue  -> 172.7,197.18,383.90,468.11,0.0000,32.6,34.1,33.3,205.0,191.7,194.8  soc최대 ?°C
  r5  ect          -> 159.6,220.36,387.57,477.17,0.0000,33.4,35.8,30.9,222.6,220.0,217.5  soc최대 ?°C
  r5  round-robin  -> 385.2,86.97,149.49,195.48,0.0000,33.3,33.3,33.3,89.5,85.3,86.5  soc최대 ?°C
--- 열 로거 수거 ---
--- 원상복구 (기본 설정, 팬리스 유지) ---
  npuforge-k       running
  npuforge-q       running
  npuforge-j       running

========================================================================================================
S0-C  정책 A/B (팬리스, thermal steady-state)
========================================================================================================
  같은 3노드 / 커넥션 2·node / c36. 달라지는 것은 스케줄링 정책뿐이다.

Policy          n    Throughput     p50     p95     p99   king%   jack%  queen%     err
--------------------------------------------------------------------------------------------------------
round-robin     5    379.9±13.5    85.5   165.4   213.8    33.3    33.3    33.3  0.0000
least-queue     5    169.8±2.3    199.8   390.0   477.1    35.1    33.3    31.6  0.0000
ect             5    158.5±2.1    219.6   397.9   483.0    34.8    36.3    28.9  0.0000

── 노드별 p50 (ms) — 분배가 이동하면 여기도 따라 움직인다 ────────────────────────────────────────────
Policy              king      jack     queen       최대/최소
--------------------------------------------------------------------------------------------------------
round-robin         99.8      82.0      83.1       1.22x
least-queue        203.0     200.6     195.5       1.04x
ect                219.8     217.6     221.3       1.02x

── 노드별 CPU busy% — '놀고 있다' 를 지연이 아니라 utilization 으로 ──────────────────────────────
Policy              king      jack     queen
--------------------------------------------------------------------------------------------------------
round-robin        51.5%     44.5%     45.3%
least-queue        22.6%     21.1%     20.7%
ect                21.0%     21.7%     17.7%

  총 오류율 합계: 0.0000

────────────────────────────────────────────────────────────────────────────────────────────────────────
판정 — 분배가 이동했는가, 그리고 손실이 회수됐는가
────────────────────────────────────────────────────────────────────────────────────────────────────────

  least-queue: 처리량 379.9 → 169.8 (-55.3%), king 분배 33.3% → 35.1%
    → **분배가 이동하지 않았다.** 정책의 상태 신호가 thermal-induced
       capacity degradation 을 감지하지 못한다는 뜻이다.
       (queue_depth/in_flight 는 느린 노드에서도 낮게 유지될 수 있다 —
        느린 것은 큐가 아니라 서비스 시간이기 때문이다.)

  ect: 처리량 379.9 → 158.5 (-58.3%), king 분배 33.3% → 34.8%
    → **분배가 이동하지 않았다.** 정책의 상태 신호가 thermal-induced
       capacity degradation 을 감지하지 못한다는 뜻이다.
       (queue_depth/in_flight 는 느린 노드에서도 낮게 유지될 수 있다 —
        느린 것은 큐가 아니라 서비스 시간이기 때문이다.)

  기준: king 분배 3%p 이상 이동 = '이동', 처리량 2% 이상 = '회수'.
        측정 전에 정한 값이며 결과에 맞춰 바꾸지 않는다.
결과: results/policy-ab-20260821/
