=== S3.7b concurrency sweep (freeze 7c11467, 후보 [2 4] × [24 32 40 48 64] × 3회) ===
--- rep 1 · 커넥션 2 개 ---
  rep1  conn=2  c24  -> 134.9,171.50,308.63,357.13,498.89,65.31,0.022,0.0000
  rep1  conn=2  c32  -> 133.3,230.49,423.24,490.02,644.83,94.48,0.022,0.0000
  rep1  conn=2  c40  -> 134.1,285.59,557.72,659.68,847.52,122.35,0.022,0.0000
  rep1  conn=2  c48  -> 133.9,339.44,705.40,849.65,1218.22,149.12,0.023,0.0000
  rep1  conn=2  c64  -> 133.2,447.02,1031.73,1218.91,1687.30,203.57,0.023,0.0000
--- rep 1 · 커넥션 4 개 ---
  rep1  conn=4  c24  -> 139.7,128.51,396.49,491.47,675.49,42.62,0.023,0.0000
  rep1  conn=4  c32  -> 138.4,169.79,577.67,721.07,1009.23,63.92,0.023,0.0000
  rep1  conn=4  c40  -> 137.4,222.38,721.26,914.07,1387.13,90.07,0.022,0.0000
  rep1  conn=4  c48  -> 138.5,207.24,990.11,1228.03,1612.85,82.54,0.023,0.0000
  rep1  conn=4  c64  -> 137.2,291.74,1352.51,1647.56,2184.67,123.92,0.023,0.0000
--- rep 2 · 커넥션 4 개 ---
  rep2  conn=4  c64  -> 139.2,353.83,1173.34,1445.37,1925.61,155.09,0.023,0.0000
  rep2  conn=4  c48  -> 137.8,237.48,972.06,1219.47,1566.77,96.77,0.023,0.0000
  rep2  conn=4  c40  -> 137.9,219.67,725.81,932.73,1490.56,88.71,0.023,0.0000
  rep2  conn=4  c32  -> 137.8,165.28,572.30,702.68,1066.30,61.16,0.023,0.0000
  rep2  conn=4  c24  -> 137.9,135.24,382.95,468.14,650.40,46.72,0.023,0.0000
--- rep 2 · 커넥션 2 개 ---
  rep2  conn=2  c64  -> 133.1,449.17,958.97,1132.99,1668.96,204.03,0.023,0.0000
  rep2  conn=2  c48  -> 133.6,341.22,667.74,786.47,1083.39,150.53,0.023,0.0000
  rep2  conn=2  c40  -> 134.9,274.45,595.59,697.82,929.55,117.14,0.023,0.0000
  rep2  conn=2  c32  -> 133.9,228.58,438.44,516.45,674.61,94.34,0.022,0.0000
  rep2  conn=2  c24  -> 133.0,174.69,313.49,362.01,492.75,66.43,0.022,0.0000
--- rep 3 · 커넥션 2 개 ---
  rep3  conn=2  c24  -> 135.0,171.33,298.71,353.35,490.18,64.79,0.022,0.0000
  rep3  conn=2  c32  -> 134.0,226.75,432.69,510.76,679.93,93.21,0.023,0.0000
  rep3  conn=2  c40  -> 133.7,286.29,562.97,665.69,953.64,122.88,0.023,0.0000
  rep3  conn=2  c48  -> 134.0,335.03,719.58,859.95,1101.89,146.35,0.023,0.0000
  rep3  conn=2  c64  -> 132.4,461.57,847.20,1044.97,1473.26,210.38,0.023,0.0000
--- rep 3 · 커넥션 4 개 ---
  rep3  conn=4  c24  -> 140.3,128.00,393.40,480.93,635.73,42.68,0.023,0.0000
  rep3  conn=4  c32  -> 138.6,163.58,579.43,721.14,949.41,60.43,0.023,0.0000
  rep3  conn=4  c40  -> 137.8,224.12,711.54,951.76,1258.02,91.01,0.023,0.0000
  rep3  conn=4  c48  -> 136.5,271.25,913.71,1155.30,1655.45,113.96,0.022,0.0000
  rep3  conn=4  c64  -> 137.3,356.64,1237.38,1607.22,2272.29,156.71,0.023,0.0000
--- 원상복구 ---
  npuforge-k       running
  npuforge-q       running
  npuforge-j       DOWN

================================================================================================
S3.7b  concurrency sweep — 후보별 실제 ceiling 과 그때의 tail
================================================================================================
  (지연은 run-level percentile 의 run 간 평균 — pooled 아님)

── 커넥션 2 개 ────────────────────────────────────────────────────────────────────────────────
  conc  n      throughput      p50      p95      p99       max    →node   nodeq
------------------------------------------------------------------------------------------------
    24  3    134.3±1.1      172.5    306.9    357.5     493.9     65.5    0.02
    32  3    133.7±0.4      228.6    431.5    505.7     666.5     94.0    0.02
    40  3    134.2±0.6      282.1    572.1    674.4     910.2    120.8    0.02
    48  3    133.8±0.2      338.6    697.6    832.0    1134.5    148.7    0.02
    64  3    132.9±0.4      452.6    946.0   1132.3    1609.8    206.0    0.02

── 커넥션 4 개 ────────────────────────────────────────────────────────────────────────────────
  conc  n      throughput      p50      p95      p99       max    →node   nodeq
------------------------------------------------------------------------------------------------
    24  3    139.3±1.2      130.6    390.9    480.2     653.9     44.0    0.02
    32  3    138.3±0.4      166.2    576.5    715.0    1008.3     61.8    0.02
    40  3    137.7±0.3      222.1    719.5    932.9    1378.6     89.9    0.02
    48  3    137.6±1.0      238.7    958.6   1200.9    1611.7     97.8    0.02
    64  3    137.9±1.1      334.1   1254.4   1566.7    2127.5    145.2    0.02

  총 오류율 합계: 0.0000   (0 이 아니면 결과를 신뢰하지 않는다)

────────────────────────────────────────────────────────────────────────────────────────────────
후보별 ceiling (해당 후보에서 처리량이 가장 높은 concurrency)
────────────────────────────────────────────────────────────────────────────────────────────────
  conn   @conc    ceiling      p50      p95      p99       max
------------------------------------------------------------------------------------------------
     2      24      134.3    172.5    306.9    357.5     493.9
     4      24      139.3    130.6    390.9    480.2     653.9

────────────────────────────────────────────────────────────────────────────────────────────────
포화 판정 — 최고점이 sweep 의 끝이면 아직 포화가 아닐 수 있다
────────────────────────────────────────────────────────────────────────────────────────────────
  conn 2: 최고점이 sweep 하단(c24)이다. 더 낮은 부하에서 최고일 수 있다.
  conn 4: 최고점이 sweep 하단(c24)이다. 더 낮은 부하에서 최고일 수 있다.

────────────────────────────────────────────────────────────────────────────────────────────────
운영점 비교 (각 후보의 ceiling 기준)
────────────────────────────────────────────────────────────────────────────────────────────────
  conn 2 @c24 :  134.3 inf/s   p95  306.9   p99  357.5
  conn 4 @c24 :  139.3 inf/s   p95  390.9   p99  480.2

  conn 4 는 conn 2 대비 처리량 +3.7% 를 위해 p95 +27.4%, p99 +34.3% 를 치른다.
  → 처리량 이득이 작고 tail 대가가 크다. **conn 2 를 권한다.**
결과: results/concurrency-sweep-20260820/
