epoch soc_c npu_c ddr_c bigcore_c cpu_mhz npu_mhz volt_v
1787240438 41.6 39.8 40.7 42.5 2208 950 5.322
1787240439 40.7 39.8 39.8 40.7 2208 950 5.298
1787240440 40.7 38.8 38.8 40.7 2208 950 5.273
1787240441 40.7 38.8 38.8 39.8 2208 950 5.249
1787240442 39.8 38.8 38.8 40.7 2208 950 5.249
1787240444 39.8 38.8 38.8 39.8 2208 950 5.244
1787240445 46.2 45.3 45.3 46.2 2208 950 5.196
1787240446 48.1 47.2 47.2 49.0 2208 950 5.215
1787240447 49.9 49.0 49.0 50.8 2208 950 5.244
1787240448 50.8 49.9 49.9 50.8 2208 950 5.269
1787240449 50.8 50.8 50.8 51.8 2208 950 5.220
1787240450 51.8 50.8 50.8 52.7 2208 950 5.230
1787240451 51.8 51.8 51.8 52.7 2208 950 5.264
1787240452 52.7 51.8 51.8 53.6 2208 950 5.240
1787240454 52.7 51.8 51.8 53.6 2208 950 5.225
1787240455 53.6 52.7 51.8 54.5 2208 950 5.230
1787240456 52.7 52.7 51.8 53.6 2208 950 5.215
1787240457 53.6 53.6 52.7 55.5 2208 950 5.215
1787240458 54.5 53.6 53.6 55.5 2208 950 5.269
1787240459 54.5 53.6 53.6 54.5 2208 950 5.201
1787240460 54.5 54.5 53.6 55.5 2208 950 5.196
1787240461 54.5 54.5 53.6 55.5 2208 950 5.206
1787240463 53.6 53.6 53.6 55.5 2208 950 5.254
1787240464 54.5 54.5 53.6 55.5 2208 950 5.235
1787240465 55.5 54.5 54.5 56.4 2208 950 5.230
1787240466 55.5 54.5 54.5 56.4 2208 950 5.196
1787240467 55.5 54.5 54.5 56.4 2208 950 5.191
1787240468 55.5 55.5 54.5 57.3 2208 950 5.240
1787240469 56.4 56.4 55.5 57.3 2208 950 5.244
1787240470 56.4 56.4 55.5 57.3 2208 950 5.196
1787240472 56.4 55.5 55.5 57.3 2208 950 5.196
1787240473 56.4 55.5 55.5 57.3 2208 950 5.249
1787240474 56.4 55.5 55.5 57.3 2208 950 5.273
1787240475 57.3 56.4 55.5 58.2 2208 950 5.225
1787240476 57.3 56.4 56.4 59.2 2208 950 5.191
1787240477 56.4 56.4 56.4 57.3 2208 950 5.211
1787240478 57.3 57.3 56.4 58.2 2208 950 5.215
1787240480 57.3 57.3 56.4 58.2 2208 950 5.230
1787240481 57.3 57.3 56.4 58.2 2208 950 5.249
1787240482 57.3 56.4 56.4 58.2 2208 950 5.225
1787240483 57.3 57.3 57.3 59.2 2208 950 5.283
1787240484 56.4 56.4 55.5 57.3 2208 950 5.254
1787240485 56.4 56.4 56.4 57.3 2208 950 5.220
1787240486 58.2 57.3 56.4 59.2 2208 950 5.220
1787240487 57.3 57.3 56.4 59.2 2208 950 5.269
1787240489 57.3 57.3 56.4 59.2 2208 950 5.259
1787240490 58.2 57.3 57.3 60.1 2208 950 5.225
1787240491 58.2 57.3 57.3 59.2 2208 950 5.235
1787240492 58.2 57.3 57.3 59.2 2208 950 5.230
1787240493 58.2 58.2 57.3 59.2 2208 950 5.249
1787240494 58.2 58.2 57.3 59.2 2208 950 5.196
1787240495 58.2 57.3 57.3 59.2 2208 950 5.235
1787240496 58.2 58.2 57.3 60.1 2208 950 5.230
1787240498 58.2 57.3 57.3 58.2 2208 950 5.235
1787240499 58.2 57.3 57.3 59.2 2208 950 5.206
1787240500 58.2 57.3 57.3 59.2 2208 950 5.240
1787240501 58.2 58.2 57.3 59.2 2208 950 5.254
1787240502 58.2 58.2 57.3 59.2 2208 950 5.220
1787240503 58.2 58.2 57.3 60.1 2208 950 5.220
1787240504 56.4 54.5 55.5 56.4 2208 950 5.283
1787240505 50.8 49.0 49.9 50.8 2208 950 5.249
1787240507 49.9 48.1 48.1 49.9 2208 950 5.327
1787240508 53.6 53.6 52.7 54.5 2208 950 5.254
1787240509 56.4 56.4 55.5 57.3 2208 950 5.182
1787240510 56.4 55.5 55.5 58.2 2208 950 5.215
1787240511 57.3 57.3 56.4 58.2 2208 950 5.235
1787240512 57.3 57.3 56.4 58.2 2208 950 5.249
1787240513 57.3 57.3 56.4 58.2 2208 950 5.240
1787240514 57.3 57.3 57.3 58.2 2208 950 5.182
1787240516 58.2 57.3 56.4 59.2 2208 950 5.211
1787240517 58.2 57.3 57.3 59.2 2208 950 5.220
1787240518 58.2 57.3 57.3 60.1 2208 950 5.235
1787240519 58.2 58.2 57.3 59.2 2208 950 5.230
1787240520 58.2 57.3 57.3 59.2 2208 950 5.249
1787240521 58.2 57.3 57.3 59.2 2208 950 5.211
1787240522 59.2 58.2 57.3 59.2 2208 950 5.196
1787240523 58.2 58.2 57.3 58.2 2208 950 5.264
1787240525 58.2 58.2 57.3 60.1 2208 950 5.215
1787240526 58.2 57.3 57.3 59.2 2208 950 5.244
1787240527 58.2 58.2 57.3 59.2 2208 950 5.201
1787240528 59.2 58.2 58.2 60.1 2208 950 5.235
1787240529 59.2 58.2 58.2 60.1 2208 950 5.283
1787240530 59.2 58.2 58.2 60.1 2208 950 5.264
1787240531 58.2 58.2 57.3 59.2 2208 950 5.220
1787240532 58.2 58.2 58.2 60.1 2208 950 5.240
1787240534 59.2 58.2 57.3 60.1 2208 950 5.201
1787240535 58.2 58.2 58.2 59.2 2208 950 5.206
1787240536 58.2 58.2 58.2 59.2 2208 950 5.264
1787240537 59.2 58.2 57.3 59.2 2208 950 5.259
1787240538 59.2 58.2 58.2 60.1 2208 950 5.211
1787240539 58.2 58.2 57.3 60.1 2208 950 5.240
1787240540 58.2 57.3 57.3 58.2 2208 950 5.249
1787240541 59.2 58.2 58.2 60.1 2208 950 5.215
1787240543 59.2 58.2 58.2 60.1 2208 950 5.235
1787240544 58.2 58.2 58.2 60.1 2208 950 5.206
1787240545 59.2 58.2 58.2 59.2 2208 950 5.211
1787240546 59.2 58.2 58.2 60.1 2208 950 5.269
1787240547 59.2 59.2 58.2 60.1 2208 950 5.235
1787240548 59.2 59.2 58.2 61.0 2208 950 5.254
1787240549 59.2 58.2 58.2 59.2 2208 950 5.244
1787240551 59.2 58.2 58.2 60.1 2208 950 5.244
1787240552 59.2 59.2 58.2 60.1 2208 950 5.225
1787240553 60.1 59.2 58.2 60.1 2208 950 5.244
1787240554 59.2 59.2 58.2 61.0 2208 950 5.206
1787240555 59.2 59.2 59.2 61.0 2208 950 5.249
1787240556 59.2 59.2 58.2 60.1 2208 950 5.264
1787240557 59.2 59.2 58.2 60.1 2208 950 5.211
1787240559 60.1 59.2 58.2 61.0 2208 950 5.235
1787240560 59.2 59.2 58.2 61.0 2208 950 5.244
1787240561 58.2 58.2 57.3 60.1 2208 950 5.225
1787240562 59.2 58.2 58.2 60.1 2208 950 5.235
1787240563 59.2 58.2 58.2 61.0 2208 950 5.196
1787240564 58.2 58.2 58.2 60.1 2208 950 5.211
1787240565 59.2 58.2 58.2 60.1 2208 950 5.225
1787240566 59.2 58.2 58.2 60.1 2208 950 5.249
1787240567 56.4 54.5 55.5 57.3 2208 950 5.293
1787240569 54.5 54.5 53.6 56.4 2208 950 5.215
1787240570 57.3 57.3 57.3 58.2 2208 950 5.259
1787240571 58.2 58.2 57.3 60.1 2208 950 5.215
1787240572 58.2 57.3 57.3 60.1 2208 950 5.293
1787240573 59.2 58.2 57.3 59.2 2208 950 5.186
1787240574 58.2 58.2 58.2 60.1 2208 950 5.240
1787240575 58.2 58.2 58.2 60.1 2208 950 5.235
1787240576 58.2 58.2 57.3 59.2 2208 950 5.196
1787240578 60.1 58.2 58.2 61.0 2208 950 5.196
1787240579 60.1 59.2 58.2 61.0 2208 950 5.249
1787240580 59.2 59.2 58.2 61.0 2208 950 5.220
1787240581 59.2 58.2 58.2 60.1 2208 950 5.220
1787240582 59.2 58.2 58.2 59.2 2208 950 5.230
1787240583 59.2 58.2 58.2 60.1 2208 950 5.215
1787240584 60.1 58.2 58.2 61.0 2208 950 5.220
1787240585 59.2 58.2 58.2 60.1 2208 950 5.211
1787240587 60.1 59.2 59.2 61.0 2208 950 5.230
1787240588 59.2 58.2 57.3 59.2 2208 950 5.211
1787240589 59.2 59.2 58.2 60.1 2208 950 5.225
1787240590 59.2 59.2 58.2 61.0 2208 950 5.215
1787240591 59.2 59.2 58.2 60.1 2208 950 5.249
1787240592 59.2 58.2 58.2 60.1 2208 950 5.235
1787240593 59.2 58.2 58.2 60.1 2208 950 5.201
1787240594 59.2 59.2 58.2 60.1 2208 950 5.211
1787240596 60.1 60.1 59.2 61.9 2208 950 5.235
1787240597 60.1 59.2 59.2 61.0 2208 950 5.240
1787240598 59.2 59.2 58.2 60.1 2208 950 5.273
1787240599 59.2 58.2 58.2 61.0 2208 950 5.230
1787240600 59.2 58.2 58.2 60.1 2208 950 5.278
1787240601 59.2 59.2 59.2 61.0 2208 950 5.220
1787240602 60.1 60.1 59.2 61.0 2208 950 5.230
1787240604 59.2 59.2 59.2 61.0 2208 950 5.240
1787240605 60.1 59.2 59.2 61.0 2208 950 5.235
1787240606 60.1 59.2 59.2 61.0 2208 950 5.264
1787240607 60.1 59.2 59.2 60.1 2208 950 5.249
1787240608 59.2 59.2 58.2 61.0 2208 950 5.196
1787240609 60.1 59.2 59.2 61.0 2208 950 5.312
1787240610 60.1 59.2 58.2 61.0 2208 950 5.235
1787240611 60.1 60.1 59.2 61.9 2208 950 5.249
1787240613 59.2 59.2 58.2 60.1 2208 950 5.244
1787240614 59.2 59.2 59.2 61.0 2208 950 5.249
1787240615 60.1 59.2 59.2 61.0 2208 950 5.230
1787240616 60.1 60.1 59.2 61.0 2208 950 5.240
1787240617 60.1 60.1 59.2 61.9 2208 950 5.225
1787240618 60.1 59.2 59.2 61.0 2208 950 5.191
1787240619 60.1 60.1 59.2 61.0 2208 950 5.235
1787240620 60.1 59.2 59.2 61.0 2208 950 5.230
1787240622 59.2 58.2 57.3 59.2 2208 950 5.273
1787240623 59.2 59.2 58.2 60.1 2208 950 5.235
1787240624 60.1 60.1 59.2 61.9 2208 950 5.249
1787240625 60.1 59.2 59.2 61.9 2208 950 5.215
1787240626 60.1 59.2 59.2 61.0 2208 950 5.220
1787240627 60.1 59.2 59.2 61.0 2208 950 5.215
1787240628 60.1 60.1 59.2 61.0 2208 950 5.206
1787240630 53.6 52.7 52.7 54.5 2208 950 5.283
1787240631 56.4 56.4 55.5 58.2 2208 950 5.215
1787240632 59.2 58.2 57.3 60.1 2208 950 5.220
1787240633 59.2 58.2 57.3 60.1 2208 950 5.191
1787240634 59.2 58.2 58.2 60.1 2208 950 5.215
1787240635 59.2 59.2 58.2 60.1 2208 950 5.177
1787240636 59.2 59.2 58.2 60.1 2208 950 5.235
1787240637 60.1 59.2 59.2 61.0 2208 950 5.220
1787240639 59.2 59.2 58.2 60.1 2208 950 5.293
1787240640 59.2 58.2 58.2 60.1 2208 950 5.220
1787240641 59.2 59.2 58.2 61.0 2208 950 5.215
1787240642 59.2 59.2 59.2 61.0 2208 950 5.269
1787240643 60.1 60.1 59.2 61.0 2208 950 5.235
1787240644 59.2 59.2 58.2 61.0 2208 950 5.244
1787240645 59.2 59.2 58.2 61.0 2208 950 5.215
1787240646 58.2 58.2 58.2 60.1 2208 950 5.254
1787240648 59.2 59.2 58.2 60.1 2208 950 5.211
1787240649 60.1 59.2 59.2 61.0 2208 950 5.273
1787240650 59.2 59.2 59.2 61.0 2208 950 5.240
1787240651 59.2 58.2 58.2 60.1 2208 950 5.240
1787240652 59.2 58.2 58.2 60.1 2208 950 5.172
1787240653 60.1 59.2 59.2 61.0 2208 950 5.235
1787240654 59.2 59.2 58.2 61.0 2208 950 5.230
1787240655 60.1 59.2 59.2 61.0 2208 950 5.215
1787240657 60.1 59.2 59.2 61.0 2208 950 5.235
1787240658 60.1 60.1 59.2 61.0 2208 950 5.201
1787240659 59.2 59.2 58.2 60.1 2208 950 5.235
1787240660 59.2 58.2 58.2 61.0 2208 950 5.182
1787240661 59.2 59.2 59.2 60.1 2208 950 5.186
1787240662 59.2 59.2 59.2 60.1 2208 950 5.215
1787240663 59.2 58.2 58.2 60.1 2208 950 5.220
1787240665 59.2 58.2 58.2 61.0 2208 950 5.259
1787240666 60.1 60.1 59.2 61.0 2208 950 5.196
1787240667 60.1 60.1 59.2 61.0 2208 950 5.230
1787240668 60.1 59.2 58.2 61.0 2208 950 5.211
1787240669 60.1 59.2 59.2 61.0 2208 950 5.244
1787240670 59.2 59.2 58.2 61.0 2208 950 5.196
1787240671 60.1 60.1 59.2 61.0 2208 950 5.215
1787240673 60.1 59.2 58.2 60.1 2208 950 5.264
1787240674 60.1 59.2 59.2 61.0 2208 950 5.215
1787240675 60.1 60.1 59.2 61.0 2208 950 5.244
1787240676 60.1 59.2 58.2 61.0 2208 950 5.215
1787240677 59.2 58.2 58.2 60.1 2208 950 5.269
1787240678 59.2 59.2 58.2 60.1 2208 950 5.240
1787240679 60.1 59.2 58.2 60.1 2208 950 5.244
1787240680 59.2 59.2 59.2 61.0 2208 950 5.283
1787240682 60.1 59.2 59.2 61.0 2208 950 5.225
1787240683 59.2 59.2 58.2 60.1 2208 950 5.215
1787240684 59.2 58.2 59.2 60.1 2208 950 5.235
1787240685 60.1 60.1 59.2 61.9 2208 950 5.211
1787240686 60.1 59.2 59.2 61.0 2208 950 5.225
1787240687 60.1 59.2 58.2 61.0 2208 950 5.225
1787240688 59.2 59.2 59.2 61.0 2208 950 5.220
1787240689 60.1 60.1 59.2 61.0 2208 950 5.206
1787240691 59.2 59.2 58.2 59.2 2208 950 5.244
1787240692 51.8 50.8 50.8 51.8 2208 950 5.244
1787240693 58.2 57.3 56.4 59.2 2208 950 5.264
1787240694 58.2 58.2 57.3 60.1 2208 950 5.220
1787240695 58.2 57.3 57.3 59.2 2208 950 5.249
1787240696 58.2 58.2 58.2 60.1 2208 950 5.244
1787240697 58.2 58.2 57.3 60.1 2208 950 5.230
1787240698 59.2 59.2 58.2 60.1 2208 950 5.254
1787240699 59.2 59.2 58.2 60.1 2208 950 5.215
1787240701 58.2 57.3 57.3 59.2 2208 950 5.254
1787240702 59.2 59.2 59.2 61.0 2208 950 5.240
1787240703 59.2 59.2 58.2 60.1 2208 950 5.225
1787240704 59.2 58.2 58.2 60.1 2208 950 5.196
1787240705 60.1 60.1 59.2 61.9 2208 950 5.244
1787240706 59.2 59.2 59.2 61.0 2208 950 5.196
1787240707 59.2 58.2 58.2 59.2 2208 950 5.254
1787240708 59.2 59.2 59.2 61.0 2208 950 5.225
1787240710 60.1 59.2 58.2 61.0 2208 950 5.206
1787240711 60.1 59.2 59.2 61.0 2208 950 5.201
1787240712 59.2 59.2 59.2 60.1 2208 950 5.206
1787240713 60.1 60.1 59.2 61.9 2208 950 5.230
1787240714 60.1 59.2 59.2 61.9 2208 950 5.293
1787240715 59.2 59.2 58.2 61.0 2208 950 5.215
1787240716 60.1 59.2 59.2 61.0 2208 950 5.254
1787240717 59.2 59.2 59.2 60.1 2208 950 5.235
1787240719 59.2 58.2 58.2 60.1 2208 950 5.186
1787240720 60.1 59.2 59.2 61.0 2208 950 5.254
1787240721 59.2 59.2 59.2 60.1 2208 950 5.269
1787240722 60.1 60.1 59.2 61.0 2208 950 5.273
1787240723 60.1 60.1 59.2 61.0 2208 950 5.225
1787240724 59.2 59.2 58.2 60.1 2208 950 5.211
1787240725 60.1 59.2 59.2 61.0 2208 950 5.230
1787240727 59.2 59.2 59.2 61.0 2208 950 5.196
1787240728 59.2 58.2 58.2 60.1 2208 950 5.249
1787240729 60.1 59.2 59.2 60.1 2208 950 5.240
1787240730 60.1 59.2 59.2 61.0 2208 950 5.230
1787240731 60.1 59.2 59.2 61.0 2208 950 5.240
1787240732 59.2 58.2 58.2 59.2 2208 950 5.259
1787240733 59.2 59.2 59.2 60.1 2208 950 5.273
1787240734 60.1 59.2 59.2 61.0 2208 950 5.201
1787240735 60.1 59.2 59.2 60.1 2208 950 5.235
1787240737 60.1 59.2 59.2 61.0 2208 950 5.244
1787240738 60.1 59.2 59.2 61.0 2208 950 5.225
1787240739 60.1 60.1 59.2 61.9 2208 950 5.307
1787240740 59.2 59.2 59.2 61.0 2208 950 5.225
1787240741 59.2 59.2 59.2 61.9 2208 950 5.288
1787240742 60.1 60.1 59.2 61.0 2208 950 5.225
1787240743 60.1 59.2 59.2 61.0 2208 950 5.215
1787240744 59.2 59.2 58.2 60.1 2208 950 5.278
1787240746 59.2 58.2 58.2 59.2 2208 950 5.244
1787240747 59.2 59.2 58.2 60.1 2208 950 5.235
1787240748 59.2 59.2 59.2 61.0 2208 950 5.249
1787240749 60.1 60.1 59.2 61.0 2208 950 5.240
1787240750 60.1 59.2 59.2 60.1 2208 950 5.215
1787240751 59.2 59.2 59.2 61.0 2208 950 5.225
1787240752 60.1 59.2 58.2 60.1 2208 950 5.264
1787240753 51.8 50.8 50.8 51.8 2208 950 5.293
1787240754 50.8 49.0 49.9 50.8 2208 950 5.278
1787240756 54.5 54.5 54.5 56.4 2208 950 5.240
1787240757 56.4 57.3 56.4 59.2 2208 950 5.215
1787240758 58.2 58.2 57.3 58.2 2208 950 5.254
1787240759 58.2 58.2 57.3 59.2 2208 950 5.211
1787240760 57.3 57.3 57.3 59.2 2208 950 5.230
1787240761 58.2 58.2 57.3 58.2 2208 950 5.244
1787240762 57.3 57.3 56.4 58.2 2208 950 5.225
1787240763 58.2 58.2 57.3 59.2 2208 950 5.230
1787240764 59.2 59.2 58.2 60.1 2208 950 5.259
1787240766 58.2 57.3 57.3 60.1 2208 950 5.206
1787240767 59.2 58.2 58.2 60.1 2208 950 5.235
1787240768 59.2 58.2 58.2 60.1 2208 950 5.191
1787240769 59.2 58.2 58.2 61.0 2208 950 5.240
1787240770 58.2 58.2 57.3 59.2 2208 950 5.235
1787240771 59.2 59.2 58.2 61.0 2208 950 5.167
1787240772 59.2 58.2 58.2 60.1 2208 950 5.225
1787240774 59.2 59.2 58.2 60.1 2208 950 5.235
1787240775 60.1 58.2 58.2 61.0 2208 950 5.230
1787240776 59.2 58.2 58.2 60.1 2208 950 5.249
1787240777 60.1 59.2 59.2 61.0 2208 950 5.211
1787240778 59.2 58.2 58.2 60.1 2208 950 5.254
1787240779 59.2 59.2 58.2 61.0 2208 950 5.240
1787240780 59.2 59.2 58.2 59.2 2208 950 5.244
1787240781 59.2 57.3 57.3 59.2 2208 950 5.230
1787240783 59.2 58.2 58.2 60.1 2208 950 5.235
1787240784 60.1 59.2 59.2 61.0 2208 950 5.235
1787240785 59.2 58.2 58.2 61.0 2208 950 5.254
1787240786 59.2 59.2 58.2 61.0 2208 950 5.259
1787240787 59.2 59.2 58.2 61.0 2208 950 5.249
1787240788 59.2 59.2 58.2 61.0 2208 950 5.177
1787240789 59.2 59.2 59.2 61.0 2208 950 5.225
1787240790 59.2 59.2 59.2 61.0 2208 950 5.220
1787240792 59.2 58.2 58.2 60.1 2208 950 5.230
1787240793 59.2 58.2 58.2 60.1 2208 950 5.225
1787240794 59.2 58.2 58.2 59.2 2208 950 5.259
1787240795 59.2 59.2 58.2 61.0 2208 950 5.230
1787240796 60.1 59.2 59.2 61.0 2208 950 5.254
1787240797 60.1 59.2 59.2 61.0 2208 950 5.254
1787240798 60.1 59.2 59.2 61.0 2208 950 5.225
1787240799 59.2 58.2 58.2 60.1 2208 950 5.206
1787240801 60.1 60.1 59.2 61.0 2208 950 5.264
1787240802 60.1 60.1 59.2 61.0 2208 950 5.230
1787240803 59.2 59.2 59.2 61.0 2208 950 5.240
1787240804 59.2 59.2 58.2 60.1 2208 950 5.259
1787240805 59.2 58.2 57.3 59.2 2208 950 5.211
1787240806 59.2 59.2 59.2 61.0 2208 950 5.177
1787240807 59.2 59.2 58.2 60.1 2208 950 5.249
1787240808 59.2 58.2 58.2 60.1 2208 950 5.244
1787240809 59.2 59.2 58.2 60.1 2208 950 5.240
1787240811 60.1 59.2 59.2 61.0 2208 950 5.225
1787240812 60.1 60.1 59.2 61.0 2208 950 5.230
1787240813 60.1 60.1 59.2 61.0 2208 950 5.249
1787240814 60.1 59.2 59.2 60.1 2208 950 5.201
1787240815 59.2 59.2 58.2 61.0 2208 950 5.215
1787240816 52.7 50.8 51.8 52.7 2208 950 5.249
1787240817 58.2 57.3 57.3 59.2 2208 950 5.244
1787240818 59.2 58.2 58.2 60.1 2208 950 5.215
1787240820 59.2 59.2 58.2 60.1 2208 950 5.201
1787240821 59.2 58.2 58.2 60.1 2208 950 5.225
1787240822 59.2 59.2 58.2 60.1 2208 950 5.196
1787240823 59.2 59.2 58.2 60.1 2208 950 5.191
1787240824 59.2 58.2 58.2 61.0 2208 950 5.230
1787240825 59.2 58.2 58.2 60.1 2208 950 5.215
1787240826 59.2 58.2 58.2 60.1 2208 950 5.206
1787240828 59.2 59.2 58.2 60.1 2208 950 5.264
1787240829 59.2 59.2 59.2 60.1 2208 950 5.235
1787240830 59.2 59.2 58.2 61.0 2208 950 5.235
1787240831 59.2 59.2 58.2 60.1 2208 950 5.240
1787240832 59.2 59.2 58.2 61.0 2208 950 5.254
1787240833 59.2 59.2 58.2 60.1 2208 950 5.215
1787240834 59.2 60.1 59.2 61.0 2208 950 5.235
1787240835 59.2 59.2 59.2 61.0 2208 950 5.182
1787240837 59.2 59.2 59.2 61.0 2208 950 5.278
1787240838 59.2 58.2 58.2 60.1 2208 950 5.259
1787240839 59.2 59.2 58.2 60.1 2208 950 5.249
1787240840 59.2 59.2 58.2 60.1 2208 950 5.230
1787240841 59.2 59.2 59.2 61.0 2208 950 5.273
1787240842 60.1 59.2 59.2 61.0 2208 950 5.249
1787240843 59.2 59.2 59.2 60.1 2208 950 5.220
1787240845 59.2 58.2 58.2 60.1 2208 950 5.211
1787240846 59.2 58.2 58.2 60.1 2208 950 5.235
1787240847 59.2 58.2 58.2 60.1 2208 950 5.230
1787240848 59.2 59.2 59.2 61.0 2208 950 5.220
1787240849 59.2 58.2 58.2 60.1 2208 950 5.264
1787240850 59.2 58.2 58.2 61.0 2208 950 5.220
1787240851 59.2 59.2 58.2 61.0 2208 950 5.225
1787240852 59.2 59.2 58.2 60.1 2208 950 5.269
1787240854 59.2 58.2 58.2 60.1 2208 950 5.259
1787240855 59.2 59.2 59.2 61.0 2208 950 5.240
1787240856 59.2 59.2 58.2 60.1 2208 950 5.215
1787240857 59.2 59.2 58.2 61.0 2208 950 5.254
1787240858 59.2 59.2 58.2 60.1 2208 950 5.201
1787240859 59.2 59.2 58.2 61.0 2208 950 5.249
1787240860 59.2 58.2 58.2 60.1 2208 950 5.225
1787240861 60.1 59.2 58.2 61.0 2208 950 5.240
1787240863 60.1 59.2 58.2 61.0 2208 950 5.254
1787240864 60.1 59.2 59.2 61.0 2208 950 5.283
1787240865 59.2 59.2 58.2 61.0 2208 950 5.244
1787240866 59.2 59.2 59.2 61.0 2208 950 5.240
1787240867 59.2 58.2 58.2 61.0 2208 950 5.220
1787240868 59.2 58.2 58.2 60.1 2208 950 5.230
1787240869 60.1 59.2 59.2 61.0 2208 950 5.191
1787240870 59.2 59.2 58.2 61.0 2208 950 5.269
1787240872 60.1 60.1 59.2 61.0 2208 950 5.264
1787240873 59.2 59.2 58.2 60.1 2208 950 5.201
1787240874 60.1 59.2 59.2 61.0 2208 950 5.235
1787240875 60.1 59.2 59.2 61.0 2208 950 5.254
1787240876 60.1 59.2 59.2 60.1 2208 950 5.211
1787240877 55.5 53.6 53.6 54.5 2208 950 5.293
1787240878 56.4 55.5 55.5 58.2 2208 950 5.235
1787240879 58.2 58.2 57.3 59.2 2208 950 5.215
1787240881 59.2 58.2 58.2 60.1 2208 950 5.215
1787240882 59.2 59.2 58.2 60.1 2208 950 5.240
1787240883 59.2 58.2 58.2 60.1 2208 950 5.215
1787240884 58.2 58.2 57.3 59.2 2208 950 5.230
1787240885 59.2 58.2 58.2 60.1 2208 950 5.264
1787240886 59.2 59.2 59.2 61.0 2208 950 5.215
1787240887 59.2 58.2 58.2 60.1 2208 950 5.254
1787240888 59.2 58.2 58.2 60.1 2208 950 5.273
1787240890 59.2 59.2 58.2 60.1 2208 950 5.264
1787240891 59.2 58.2 58.2 60.1 2208 950 5.235
1787240892 58.2 58.2 57.3 59.2 2208 950 5.254
1787240893 59.2 59.2 58.2 60.1 2208 950 5.230
1787240894 59.2 58.2 58.2 60.1 2208 950 5.201
1787240895 59.2 59.2 58.2 60.1 2208 950 5.225
1787240896 59.2 58.2 58.2 60.1 2208 950 5.264
1787240897 60.1 58.2 58.2 60.1 2208 950 5.249
1787240898 59.2 58.2 59.2 60.1 2208 950 5.230
1787240900 59.2 59.2 59.2 61.0 2208 950 5.225
1787240901 59.2 58.2 58.2 59.2 2208 950 5.235
1787240902 59.2 58.2 58.2 60.1 2208 950 5.201
1787240903 59.2 59.2 59.2 61.0 2208 950 5.196
1787240904 59.2 58.2 58.2 59.2 2208 950 5.211
1787240905 59.2 59.2 58.2 60.1 2208 950 5.230
1787240906 59.2 58.2 58.2 60.1 2208 950 5.235
1787240907 59.2 59.2 58.2 61.0 2208 950 5.254
1787240909 60.1 59.2 59.2 61.0 2208 950 5.235
1787240910 59.2 59.2 59.2 61.0 2208 950 5.273
1787240911 60.1 59.2 59.2 61.0 2208 950 5.254
1787240912 60.1 59.2 59.2 61.0 2208 950 5.244
1787240913 59.2 58.2 58.2 60.1 2208 950 5.240
1787240914 59.2 58.2 58.2 60.1 2208 950 5.211
1787240915 59.2 58.2 58.2 59.2 2208 950 5.215
1787240916 60.1 59.2 59.2 61.0 2208 950 5.220
1787240917 59.2 58.2 58.2 61.0 2208 950 5.235
1787240919 59.2 58.2 57.3 59.2 2208 950 5.269
1787240920 60.1 59.2 59.2 61.0 2208 950 5.215
1787240921 59.2 59.2 58.2 60.1 2208 950 5.191
1787240922 60.1 59.2 58.2 61.0 2208 950 5.215
1787240923 59.2 59.2 59.2 61.0 2208 950 5.215
1787240924 59.2 59.2 58.2 60.1 2208 950 5.220
1787240925 59.2 58.2 58.2 60.1 2208 950 5.230
1787240926 60.1 59.2 59.2 60.1 2208 950 5.220
1787240928 59.2 59.2 58.2 60.1 2208 950 5.240
1787240929 58.2 58.2 58.2 59.2 2208 950 5.264
1787240930 60.1 59.2 59.2 61.9 2208 950 5.235
1787240931 59.2 59.2 58.2 60.1 2208 950 5.240
1787240932 60.1 59.2 59.2 61.0 2208 950 5.230
1787240933 59.2 59.2 59.2 60.1 2208 950 5.293
1787240934 59.2 59.2 58.2 60.1 2208 950 5.191
1787240935 59.2 59.2 58.2 61.0 2208 950 5.230
1787240937 59.2 59.2 58.2 61.0 2208 950 5.230
1787240938 59.2 59.2 59.2 61.0 2208 950 5.254
1787240939 55.5 54.5 54.5 55.5 2208 950 5.249
1787240940 53.6 53.6 53.6 55.5 2208 950 5.201
1787240941 58.2 57.3 57.3 59.2 2208 950 5.225
1787240942 58.2 58.2 57.3 59.2 2208 950 5.215
1787240943 59.2 58.2 58.2 60.1 2208 950 5.225
1787240944 58.2 58.2 58.2 60.1 2208 950 5.240
1787240946 59.2 58.2 58.2 60.1 2208 950 5.220
1787240947 59.2 58.2 58.2 60.1 2208 950 5.244
1787240948 59.2 58.2 58.2 60.1 2208 950 5.269
1787240949 59.2 58.2 58.2 59.2 2208 950 5.259
1787240950 59.2 58.2 58.2 60.1 2208 950 5.230
1787240951 59.2 59.2 58.2 60.1 2208 950 5.230
1787240952 60.1 59.2 58.2 60.1 2208 950 5.235
1787240953 59.2 59.2 58.2 60.1 2208 950 5.235
1787240955 59.2 59.2 58.2 61.0 2208 950 5.244
1787240956 60.1 59.2 59.2 61.9 2208 950 5.235
1787240957 59.2 59.2 58.2 60.1 2208 950 5.240
1787240958 58.2 58.2 58.2 60.1 2208 950 5.230
1787240959 58.2 58.2 57.3 59.2 2208 950 5.244
1787240960 59.2 58.2 58.2 60.1 2208 950 5.220
1787240961 59.2 58.2 58.2 60.1 2208 950 5.211
1787240962 59.2 59.2 59.2 61.0 2208 950 5.191
1787240963 60.1 59.2 59.2 61.0 2208 950 5.230
1787240965 59.2 59.2 58.2 60.1 2208 950 5.254
1787240966 59.2 59.2 58.2 61.0 2208 950 5.225
1787240967 59.2 59.2 59.2 61.0 2208 950 5.215
1787240968 59.2 59.2 59.2 60.1 2208 950 5.249
1787240969 59.2 59.2 59.2 60.1 2208 950 5.273
1787240970 60.1 59.2 59.2 61.0 2208 950 5.264
1787240971 58.2 58.2 57.3 59.2 2208 950 5.259
1787240972 60.1 60.1 59.2 61.0 2208 950 5.254
1787240974 59.2 58.2 58.2 60.1 2208 950 5.191
1787240975 59.2 59.2 58.2 60.1 2208 950 5.235
1787240976 59.2 58.2 58.2 60.1 2208 950 5.235
1787240977 59.2 58.2 58.2 60.1 2208 950 5.186
1787240978 59.2 59.2 58.2 61.0 2208 950 5.220
1787240979 60.1 58.2 58.2 60.1 2208 950 5.191
1787240980 59.2 59.2 58.2 61.0 2208 950 5.225
1787240981 60.1 60.1 59.2 61.9 2208 950 5.259
1787240982 59.2 59.2 58.2 60.1 2208 950 5.230
1787240984 59.2 59.2 59.2 60.1 2208 950 5.215
1787240985 59.2 58.2 58.2 59.2 2208 950 5.230
1787240986 60.1 60.1 59.2 61.0 2208 950 5.235
1787240987 59.2 58.2 58.2 59.2 2208 950 5.225
1787240988 59.2 59.2 58.2 61.0 2208 950 5.206
1787240989 60.1 59.2 59.2 61.0 2208 950 5.230
1787240990 60.1 58.2 58.2 60.1 2208 950 5.264
1787240991 59.2 59.2 58.2 61.0 2208 950 5.201
1787240993 60.1 59.2 58.2 61.0 2208 950 5.206
1787240994 59.2 59.2 59.2 61.0 2208 950 5.240
1787240995 60.1 59.2 59.2 60.1 2208 950 5.269
1787240996 58.2 58.2 58.2 60.1 2208 950 5.235
1787240997 59.2 58.2 58.2 60.1 2208 950 5.249
1787240998 59.2 58.2 58.2 60.1 2208 950 5.264
1787240999 60.1 59.2 59.2 61.0 2208 950 5.211
1787241000 58.2 56.4 56.4 58.2 2208 950 5.240
1787241001 51.8 49.9 50.8 51.8 2208 950 5.211
1787241003 57.3 57.3 56.4 59.2 2208 950 5.230
1787241004 58.2 58.2 57.3 59.2 2208 950 5.220
1787241005 58.2 58.2 57.3 59.2 2208 950 5.283
1787241006 58.2 58.2 57.3 59.2 2208 950 5.211
1787241007 58.2 58.2 58.2 60.1 2208 950 5.244
1787241008 58.2 58.2 58.2 60.1 2208 950 5.225
1787241009 58.2 58.2 57.3 59.2 2208 950 5.215
1787241010 59.2 58.2 58.2 59.2 2208 950 5.244
1787241012 58.2 58.2 58.2 60.1 2208 950 5.327
1787241013 59.2 58.2 58.2 59.2 2208 950 5.244
1787241014 58.2 58.2 58.2 60.1 2208 950 5.220
1787241015 58.2 58.2 58.2 60.1 2208 950 5.244
1787241016 59.2 59.2 59.2 61.0 2208 950 5.215
1787241017 58.2 58.2 57.3 59.2 2208 950 5.249
1787241018 59.2 59.2 58.2 60.1 2208 950 5.244
1787241020 59.2 58.2 58.2 61.0 2208 950 5.230
1787241021 59.2 59.2 58.2 61.0 2208 950 5.191
1787241022 59.2 59.2 58.2 60.1 2208 950 5.240
1787241023 59.2 58.2 58.2 60.1 2208 950 5.254
1787241024 58.2 58.2 57.3 58.2 2208 950 5.249
1787241025 59.2 59.2 58.2 61.0 2208 950 5.196
1787241026 59.2 59.2 58.2 60.1 2208 950 5.240
1787241027 59.2 59.2 58.2 60.1 2208 950 5.225
1787241028 59.2 59.2 59.2 60.1 2208 950 5.211
1787241030 59.2 59.2 58.2 61.0 2208 950 5.220
1787241031 59.2 58.2 58.2 60.1 2208 950 5.264
1787241032 58.2 57.3 57.3 59.2 2208 950 5.211
1787241033 59.2 58.2 58.2 60.1 2208 950 5.230
1787241034 59.2 58.2 58.2 60.1 2208 950 5.191
1787241035 59.2 59.2 58.2 61.0 2208 950 5.211
1787241036 59.2 58.2 58.2 60.1 2208 950 5.206
1787241037 59.2 59.2 58.2 60.1 2208 950 5.211
1787241038 59.2 58.2 58.2 60.1 2208 950 5.269
1787241040 60.1 59.2 59.2 61.0 2208 950 5.235
1787241041 60.1 59.2 59.2 61.0 2208 950 5.254
1787241042 59.2 60.1 59.2 61.0 2208 950 5.259
1787241043 59.2 59.2 59.2 61.0 2208 950 5.278
1787241044 59.2 59.2 59.2 61.0 2208 950 5.288
1787241045 60.1 59.2 59.2 61.0 2208 950 5.240
1787241046 59.2 59.2 59.2 60.1 2208 950 5.249
1787241047 59.2 59.2 59.2 60.1 2208 950 5.283
1787241048 60.1 59.2 59.2 61.0 2208 950 5.259
1787241050 59.2 59.2 59.2 61.0 2208 950 5.211
1787241051 60.1 59.2 59.2 61.0 2208 950 5.249
1787241052 59.2 58.2 58.2 60.1 2208 950 5.235
1787241053 59.2 59.2 58.2 60.1 2208 950 5.235
1787241054 60.1 59.2 59.2 60.1 2208 950 5.225
1787241055 59.2 59.2 58.2 60.1 2208 950 5.249
1787241056 59.2 59.2 59.2 60.1 2208 950 5.211
1787241057 59.2 59.2 58.2 60.1 2208 950 5.244
1787241059 59.2 59.2 58.2 60.1 2208 950 5.138
1787241060 59.2 59.2 58.2 60.1 2208 950 5.249
1787241061 59.2 58.2 58.2 60.1 2208 950 5.249
1787241062 59.2 58.2 58.2 60.1 2208 950 5.259
1787241063 52.7 50.8 51.8 52.7 2208 950 5.264
1787241064 51.8 49.9 50.8 52.7 2208 950 5.283
1787241065 54.5 54.5 53.6 55.5 2208 950 5.235
1787241066 57.3 56.4 56.4 58.2 2208 950 5.244
1787241067 57.3 56.4 56.4 58.2 2208 950 5.259
1787241069 58.2 58.2 57.3 59.2 2208 950 5.230
1787241070 57.3 57.3 56.4 59.2 2208 950 5.235
1787241071 59.2 58.2 57.3 59.2 2208 950 5.196
1787241072 58.2 58.2 58.2 60.1 2208 950 5.225
1787241073 58.2 58.2 58.2 60.1 2208 950 5.220
1787241074 59.2 58.2 57.3 59.2 2208 950 5.215
1787241075 58.2 58.2 57.3 59.2 2208 950 5.254
1787241076 58.2 58.2 57.3 59.2 2208 950 5.254
1787241078 59.2 58.2 58.2 59.2 2208 950 5.244
1787241079 59.2 58.2 57.3 59.2 2208 950 5.249
1787241080 59.2 58.2 58.2 59.2 2208 950 5.254
1787241081 59.2 58.2 58.2 60.1 2208 950 5.254
1787241082 59.2 59.2 58.2 60.1 2208 950 5.220
1787241083 59.2 58.2 58.2 60.1 2208 950 5.249
1787241084 59.2 58.2 58.2 60.1 2208 950 5.240
1787241085 59.2 59.2 58.2 61.0 2208 950 5.235
1787241086 59.2 58.2 58.2 59.2 2208 950 5.225
1787241088 60.1 59.2 58.2 61.0 2208 950 5.240
1787241089 59.2 59.2 58.2 61.0 2208 950 5.196
1787241090 59.2 59.2 59.2 61.0 2208 950 5.215
1787241091 60.1 60.1 59.2 61.9 2208 950 5.196
1787241092 59.2 59.2 59.2 60.1 2208 950 5.211
1787241093 59.2 59.2 59.2 61.0 2208 950 5.215
1787241095 59.2 59.2 58.2 61.0 2208 950 5.264
1787241096 59.2 59.2 58.2 61.0 2208 950 5.244
1787241097 59.2 58.2 58.2 60.1 2208 950 5.211
1787241098 59.2 58.2 58.2 59.2 2208 950 5.254
1787241099 59.2 58.2 58.2 60.1 2208 950 5.225
1787241100 59.2 59.2 58.2 61.0 2208 950 5.177
1787241101 59.2 58.2 58.2 60.1 2208 950 5.225
1787241102 59.2 58.2 57.3 60.1 2208 950 5.230
1787241104 59.2 58.2 58.2 61.0 2208 950 5.177
1787241105 58.2 58.2 58.2 60.1 2208 950 5.235
1787241106 58.2 58.2 57.3 60.1 2208 950 5.211
1787241107 59.2 59.2 58.2 60.1 2208 950 5.249
1787241108 60.1 59.2 58.2 61.0 2208 950 5.254
1787241109 59.2 59.2 58.2 60.1 2208 950 5.254
1787241110 60.1 59.2 59.2 61.0 2208 950 5.225
1787241111 59.2 59.2 58.2 60.1 2208 950 5.249
1787241113 59.2 59.2 58.2 61.0 2208 950 5.283
1787241114 60.1 59.2 59.2 61.0 2208 950 5.244
1787241115 59.2 59.2 59.2 61.0 2208 950 5.230
1787241116 59.2 59.2 58.2 61.0 2208 950 5.259
1787241117 59.2 59.2 58.2 60.1 2208 950 5.235
1787241118 59.2 59.2 58.2 60.1 2208 950 5.230
1787241119 59.2 58.2 58.2 61.0 2208 950 5.249
1787241120 59.2 59.2 58.2 60.1 2208 950 5.254
1787241122 59.2 58.2 58.2 59.2 2208 950 5.230
1787241123 59.2 58.2 58.2 60.1 2208 950 5.264
1787241124 59.2 58.2 58.2 60.1 2208 950 5.230
1787241125 60.1 60.1 59.2 61.0 2208 950 5.220
1787241126 52.7 50.8 51.8 52.7 2208 950 5.336
1787241127 56.4 56.4 55.5 57.3 2208 950 5.240
1787241128 57.3 57.3 57.3 59.2 2208 950 5.230
1787241129 58.2 58.2 57.3 59.2 2208 950 5.215
1787241131 58.2 58.2 57.3 59.2 2208 950 5.211
1787241132 59.2 58.2 58.2 60.1 2208 950 5.269
1787241133 58.2 58.2 57.3 59.2 2208 950 5.225
1787241134 59.2 58.2 57.3 60.1 2208 950 5.235
1787241135 58.2 57.3 57.3 59.2 2208 950 5.240
1787241136 59.2 59.2 58.2 61.0 2208 950 5.244
1787241137 58.2 57.3 57.3 59.2 2208 950 5.240
1787241139 59.2 59.2 58.2 61.0 2208 950 5.191
1787241140 59.2 58.2 58.2 60.1 2208 950 5.215
1787241141 59.2 58.2 58.2 60.1 2208 950 5.215
1787241142 58.2 58.2 58.2 59.2 2208 950 5.264
1787241143 59.2 58.2 58.2 60.1 2208 950 5.235
1787241144 59.2 59.2 58.2 60.1 2208 950 5.211
1787241145 59.2 58.2 58.2 59.2 2208 950 5.220
1787241146 59.2 58.2 58.2 60.1 2208 950 5.215
1787241148 59.2 58.2 58.2 60.1 2208 950 5.235
1787241149 59.2 59.2 58.2 61.0 2208 950 5.235
1787241150 59.2 59.2 58.2 60.1 2208 950 5.259
1787241151 59.2 58.2 58.2 60.1 2208 950 5.240
1787241152 59.2 59.2 58.2 60.1 2208 950 5.191
1787241153 59.2 58.2 58.2 60.1 2208 950 5.235
1787241154 59.2 58.2 58.2 60.1 2208 950 5.215
1787241156 59.2 58.2 58.2 59.2 2208 950 5.288
1787241157 59.2 58.2 58.2 60.1 2208 950 5.206
1787241158 59.2 59.2 58.2 61.0 2208 950 5.215
1787241159 60.1 60.1 59.2 61.0 2208 950 5.225
1787241160 59.2 59.2 58.2 60.1 2208 950 5.215
1787241161 60.1 60.1 59.2 61.0 2208 950 5.215
1787241162 59.2 59.2 58.2 60.1 2208 950 5.211
1787241164 58.2 58.2 58.2 60.1 2208 950 5.254
1787241165 59.2 59.2 58.2 60.1 2208 950 5.240
1787241166 59.2 59.2 58.2 61.0 2208 950 5.211
1787241167 59.2 58.2 58.2 60.1 2208 950 5.240
1787241168 59.2 58.2 58.2 60.1 2208 950 5.220
1787241169 59.2 58.2 58.2 60.1 2208 950 5.235
1787241170 60.1 59.2 58.2 61.0 2208 950 5.211
1787241171 59.2 58.2 58.2 60.1 2208 950 5.249
1787241172 59.2 59.2 58.2 60.1 2208 950 5.240
1787241174 59.2 58.2 58.2 60.1 2208 950 5.167
1787241175 60.1 59.2 59.2 61.0 2208 950 5.182
1787241176 59.2 59.2 59.2 61.0 2208 950 5.235
1787241177 59.2 59.2 58.2 61.0 2208 950 5.244
1787241178 60.1 60.1 59.2 61.9 2208 950 5.220
1787241179 60.1 59.2 59.2 61.0 2208 950 5.288
1787241180 60.1 60.1 59.2 61.0 2208 950 5.254
1787241181 60.1 59.2 59.2 61.0 2208 950 5.230
1787241183 60.1 60.1 59.2 61.0 2208 950 5.244
1787241184 60.1 59.2 59.2 61.0 2208 950 5.273
1787241185 59.2 59.2 58.2 61.0 2208 950 5.215
1787241186 61.0 60.1 59.2 61.9 2208 950 5.211
1787241187 56.4 54.5 55.5 56.4 2208 950 5.327
1787241188 55.5 54.5 54.5 57.3 2208 950 5.201
1787241189 58.2 57.3 57.3 58.2 2208 950 5.249
1787241190 58.2 58.2 57.3 59.2 2208 950 5.240
1787241192 59.2 58.2 58.2 59.2 2208 950 5.244
1787241193 58.2 58.2 57.3 59.2 2208 950 5.254
1787241194 59.2 58.2 58.2 61.0 2208 950 5.211
1787241195 59.2 59.2 59.2 60.1 2208 950 5.264
1787241196 59.2 59.2 58.2 60.1 2208 950 5.235
1787241197 59.2 58.2 58.2 60.1 2208 950 5.206
1787241198 59.2 59.2 58.2 60.1 2208 950 5.244
1787241199 60.1 59.2 59.2 61.0 2208 950 5.230
1787241201 59.2 59.2 58.2 60.1 2208 950 5.244
1787241202 59.2 58.2 58.2 61.0 2208 950 5.254
1787241203 59.2 58.2 58.2 60.1 2208 950 5.206
1787241204 59.2 59.2 59.2 61.0 2208 950 5.259
1787241205 59.2 59.2 59.2 61.0 2208 950 5.211
1787241206 59.2 58.2 58.2 60.1 2208 950 5.211
1787241207 60.1 59.2 59.2 61.0 2208 950 5.186
1787241208 59.2 59.2 59.2 61.0 2208 950 5.211
1787241209 60.1 59.2 59.2 61.0 2208 950 5.312
1787241211 59.2 58.2 58.2 60.1 2208 950 5.206
1787241212 60.1 60.1 59.2 61.0 2208 950 5.278
1787241213 59.2 59.2 59.2 60.1 2208 950 5.235
1787241214 59.2 59.2 58.2 61.0 2208 950 5.240
1787241215 59.2 59.2 58.2 60.1 2208 950 5.211
1787241216 59.2 58.2 58.2 60.1 2208 950 5.249
1787241217 59.2 58.2 58.2 60.1 2208 950 5.196
1787241218 59.2 57.3 58.2 59.2 2208 950 5.201
1787241220 59.2 58.2 58.2 60.1 2208 950 5.240
1787241221 60.1 59.2 59.2 61.0 2208 950 5.215
1787241222 59.2 59.2 59.2 60.1 2208 950 5.230
1787241223 59.2 58.2 58.2 60.1 2208 950 5.225
1787241224 59.2 58.2 58.2 60.1 2208 950 5.249
1787241225 58.2 58.2 58.2 60.1 2208 950 5.254
1787241226 59.2 59.2 59.2 61.0 2208 950 5.235
1787241227 60.1 59.2 58.2 61.0 2208 950 5.240
1787241229 59.2 59.2 58.2 60.1 2208 950 5.225
1787241230 59.2 58.2 58.2 60.1 2208 950 5.220
1787241231 59.2 58.2 58.2 60.1 2208 950 5.191
1787241232 59.2 58.2 58.2 60.1 2208 950 5.206
1787241233 60.1 59.2 59.2 60.1 2208 950 5.196
1787241234 59.2 58.2 58.2 60.1 2208 950 5.254
1787241235 59.2 59.2 59.2 61.0 2208 950 5.235
1787241236 60.1 60.1 59.2 61.9 2208 950 5.244
1787241238 59.2 60.1 59.2 60.1 2208 950 5.249
1787241239 59.2 58.2 58.2 61.0 2208 950 5.244
1787241240 60.1 59.2 58.2 60.1 2208 950 5.220
1787241241 60.1 59.2 59.2 61.0 2208 950 5.254
1787241242 60.1 59.2 59.2 61.0 2208 950 5.283
1787241243 59.2 59.2 58.2 61.0 2208 950 5.196
1787241244 59.2 59.2 58.2 61.0 2208 950 5.244
1787241245 60.1 59.2 59.2 61.0 2208 950 5.230
1787241247 59.2 59.2 58.2 61.0 2208 950 5.298
1787241248 59.2 59.2 59.2 60.1 2208 950 5.235
1787241249 55.5 54.5 55.5 56.4 2208 950 5.307
1787241250 54.5 54.5 54.5 56.4 2208 950 5.225
1787241251 58.2 58.2 57.3 59.2 2208 950 5.244
1787241252 57.3 55.5 56.4 57.3 2208 950 5.230
1787241253 59.2 58.2 58.2 60.1 2208 950 5.254
1787241254 58.2 58.2 57.3 59.2 2208 950 5.249
1787241255 58.2 58.2 58.2 60.1 2208 950 5.240
1787241257 58.2 58.2 57.3 60.1 2208 950 5.230
1787241258 59.2 58.2 58.2 60.1 2208 950 5.191
1787241259 59.2 58.2 58.2 60.1 2208 950 5.235
1787241260 59.2 58.2 58.2 60.1 2208 950 5.191
1787241261 59.2 59.2 58.2 60.1 2208 950 5.206
1787241262 59.2 59.2 58.2 60.1 2208 950 5.249
1787241263 59.2 59.2 58.2 60.1 2208 950 5.215
1787241265 59.2 58.2 58.2 61.0 2208 950 5.278
1787241266 59.2 58.2 58.2 60.1 2208 950 5.215
1787241267 59.2 59.2 58.2 60.1 2208 950 5.269
1787241268 59.2 58.2 58.2 59.2 2208 950 5.254
1787241269 59.2 59.2 59.2 61.0 2208 950 5.235
1787241270 59.2 59.2 59.2 61.0 2208 950 5.264
1787241271 59.2 59.2 59.2 61.0 2208 950 5.230
1787241272 60.1 59.2 59.2 61.0 2208 950 5.220
1787241274 59.2 59.2 59.2 61.0 2208 950 5.201
1787241275 59.2 58.2 58.2 60.1 2208 950 5.244
1787241276 60.1 59.2 59.2 61.0 2208 950 5.230
1787241277 59.2 59.2 58.2 61.0 2208 950 5.283
1787241278 59.2 58.2 58.2 60.1 2208 950 5.220
1787241279 58.2 58.2 57.3 59.2 2208 950 5.240
1787241280 59.2 59.2 58.2 60.1 2208 950 5.196
1787241281 59.2 58.2 58.2 60.1 2208 950 5.225
1787241282 59.2 58.2 58.2 60.1 2208 950 5.264
1787241284 59.2 59.2 58.2 61.0 2208 950 5.225
1787241285 59.2 58.2 58.2 61.0 2208 950 5.249
1787241286 59.2 59.2 58.2 60.1 2208 950 5.235
1787241287 59.2 58.2 58.2 60.1 2208 950 5.264
1787241288 60.1 60.1 59.2 61.9 2208 950 5.235
1787241289 59.2 58.2 58.2 61.0 2208 950 5.235
1787241290 59.2 59.2 58.2 60.1 2208 950 5.259
1787241291 60.1 59.2 59.2 61.0 2208 950 5.201
1787241293 59.2 59.2 59.2 61.0 2208 950 5.215
1787241294 59.2 59.2 59.2 60.1 2208 950 5.225
1787241295 59.2 58.2 58.2 60.1 2208 950 5.225
1787241296 60.1 60.1 59.2 61.0 2208 950 5.220
1787241297 59.2 59.2 59.2 61.0 2208 950 5.211
1787241298 60.1 59.2 59.2 60.1 2208 950 5.230
1787241299 59.2 59.2 58.2 60.1 2208 950 5.244
1787241301 60.1 59.2 59.2 60.1 2208 950 5.206
1787241302 59.2 58.2 58.2 60.1 2208 950 5.220
1787241303 59.2 58.2 58.2 60.1 2208 950 5.269
1787241304 60.1 59.2 59.2 61.0 2208 950 5.235
1787241305 59.2 58.2 58.2 61.0 2208 950 5.235
1787241306 59.2 58.2 58.2 61.0 2208 950 5.244
1787241307 60.1 59.2 59.2 61.0 2208 950 5.235
1787241308 59.2 59.2 58.2 60.1 2208 950 5.211
1787241310 59.2 58.2 58.2 60.1 2208 950 5.206
1787241311 54.5 52.7 52.7 54.5 2208 950 5.278
1787241312 56.4 55.5 55.5 57.3 2208 950 5.225
1787241313 57.3 57.3 57.3 59.2 2208 950 5.211
1787241314 58.2 57.3 57.3 59.2 2208 950 5.249
1787241315 59.2 58.2 57.3 59.2 2208 950 5.254
1787241316 58.2 58.2 57.3 59.2 2208 950 5.254
1787241317 59.2 58.2 57.3 59.2 2208 950 5.225
1787241318 59.2 58.2 58.2 60.1 2208 950 5.244
1787241320 59.2 59.2 58.2 60.1 2208 950 5.230
1787241321 59.2 58.2 58.2 60.1 2208 950 5.240
1787241322 59.2 58.2 57.3 59.2 2208 950 5.254
1787241323 58.2 58.2 57.3 59.2 2208 950 5.235
1787241324 59.2 58.2 57.3 60.1 2208 950 5.273
1787241325 59.2 58.2 58.2 60.1 2208 950 5.215
1787241326 59.2 58.2 58.2 60.1 2208 950 5.215
1787241327 59.2 58.2 57.3 60.1 2208 950 5.249
1787241328 59.2 58.2 58.2 60.1 2208 950 5.235
1787241330 59.2 58.2 58.2 60.1 2208 950 5.215
1787241331 59.2 59.2 58.2 60.1 2208 950 5.235
1787241332 60.1 59.2 59.2 61.0 2208 950 5.220
1787241333 59.2 59.2 58.2 60.1 2208 950 5.273
1787241334 59.2 59.2 58.2 61.0 2208 950 5.201
1787241335 59.2 58.2 58.2 60.1 2208 950 5.220
1787241336 58.2 56.4 57.3 59.2 2208 950 5.215
1787241337 58.2 58.2 57.3 59.2 2208 950 5.244
1787241338 59.2 59.2 58.2 61.0 2208 950 5.225
1787241340 60.1 60.1 59.2 61.0 2208 950 5.244
1787241341 59.2 58.2 58.2 60.1 2208 950 5.230
1787241342 59.2 58.2 58.2 60.1 2208 950 5.215
1787241343 59.2 59.2 58.2 61.0 2208 950 5.273
1787241344 59.2 58.2 58.2 59.2 2208 950 5.220
1787241345 60.1 59.2 59.2 61.0 2208 950 5.278
1787241346 60.1 58.2 59.2 61.0 2208 950 5.206
1787241347 59.2 59.2 59.2 61.0 2208 950 5.225
1787241349 59.2 58.2 58.2 60.1 2208 950 5.230
1787241350 59.2 59.2 59.2 61.0 2208 950 5.220
1787241351 60.1 59.2 59.2 61.0 2208 950 5.235
1787241352 59.2 58.2 58.2 60.1 2208 950 5.235
1787241353 59.2 59.2 58.2 61.0 2208 950 5.230
1787241354 60.1 59.2 58.2 61.0 2208 950 5.220
1787241355 59.2 58.2 58.2 60.1 2208 950 5.264
1787241356 59.2 59.2 58.2 60.1 2208 950 5.240
1787241358 59.2 59.2 58.2 61.0 2208 950 5.240
1787241359 59.2 58.2 58.2 60.1 2208 950 5.206
1787241360 59.2 59.2 58.2 60.1 2208 950 5.244
1787241361 59.2 58.2 58.2 60.1 2208 950 5.240
1787241362 59.2 58.2 58.2 60.1 2208 950 5.206
1787241363 59.2 58.2 58.2 60.1 2208 950 5.206
1787241364 59.2 59.2 59.2 61.0 2208 950 5.254
1787241365 59.2 59.2 58.2 60.1 2208 950 5.259
1787241367 60.1 59.2 59.2 61.0 2208 950 5.254
1787241368 60.1 59.2 58.2 60.1 2208 950 5.191
1787241369 59.2 58.2 58.2 60.1 2208 950 5.211
1787241370 60.1 60.1 59.2 61.9 2208 950 5.196
1787241371 60.1 60.1 59.2 61.0 2208 950 5.206
1787241372 55.5 54.5 54.5 55.5 2208 950 5.298
1787241373 51.8 49.9 50.8 51.8 2208 950 5.283
1787241374 50.8 49.0 49.0 50.8 2208 950 5.322
1787241375 56.4 56.4 55.5 57.3 2208 950 5.196
1787241376 57.3 56.4 56.4 59.2 2208 950 5.215
1787241378 57.3 57.3 56.4 58.2 2208 950 5.278
1787241379 58.2 58.2 57.3 59.2 2208 950 5.201
1787241380 58.2 58.2 57.3 60.1 2208 950 5.244
1787241381 58.2 58.2 57.3 59.2 2208 950 5.269
1787241382 59.2 58.2 57.3 59.2 2208 950 5.273
1787241383 59.2 58.2 57.3 59.2 2208 950 5.211
1787241384 58.2 58.2 57.3 59.2 2208 950 5.235
1787241386 59.2 58.2 58.2 60.1 2208 950 5.230
1787241387 59.2 58.2 58.2 60.1 2208 950 5.235
1787241388 59.2 59.2 58.2 60.1 2208 950 5.191
1787241389 58.2 58.2 58.2 59.2 2208 950 5.215
1787241390 59.2 58.2 58.2 60.1 2208 950 5.240
1787241391 59.2 59.2 58.2 61.0 2208 950 5.240
1787241392 59.2 58.2 58.2 60.1 2208 950 5.259
1787241393 59.2 58.2 58.2 60.1 2208 950 5.206
1787241394 59.2 59.2 58.2 59.2 2208 950 5.220
1787241396 59.2 58.2 58.2 60.1 2208 950 5.249
1787241397 59.2 58.2 58.2 59.2 2208 950 5.225
1787241398 59.2 58.2 58.2 60.1 2208 950 5.206
1787241399 59.2 59.2 58.2 61.0 2208 950 5.235
1787241400 59.2 58.2 58.2 60.1 2208 950 5.230
1787241401 58.2 57.3 57.3 59.2 2208 950 5.230
1787241402 59.2 58.2 58.2 60.1 2208 950 5.191
1787241403 59.2 59.2 58.2 60.1 2208 950 5.288
1787241405 59.2 58.2 58.2 61.0 2208 950 5.293
1787241406 59.2 59.2 59.2 61.0 2208 950 5.225
1787241407 59.2 58.2 58.2 60.1 2208 950 5.240
1787241408 59.2 59.2 58.2 61.0 2208 950 5.191
1787241409 59.2 59.2 58.2 60.1 2208 950 5.235
1787241410 58.2 57.3 57.3 60.1 2208 950 5.230
1787241411 60.1 59.2 59.2 61.0 2208 950 5.240
1787241412 59.2 58.2 58.2 60.1 2208 950 5.230
1787241414 59.2 58.2 58.2 60.1 2208 950 5.215
1787241415 59.2 58.2 58.2 61.0 2208 950 5.244
1787241416 60.1 59.2 59.2 61.0 2208 950 5.186
1787241417 59.2 59.2 58.2 61.0 2208 950 5.215
1787241418 59.2 59.2 59.2 61.0 2208 950 5.230
1787241419 59.2 59.2 58.2 60.1 2208 950 5.215
1787241420 59.2 59.2 58.2 60.1 2208 950 5.254
1787241421 59.2 58.2 58.2 59.2 2208 950 5.230
1787241423 59.2 59.2 58.2 61.0 2208 950 5.235
1787241424 60.1 59.2 59.2 61.0 2208 950 5.249
1787241425 60.1 59.2 59.2 61.0 2208 950 5.249
1787241426 60.1 59.2 59.2 61.0 2208 950 5.249
1787241427 58.2 58.2 57.3 60.1 2208 950 5.235
1787241428 59.2 58.2 58.2 59.2 2208 950 5.215
1787241429 59.2 58.2 58.2 60.1 2208 950 5.225
1787241430 59.2 59.2 58.2 60.1 2208 950 5.254
1787241431 59.2 59.2 58.2 60.1 2208 950 5.215
1787241433 59.2 58.2 58.2 60.1 2208 950 5.220
1787241434 59.2 59.2 58.2 60.1 2208 950 5.254
1787241435 59.2 59.2 58.2 61.0 2208 950 5.230
1787241436 51.8 49.9 50.8 53.6 2208 950 5.254
1787241437 57.3 56.4 56.4 58.2 2208 950 5.249
1787241438 58.2 58.2 57.3 60.1 2208 950 5.196
1787241439 58.2 58.2 57.3 60.1 2208 950 5.235
1787241441 58.2 57.3 57.3 59.2 2208 950 5.215
1787241442 59.2 58.2 58.2 60.1 2208 950 5.244
1787241443 59.2 58.2 58.2 60.1 2208 950 5.235
1787241444 59.2 59.2 58.2 60.1 2208 950 5.162
1787241445 58.2 58.2 57.3 60.1 2208 950 5.220
1787241446 59.2 58.2 58.2 60.1 2208 950 5.235
1787241447 59.2 59.2 58.2 60.1 2208 950 5.225
1787241448 59.2 59.2 58.2 60.1 2208 950 5.240
1787241450 59.2 58.2 58.2 61.0 2208 950 5.211
1787241451 59.2 59.2 58.2 60.1 2208 950 5.259
1787241452 59.2 58.2 57.3 59.2 2208 950 5.235
1787241453 59.2 59.2 58.2 60.1 2208 950 5.196
1787241454 59.2 59.2 58.2 60.1 2208 950 5.254
1787241455 59.2 58.2 58.2 61.0 2208 950 5.244
1787241456 59.2 58.2 57.3 59.2 2208 950 5.254
1787241457 60.1 59.2 58.2 61.0 2208 950 5.186
1787241459 59.2 59.2 58.2 59.2 2208 950 5.264
1787241460 59.2 59.2 58.2 59.2 2208 950 5.259
1787241461 59.2 58.2 58.2 60.1 2208 950 5.254
1787241462 59.2 59.2 58.2 61.0 2208 950 5.264
1787241463 59.2 58.2 58.2 60.1 2208 950 5.249
1787241464 59.2 59.2 58.2 60.1 2208 950 5.244
1787241465 58.2 58.2 58.2 60.1 2208 950 5.235
1787241466 59.2 58.2 58.2 60.1 2208 950 5.230
1787241467 59.2 59.2 58.2 60.1 2208 950 5.201
1787241469 59.2 59.2 58.2 61.0 2208 950 5.211
1787241470 59.2 58.2 58.2 59.2 2208 950 5.273
1787241471 59.2 58.2 58.2 60.1 2208 950 5.244
1787241472 60.1 59.2 59.2 61.0 2208 950 5.235
1787241473 60.1 60.1 59.2 61.0 2208 950 5.269
1787241474 59.2 59.2 58.2 60.1 2208 950 5.230
1787241475 59.2 58.2 58.2 60.1 2208 950 5.244
1787241476 59.2 59.2 58.2 60.1 2208 950 5.215
1787241478 60.1 60.1 59.2 61.0 2208 950 5.264
1787241479 59.2 58.2 58.2 61.0 2208 950 5.235
1787241480 59.2 58.2 58.2 60.1 2208 950 5.244
1787241481 59.2 59.2 58.2 60.1 2208 950 5.215
1787241482 59.2 59.2 58.2 61.0 2208 950 5.220
1787241483 60.1 59.2 59.2 61.0 2208 950 5.249
1787241484 59.2 59.2 58.2 59.2 2208 950 5.278
1787241485 59.2 59.2 59.2 61.0 2208 950 5.206
1787241486 60.1 59.2 59.2 61.0 2208 950 5.235
1787241488 59.2 59.2 58.2 60.1 2208 950 5.211
1787241489 59.2 58.2 58.2 60.1 2208 950 5.206
1787241490 60.1 59.2 59.2 61.0 2208 950 5.215
1787241491 59.2 59.2 58.2 60.1 2208 950 5.235
1787241492 59.2 58.2 58.2 60.1 2208 950 5.240
1787241493 59.2 58.2 58.2 60.1 2208 950 5.196
1787241494 59.2 59.2 58.2 61.0 2208 950 5.249
1787241495 59.2 59.2 58.2 61.0 2208 950 5.259
1787241497 59.2 58.2 58.2 59.2 2208 950 5.317
1787241498 53.6 53.6 52.7 55.5 2208 950 5.244
1787241499 58.2 57.3 57.3 59.2 2208 950 5.244
1787241500 58.2 57.3 57.3 59.2 2208 950 5.249
1787241501 59.2 58.2 58.2 60.1 2208 950 5.196
1787241502 59.2 57.3 57.3 59.2 2208 950 5.240
1787241503 59.2 58.2 58.2 60.1 2208 950 5.259
1787241504 58.2 57.3 57.3 59.2 2208 950 5.215
1787241506 59.2 58.2 57.3 60.1 2208 950 5.235
1787241507 59.2 58.2 58.2 60.1 2208 950 5.215
1787241508 59.2 58.2 58.2 60.1 2208 950 5.240
1787241509 59.2 59.2 58.2 60.1 2208 950 5.196
1787241510 59.2 59.2 58.2 61.0 2208 950 5.235
1787241511 59.2 58.2 58.2 60.1 2208 950 5.211
1787241512 59.2 59.2 58.2 60.1 2208 950 5.167
1787241513 59.2 59.2 58.2 60.1 2208 950 5.254
1787241515 59.2 58.2 58.2 60.1 2208 950 5.278
1787241516 60.1 59.2 58.2 60.1 2208 950 5.191
1787241517 59.2 59.2 58.2 61.0 2208 950 5.244
1787241518 60.1 59.2 59.2 60.1 2208 950 5.186
1787241519 59.2 59.2 59.2 61.0 2208 950 5.254
1787241520 59.2 59.2 59.2 61.0 2208 950 5.162
1787241521 59.2 58.2 58.2 60.1 2208 950 5.206
1787241522 59.2 58.2 58.2 60.1 2208 950 5.235
1787241524 60.1 60.1 59.2 61.0 2208 950 5.283
1787241525 59.2 58.2 58.2 60.1 2208 950 5.244
1787241526 59.2 59.2 59.2 61.0 2208 950 5.249
1787241527 59.2 60.1 59.2 61.0 2208 950 5.244
1787241528 60.1 59.2 59.2 61.0 2208 950 5.211
1787241529 59.2 58.2 58.2 60.1 2208 950 5.206
1787241530 59.2 58.2 58.2 60.1 2208 950 5.240
1787241531 59.2 58.2 58.2 60.1 2208 950 5.240
1787241533 59.2 58.2 58.2 60.1 2208 950 5.288
1787241534 59.2 58.2 58.2 60.1 2208 950 5.244
1787241535 59.2 59.2 59.2 61.0 2208 950 5.240
1787241536 59.2 59.2 58.2 60.1 2208 950 5.230
1787241537 59.2 59.2 58.2 60.1 2208 950 5.230
1787241538 59.2 59.2 58.2 61.0 2208 950 5.230
1787241539 60.1 58.2 58.2 60.1 2208 950 5.230
1787241540 60.1 59.2 59.2 61.0 2208 950 5.201
1787241542 59.2 58.2 58.2 60.1 2208 950 5.220
1787241543 59.2 58.2 58.2 60.1 2208 950 5.244
1787241544 59.2 58.2 58.2 60.1 2208 950 5.167
1787241545 59.2 59.2 58.2 60.1 2208 950 5.211
1787241546 59.2 58.2 58.2 60.1 2208 950 5.259
1787241547 59.2 58.2 58.2 60.1 2208 950 5.254
1787241548 58.2 57.3 57.3 59.2 2208 950 5.225
1787241549 60.1 60.1 59.2 61.0 2208 950 5.225
1787241550 59.2 59.2 59.2 61.0 2208 950 5.211
1787241552 59.2 59.2 58.2 60.1 2208 950 5.215
1787241553 58.2 58.2 58.2 60.1 2208 950 5.220
1787241554 59.2 58.2 58.2 60.1 2208 950 5.269
1787241555 59.2 58.2 58.2 60.1 2208 950 5.225
1787241556 60.1 59.2 59.2 61.0 2208 950 5.269
1787241557 59.2 58.2 58.2 60.1 2208 950 5.206
1787241558 57.3 55.5 56.4 57.3 2208 950 5.322
1787241559 51.8 49.9 50.8 51.8 2208 950 5.220
1787241560 56.4 56.4 56.4 58.2 2208 950 5.215
1787241562 57.3 57.3 57.3 59.2 2208 950 5.211
1787241563 59.2 57.3 57.3 59.2 2208 950 5.235
1787241564 58.2 58.2 57.3 60.1 2208 950 5.249
1787241565 59.2 58.2 58.2 60.1 2208 950 5.211
1787241566 59.2 58.2 58.2 60.1 2208 950 5.259
1787241567 59.2 58.2 58.2 60.1 2208 950 5.327
1787241568 58.2 57.3 57.3 59.2 2208 950 5.249
1787241569 58.2 58.2 57.3 60.1 2208 950 5.264
1787241571 59.2 58.2 58.2 60.1 2208 950 5.235
1787241572 59.2 58.2 58.2 60.1 2208 950 5.254
1787241573 59.2 58.2 58.2 60.1 2208 950 5.244
1787241574 59.2 58.2 58.2 60.1 2208 950 5.215
1787241575 58.2 58.2 57.3 59.2 2208 950 5.240
1787241576 58.2 58.2 57.3 59.2 2208 950 5.254
1787241577 59.2 58.2 58.2 60.1 2208 950 5.244
1787241578 59.2 58.2 57.3 60.1 2208 950 5.283
1787241579 59.2 58.2 58.2 60.1 2208 950 5.220
1787241581 59.2 59.2 58.2 60.1 2208 950 5.225
1787241582 58.2 58.2 58.2 60.1 2208 950 5.235
1787241583 59.2 59.2 58.2 60.1 2208 950 5.254
1787241584 59.2 59.2 58.2 60.1 2208 950 5.230
1787241585 59.2 58.2 58.2 61.0 2208 950 5.273
1787241586 60.1 59.2 58.2 61.0 2208 950 5.249
1787241587 59.2 58.2 58.2 60.1 2208 950 5.254
1787241588 59.2 59.2 58.2 60.1 2208 950 5.235
1787241590 59.2 59.2 58.2 60.1 2208 950 5.249
1787241591 59.2 58.2 58.2 60.1 2208 950 5.259
1787241592 59.2 59.2 58.2 60.1 2208 950 5.254
1787241593 59.2 58.2 58.2 60.1 2208 950 5.254
1787241594 59.2 58.2 58.2 60.1 2208 950 5.235
1787241595 59.2 58.2 58.2 60.1 2208 950 5.225
1787241596 59.2 59.2 58.2 60.1 2208 950 5.211
1787241597 59.2 58.2 58.2 60.1 2208 950 5.230
1787241598 59.2 59.2 58.2 60.1 2208 950 5.220
1787241600 59.2 59.2 58.2 60.1 2208 950 5.215
1787241601 59.2 59.2 58.2 60.1 2208 950 5.244
1787241602 59.2 59.2 59.2 60.1 2208 950 5.220
1787241603 58.2 57.3 57.3 58.2 2208 950 5.264
1787241604 60.1 60.1 58.2 60.1 2208 950 5.225
1787241605 59.2 59.2 58.2 60.1 2208 950 5.273
1787241606 59.2 58.2 58.2 60.1 2208 950 5.215
1787241607 60.1 59.2 58.2 61.0 2208 950 5.264
1787241609 59.2 59.2 58.2 61.0 2208 950 5.186
1787241610 59.2 59.2 58.2 61.0 2208 950 5.196
1787241611 60.1 59.2 58.2 61.0 2208 950 5.235
1787241612 59.2 59.2 58.2 60.1 2208 950 5.269
1787241613 59.2 58.2 58.2 60.1 2208 950 5.201
1787241614 59.2 59.2 58.2 61.0 2208 950 5.244
1787241615 59.2 58.2 58.2 61.0 2208 950 5.254
1787241616 59.2 59.2 58.2 60.1 2208 950 5.215
1787241618 60.1 59.2 59.2 61.0 2208 950 5.240
1787241619 60.1 59.2 59.2 61.0 2208 950 5.240
1787241620 59.2 59.2 58.2 60.1 2208 950 5.230
1787241621 52.7 51.8 51.8 52.7 2208 950 5.269
1787241622 57.3 57.3 57.3 58.2 2208 950 5.230
1787241623 58.2 57.3 57.3 58.2 2208 950 5.225
1787241624 58.2 58.2 57.3 60.1 2208 950 5.235
1787241625 59.2 59.2 58.2 60.1 2208 950 5.225
1787241626 59.2 58.2 58.2 60.1 2208 950 5.177
1787241628 59.2 58.2 58.2 60.1 2208 950 5.211
1787241629 59.2 58.2 58.2 60.1 2208 950 5.273
1787241630 58.2 58.2 57.3 60.1 2208 950 5.259
1787241631 59.2 59.2 58.2 61.0 2208 950 5.230
1787241632 58.2 58.2 58.2 60.1 2208 950 5.278
1787241633 59.2 59.2 58.2 60.1 2208 950 5.215
1787241634 59.2 58.2 58.2 60.1 2208 950 5.254
1787241636 59.2 59.2 58.2 60.1 2208 950 5.244
1787241637 59.2 59.2 58.2 61.0 2208 950 5.235
1787241638 59.2 59.2 58.2 60.1 2208 950 5.244
1787241639 59.2 59.2 58.2 60.1 2208 950 5.177
1787241640 59.2 59.2 58.2 60.1 2208 950 5.220
1787241641 59.2 59.2 58.2 61.0 2208 950 5.240
1787241642 59.2 58.2 58.2 60.1 2208 950 5.240
1787241643 60.1 59.2 59.2 61.0 2208 950 5.235
1787241645 59.2 58.2 58.2 59.2 2208 950 5.201
1787241646 59.2 59.2 58.2 60.1 2208 950 5.244
1787241647 59.2 59.2 58.2 60.1 2208 950 5.269
1787241648 58.2 58.2 57.3 60.1 2208 950 5.259
1787241649 59.2 58.2 58.2 61.0 2208 950 5.230
1787241650 59.2 58.2 58.2 59.2 2208 950 5.249
1787241651 59.2 58.2 57.3 60.1 2208 950 5.230
1787241652 59.2 59.2 58.2 61.0 2208 950 5.206
1787241654 58.2 58.2 57.3 59.2 2208 950 5.273
1787241655 59.2 58.2 58.2 59.2 2208 950 5.167
1787241656 59.2 59.2 59.2 61.0 2208 950 5.254
1787241657 58.2 57.3 57.3 58.2 2208 950 5.240
1787241658 59.2 59.2 58.2 61.0 2208 950 5.240
1787241659 59.2 59.2 58.2 60.1 2208 950 5.249
1787241660 59.2 59.2 59.2 61.0 2208 950 5.215
1787241661 59.2 58.2 58.2 61.0 2208 950 5.240
1787241663 59.2 59.2 58.2 61.0 2208 950 5.196
1787241664 60.1 59.2 58.2 61.0 2208 950 5.230
1787241665 60.1 59.2 59.2 61.0 2208 950 5.240
1787241666 60.1 59.2 59.2 60.1 2208 950 5.211
1787241667 59.2 59.2 58.2 60.1 2208 950 5.244
1787241668 59.2 59.2 58.2 61.0 2208 950 5.240
1787241669 59.2 58.2 58.2 60.1 2208 950 5.186
1787241670 59.2 59.2 58.2 60.1 2208 950 5.240
1787241672 59.2 59.2 58.2 60.1 2208 950 5.220
1787241673 59.2 59.2 58.2 60.1 2208 950 5.215
1787241674 60.1 58.2 58.2 61.0 2208 950 5.249
1787241675 59.2 58.2 58.2 61.0 2208 950 5.235
1787241676 59.2 59.2 58.2 60.1 2208 950 5.211
1787241677 59.2 59.2 58.2 61.0 2208 950 5.240
1787241678 59.2 59.2 58.2 61.0 2208 950 5.182
1787241680 59.2 59.2 58.2 61.0 2208 950 5.220
1787241681 59.2 58.2 58.2 60.1 2208 950 5.264
1787241682 58.2 56.4 57.3 58.2 2208 950 5.293
1787241683 51.8 49.9 50.8 51.8 2208 950 5.322
1787241684 50.8 49.0 49.9 50.8 2208 950 5.254
1787241685 54.5 53.6 53.6 55.5 2208 950 5.225
1787241686 56.4 56.4 55.5 58.2 2208 950 5.215
1787241687 57.3 56.4 56.4 57.3 2208 950 5.235
1787241688 57.3 57.3 56.4 59.2 2208 950 5.259
1787241689 57.3 56.4 56.4 59.2 2208 950 5.254
1787241691 58.2 57.3 57.3 58.2 2208 950 5.235
1787241692 58.2 58.2 57.3 60.1 2208 950 5.278
1787241693 58.2 57.3 57.3 60.1 2208 950 5.264
1787241694 59.2 58.2 57.3 59.2 2208 950 5.196
1787241695 58.2 57.3 57.3 59.2 2208 950 5.196
1787241696 59.2 58.2 58.2 60.1 2208 950 5.235
1787241697 59.2 58.2 58.2 60.1 2208 950 5.244
1787241698 59.2 58.2 58.2 59.2 2208 950 5.225
1787241700 59.2 59.2 58.2 60.1 2208 950 5.240
1787241701 59.2 59.2 58.2 61.0 2208 950 5.230
1787241702 59.2 58.2 58.2 61.0 2208 950 5.235
1787241703 59.2 59.2 58.2 61.0 2208 950 5.244
1787241704 58.2 58.2 58.2 60.1 2208 950 5.254
1787241705 59.2 59.2 58.2 61.0 2208 950 5.225
1787241706 58.2 58.2 58.2 60.1 2208 950 5.206
1787241707 59.2 58.2 58.2 60.1 2208 950 5.254
1787241708 59.2 59.2 58.2 61.0 2208 950 5.259
1787241710 59.2 58.2 58.2 59.2 2208 950 5.235
1787241711 59.2 58.2 58.2 60.1 2208 950 5.269
1787241712 59.2 59.2 58.2 61.0 2208 950 5.215
1787241713 58.2 58.2 57.3 60.1 2208 950 5.259
1787241714 59.2 58.2 58.2 61.0 2208 950 5.206
1787241715 59.2 58.2 58.2 60.1 2208 950 5.244
1787241716 59.2 59.2 58.2 60.1 2208 950 5.206
1787241717 59.2 58.2 58.2 60.1 2208 950 5.244
1787241719 59.2 58.2 58.2 60.1 2208 950 5.240
1787241720 59.2 58.2 58.2 60.1 2208 950 5.225
1787241721 59.2 59.2 58.2 61.0 2208 950 5.225
1787241722 59.2 59.2 58.2 60.1 2208 950 5.201
1787241723 59.2 59.2 58.2 60.1 2208 950 5.235
1787241724 59.2 58.2 58.2 60.1 2208 950 5.230
1787241725 59.2 59.2 58.2 60.1 2208 950 5.249
1787241726 58.2 57.3 57.3 59.2 2208 950 5.259
1787241727 59.2 59.2 59.2 61.0 2208 950 5.215
1787241729 59.2 59.2 58.2 60.1 2208 950 5.240
1787241730 59.2 58.2 58.2 60.1 2208 950 5.186
1787241731 60.1 58.2 58.2 60.1 2208 950 5.269
1787241732 59.2 58.2 58.2 60.1 2208 950 5.244
1787241733 59.2 59.2 58.2 61.0 2208 950 5.177
1787241734 59.2 58.2 58.2 60.1 2208 950 5.249
1787241735 59.2 58.2 58.2 59.2 2208 950 5.215
1787241736 59.2 59.2 58.2 61.0 2208 950 5.225
1787241738 59.2 59.2 59.2 61.0 2208 950 5.220
1787241739 59.2 59.2 58.2 61.0 2208 950 5.211
1787241740 60.1 60.1 59.2 61.9 2208 950 5.249
1787241741 60.1 59.2 59.2 61.0 2208 950 5.230
1787241742 59.2 59.2 58.2 61.0 2208 950 5.244
1787241743 60.1 59.2 58.2 60.1 2208 950 5.220
1787241744 59.2 59.2 59.2 61.0 2208 950 5.230
1787241745 53.6 51.8 52.7 53.6 2208 950 5.254
1787241747 56.4 56.4 55.5 57.3 2208 950 5.259
1787241748 57.3 57.3 56.4 57.3 2208 950 5.254
1787241749 58.2 57.3 57.3 59.2 2208 950 5.240
1787241750 58.2 58.2 57.3 60.1 2208 950 5.254
1787241751 59.2 59.2 59.2 61.0 2208 950 5.211
1787241752 58.2 58.2 58.2 60.1 2208 950 5.264
1787241753 58.2 58.2 57.3 60.1 2208 950 5.211
1787241754 59.2 58.2 58.2 60.1 2208 950 5.254
1787241755 59.2 58.2 58.2 61.0 2208 950 5.249
1787241757 59.2 59.2 59.2 60.1 2208 950 5.235
1787241758 59.2 58.2 58.2 60.1 2208 950 5.249
1787241759 59.2 58.2 57.3 59.2 2208 950 5.230
1787241760 59.2 58.2 58.2 60.1 2208 950 5.201
1787241761 58.2 58.2 57.3 60.1 2208 950 5.249
1787241762 59.2 59.2 58.2 60.1 2208 950 5.235
1787241763 59.2 58.2 58.2 59.2 2208 950 5.249
1787241764 59.2 58.2 58.2 61.0 2208 950 5.240
1787241766 59.2 59.2 58.2 60.1 2208 950 5.273
1787241767 58.2 58.2 57.3 59.2 2208 950 5.225
1787241768 59.2 59.2 58.2 60.1 2208 950 5.249
1787241769 59.2 58.2 58.2 60.1 2208 950 5.264
1787241770 59.2 59.2 58.2 61.0 2208 950 5.273
1787241771 59.2 58.2 57.3 60.1 2208 950 5.254
1787241772 59.2 59.2 58.2 60.1 2208 950 5.278
1787241773 59.2 58.2 58.2 60.1 2208 950 5.230
1787241774 59.2 59.2 58.2 60.1 2208 950 5.240
1787241776 59.2 59.2 58.2 60.1 2208 950 5.220
1787241777 59.2 59.2 59.2 61.0 2208 950 5.244
1787241778 59.2 59.2 58.2 61.0 2208 950 5.225
1787241779 60.1 59.2 59.2 61.0 2208 950 5.264
1787241780 59.2 59.2 59.2 61.0 2208 950 5.254
1787241781 59.2 58.2 58.2 60.1 2208 950 5.215
1787241782 59.2 59.2 58.2 60.1 2208 950 5.249
1787241783 59.2 59.2 59.2 61.0 2208 950 5.235
1787241785 59.2 58.2 58.2 60.1 2208 950 5.206
1787241786 59.2 58.2 58.2 60.1 2208 950 5.249
1787241787 60.1 59.2 59.2 61.0 2208 950 5.225
1787241788 59.2 59.2 58.2 60.1 2208 950 5.264
1787241789 60.1 59.2 59.2 61.0 2208 950 5.225
1787241790 60.1 59.2 58.2 60.1 2208 950 5.244
1787241791 59.2 59.2 59.2 61.0 2208 950 5.230
1787241792 60.1 59.2 59.2 61.0 2208 950 5.211
1787241794 59.2 58.2 58.2 60.1 2208 950 5.254
1787241795 60.1 59.2 59.2 61.0 2208 950 5.211
1787241796 60.1 60.1 59.2 61.0 2208 950 5.220
1787241797 60.1 60.1 59.2 61.0 2208 950 5.215
1787241798 59.2 59.2 58.2 60.1 2208 950 5.177
1787241799 59.2 58.2 58.2 60.1 2208 950 5.244
1787241800 59.2 58.2 58.2 60.1 2208 950 5.264
1787241801 59.2 59.2 59.2 61.0 2208 950 5.211
1787241803 59.2 59.2 58.2 60.1 2208 950 5.278
1787241804 59.2 59.2 59.2 61.0 2208 950 5.215
1787241805 59.2 59.2 58.2 60.1 2208 950 5.249
1787241806 59.2 59.2 58.2 60.1 2208 950 5.259
1787241807 53.6 51.8 52.7 54.5 2208 950 5.307
1787241808 56.4 56.4 55.5 57.3 2208 950 5.273
1787241809 57.3 57.3 57.3 59.2 2208 950 5.240
1787241810 58.2 57.3 57.3 59.2 2208 950 5.240
1787241811 58.2 57.3 57.3 59.2 2208 950 5.206
1787241813 58.2 58.2 58.2 60.1 2208 950 5.215
1787241814 58.2 58.2 58.2 59.2 2208 950 5.273
1787241815 58.2 58.2 57.3 60.1 2208 950 5.220
1787241816 58.2 58.2 57.3 59.2 2208 950 5.254
1787241817 59.2 58.2 57.3 60.1 2208 950 5.230
1787241818 58.2 58.2 58.2 60.1 2208 950 5.293
1787241819 59.2 58.2 58.2 60.1 2208 950 5.215
1787241820 59.2 58.2 58.2 61.0 2208 950 5.230
1787241822 59.2 59.2 58.2 60.1 2208 950 5.288
1787241823 59.2 58.2 58.2 60.1 2208 950 5.235
1787241824 59.2 58.2 58.2 60.1 2208 950 5.240
1787241825 59.2 58.2 58.2 61.0 2208 950 5.230
1787241826 59.2 58.2 58.2 60.1 2208 950 5.254
1787241827 59.2 58.2 58.2 60.1 2208 950 5.215
1787241828 59.2 59.2 58.2 61.0 2208 950 5.211
1787241829 59.2 59.2 58.2 61.0 2208 950 5.191
1787241831 59.2 58.2 58.2 60.1 2208 950 5.211
1787241832 59.2 58.2 58.2 60.1 2208 950 5.235
1787241833 59.2 58.2 58.2 60.1 2208 950 5.259
1787241834 59.2 57.3 58.2 59.2 2208 950 5.240
1787241835 59.2 59.2 59.2 61.0 2208 950 5.215
1787241836 59.2 58.2 58.2 60.1 2208 950 5.230
1787241837 59.2 59.2 58.2 60.1 2208 950 5.220
1787241838 59.2 58.2 58.2 60.1 2208 950 5.249
1787241839 59.2 58.2 59.2 61.0 2208 950 5.249
1787241841 59.2 59.2 58.2 61.0 2208 950 5.196
1787241842 59.2 59.2 58.2 60.1 2208 950 5.240
1787241843 59.2 58.2 58.2 61.0 2208 950 5.220
1787241844 59.2 59.2 59.2 61.0 2208 950 5.230
1787241845 59.2 59.2 58.2 60.1 2208 950 5.254
1787241846 59.2 59.2 59.2 61.0 2208 950 5.235
1787241847 59.2 58.2 58.2 60.1 2208 950 5.206
1787241848 60.1 60.1 59.2 61.0 2208 950 5.206
1787241850 59.2 59.2 58.2 60.1 2208 950 5.167
1787241851 59.2 59.2 58.2 60.1 2208 950 5.235
1787241852 60.1 59.2 59.2 61.0 2208 950 5.215
1787241853 59.2 58.2 58.2 61.0 2208 950 5.215
1787241854 59.2 58.2 58.2 60.1 2208 950 5.235
1787241855 60.1 59.2 59.2 61.0 2208 950 5.215
1787241856 59.2 58.2 58.2 60.1 2208 950 5.215
1787241857 59.2 59.2 58.2 61.0 2208 950 5.230
1787241859 59.2 59.2 59.2 60.1 2208 950 5.264
1787241860 60.1 59.2 58.2 61.0 2208 950 5.230
1787241861 60.1 59.2 59.2 61.0 2208 950 5.249
1787241862 59.2 59.2 58.2 61.0 2208 950 5.249
1787241863 59.2 59.2 58.2 60.1 2208 950 5.206
1787241864 60.1 60.1 59.2 61.0 2208 950 5.196
1787241865 59.2 59.2 58.2 61.0 2208 950 5.254
1787241867 60.1 59.2 58.2 61.0 2208 950 5.230
1787241868 59.2 58.2 58.2 60.1 2208 950 5.225
1787241869 53.6 51.8 52.7 53.6 2208 950 5.302
1787241870 56.4 56.4 55.5 57.3 2208 950 5.288
1787241871 57.3 57.3 57.3 58.2 2208 950 5.235
1787241872 58.2 58.2 58.2 59.2 2208 950 5.244
1787241873 58.2 58.2 58.2 60.1 2208 950 5.240
1787241874 58.2 58.2 57.3 59.2 2208 950 5.244
1787241875 59.2 58.2 58.2 59.2 2208 950 5.186
1787241876 59.2 58.2 58.2 59.2 2208 950 5.220
1787241878 59.2 58.2 58.2 60.1 2208 950 5.201
1787241879 59.2 57.3 57.3 59.2 2208 950 5.230
1787241880 59.2 58.2 58.2 60.1 2208 950 5.235
1787241881 58.2 58.2 57.3 59.2 2208 950 5.254
1787241882 59.2 59.2 58.2 61.0 2208 950 5.211
1787241883 59.2 58.2 58.2 59.2 2208 950 5.225
1787241884 58.2 58.2 58.2 60.1 2208 950 5.215
1787241885 59.2 59.2 58.2 60.1 2208 950 5.201
1787241887 59.2 59.2 59.2 61.0 2208 950 5.249
1787241888 59.2 59.2 58.2 60.1 2208 950 5.249
1787241889 59.2 58.2 58.2 60.1 2208 950 5.254
1787241890 59.2 59.2 58.2 61.0 2208 950 5.283
1787241891 59.2 59.2 58.2 60.1 2208 950 5.220
1787241892 59.2 58.2 58.2 59.2 2208 950 5.244
1787241893 58.2 58.2 58.2 60.1 2208 950 5.220
1787241894 59.2 58.2 58.2 61.0 2208 950 5.235
1787241896 59.2 59.2 58.2 61.0 2208 950 5.235
1787241897 59.2 59.2 59.2 60.1 2208 950 5.249
1787241898 58.2 57.3 57.3 59.2 2208 950 5.206
1787241899 59.2 59.2 59.2 61.0 2208 950 5.283
1787241900 59.2 59.2 59.2 60.1 2208 950 5.244
1787241901 59.2 58.2 58.2 60.1 2208 950 5.240
1787241902 59.2 58.2 58.2 60.1 2208 950 5.235
1787241903 59.2 58.2 57.3 59.2 2208 950 5.191
1787241904 59.2 59.2 58.2 60.1 2208 950 5.225
1787241906 59.2 59.2 59.2 61.0 2208 950 5.215
1787241907 59.2 58.2 58.2 60.1 2208 950 5.220
1787241908 59.2 58.2 58.2 60.1 2208 950 5.211
1787241909 59.2 57.3 58.2 60.1 2208 950 5.182
1787241910 59.2 59.2 58.2 60.1 2208 950 5.240
1787241911 59.2 58.2 59.2 61.0 2208 950 5.240
1787241912 59.2 59.2 58.2 61.0 2208 950 5.249
1787241914 59.2 59.2 59.2 61.0 2208 950 5.269
1787241915 60.1 59.2 59.2 61.0 2208 950 5.249
1787241916 59.2 58.2 58.2 59.2 2208 950 5.240
1787241917 59.2 59.2 58.2 61.0 2208 950 5.235
1787241918 59.2 58.2 58.2 60.1 2208 950 5.230
1787241919 59.2 59.2 58.2 60.1 2208 950 5.215
1787241920 59.2 58.2 58.2 60.1 2208 950 5.240
1787241921 59.2 57.3 58.2 59.2 2208 950 5.264
1787241923 59.2 58.2 58.2 60.1 2208 950 5.235
1787241924 60.1 59.2 59.2 60.1 2208 950 5.230
1787241925 59.2 58.2 58.2 60.1 2208 950 5.264
1787241926 59.2 58.2 58.2 61.0 2208 950 5.259
1787241927 60.1 60.1 59.2 61.0 2208 950 5.240
1787241928 59.2 59.2 58.2 60.1 2208 950 5.235
1787241929 60.1 59.2 59.2 61.0 2208 950 5.249
1787241930 54.5 52.7 52.7 54.5 2208 950 5.283
1787241931 56.4 55.5 55.5 57.3 2208 950 5.249
1787241933 57.3 57.3 57.3 59.2 2208 950 5.215
1787241934 59.2 58.2 57.3 59.2 2208 950 5.230
1787241935 58.2 58.2 58.2 60.1 2208 950 5.167
1787241936 59.2 58.2 58.2 60.1 2208 950 5.211
1787241937 59.2 58.2 58.2 60.1 2208 950 5.220
1787241938 59.2 59.2 59.2 60.1 2208 950 5.215
1787241939 59.2 58.2 58.2 60.1 2208 950 5.215
1787241940 59.2 58.2 58.2 59.2 2208 950 5.249
1787241942 60.1 59.2 58.2 61.0 2208 950 5.249
1787241943 60.1 59.2 59.2 60.1 2208 950 5.215
1787241944 59.2 59.2 58.2 60.1 2208 950 5.201
1787241945 59.2 58.2 58.2 59.2 2208 950 5.235
1787241946 59.2 59.2 58.2 61.0 2208 950 5.235
1787241947 59.2 59.2 58.2 60.1 2208 950 5.220
1787241948 59.2 59.2 59.2 61.0 2208 950 5.240
1787241950 59.2 59.2 59.2 61.0 2208 950 5.244
1787241951 59.2 58.2 58.2 61.0 2208 950 5.244
1787241952 59.2 59.2 58.2 61.0 2208 950 5.244
1787241953 60.1 59.2 59.2 61.0 2208 950 5.225
1787241954 60.1 59.2 59.2 60.1 2208 950 5.220
1787241955 59.2 59.2 58.2 60.1 2208 950 5.230
1787241956 60.1 59.2 59.2 61.0 2208 950 5.225
1787241957 59.2 58.2 58.2 60.1 2208 950 5.249
1787241959 59.2 59.2 59.2 61.0 2208 950 5.215
1787241960 59.2 59.2 58.2 61.0 2208 950 5.254
1787241961 59.2 59.2 58.2 61.0 2208 950 5.254
1787241962 60.1 59.2 58.2 60.1 2208 950 5.249
1787241963 59.2 58.2 58.2 60.1 2208 950 5.220
1787241964 60.1 59.2 59.2 61.0 2208 950 5.235
1787241965 60.1 59.2 59.2 61.0 2208 950 5.240
1787241967 60.1 59.2 59.2 61.0 2208 950 5.211
1787241968 59.2 59.2 58.2 61.0 2208 950 5.240
1787241969 59.2 59.2 59.2 60.1 2208 950 5.249
1787241970 59.2 58.2 58.2 60.1 2208 950 5.196
1787241971 59.2 59.2 59.2 61.0 2208 950 5.249
1787241972 59.2 59.2 59.2 61.0 2208 950 5.196
1787241973 60.1 59.2 59.2 61.9 2208 950 5.230
1787241974 59.2 59.2 58.2 61.0 2208 950 5.211
1787241976 60.1 59.2 58.2 61.0 2208 950 5.254
1787241977 60.1 60.1 59.2 61.9 2208 950 5.235
1787241978 59.2 59.2 58.2 61.0 2208 950 5.259
1787241979 59.2 60.1 59.2 61.0 2208 950 5.211
1787241980 59.2 58.2 58.2 60.1 2208 950 5.249
1787241981 60.1 59.2 58.2 61.0 2208 950 5.215
1787241982 59.2 58.2 58.2 60.1 2208 950 5.240
1787241983 59.2 58.2 58.2 59.2 2208 950 5.225
1787241985 59.2 58.2 58.2 60.1 2208 950 5.269
1787241986 59.2 58.2 58.2 60.1 2208 950 5.206
1787241987 59.2 59.2 58.2 61.0 2208 950 5.235
1787241988 59.2 59.2 59.2 60.1 2208 950 5.215
1787241989 59.2 59.2 59.2 60.1 2208 950 5.220
1787241990 59.2 59.2 59.2 60.1 2208 950 5.264
1787241991 59.2 59.2 58.2 60.1 2208 950 5.254
1787241992 52.7 51.8 51.8 52.7 2208 950 5.298
1787241993 51.8 49.9 49.9 52.7 2208 950 5.259
1787241994 55.5 54.5 53.6 56.4 2208 950 5.211
1787241995 56.4 56.4 55.5 57.3 2208 950 5.201
1787241997 58.2 57.3 57.3 59.2 2208 950 5.249
1787241998 58.2 58.2 57.3 59.2 2208 950 5.278
1787241999 58.2 57.3 57.3 58.2 2208 950 5.244
1787242000 58.2 58.2 57.3 59.2 2208 950 5.215
1787242001 58.2 58.2 57.3 59.2 2208 950 5.220
1787242002 58.2 58.2 57.3 60.1 2208 950 5.230
1787242003 59.2 59.2 58.2 61.0 2208 950 5.196
1787242004 58.2 57.3 57.3 59.2 2208 950 5.211
1787242006 59.2 58.2 58.2 59.2 2208 950 5.249
1787242007 58.2 58.2 58.2 59.2 2208 950 5.244
1787242008 59.2 59.2 59.2 61.0 2208 950 5.249
1787242009 59.2 58.2 58.2 61.0 2208 950 5.206
1787242010 58.2 58.2 58.2 60.1 2208 950 5.240
1787242011 59.2 58.2 58.2 60.1 2208 950 5.211
1787242012 59.2 58.2 58.2 60.1 2208 950 5.249
1787242014 59.2 58.2 58.2 59.2 2208 950 5.269
1787242015 59.2 59.2 58.2 61.0 2208 950 5.254
1787242016 59.2 58.2 58.2 60.1 2208 950 5.211
1787242017 59.2 58.2 58.2 60.1 2208 950 5.235
1787242018 60.1 59.2 59.2 61.0 2208 950 5.191
1787242019 59.2 58.2 58.2 60.1 2208 950 5.211
1787242020 59.2 59.2 58.2 60.1 2208 950 5.235
1787242021 59.2 58.2 58.2 60.1 2208 950 5.244
1787242022 59.2 58.2 58.2 60.1 2208 950 5.201
1787242024 60.1 59.2 59.2 61.0 2208 950 5.196
1787242025 60.1 59.2 59.2 61.0 2208 950 5.225
1787242026 60.1 59.2 59.2 61.0 2208 950 5.249
1787242027 59.2 59.2 58.2 61.0 2208 950 5.206
1787242028 59.2 58.2 58.2 59.2 2208 950 5.215
1787242029 59.2 59.2 58.2 60.1 2208 950 5.249
1787242030 59.2 58.2 57.3 59.2 2208 950 5.196
1787242031 59.2 59.2 59.2 60.1 2208 950 5.225
1787242033 59.2 59.2 59.2 61.0 2208 950 5.235
1787242034 60.1 59.2 59.2 61.0 2208 950 5.235
1787242035 59.2 58.2 58.2 59.2 2208 950 5.240
1787242036 59.2 59.2 58.2 60.1 2208 950 5.302
1787242037 60.1 59.2 59.2 60.1 2208 950 5.235
1787242038 60.1 60.1 59.2 61.0 2208 950 5.230
1787242039 60.1 59.2 59.2 61.0 2208 950 5.230
1787242040 59.2 59.2 59.2 60.1 2208 950 5.215
1787242042 59.2 59.2 59.2 60.1 2208 950 5.240
1787242043 60.1 59.2 59.2 61.0 2208 950 5.273
1787242044 59.2 59.2 58.2 60.1 2208 950 5.235
1787242045 59.2 59.2 58.2 60.1 2208 950 5.235
1787242046 59.2 58.2 58.2 61.0 2208 950 5.249
1787242047 59.2 58.2 58.2 60.1 2208 950 5.235
1787242048 60.1 59.2 59.2 61.9 2208 950 5.220
1787242049 60.1 60.1 59.2 61.0 2208 950 5.254
1787242051 60.1 59.2 59.2 61.0 2208 950 5.259
1787242052 60.1 58.2 58.2 60.1 2208 950 5.225
1787242053 59.2 59.2 59.2 61.0 2208 950 5.249
1787242054 59.2 59.2 59.2 61.0 2208 950 5.230
1787242055 53.6 51.8 52.7 53.6 2208 950 5.331
1787242056 56.4 56.4 55.5 58.2 2208 950 5.186
1787242057 59.2 59.2 58.2 60.1 2208 950 5.186
1787242059 58.2 58.2 57.3 59.2 2208 950 5.254
1787242060 58.2 58.2 57.3 59.2 2208 950 5.220
1787242061 58.2 58.2 57.3 58.2 2208 950 5.254
1787242062 58.2 57.3 57.3 59.2 2208 950 5.264
1787242063 59.2 59.2 58.2 60.1 2208 950 5.211
1787242064 59.2 58.2 58.2 59.2 2208 950 5.254
1787242065 59.2 58.2 57.3 59.2 2208 950 5.230
1787242066 58.2 58.2 57.3 59.2 2208 950 5.278
1787242067 59.2 59.2 58.2 60.1 2208 950 5.225
1787242069 59.2 59.2 58.2 61.0 2208 950 5.273
1787242070 59.2 58.2 58.2 60.1 2208 950 5.186
1787242071 59.2 59.2 58.2 60.1 2208 950 5.186
1787242072 59.2 58.2 58.2 60.1 2208 950 5.240
1787242073 59.2 58.2 58.2 60.1 2208 950 5.235
1787242074 60.1 59.2 59.2 60.1 2208 950 5.254
1787242075 59.2 58.2 58.2 60.1 2208 950 5.235
1787242076 59.2 59.2 58.2 61.0 2208 950 5.249
1787242078 59.2 58.2 58.2 60.1 2208 950 5.230
1787242079 59.2 59.2 58.2 60.1 2208 950 5.244
1787242080 59.2 59.2 58.2 61.0 2208 950 5.220
1787242081 59.2 59.2 59.2 61.0 2208 950 5.244
1787242082 59.2 58.2 58.2 61.0 2208 950 5.230
1787242083 59.2 58.2 58.2 60.1 2208 950 5.264
1787242084 59.2 59.2 58.2 61.0 2208 950 5.230
1787242085 59.2 59.2 58.2 60.1 2208 950 5.259
1787242087 59.2 59.2 59.2 61.0 2208 950 5.225
1787242088 59.2 59.2 59.2 61.0 2208 950 5.211
1787242089 59.2 59.2 58.2 60.1 2208 950 5.254
1787242090 59.2 59.2 59.2 61.0 2208 950 5.220
1787242091 59.2 59.2 59.2 61.0 2208 950 5.225
1787242092 60.1 59.2 59.2 60.1 2208 950 5.230
1787242093 60.1 59.2 59.2 61.0 2208 950 5.201
1787242095 60.1 60.1 59.2 61.0 2208 950 5.244
1787242096 60.1 59.2 59.2 61.9 2208 950 5.206
1787242097 60.1 58.2 59.2 60.1 2208 950 5.254
1787242098 60.1 59.2 59.2 61.0 2208 950 5.244
1787242099 59.2 58.2 58.2 60.1 2208 950 5.264
1787242100 59.2 59.2 59.2 61.0 2208 950 5.215
1787242101 59.2 59.2 59.2 61.0 2208 950 5.235
1787242102 59.2 59.2 59.2 60.1 2208 950 5.206
1787242104 59.2 58.2 58.2 60.1 2208 950 5.254
1787242105 59.2 59.2 58.2 61.0 2208 950 5.240
1787242106 59.2 58.2 58.2 60.1 2208 950 5.225
1787242107 59.2 59.2 59.2 61.0 2208 950 5.211
1787242108 59.2 58.2 58.2 60.1 2208 950 5.186
1787242109 60.1 59.2 58.2 61.0 2208 950 5.254
1787242110 60.1 59.2 59.2 60.1 2208 950 5.240
1787242111 59.2 58.2 58.2 60.1 2208 950 5.220
1787242113 59.2 59.2 58.2 60.1 2208 950 5.196
1787242114 59.2 59.2 58.2 60.1 2208 950 5.249
1787242115 59.2 59.2 58.2 60.1 2208 950 5.264
1787242116 60.1 59.2 58.2 61.0 2208 950 5.215
1787242117 52.7 50.8 51.8 52.7 2208 950 5.317
1787242118 56.4 55.5 55.5 57.3 2208 950 5.182
1787242119 58.2 58.2 57.3 59.2 2208 950 5.235
1787242120 59.2 58.2 58.2 60.1 2208 950 5.240
1787242121 58.2 58.2 58.2 60.1 2208 950 5.244
1787242123 59.2 58.2 58.2 59.2 2208 950 5.235
1787242124 59.2 58.2 58.2 61.0 2208 950 5.293
1787242125 59.2 59.2 58.2 60.1 2208 950 5.230
1787242126 59.2 59.2 58.2 61.0 2208 950 5.240
1787242127 59.2 59.2 58.2 60.1 2208 950 5.211
1787242128 59.2 58.2 58.2 59.2 2208 950 5.215
1787242129 60.1 59.2 59.2 61.0 2208 950 5.225
1787242130 59.2 59.2 58.2 60.1 2208 950 5.211
1787242132 58.2 58.2 58.2 60.1 2208 950 5.244
1787242133 59.2 59.2 59.2 61.0 2208 950 5.230
1787242134 59.2 59.2 58.2 61.0 2208 950 5.235
1787242135 59.2 58.2 58.2 60.1 2208 950 5.249
1787242136 59.2 58.2 58.2 60.1 2208 950 5.225
1787242137 59.2 59.2 58.2 61.0 2208 950 5.215
1787242138 59.2 59.2 58.2 61.0 2208 950 5.206
1787242139 59.2 58.2 58.2 60.1 2208 950 5.225
1787242141 60.1 60.1 59.2 61.0 2208 950 5.220
1787242142 60.1 59.2 59.2 61.0 2208 950 5.225
1787242143 59.2 58.2 58.2 61.0 2208 950 5.215
1787242144 59.2 58.2 58.2 60.1 2208 950 5.269
1787242145 60.1 59.2 59.2 61.0 2208 950 5.215
1787242146 59.2 59.2 58.2 60.1 2208 950 5.259
1787242147 59.2 59.2 58.2 60.1 2208 950 5.278
1787242148 59.2 58.2 58.2 61.0 2208 950 5.244
1787242150 59.2 58.2 58.2 60.1 2208 950 5.215
1787242151 59.2 58.2 58.2 59.2 2208 950 5.230
1787242152 59.2 59.2 59.2 61.0 2208 950 5.249
1787242153 60.1 59.2 59.2 60.1 2208 950 5.269
1787242154 60.1 60.1 59.2 61.0 2208 950 5.254
1787242155 60.1 59.2 59.2 61.0 2208 950 5.254
1787242156 59.2 58.2 58.2 60.1 2208 950 5.230
1787242157 58.2 58.2 57.3 59.2 2208 950 5.249
1787242159 60.1 59.2 59.2 61.0 2208 950 5.235
1787242160 59.2 59.2 59.2 61.0 2208 950 5.254
1787242161 59.2 58.2 58.2 60.1 2208 950 5.269
1787242162 59.2 58.2 58.2 59.2 2208 950 5.259
1787242163 59.2 59.2 59.2 61.0 2208 950 5.269
1787242164 60.1 59.2 59.2 61.0 2208 950 5.230
1787242165 59.2 59.2 58.2 61.0 2208 950 5.254
1787242166 59.2 59.2 58.2 60.1 2208 950 5.249
1787242168 60.1 60.1 59.2 61.9 2208 950 5.211
1787242169 59.2 59.2 59.2 61.0 2208 950 5.240
1787242170 59.2 59.2 59.2 61.0 2208 950 5.225
1787242171 59.2 59.2 59.2 61.0 2208 950 5.230
1787242172 60.1 59.2 59.2 61.0 2208 950 5.249
1787242173 59.2 58.2 58.2 60.1 2208 950 5.240
1787242174 59.2 58.2 58.2 60.1 2208 950 5.254
1787242175 60.1 59.2 59.2 61.0 2208 950 5.235
1787242177 59.2 59.2 58.2 61.0 2208 950 5.254
1787242178 59.2 59.2 58.2 61.0 2208 950 5.293
1787242179 52.7 51.8 51.8 53.6 2208 950 5.327
1787242180 57.3 57.3 56.4 58.2 2208 950 5.225
1787242181 58.2 58.2 57.3 60.1 2208 950 5.264
1787242182 58.2 57.3 57.3 59.2 2208 950 5.259
1787242183 59.2 58.2 58.2 59.2 2208 950 5.215
1787242184 58.2 57.3 57.3 59.2 2208 950 5.259
1787242185 58.2 58.2 57.3 59.2 2208 950 5.211
1787242186 59.2 58.2 58.2 60.1 2208 950 5.264
1787242188 59.2 58.2 58.2 60.1 2208 950 5.235
1787242189 58.2 57.3 57.3 60.1 2208 950 5.206
1787242190 59.2 58.2 58.2 59.2 2208 950 5.230
1787242191 58.2 57.3 57.3 59.2 2208 950 5.273
1787242192 58.2 57.3 57.3 59.2 2208 950 5.254
1787242193 59.2 59.2 58.2 60.1 2208 950 5.269
1787242194 59.2 59.2 58.2 61.0 2208 950 5.215
1787242195 59.2 59.2 58.2 60.1 2208 950 5.254
1787242196 59.2 58.2 58.2 61.0 2208 950 5.254
1787242198 59.2 58.2 58.2 60.1 2208 950 5.235
1787242199 59.2 59.2 58.2 60.1 2208 950 5.235
1787242200 59.2 58.2 58.2 60.1 2208 950 5.240
1787242201 59.2 58.2 58.2 60.1 2208 950 5.196
1787242202 59.2 59.2 58.2 61.0 2208 950 5.264
1787242203 59.2 58.2 58.2 61.0 2208 950 5.206
1787242204 59.2 58.2 58.2 60.1 2208 950 5.244
1787242205 59.2 58.2 58.2 59.2 2208 950 5.230
1787242207 59.2 59.2 58.2 60.1 2208 950 5.264
1787242208 59.2 58.2 58.2 60.1 2208 950 5.215
1787242209 59.2 58.2 58.2 59.2 2208 950 5.244
1787242210 58.2 58.2 57.3 60.1 2208 950 5.215
1787242211 59.2 59.2 59.2 61.0 2208 950 5.206
1787242212 59.2 58.2 58.2 60.1 2208 950 5.230
1787242213 59.2 58.2 58.2 59.2 2208 950 5.254
1787242214 59.2 59.2 58.2 61.0 2208 950 5.235
1787242215 59.2 58.2 58.2 60.1 2208 950 5.254
1787242217 59.2 59.2 59.2 61.0 2208 950 5.244
1787242218 59.2 58.2 58.2 61.0 2208 950 5.273
1787242219 59.2 59.2 58.2 61.0 2208 950 5.273
1787242220 59.2 59.2 58.2 61.0 2208 950 5.215
1787242221 59.2 58.2 58.2 60.1 2208 950 5.220
1787242222 59.2 58.2 58.2 60.1 2208 950 5.201
1787242223 59.2 58.2 58.2 60.1 2208 950 5.254
1787242224 59.2 58.2 58.2 60.1 2208 950 5.269
1787242226 59.2 59.2 58.2 61.0 2208 950 5.206
1787242227 59.2 59.2 58.2 60.1 2208 950 5.235
1787242228 58.2 58.2 58.2 60.1 2208 950 5.225
1787242229 59.2 58.2 58.2 61.0 2208 950 5.215
1787242230 59.2 58.2 58.2 60.1 2208 950 5.215
1787242231 59.2 59.2 58.2 61.0 2208 950 5.278
1787242232 59.2 58.2 58.2 60.1 2208 950 5.317
1787242233 58.2 58.2 58.2 59.2 2208 950 5.240
1787242234 59.2 59.2 58.2 61.0 2208 950 5.215
1787242236 60.1 59.2 58.2 61.0 2208 950 5.244
1787242237 59.2 59.2 58.2 61.0 2208 950 5.244
1787242238 59.2 58.2 58.2 59.2 2208 950 5.254
1787242239 59.2 59.2 58.2 61.0 2208 950 5.215
1787242240 52.7 51.8 51.8 52.7 2208 950 5.264
1787242241 55.5 54.5 54.5 56.4 2208 950 5.249
1787242242 58.2 57.3 56.4 58.2 2208 950 5.230
1787242243 58.2 57.3 57.3 60.1 2208 950 5.249
1787242245 58.2 57.3 57.3 59.2 2208 950 5.235
1787242246 59.2 58.2 58.2 60.1 2208 950 5.235
1787242247 59.2 58.2 58.2 60.1 2208 950 5.244
1787242248 59.2 58.2 58.2 60.1 2208 950 5.273
1787242249 58.2 58.2 57.3 59.2 2208 950 5.211
1787242250 59.2 59.2 58.2 61.0 2208 950 5.220
1787242251 59.2 58.2 58.2 60.1 2208 950 5.254
1787242252 59.2 59.2 58.2 61.0 2208 950 5.240
1787242254 58.2 57.3 57.3 60.1 2208 950 5.225
1787242255 60.1 59.2 58.2 60.1 2208 950 5.211
1787242256 59.2 59.2 58.2 60.1 2208 950 5.196
1787242257 59.2 58.2 58.2 60.1 2208 950 5.240
1787242258 59.2 58.2 58.2 59.2 2208 950 5.220
1787242259 59.2 59.2 58.2 59.2 2208 950 5.235
1787242260 59.2 59.2 58.2 61.0 2208 950 5.235
1787242261 59.2 58.2 58.2 61.0 2208 950 5.225
1787242263 58.2 58.2 57.3 59.2 2208 950 5.240
1787242264 59.2 58.2 58.2 61.0 2208 950 5.264
1787242265 59.2 58.2 58.2 61.0 2208 950 5.269
1787242266 59.2 58.2 58.2 60.1 2208 950 5.264
1787242267 59.2 59.2 58.2 60.1 2208 950 5.244
1787242268 59.2 59.2 59.2 60.1 2208 950 5.249
1787242269 59.2 58.2 58.2 60.1 2208 950 5.254
1787242270 59.2 58.2 58.2 59.2 2208 950 5.254
1787242271 59.2 59.2 59.2 61.0 2208 950 5.215
1787242273 59.2 59.2 58.2 61.0 2208 950 5.201
1787242274 60.1 59.2 58.2 61.0 2208 950 5.215
1787242275 59.2 59.2 58.2 61.0 2208 950 5.138
1787242276 59.2 59.2 58.2 60.1 2208 950 5.244
1787242277 60.1 59.2 58.2 61.0 2208 950 5.264
1787242278 59.2 59.2 59.2 61.0 2208 950 5.244
1787242279 59.2 58.2 58.2 60.1 2208 950 5.230
1787242281 59.2 58.2 58.2 60.1 2208 950 5.220
1787242282 59.2 59.2 58.2 61.0 2208 950 5.288
1787242283 59.2 59.2 59.2 61.0 2208 950 5.235
1787242284 60.1 59.2 59.2 60.1 2208 950 5.230
1787242285 59.2 58.2 58.2 60.1 2208 950 5.196
1787242286 59.2 58.2 57.3 59.2 2208 950 5.206
1787242287 59.2 59.2 58.2 60.1 2208 950 5.196
1787242288 59.2 58.2 57.3 59.2 2208 950 5.264
1787242289 59.2 58.2 58.2 60.1 2208 950 5.244
1787242291 59.2 58.2 58.2 60.1 2208 950 5.191
1787242292 59.2 57.3 57.3 60.1 2208 950 5.254
1787242293 60.1 59.2 59.2 61.0 2208 950 5.201
1787242294 59.2 59.2 58.2 60.1 2208 950 5.249
1787242295 59.2 58.2 58.2 60.1 2208 950 5.264
1787242296 59.2 58.2 58.2 60.1 2208 950 5.230
1787242297 58.2 58.2 58.2 60.1 2208 950 5.273
1787242299 59.2 58.2 58.2 59.2 2208 950 5.249
1787242300 59.2 58.2 58.2 59.2 2208 950 5.235
1787242301 59.2 59.2 58.2 61.0 2208 950 5.254
1787242302 52.7 50.8 51.8 52.7 2208 950 5.273
1787242303 50.8 49.0 49.9 51.8 2208 950 5.283
1787242304 49.9 48.1 48.1 49.9 2208 950 5.235
1787242305 49.0 47.2 48.1 49.0 2208 950 5.307
1787242306 48.1 46.2 47.2 48.1 2208 950 5.269
1787242307 47.2 46.2 46.2 48.1 2208 950 5.322
