epoch soc_c npu_c ddr_c bigcore_c cpu_mhz npu_mhz volt_v
1787240437 41.6 40.7 40.7 42.5 2208 950 5.302
1787240438 40.7 39.8 39.8 40.7 2208 950 5.230
1787240439 39.8 39.8 38.8 39.8 2208 950 5.278
1787240441 39.8 38.8 38.8 39.8 2208 950 5.307
1787240442 38.8 38.8 38.8 38.8 2208 950 5.302
1787240443 38.8 38.8 37.9 38.8 2208 950 5.298
1787240444 40.7 40.7 39.8 41.6 2208 950 5.220
1787240445 46.2 46.2 45.3 47.2 2208 950 5.220
1787240446 48.1 49.0 47.2 49.0 2208 950 5.177
1787240447 48.1 49.0 48.1 49.9 2208 950 5.235
1787240448 49.9 50.8 49.0 50.8 2208 950 5.201
1787240449 49.9 50.8 49.9 51.8 2208 950 5.191
1787240450 51.8 51.8 49.9 51.8 2208 950 5.201
1787240452 50.8 51.8 50.8 52.7 2208 950 5.254
1787240453 50.8 51.8 50.8 52.7 2208 950 5.172
1787240454 52.7 53.6 51.8 53.6 2208 950 5.191
1787240455 52.7 53.6 52.7 53.6 2208 950 5.196
1787240456 52.7 52.7 51.8 53.6 2208 950 5.206
1787240457 52.7 52.7 51.8 53.6 2208 950 5.235
1787240458 53.6 53.6 52.7 54.5 2208 950 5.215
1787240460 53.6 54.5 53.6 55.5 2208 950 5.201
1787240461 54.5 54.5 53.6 55.5 2208 950 5.211
1787240462 53.6 53.6 52.7 54.5 2208 950 5.220
1787240463 53.6 54.5 53.6 55.5 2208 950 5.191
1787240464 54.5 55.5 53.6 55.5 2208 950 5.196
1787240465 54.5 55.5 53.6 55.5 2208 950 5.244
1787240466 55.5 55.5 54.5 56.4 2208 950 5.157
1787240467 55.5 56.4 54.5 57.3 2208 950 5.196
1787240469 55.5 56.4 54.5 57.3 2208 950 5.206
1787240470 55.5 56.4 54.5 57.3 2208 950 5.215
1787240471 56.4 57.3 54.5 56.4 2208 950 5.206
1787240472 56.4 56.4 55.5 57.3 2208 950 5.259
1787240473 55.5 56.4 55.5 57.3 2208 950 5.235
1787240474 56.4 56.4 55.5 57.3 2208 950 5.206
1787240475 56.4 56.4 55.5 57.3 2208 950 5.230
1787240476 56.4 56.4 55.5 57.3 2208 950 5.211
1787240478 56.4 56.4 55.5 56.4 2208 950 5.215
1787240479 57.3 58.2 56.4 59.2 2208 950 5.220
1787240480 57.3 58.2 56.4 58.2 2208 950 5.230
1787240481 56.4 57.3 56.4 58.2 2208 950 5.235
1787240482 57.3 58.2 56.4 58.2 2208 950 5.215
1787240483 56.4 57.3 55.5 58.2 2208 950 5.249
1787240484 56.4 57.3 56.4 58.2 2208 950 5.235
1787240486 56.4 57.3 56.4 58.2 2208 950 5.143
1787240487 57.3 58.2 56.4 59.2 2208 950 5.240
1787240488 56.4 56.4 56.4 58.2 2208 950 5.206
1787240489 57.3 57.3 56.4 58.2 2208 950 5.215
1787240490 56.4 57.3 56.4 57.3 2208 950 5.225
1787240491 58.2 58.2 56.4 59.2 2208 950 5.167
1787240492 57.3 58.2 56.4 59.2 2208 950 5.182
1787240493 57.3 57.3 56.4 58.2 2208 950 5.138
1787240495 57.3 58.2 57.3 59.2 2208 950 5.201
1787240496 57.3 58.2 57.3 59.2 2208 950 5.206
1787240497 58.2 58.2 57.3 58.2 2208 950 5.172
1787240498 58.2 59.2 57.3 59.2 2208 950 5.157
1787240499 57.3 58.2 56.4 58.2 2208 950 5.215
1787240500 57.3 58.2 56.4 58.2 2208 950 5.220
1787240501 58.2 59.2 57.3 59.2 2208 950 5.225
1787240503 58.2 58.2 57.3 59.2 2208 950 5.162
1787240504 57.3 58.2 56.4 58.2 2208 950 5.177
1787240505 52.7 51.8 51.8 52.7 2208 950 5.317
1787240506 49.0 49.0 49.0 49.9 2208 950 5.298
1787240507 51.8 52.7 50.8 52.7 2208 950 5.215
1787240508 55.5 56.4 54.5 57.3 2208 950 5.211
1787240509 56.4 57.3 55.5 57.3 2208 950 5.269
1787240510 56.4 57.3 56.4 57.3 2208 950 5.211
1787240511 57.3 58.2 57.3 59.2 2208 950 5.196
1787240513 56.4 57.3 56.4 58.2 2208 950 5.269
1787240514 57.3 58.2 56.4 58.2 2208 950 5.191
1787240515 58.2 58.2 57.3 59.2 2208 950 5.182
1787240516 58.2 58.2 57.3 59.2 2208 950 5.201
1787240517 58.2 59.2 57.3 59.2 2208 950 5.196
1787240518 58.2 58.2 57.3 59.2 2208 950 5.196
1787240519 58.2 58.2 57.3 59.2 2208 950 5.153
1787240520 58.2 58.2 57.3 59.2 2208 950 5.177
1787240522 58.2 59.2 57.3 59.2 2208 950 5.215
1787240523 58.2 58.2 57.3 59.2 2208 950 5.215
1787240524 58.2 59.2 57.3 59.2 2208 950 5.196
1787240525 58.2 59.2 57.3 60.1 2208 950 5.215
1787240526 58.2 59.2 57.3 59.2 2208 950 5.249
1787240527 58.2 58.2 57.3 59.2 2208 950 5.215
1787240528 58.2 59.2 58.2 60.1 2208 950 5.230
1787240529 58.2 59.2 57.3 59.2 2208 950 5.215
1787240531 58.2 59.2 58.2 60.1 2208 950 5.235
1787240532 58.2 58.2 57.3 59.2 2208 950 5.182
1787240533 59.2 59.2 58.2 60.1 2208 950 5.225
1787240534 58.2 58.2 57.3 59.2 2208 950 5.186
1787240535 58.2 58.2 57.3 59.2 2208 950 5.230
1787240536 59.2 60.1 58.2 61.0 2208 950 5.230
1787240537 59.2 59.2 58.2 60.1 2208 950 5.206
1787240539 58.2 58.2 57.3 59.2 2208 950 5.211
1787240540 59.2 60.1 58.2 60.1 2208 950 5.230
1787240541 58.2 59.2 57.3 60.1 2208 950 5.182
1787240542 58.2 59.2 58.2 59.2 2208 950 5.240
1787240543 58.2 59.2 58.2 59.2 2208 950 5.225
1787240544 58.2 59.2 58.2 59.2 2208 950 5.201
1787240545 58.2 59.2 58.2 60.1 2208 950 5.201
1787240546 59.2 59.2 58.2 60.1 2208 950 5.288
1787240548 59.2 60.1 58.2 60.1 2208 950 5.186
1787240549 58.2 59.2 58.2 60.1 2208 950 5.196
1787240550 59.2 60.1 58.2 60.1 2208 950 5.191
1787240551 58.2 59.2 58.2 59.2 2208 950 5.225
1787240552 59.2 60.1 59.2 60.1 2208 950 5.220
1787240553 59.2 60.1 58.2 60.1 2208 950 5.177
1787240554 59.2 59.2 58.2 60.1 2208 950 5.196
1787240556 59.2 60.1 59.2 60.1 2208 950 5.215
1787240557 58.2 59.2 58.2 59.2 2208 950 5.225
1787240558 59.2 59.2 58.2 60.1 2208 950 5.220
1787240559 59.2 59.2 58.2 60.1 2208 950 5.186
1787240560 59.2 59.2 58.2 59.2 2208 950 5.196
1787240561 58.2 59.2 58.2 60.1 2208 950 5.206
1787240562 59.2 60.1 58.2 61.0 2208 950 5.225
1787240563 59.2 60.1 58.2 60.1 2208 950 5.211
1787240565 60.1 60.1 59.2 60.1 2208 950 5.225
1787240566 59.2 59.2 58.2 60.1 2208 950 5.244
1787240567 59.2 60.1 58.2 61.0 2208 950 5.201
1787240568 52.7 52.7 51.8 53.6 2208 950 5.244
1787240569 56.4 56.4 55.5 58.2 2208 950 5.215
1787240570 58.2 58.2 57.3 59.2 2208 950 5.182
1787240571 58.2 59.2 58.2 60.1 2208 950 5.230
1787240572 58.2 59.2 58.2 59.2 2208 950 5.162
1787240574 59.2 59.2 58.2 61.0 2208 950 5.196
1787240575 59.2 59.2 58.2 59.2 2208 950 5.201
1787240576 58.2 59.2 58.2 60.1 2208 950 5.167
1787240577 58.2 59.2 57.3 59.2 2208 950 5.211
1787240578 59.2 60.1 58.2 60.1 2208 950 5.196
1787240579 59.2 59.2 58.2 60.1 2208 950 5.215
1787240580 59.2 59.2 58.2 59.2 2208 950 5.230
1787240581 59.2 59.2 58.2 60.1 2208 950 5.244
1787240583 59.2 58.2 58.2 59.2 2208 950 5.235
1787240584 59.2 60.1 58.2 60.1 2208 950 5.167
1787240585 59.2 59.2 58.2 60.1 2208 950 5.215
1787240586 58.2 59.2 58.2 60.1 2208 950 5.177
1787240587 58.2 59.2 58.2 60.1 2208 950 5.244
1787240588 58.2 58.2 57.3 59.2 2208 950 5.215
1787240589 59.2 60.1 58.2 60.1 2208 950 5.244
1787240590 59.2 60.1 59.2 60.1 2208 950 5.225
1787240592 60.1 60.1 59.2 61.0 2208 950 5.182
1787240593 59.2 59.2 58.2 60.1 2208 950 5.201
1787240594 59.2 60.1 58.2 60.1 2208 950 5.191
1787240595 59.2 60.1 58.2 60.1 2208 950 5.148
1787240596 59.2 60.1 59.2 61.0 2208 950 5.182
1787240597 58.2 59.2 58.2 59.2 2208 950 5.230
1787240598 59.2 60.1 58.2 60.1 2208 950 5.244
1787240600 58.2 59.2 58.2 60.1 2208 950 5.206
1787240601 59.2 59.2 58.2 60.1 2208 950 5.206
1787240602 59.2 60.1 58.2 60.1 2208 950 5.220
1787240603 59.2 60.1 58.2 60.1 2208 950 5.235
1787240604 59.2 60.1 58.2 60.1 2208 950 5.206
1787240605 59.2 60.1 59.2 61.0 2208 950 5.206
1787240606 59.2 60.1 58.2 61.0 2208 950 5.148
1787240607 59.2 60.1 58.2 60.1 2208 950 5.225
1787240609 59.2 60.1 58.2 61.0 2208 950 5.235
1787240610 59.2 59.2 58.2 60.1 2208 950 5.215
1787240611 59.2 60.1 59.2 60.1 2208 950 5.206
1787240612 60.1 61.0 59.2 61.0 2208 950 5.191
1787240613 59.2 60.1 58.2 60.1 2208 950 5.211
1787240614 59.2 60.1 59.2 60.1 2208 950 5.201
1787240615 59.2 60.1 58.2 61.0 2208 950 5.240
1787240617 60.1 60.1 59.2 61.0 2208 950 5.191
1787240618 59.2 60.1 58.2 60.1 2208 950 5.220
1787240619 59.2 60.1 59.2 61.0 2208 950 5.244
1787240620 59.2 60.1 59.2 61.0 2208 950 5.220
1787240621 59.2 60.1 58.2 60.1 2208 950 5.254
1787240622 59.2 60.1 59.2 60.1 2208 950 5.211
1787240623 60.1 60.1 59.2 61.0 2208 950 5.225
1787240624 60.1 60.1 59.2 61.0 2208 950 5.186
1787240626 60.1 60.1 58.2 60.1 2208 950 5.186
1787240627 60.1 61.0 59.2 61.0 2208 950 5.157
1787240628 59.2 60.1 58.2 60.1 2208 950 5.215
1787240629 59.2 60.1 59.2 60.1 2208 950 5.235
1787240630 51.8 51.8 51.8 53.6 2208 950 5.182
1787240631 57.3 57.3 56.4 58.2 2208 950 5.230
1787240632 58.2 58.2 57.3 59.2 2208 950 5.186
1787240633 59.2 60.1 58.2 60.1 2208 950 5.201
1787240635 58.2 59.2 57.3 59.2 2208 950 5.254
1787240636 58.2 59.2 58.2 59.2 2208 950 5.230
1787240637 59.2 60.1 58.2 60.1 2208 950 5.225
1787240638 59.2 60.1 59.2 60.1 2208 950 5.196
1787240639 59.2 60.1 58.2 60.1 2208 950 5.220
1787240640 59.2 60.1 58.2 60.1 2208 950 5.167
1787240641 59.2 59.2 58.2 60.1 2208 950 5.220
1787240642 59.2 59.2 58.2 60.1 2208 950 5.196
1787240643 60.1 60.1 59.2 61.9 2208 950 5.244
1787240645 59.2 59.2 58.2 60.1 2208 950 5.206
1787240646 58.2 59.2 58.2 60.1 2208 950 5.269
1787240647 59.2 60.1 58.2 60.1 2208 950 5.235
1787240648 59.2 60.1 59.2 60.1 2208 950 5.215
1787240649 60.1 60.1 59.2 61.0 2208 950 5.186
1787240650 60.1 60.1 59.2 61.0 2208 950 5.269
1787240651 59.2 60.1 59.2 60.1 2208 950 5.230
1787240652 59.2 59.2 58.2 60.1 2208 950 5.196
1787240654 59.2 60.1 59.2 60.1 2208 950 5.211
1787240655 60.1 60.1 59.2 61.0 2208 950 5.215
1787240656 59.2 59.2 58.2 60.1 2208 950 5.177
1787240657 59.2 60.1 59.2 60.1 2208 950 5.211
1787240658 59.2 60.1 58.2 60.1 2208 950 5.191
1787240659 60.1 60.1 58.2 61.0 2208 950 5.211
1787240660 60.1 60.1 59.2 61.0 2208 950 5.196
1787240662 59.2 60.1 59.2 61.0 2208 950 5.215
1787240663 59.2 58.2 58.2 59.2 2208 950 5.206
1787240664 60.1 60.1 58.2 60.1 2208 950 5.215
1787240665 60.1 60.1 59.2 61.0 2208 950 5.215
1787240666 60.1 60.1 59.2 61.0 2208 950 5.206
1787240667 60.1 60.1 59.2 61.0 2208 950 5.191
1787240668 59.2 60.1 58.2 60.1 2208 950 5.244
1787240669 60.1 60.1 59.2 61.0 2208 950 5.220
1787240671 59.2 60.1 59.2 61.0 2208 950 5.230
1787240672 59.2 60.1 59.2 61.0 2208 950 5.196
1787240673 59.2 60.1 59.2 60.1 2208 950 5.186
1787240674 60.1 60.1 59.2 61.0 2208 950 5.230
1787240675 59.2 60.1 58.2 60.1 2208 950 5.186
1787240676 59.2 59.2 58.2 60.1 2208 950 5.235
1787240677 59.2 60.1 59.2 60.1 2208 950 5.240
1787240678 60.1 60.1 59.2 60.1 2208 950 5.235
1787240680 59.2 59.2 58.2 60.1 2208 950 5.211
1787240681 60.1 60.1 59.2 61.0 2208 950 5.167
1787240682 59.2 60.1 59.2 61.0 2208 950 5.215
1787240683 59.2 60.1 59.2 60.1 2208 950 5.211
1787240684 59.2 60.1 59.2 61.0 2208 950 5.196
1787240685 60.1 60.1 59.2 61.0 2208 950 5.215
1787240686 59.2 60.1 58.2 60.1 2208 950 5.201
1787240688 59.2 60.1 59.2 61.0 2208 950 5.225
1787240689 60.1 61.0 59.2 61.0 2208 950 5.206
1787240690 60.1 61.0 59.2 60.1 2208 950 5.196
1787240691 54.5 54.5 53.6 53.6 2208 950 5.317
1787240692 56.4 57.3 55.5 58.2 2208 950 5.244
1787240693 58.2 58.2 57.3 60.1 2208 950 5.211
1787240694 58.2 58.2 58.2 59.2 2208 950 5.249
1787240695 58.2 58.2 57.3 59.2 2208 950 5.172
1787240697 58.2 59.2 58.2 60.1 2208 950 5.182
1787240698 59.2 59.2 58.2 60.1 2208 950 5.215
1787240699 60.1 60.1 59.2 61.0 2208 950 5.177
1787240700 59.2 60.1 59.2 60.1 2208 950 5.211
1787240701 60.1 60.1 59.2 61.0 2208 950 5.225
1787240702 59.2 59.2 58.2 59.2 2208 950 5.230
1787240703 59.2 60.1 58.2 61.0 2208 950 5.186
1787240704 60.1 60.1 59.2 61.0 2208 950 5.230
1787240706 60.1 61.0 59.2 61.0 2208 950 5.206
1787240707 60.1 60.1 59.2 61.9 2208 950 5.196
1787240708 59.2 60.1 59.2 60.1 2208 950 5.225
1787240709 59.2 60.1 58.2 61.0 2208 950 5.244
1787240710 60.1 61.0 59.2 61.0 2208 950 5.206
1787240711 60.1 60.1 59.2 61.0 2208 950 5.249
1787240712 59.2 60.1 59.2 60.1 2208 950 5.254
1787240714 59.2 60.1 59.2 60.1 2208 950 5.191
1787240715 60.1 60.1 59.2 61.0 2208 950 5.211
1787240716 60.1 61.0 59.2 60.1 2208 950 5.240
1787240717 58.2 59.2 58.2 60.1 2208 950 5.235
1787240718 59.2 60.1 59.2 61.0 2208 950 5.191
1787240719 59.2 59.2 58.2 59.2 2208 950 5.215
1787240720 59.2 60.1 59.2 61.0 2208 950 5.211
1787240721 58.2 59.2 58.2 59.2 2208 950 5.244
1787240722 60.1 60.1 59.2 61.0 2208 950 5.240
1787240724 60.1 60.1 59.2 60.1 2208 950 5.206
1787240725 59.2 60.1 59.2 61.0 2208 950 5.215
1787240726 60.1 60.1 59.2 61.0 2208 950 5.220
1787240727 59.2 60.1 59.2 61.0 2208 950 5.244
1787240728 59.2 59.2 58.2 60.1 2208 950 5.201
1787240729 60.1 60.1 59.2 60.1 2208 950 5.244
1787240730 59.2 60.1 59.2 60.1 2208 950 5.182
1787240731 60.1 61.0 60.1 61.9 2208 950 5.177
1787240733 59.2 60.1 58.2 61.0 2208 950 5.254
1787240734 59.2 60.1 58.2 60.1 2208 950 5.230
1787240735 59.2 60.1 58.2 61.0 2208 950 5.211
1787240736 60.1 61.0 59.2 60.1 2208 950 5.215
1787240737 60.1 60.1 59.2 61.0 2208 950 5.201
1787240738 60.1 60.1 59.2 61.0 2208 950 5.215
1787240739 59.2 60.1 58.2 60.1 2208 950 5.240
1787240740 59.2 60.1 59.2 60.1 2208 950 5.196
1787240742 60.1 60.1 59.2 60.1 2208 950 5.206
1787240743 59.2 60.1 58.2 60.1 2208 950 5.249
1787240744 59.2 60.1 59.2 60.1 2208 950 5.211
1787240745 58.2 59.2 58.2 60.1 2208 950 5.201
1787240746 59.2 59.2 57.3 59.2 2208 950 5.186
1787240747 59.2 60.1 58.2 59.2 2208 950 5.215
1787240748 59.2 59.2 58.2 60.1 2208 950 5.201
1787240749 60.1 60.1 59.2 61.0 2208 950 5.211
1787240750 58.2 58.2 57.3 59.2 2208 950 5.148
1787240752 58.2 60.1 58.2 60.1 2208 950 5.220
1787240753 53.6 53.6 52.7 54.5 2208 950 5.273
1787240754 50.8 50.8 49.9 50.8 2208 950 5.283
1787240755 50.8 52.7 50.8 52.7 2208 950 5.220
1787240756 55.5 55.5 54.5 56.4 2208 950 5.133
1787240757 57.3 57.3 56.4 57.3 2208 950 5.254
1787240758 56.4 56.4 55.5 57.3 2208 950 5.196
1787240759 57.3 58.2 56.4 58.2 2208 950 5.225
1787240760 57.3 57.3 56.4 58.2 2208 950 5.186
1787240762 58.2 59.2 57.3 59.2 2208 950 5.244
1787240763 58.2 57.3 57.3 58.2 2208 950 5.157
1787240764 58.2 58.2 57.3 60.1 2208 950 5.201
1787240765 59.2 59.2 58.2 59.2 2208 950 5.201
1787240766 58.2 60.1 58.2 60.1 2208 950 5.235
1787240767 58.2 59.2 58.2 60.1 2208 950 5.201
1787240768 59.2 60.1 58.2 61.0 2208 950 5.196
1787240770 59.2 59.2 58.2 60.1 2208 950 5.240
1787240771 59.2 59.2 58.2 60.1 2208 950 5.206
1787240772 59.2 60.1 58.2 61.0 2208 950 5.177
1787240773 57.3 58.2 58.2 59.2 2208 950 5.225
1787240774 59.2 59.2 58.2 60.1 2208 950 5.235
1787240775 59.2 59.2 58.2 60.1 2208 950 5.220
1787240776 59.2 60.1 58.2 60.1 2208 950 5.230
1787240777 58.2 58.2 58.2 60.1 2208 950 5.201
1787240779 58.2 58.2 58.2 59.2 2208 950 5.225
1787240780 58.2 58.2 57.3 59.2 2208 950 5.230
1787240781 59.2 60.1 59.2 61.0 2208 950 5.186
1787240782 59.2 60.1 58.2 60.1 2208 950 5.249
1787240783 59.2 59.2 58.2 59.2 2208 950 5.196
1787240784 59.2 60.1 58.2 60.1 2208 950 5.177
1787240785 59.2 59.2 58.2 60.1 2208 950 5.215
1787240786 59.2 60.1 58.2 60.1 2208 950 5.211
1787240788 59.2 59.2 58.2 59.2 2208 950 5.215
1787240789 59.2 60.1 58.2 60.1 2208 950 5.225
1787240790 59.2 59.2 58.2 60.1 2208 950 5.220
1787240791 59.2 60.1 58.2 60.1 2208 950 5.220
1787240792 60.1 60.1 58.2 61.0 2208 950 5.201
1787240793 59.2 59.2 58.2 60.1 2208 950 5.235
1787240794 59.2 59.2 58.2 60.1 2208 950 5.240
1787240795 59.2 60.1 58.2 60.1 2208 950 5.269
1787240797 59.2 60.1 59.2 61.0 2208 950 5.148
1787240798 59.2 60.1 59.2 61.0 2208 950 5.264
1787240799 60.1 60.1 59.2 61.0 2208 950 5.191
1787240800 58.2 59.2 58.2 60.1 2208 950 5.206
1787240801 60.1 60.1 59.2 61.0 2208 950 5.215
1787240802 60.1 60.1 59.2 61.0 2208 950 5.182
1787240803 59.2 60.1 58.2 60.1 2208 950 5.264
1787240804 59.2 60.1 58.2 61.0 2208 950 5.191
1787240806 60.1 60.1 59.2 60.1 2208 950 5.249
1787240807 59.2 60.1 59.2 61.0 2208 950 5.196
1787240808 60.1 60.1 59.2 61.0 2208 950 5.157
1787240809 58.2 59.2 58.2 60.1 2208 950 5.211
1787240810 59.2 60.1 59.2 60.1 2208 950 5.240
1787240811 59.2 60.1 59.2 61.0 2208 950 5.249
1787240812 59.2 60.1 59.2 60.1 2208 950 5.225
1787240814 60.1 60.1 59.2 61.0 2208 950 5.201
1787240815 59.2 59.2 58.2 60.1 2208 950 5.167
1787240816 53.6 53.6 53.6 54.5 2208 950 5.220
1787240817 56.4 56.4 55.5 56.4 2208 950 5.225
1787240818 58.2 59.2 57.3 58.2 2208 950 5.162
1787240819 58.2 58.2 57.3 60.1 2208 950 5.230
1787240820 58.2 59.2 58.2 60.1 2208 950 5.211
1787240821 58.2 59.2 58.2 60.1 2208 950 5.196
1787240822 58.2 59.2 58.2 59.2 2208 950 5.230
1787240824 58.2 59.2 58.2 60.1 2208 950 5.206
1787240825 60.1 60.1 59.2 61.0 2208 950 5.211
1787240826 59.2 59.2 58.2 60.1 2208 950 5.240
1787240827 59.2 60.1 58.2 60.1 2208 950 5.201
1787240828 59.2 59.2 58.2 60.1 2208 950 5.186
1787240829 60.1 60.1 59.2 61.0 2208 950 5.211
1787240830 59.2 60.1 59.2 60.1 2208 950 5.215
1787240832 59.2 59.2 58.2 60.1 2208 950 5.186
1787240833 59.2 60.1 58.2 60.1 2208 950 5.201
1787240834 60.1 60.1 59.2 61.0 2208 950 5.211
1787240835 60.1 60.1 58.2 60.1 2208 950 5.220
1787240836 59.2 59.2 58.2 61.0 2208 950 5.186
1787240837 59.2 59.2 58.2 60.1 2208 950 5.269
1787240838 58.2 59.2 58.2 60.1 2208 950 5.240
1787240840 59.2 59.2 58.2 60.1 2208 950 5.196
1787240841 59.2 60.1 59.2 61.0 2208 950 5.225
1787240842 60.1 60.1 59.2 61.0 2208 950 5.196
1787240843 60.1 60.1 58.2 60.1 2208 950 5.215
1787240844 59.2 59.2 58.2 60.1 2208 950 5.186
1787240845 58.2 59.2 58.2 59.2 2208 950 5.220
1787240846 59.2 60.1 58.2 60.1 2208 950 5.206
1787240847 59.2 60.1 59.2 60.1 2208 950 5.225
1787240849 59.2 60.1 58.2 60.1 2208 950 5.157
1787240850 59.2 60.1 59.2 60.1 2208 950 5.293
1787240851 59.2 60.1 59.2 60.1 2208 950 5.254
1787240852 59.2 58.2 58.2 59.2 2208 950 5.235
1787240853 58.2 59.2 58.2 60.1 2208 950 5.225
1787240854 59.2 59.2 58.2 60.1 2208 950 5.206
1787240855 59.2 60.1 59.2 61.0 2208 950 5.244
1787240856 59.2 59.2 59.2 60.1 2208 950 5.269
1787240858 59.2 59.2 58.2 60.1 2208 950 5.244
1787240859 59.2 60.1 58.2 61.0 2208 950 5.148
1787240860 59.2 59.2 58.2 60.1 2208 950 5.186
1787240861 59.2 60.1 59.2 61.0 2208 950 5.230
1787240862 59.2 60.1 58.2 60.1 2208 950 5.259
1787240863 59.2 60.1 59.2 60.1 2208 950 5.167
1787240864 59.2 60.1 58.2 60.1 2208 950 5.138
1787240865 58.2 59.2 58.2 59.2 2208 950 5.230
1787240867 59.2 59.2 58.2 60.1 2208 950 5.244
1787240868 58.2 59.2 58.2 60.1 2208 950 5.211
1787240869 59.2 60.1 58.2 60.1 2208 950 5.177
1787240870 60.1 60.1 58.2 61.0 2208 950 5.191
1787240871 59.2 60.1 59.2 60.1 2208 950 5.201
1787240872 59.2 60.1 59.2 60.1 2208 950 5.215
1787240873 59.2 60.1 59.2 60.1 2208 950 5.220
1787240875 58.2 59.2 58.2 60.1 2208 950 5.215
1787240876 59.2 60.1 58.2 60.1 2208 950 5.196
1787240877 60.1 61.0 59.2 60.1 2208 950 5.298
1787240878 52.7 53.6 52.7 55.5 2208 950 5.220
1787240879 58.2 58.2 57.3 59.2 2208 950 5.191
1787240880 58.2 59.2 58.2 59.2 2208 950 5.215
1787240881 59.2 60.1 58.2 60.1 2208 950 5.230
1787240883 59.2 59.2 58.2 60.1 2208 950 5.225
1787240884 59.2 59.2 57.3 59.2 2208 950 5.225
1787240885 59.2 60.1 58.2 61.0 2208 950 5.211
1787240886 59.2 59.2 58.2 60.1 2208 950 5.157
1787240887 58.2 59.2 58.2 60.1 2208 950 5.225
1787240888 59.2 59.2 58.2 60.1 2208 950 5.240
1787240889 58.2 59.2 58.2 59.2 2208 950 5.254
1787240890 59.2 60.1 58.2 60.1 2208 950 5.220
1787240892 59.2 59.2 58.2 59.2 2208 950 5.225
1787240893 59.2 59.2 58.2 59.2 2208 950 5.211
1787240894 58.2 58.2 58.2 60.1 2208 950 5.215
1787240895 58.2 59.2 58.2 60.1 2208 950 5.215
1787240896 58.2 59.2 58.2 60.1 2208 950 5.215
1787240897 58.2 59.2 58.2 60.1 2208 950 5.254
1787240898 59.2 59.2 58.2 59.2 2208 950 5.244
1787240899 59.2 59.2 58.2 60.1 2208 950 5.201
1787240901 59.2 59.2 58.2 60.1 2208 950 5.186
1787240902 58.2 59.2 58.2 59.2 2208 950 5.225
1787240903 59.2 59.2 58.2 59.2 2208 950 5.244
1787240904 59.2 60.1 58.2 60.1 2208 950 5.254
1787240905 59.2 60.1 58.2 60.1 2208 950 5.196
1787240906 59.2 60.1 58.2 60.1 2208 950 5.211
1787240907 59.2 60.1 58.2 60.1 2208 950 5.240
1787240908 59.2 60.1 59.2 61.0 2208 950 5.235
1787240910 59.2 59.2 58.2 60.1 2208 950 5.211
1787240911 59.2 59.2 58.2 60.1 2208 950 5.182
1787240912 58.2 60.1 58.2 60.1 2208 950 5.182
1787240913 59.2 60.1 58.2 60.1 2208 950 5.206
1787240914 59.2 60.1 59.2 61.0 2208 950 5.230
1787240915 59.2 60.1 59.2 60.1 2208 950 5.215
1787240916 59.2 60.1 58.2 60.1 2208 950 5.196
1787240918 59.2 60.1 59.2 61.0 2208 950 5.186
1787240919 58.2 60.1 58.2 60.1 2208 950 5.211
1787240920 59.2 60.1 59.2 60.1 2208 950 5.186
1787240921 59.2 60.1 58.2 60.1 2208 950 5.206
1787240922 59.2 60.1 58.2 61.0 2208 950 5.215
1787240923 59.2 60.1 58.2 60.1 2208 950 5.230
1787240924 59.2 58.2 58.2 59.2 2208 950 5.220
1787240925 58.2 59.2 58.2 59.2 2208 950 5.220
1787240927 60.1 60.1 59.2 61.0 2208 950 5.230
1787240928 59.2 60.1 59.2 60.1 2208 950 5.162
1787240929 59.2 59.2 58.2 61.0 2208 950 5.201
1787240930 58.2 59.2 58.2 60.1 2208 950 5.215
1787240931 59.2 60.1 59.2 60.1 2208 950 5.172
1787240932 59.2 59.2 58.2 60.1 2208 950 5.211
1787240933 59.2 60.1 59.2 61.0 2208 950 5.220
1787240934 59.2 60.1 58.2 61.0 2208 950 5.182
1787240936 60.1 60.1 59.2 61.0 2208 950 5.230
1787240937 59.2 60.1 59.2 60.1 2208 950 5.273
1787240938 59.2 60.1 58.2 60.1 2208 950 5.191
1787240939 54.5 53.6 52.7 53.6 2208 950 5.244
1787240940 55.5 56.4 55.5 57.3 2208 950 5.206
1787240941 57.3 57.3 57.3 58.2 2208 950 5.220
1787240942 59.2 59.2 58.2 60.1 2208 950 5.211
1787240943 58.2 59.2 58.2 60.1 2208 950 5.264
1787240945 59.2 59.2 58.2 60.1 2208 950 5.196
1787240946 58.2 59.2 58.2 59.2 2208 950 5.273
1787240947 59.2 59.2 58.2 60.1 2208 950 5.230
1787240948 58.2 58.2 57.3 59.2 2208 950 5.220
1787240949 59.2 60.1 58.2 60.1 2208 950 5.186
1787240950 58.2 59.2 58.2 59.2 2208 950 5.186
1787240951 59.2 60.1 58.2 60.1 2208 950 5.186
1787240952 59.2 60.1 58.2 60.1 2208 950 5.220
1787240954 59.2 59.2 58.2 59.2 2208 950 5.235
1787240955 59.2 60.1 59.2 60.1 2208 950 5.196
1787240956 58.2 59.2 58.2 60.1 2208 950 5.186
1787240957 59.2 60.1 58.2 60.1 2208 950 5.230
1787240958 58.2 59.2 58.2 59.2 2208 950 5.191
1787240959 60.1 60.1 59.2 60.1 2208 950 5.191
1787240960 60.1 60.1 59.2 61.0 2208 950 5.196
1787240962 59.2 60.1 58.2 60.1 2208 950 5.244
1787240963 60.1 61.0 59.2 61.0 2208 950 5.191
1787240964 59.2 59.2 58.2 60.1 2208 950 5.225
1787240965 59.2 60.1 59.2 60.1 2208 950 5.206
1787240966 59.2 60.1 59.2 61.0 2208 950 5.230
1787240967 59.2 59.2 58.2 60.1 2208 950 5.148
1787240968 58.2 59.2 58.2 59.2 2208 950 5.240
1787240969 59.2 60.1 58.2 60.1 2208 950 5.254
1787240971 59.2 59.2 57.3 60.1 2208 950 5.215
1787240972 59.2 59.2 58.2 60.1 2208 950 5.201
1787240973 60.1 60.1 58.2 61.0 2208 950 5.211
1787240974 59.2 60.1 59.2 61.0 2208 950 5.211
1787240975 59.2 60.1 58.2 60.1 2208 950 5.206
1787240976 59.2 59.2 58.2 60.1 2208 950 5.230
1787240977 59.2 59.2 58.2 60.1 2208 950 5.240
1787240978 59.2 60.1 58.2 61.0 2208 950 5.240
1787240980 60.1 61.0 59.2 61.9 2208 950 5.225
1787240981 60.1 60.1 59.2 61.0 2208 950 5.201
1787240982 59.2 60.1 59.2 60.1 2208 950 5.225
1787240983 59.2 60.1 59.2 61.0 2208 950 5.220
1787240984 59.2 60.1 58.2 60.1 2208 950 5.225
1787240985 59.2 60.1 59.2 61.0 2208 950 5.211
1787240986 59.2 60.1 58.2 60.1 2208 950 5.172
1787240988 59.2 60.1 59.2 60.1 2208 950 5.215
1787240989 60.1 60.1 59.2 61.0 2208 950 5.157
1787240990 59.2 60.1 59.2 60.1 2208 950 5.215
1787240991 59.2 60.1 58.2 60.1 2208 950 5.153
1787240992 60.1 60.1 59.2 60.1 2208 950 5.230
1787240993 59.2 60.1 58.2 60.1 2208 950 5.206
1787240994 60.1 60.1 59.2 61.0 2208 950 5.196
1787240996 59.2 60.1 59.2 60.1 2208 950 5.196
1787240997 59.2 60.1 59.2 61.0 2208 950 5.196
1787240998 59.2 60.1 58.2 60.1 2208 950 5.273
1787240999 59.2 60.1 58.2 60.1 2208 950 5.249
1787241000 59.2 60.1 58.2 61.0 2208 950 5.206
1787241001 51.8 51.8 51.8 51.8 2208 950 5.254
1787241002 56.4 56.4 55.5 56.4 2208 950 5.215
1787241003 58.2 59.2 57.3 58.2 2208 950 5.206
1787241005 58.2 59.2 57.3 59.2 2208 950 5.201
1787241006 58.2 58.2 57.3 59.2 2208 950 5.206
1787241007 58.2 59.2 58.2 60.1 2208 950 5.264
1787241008 58.2 59.2 58.2 59.2 2208 950 5.230
1787241009 58.2 59.2 58.2 60.1 2208 950 5.172
1787241010 59.2 60.1 58.2 61.0 2208 950 5.201
1787241011 59.2 59.2 58.2 60.1 2208 950 5.196
1787241012 58.2 59.2 57.3 59.2 2208 950 5.240
1787241014 59.2 59.2 58.2 60.1 2208 950 5.201
1787241015 58.2 60.1 58.2 60.1 2208 950 5.225
1787241016 59.2 59.2 58.2 60.1 2208 950 5.220
1787241017 58.2 59.2 58.2 59.2 2208 950 5.230
1787241018 59.2 59.2 58.2 60.1 2208 950 5.211
1787241019 60.1 60.1 59.2 61.0 2208 950 5.201
1787241020 59.2 60.1 59.2 61.0 2208 950 5.220
1787241022 59.2 60.1 59.2 61.0 2208 950 5.220
1787241023 59.2 60.1 58.2 60.1 2208 950 5.215
1787241024 59.2 59.2 57.3 59.2 2208 950 5.201
1787241025 58.2 59.2 58.2 60.1 2208 950 5.215
1787241026 59.2 59.2 58.2 60.1 2208 950 5.201
1787241027 59.2 59.2 58.2 60.1 2208 950 5.230
1787241028 60.1 60.1 59.2 61.0 2208 950 5.215
1787241029 59.2 60.1 58.2 60.1 2208 950 5.244
1787241031 59.2 60.1 59.2 60.1 2208 950 5.167
1787241032 59.2 60.1 58.2 60.1 2208 950 5.225
1787241033 59.2 59.2 58.2 60.1 2208 950 5.196
1787241034 60.1 60.1 59.2 60.1 2208 950 5.244
1787241035 59.2 60.1 58.2 60.1 2208 950 5.182
1787241036 59.2 60.1 58.2 60.1 2208 950 5.196
1787241037 60.1 60.1 59.2 60.1 2208 950 5.191
1787241039 59.2 59.2 58.2 60.1 2208 950 5.230
1787241040 59.2 60.1 59.2 60.1 2208 950 5.196
1787241041 59.2 60.1 58.2 61.0 2208 950 5.225
1787241042 60.1 61.0 59.2 61.0 2208 950 5.177
1787241043 60.1 60.1 58.2 60.1 2208 950 5.244
1787241044 60.1 60.1 59.2 60.1 2208 950 5.235
1787241045 59.2 60.1 59.2 61.0 2208 950 5.220
1787241046 59.2 60.1 58.2 60.1 2208 950 5.191
1787241048 59.2 59.2 58.2 60.1 2208 950 5.249
1787241049 59.2 59.2 58.2 60.1 2208 950 5.225
1787241050 59.2 60.1 59.2 60.1 2208 950 5.240
1787241051 59.2 60.1 58.2 60.1 2208 950 5.201
1787241052 59.2 60.1 58.2 60.1 2208 950 5.215
1787241053 59.2 59.2 58.2 60.1 2208 950 5.201
1787241054 59.2 60.1 59.2 61.0 2208 950 5.244
1787241056 59.2 60.1 58.2 60.1 2208 950 5.172
1787241057 59.2 60.1 59.2 61.0 2208 950 5.215
1787241058 59.2 60.1 59.2 60.1 2208 950 5.215
1787241059 59.2 60.1 58.2 60.1 2208 950 5.177
1787241060 58.2 59.2 58.2 60.1 2208 950 5.215
1787241061 59.2 60.1 59.2 61.0 2208 950 5.220
1787241062 55.5 55.5 55.5 55.5 2208 950 5.312
1787241063 51.8 51.8 50.8 51.8 2208 950 5.244
1787241064 49.9 49.9 49.0 49.9 2208 950 5.254
1787241066 55.5 56.4 55.5 56.4 2208 950 5.220
1787241067 57.3 57.3 56.4 58.2 2208 950 5.211
1787241068 58.2 58.2 56.4 59.2 2208 950 5.206
1787241069 57.3 58.2 56.4 58.2 2208 950 5.235
1787241070 57.3 58.2 56.4 58.2 2208 950 5.230
1787241071 58.2 58.2 57.3 59.2 2208 950 5.225
1787241072 59.2 60.1 58.2 61.0 2208 950 5.196
1787241073 59.2 59.2 58.2 60.1 2208 950 5.215
1787241075 58.2 59.2 58.2 60.1 2208 950 5.211
1787241076 58.2 59.2 57.3 59.2 2208 950 5.244
1787241077 59.2 60.1 58.2 60.1 2208 950 5.211
1787241078 59.2 60.1 58.2 60.1 2208 950 5.249
1787241079 59.2 60.1 58.2 60.1 2208 950 5.240
1787241080 59.2 59.2 58.2 60.1 2208 950 5.230
1787241081 59.2 60.1 58.2 59.2 2208 950 5.206
1787241083 59.2 60.1 58.2 61.0 2208 950 5.206
1787241084 59.2 60.1 58.2 60.1 2208 950 5.230
1787241085 59.2 60.1 58.2 60.1 2208 950 5.211
1787241086 59.2 60.1 58.2 60.1 2208 950 5.215
1787241087 60.1 60.1 59.2 61.0 2208 950 5.220
1787241088 59.2 60.1 58.2 60.1 2208 950 5.235
1787241089 59.2 60.1 58.2 60.1 2208 950 5.211
1787241090 59.2 60.1 58.2 60.1 2208 950 5.215
1787241092 59.2 59.2 58.2 60.1 2208 950 5.220
1787241093 59.2 60.1 58.2 60.1 2208 950 5.225
1787241094 59.2 60.1 59.2 60.1 2208 950 5.177
1787241095 59.2 60.1 58.2 60.1 2208 950 5.240
1787241096 58.2 59.2 58.2 60.1 2208 950 5.215
1787241097 59.2 60.1 58.2 61.0 2208 950 5.220
1787241098 59.2 59.2 58.2 60.1 2208 950 5.177
1787241099 59.2 59.2 58.2 60.1 2208 950 5.254
1787241101 59.2 60.1 59.2 61.0 2208 950 5.244
1787241102 58.2 59.2 57.3 58.2 2208 950 5.230
1787241103 58.2 59.2 58.2 60.1 2208 950 5.278
1787241104 59.2 60.1 58.2 60.1 2208 950 5.230
1787241105 58.2 60.1 58.2 60.1 2208 950 5.259
1787241106 58.2 59.2 58.2 59.2 2208 950 5.230
1787241107 59.2 59.2 58.2 60.1 2208 950 5.235
1787241108 59.2 60.1 58.2 60.1 2208 950 5.225
1787241110 59.2 60.1 59.2 61.0 2208 950 5.225
1787241111 60.1 61.0 59.2 60.1 2208 950 5.230
1787241112 59.2 60.1 59.2 61.0 2208 950 5.220
1787241113 59.2 59.2 59.2 60.1 2208 950 5.196
1787241114 60.1 60.1 59.2 61.0 2208 950 5.283
1787241115 59.2 60.1 59.2 61.0 2208 950 5.196
1787241116 59.2 60.1 59.2 60.1 2208 950 5.191
1787241117 59.2 59.2 58.2 60.1 2208 950 5.230
1787241119 58.2 59.2 58.2 60.1 2208 950 5.196
1787241120 59.2 59.2 58.2 59.2 2208 950 5.249
1787241121 59.2 59.2 58.2 60.1 2208 950 5.191
1787241122 59.2 59.2 58.2 60.1 2208 950 5.225
1787241123 59.2 60.1 59.2 61.0 2208 950 5.225
1787241124 59.2 60.1 59.2 60.1 2208 950 5.254
1787241125 55.5 54.5 54.5 55.5 2208 950 5.244
1787241126 53.6 54.5 53.6 54.5 2208 950 5.235
1787241128 57.3 58.2 56.4 58.2 2208 950 5.177
1787241129 58.2 58.2 57.3 59.2 2208 950 5.191
1787241130 58.2 58.2 57.3 58.2 2208 950 5.177
1787241131 59.2 59.2 58.2 60.1 2208 950 5.235
1787241132 58.2 59.2 57.3 59.2 2208 950 5.215
1787241133 58.2 59.2 58.2 60.1 2208 950 5.225
1787241134 59.2 59.2 58.2 60.1 2208 950 5.235
1787241136 59.2 59.2 58.2 59.2 2208 950 5.249
1787241137 59.2 60.1 58.2 60.1 2208 950 5.215
1787241138 59.2 59.2 58.2 59.2 2208 950 5.186
1787241139 58.2 59.2 58.2 60.1 2208 950 5.201
1787241140 58.2 59.2 58.2 59.2 2208 950 5.196
1787241141 58.2 59.2 58.2 59.2 2208 950 5.273
1787241142 59.2 59.2 58.2 60.1 2208 950 5.264
1787241143 58.2 59.2 58.2 60.1 2208 950 5.230
1787241144 59.2 60.1 58.2 60.1 2208 950 5.211
1787241146 59.2 60.1 58.2 60.1 2208 950 5.211
1787241147 59.2 60.1 58.2 60.1 2208 950 5.196
1787241148 59.2 60.1 58.2 61.0 2208 950 5.225
1787241149 59.2 60.1 59.2 60.1 2208 950 5.254
1787241150 59.2 60.1 58.2 61.0 2208 950 5.220
1787241151 60.1 60.1 58.2 60.1 2208 950 5.254
1787241152 59.2 59.2 58.2 59.2 2208 950 5.293
1787241154 59.2 60.1 59.2 60.1 2208 950 5.191
1787241155 60.1 61.0 59.2 61.9 2208 950 5.240
1787241156 59.2 59.2 58.2 60.1 2208 950 5.182
1787241157 60.1 60.1 59.2 61.0 2208 950 5.162
1787241158 59.2 59.2 58.2 60.1 2208 950 5.225
1787241159 59.2 60.1 58.2 61.0 2208 950 5.211
1787241160 59.2 60.1 59.2 60.1 2208 950 5.249
1787241162 59.2 60.1 59.2 61.0 2208 950 5.215
1787241163 59.2 60.1 58.2 60.1 2208 950 5.215
1787241164 59.2 60.1 58.2 60.1 2208 950 5.225
1787241165 59.2 60.1 58.2 60.1 2208 950 5.201
1787241166 59.2 60.1 58.2 60.1 2208 950 5.191
1787241167 60.1 60.1 59.2 61.0 2208 950 5.249
1787241168 59.2 60.1 58.2 60.1 2208 950 5.215
1787241169 59.2 60.1 58.2 60.1 2208 950 5.172
1787241170 60.1 60.1 59.2 61.0 2208 950 5.196
1787241172 60.1 60.1 59.2 61.0 2208 950 5.186
1787241173 60.1 60.1 59.2 60.1 2208 950 5.249
1787241174 60.1 60.1 59.2 60.1 2208 950 5.215
1787241175 60.1 61.0 59.2 61.0 2208 950 5.211
1787241176 60.1 61.0 60.1 61.0 2208 950 5.201
1787241177 60.1 60.1 59.2 61.0 2208 950 5.244
1787241178 59.2 60.1 59.2 61.0 2208 950 5.172
1787241179 60.1 60.1 59.2 61.0 2208 950 5.235
1787241181 59.2 59.2 58.2 60.1 2208 950 5.225
1787241182 60.1 60.1 59.2 60.1 2208 950 5.215
1787241183 60.1 60.1 59.2 60.1 2208 950 5.235
1787241184 59.2 60.1 59.2 60.1 2208 950 5.215
1787241185 59.2 60.1 59.2 60.1 2208 950 5.211
1787241186 59.2 60.1 59.2 61.0 2208 950 5.215
1787241187 54.5 54.5 53.6 55.5 2208 950 5.254
1787241188 55.5 56.4 55.5 56.4 2208 950 5.211
1787241189 58.2 58.2 57.3 59.2 2208 950 5.215
1787241191 58.2 58.2 57.3 59.2 2208 950 5.215
1787241192 59.2 59.2 58.2 59.2 2208 950 5.230
1787241193 58.2 59.2 58.2 59.2 2208 950 5.240
1787241194 59.2 59.2 58.2 59.2 2208 950 5.191
1787241195 58.2 60.1 58.2 60.1 2208 950 5.167
1787241196 60.1 60.1 59.2 60.1 2208 950 5.254
1787241197 59.2 60.1 58.2 60.1 2208 950 5.269
1787241198 59.2 59.2 58.2 60.1 2208 950 5.235
1787241200 59.2 60.1 58.2 60.1 2208 950 5.215
1787241201 59.2 59.2 58.2 59.2 2208 950 5.225
1787241202 59.2 60.1 59.2 61.0 2208 950 5.244
1787241203 59.2 60.1 58.2 60.1 2208 950 5.206
1787241204 59.2 60.1 59.2 61.0 2208 950 5.215
1787241205 59.2 60.1 59.2 60.1 2208 950 5.240
1787241206 59.2 59.2 58.2 59.2 2208 950 5.225
1787241207 59.2 60.1 58.2 61.0 2208 950 5.235
1787241209 60.1 60.1 59.2 61.0 2208 950 5.220
1787241210 59.2 59.2 58.2 59.2 2208 950 5.211
1787241211 60.1 60.1 59.2 61.0 2208 950 5.215
1787241212 59.2 59.2 58.2 60.1 2208 950 5.235
1787241213 59.2 60.1 58.2 60.1 2208 950 5.244
1787241214 60.1 60.1 58.2 60.1 2208 950 5.196
1787241215 59.2 59.2 58.2 59.2 2208 950 5.244
1787241216 59.2 60.1 58.2 61.0 2208 950 5.225
1787241218 59.2 60.1 59.2 61.0 2208 950 5.211
1787241219 59.2 60.1 59.2 61.0 2208 950 5.211
1787241220 58.2 60.1 58.2 60.1 2208 950 5.230
1787241221 58.2 59.2 58.2 59.2 2208 950 5.186
1787241222 59.2 59.2 58.2 60.1 2208 950 5.230
1787241223 59.2 60.1 58.2 60.1 2208 950 5.196
1787241224 59.2 60.1 58.2 60.1 2208 950 5.220
1787241226 59.2 59.2 58.2 60.1 2208 950 5.254
1787241227 58.2 59.2 58.2 60.1 2208 950 5.235
1787241228 58.2 59.2 58.2 60.1 2208 950 5.215
1787241229 58.2 59.2 58.2 60.1 2208 950 5.215
1787241230 59.2 59.2 58.2 60.1 2208 950 5.167
1787241231 59.2 59.2 58.2 60.1 2208 950 5.240
1787241232 58.2 59.2 57.3 59.2 2208 950 5.225
1787241233 59.2 60.1 58.2 60.1 2208 950 5.264
1787241235 59.2 60.1 59.2 60.1 2208 950 5.215
1787241236 59.2 60.1 58.2 60.1 2208 950 5.225
1787241237 60.1 60.1 59.2 61.0 2208 950 5.215
1787241238 59.2 60.1 58.2 60.1 2208 950 5.186
1787241239 60.1 60.1 59.2 60.1 2208 950 5.215
1787241240 59.2 60.1 59.2 61.0 2208 950 5.230
1787241241 58.2 59.2 58.2 60.1 2208 950 5.196
1787241242 59.2 60.1 58.2 60.1 2208 950 5.220
1787241244 59.2 60.1 58.2 60.1 2208 950 5.196
1787241245 59.2 60.1 58.2 60.1 2208 950 5.225
1787241246 59.2 60.1 58.2 60.1 2208 950 5.230
1787241247 59.2 60.1 58.2 60.1 2208 950 5.269
1787241248 59.2 60.1 58.2 61.0 2208 950 5.206
1787241249 52.7 52.7 52.7 53.6 2208 950 5.254
1787241250 56.4 57.3 55.5 57.3 2208 950 5.215
1787241251 58.2 59.2 57.3 59.2 2208 950 5.186
1787241253 57.3 58.2 57.3 58.2 2208 950 5.215
1787241254 58.2 59.2 57.3 60.1 2208 950 5.182
1787241255 58.2 58.2 56.4 58.2 2208 950 5.182
1787241256 58.2 59.2 58.2 59.2 2208 950 5.215
1787241257 58.2 59.2 58.2 60.1 2208 950 5.196
1787241258 58.2 58.2 57.3 58.2 2208 950 5.244
1787241259 59.2 59.2 58.2 59.2 2208 950 5.249
1787241260 59.2 60.1 58.2 60.1 2208 950 5.240
1787241262 59.2 60.1 58.2 60.1 2208 950 5.240
1787241263 59.2 59.2 58.2 59.2 2208 950 5.225
1787241264 59.2 60.1 58.2 60.1 2208 950 5.220
1787241265 59.2 59.2 58.2 60.1 2208 950 5.215
1787241266 58.2 60.1 58.2 60.1 2208 950 5.215
1787241267 59.2 59.2 58.2 60.1 2208 950 5.148
1787241268 58.2 59.2 58.2 59.2 2208 950 5.201
1787241270 59.2 60.1 58.2 60.1 2208 950 5.215
1787241271 60.1 60.1 59.2 61.0 2208 950 5.235
1787241272 59.2 59.2 58.2 60.1 2208 950 5.225
1787241273 59.2 60.1 58.2 60.1 2208 950 5.240
1787241274 59.2 60.1 59.2 60.1 2208 950 5.206
1787241275 59.2 60.1 58.2 60.1 2208 950 5.157
1787241276 60.1 60.1 59.2 60.1 2208 950 5.244
1787241278 59.2 60.1 58.2 60.1 2208 950 5.191
1787241279 58.2 59.2 58.2 59.2 2208 950 5.244
1787241280 59.2 60.1 58.2 60.1 2208 950 5.249
1787241281 58.2 59.2 58.2 60.1 2208 950 5.196
1787241282 59.2 60.1 58.2 60.1 2208 950 5.235
1787241283 59.2 59.2 58.2 60.1 2208 950 5.206
1787241284 59.2 59.2 58.2 60.1 2208 950 5.196
1787241285 59.2 60.1 58.2 61.0 2208 950 5.172
1787241286 59.2 60.1 58.2 60.1 2208 950 5.215
1787241288 59.2 60.1 58.2 60.1 2208 950 5.196
1787241289 58.2 58.2 57.3 58.2 2208 950 5.211
1787241290 59.2 59.2 58.2 60.1 2208 950 5.215
1787241291 59.2 60.1 58.2 60.1 2208 950 5.182
1787241292 59.2 60.1 59.2 60.1 2208 950 5.225
1787241293 59.2 60.1 58.2 60.1 2208 950 5.196
1787241294 60.1 60.1 59.2 61.0 2208 950 5.225
1787241296 59.2 60.1 58.2 60.1 2208 950 5.206
1787241297 59.2 60.1 58.2 60.1 2208 950 5.240
1787241298 59.2 59.2 58.2 60.1 2208 950 5.220
1787241299 59.2 59.2 58.2 60.1 2208 950 5.191
1787241300 60.1 61.0 59.2 61.0 2208 950 5.215
1787241301 59.2 59.2 58.2 59.2 2208 950 5.220
1787241302 60.1 60.1 59.2 61.0 2208 950 5.215
1787241303 60.1 60.1 59.2 60.1 2208 950 5.201
1787241305 59.2 59.2 59.2 59.2 2208 950 5.215
1787241306 59.2 60.1 59.2 60.1 2208 950 5.196
1787241307 60.1 60.1 59.2 61.0 2208 950 5.225
1787241308 59.2 60.1 58.2 60.1 2208 950 5.191
1787241309 60.1 60.1 59.2 60.1 2208 950 5.244
1787241310 59.2 60.1 59.2 60.1 2208 950 5.235
1787241311 52.7 53.6 52.7 54.5 2208 950 5.244
1787241312 56.4 57.3 55.5 57.3 2208 950 5.206
1787241314 58.2 58.2 57.3 59.2 2208 950 5.196
1787241315 59.2 60.1 58.2 60.1 2208 950 5.177
1787241316 59.2 60.1 58.2 59.2 2208 950 5.244
1787241317 59.2 59.2 58.2 60.1 2208 950 5.254
1787241318 59.2 60.1 58.2 61.0 2208 950 5.220
1787241319 59.2 60.1 58.2 61.0 2208 950 5.206
1787241320 60.1 59.2 58.2 60.1 2208 950 5.215
1787241321 60.1 60.1 58.2 61.0 2208 950 5.206
1787241323 58.2 59.2 58.2 59.2 2208 950 5.206
1787241324 59.2 60.1 59.2 60.1 2208 950 5.235
1787241325 59.2 60.1 59.2 61.0 2208 950 5.215
1787241326 59.2 59.2 58.2 59.2 2208 950 5.215
1787241327 59.2 60.1 58.2 60.1 2208 950 5.206
1787241328 59.2 60.1 58.2 61.0 2208 950 5.167
1787241329 60.1 60.1 59.2 60.1 2208 950 5.191
1787241330 59.2 60.1 59.2 60.1 2208 950 5.201
1787241332 59.2 59.2 58.2 60.1 2208 950 5.264
1787241333 59.2 60.1 58.2 60.1 2208 950 5.264
1787241334 60.1 61.0 59.2 61.0 2208 950 5.220
1787241335 59.2 60.1 59.2 61.0 2208 950 5.269
1787241336 58.2 59.2 58.2 60.1 2208 950 5.249
1787241337 59.2 59.2 58.2 60.1 2208 950 5.196
1787241338 59.2 60.1 58.2 60.1 2208 950 5.215
1787241339 59.2 60.1 58.2 60.1 2208 950 5.215
1787241341 59.2 60.1 58.2 60.1 2208 950 5.230
1787241342 59.2 60.1 58.2 60.1 2208 950 5.249
1787241343 59.2 60.1 58.2 61.0 2208 950 5.225
1787241344 59.2 60.1 58.2 60.1 2208 950 5.225
1787241345 59.2 60.1 58.2 61.0 2208 950 5.220
1787241346 59.2 60.1 59.2 61.0 2208 950 5.240
1787241347 59.2 59.2 58.2 60.1 2208 950 5.220
1787241349 59.2 60.1 58.2 60.1 2208 950 5.206
1787241350 60.1 60.1 59.2 61.0 2208 950 5.225
1787241351 60.1 60.1 59.2 60.1 2208 950 5.225
1787241352 59.2 60.1 58.2 60.1 2208 950 5.196
1787241353 59.2 60.1 58.2 60.1 2208 950 5.230
1787241354 60.1 60.1 59.2 60.1 2208 950 5.230
1787241355 59.2 60.1 58.2 60.1 2208 950 5.220
1787241356 59.2 60.1 59.2 60.1 2208 950 5.215
1787241358 59.2 60.1 58.2 60.1 2208 950 5.196
1787241359 59.2 59.2 58.2 60.1 2208 950 5.162
1787241360 59.2 60.1 59.2 60.1 2208 950 5.249
1787241361 58.2 60.1 58.2 60.1 2208 950 5.254
1787241362 60.1 60.1 59.2 61.0 2208 950 5.196
1787241363 60.1 60.1 59.2 61.0 2208 950 5.186
1787241364 59.2 60.1 58.2 61.0 2208 950 5.220
1787241365 59.2 60.1 58.2 60.1 2208 950 5.220
1787241366 59.2 60.1 59.2 60.1 2208 950 5.220
1787241368 59.2 59.2 58.2 60.1 2208 950 5.235
1787241369 59.2 60.1 59.2 60.1 2208 950 5.220
1787241370 59.2 60.1 59.2 61.0 2208 950 5.196
1787241371 59.2 60.1 59.2 61.0 2208 950 5.182
1787241372 55.5 55.5 54.5 55.5 2208 950 5.269
1787241373 51.8 51.8 50.8 51.8 2208 950 5.269
1787241374 49.9 49.0 49.0 49.9 2208 950 5.220
1787241375 56.4 57.3 56.4 58.2 2208 950 5.215
1787241377 57.3 58.2 56.4 58.2 2208 950 5.215
1787241378 57.3 57.3 57.3 58.2 2208 950 5.225
1787241379 58.2 59.2 57.3 59.2 2208 950 5.215
1787241380 58.2 59.2 57.3 59.2 2208 950 5.249
1787241381 58.2 59.2 58.2 59.2 2208 950 5.220
1787241382 58.2 59.2 57.3 59.2 2208 950 5.186
1787241383 58.2 59.2 58.2 59.2 2208 950 5.201
1787241384 58.2 59.2 58.2 60.1 2208 950 5.215
1787241386 58.2 60.1 58.2 60.1 2208 950 5.196
1787241387 59.2 59.2 58.2 60.1 2208 950 5.215
1787241388 58.2 59.2 58.2 59.2 2208 950 5.196
1787241389 59.2 60.1 58.2 61.0 2208 950 5.230
1787241390 59.2 60.1 58.2 60.1 2208 950 5.215
1787241391 59.2 60.1 58.2 60.1 2208 950 5.215
1787241392 59.2 60.1 59.2 60.1 2208 950 5.191
1787241393 60.1 60.1 58.2 60.1 2208 950 5.215
1787241395 58.2 59.2 58.2 60.1 2208 950 5.254
1787241396 58.2 59.2 57.3 59.2 2208 950 5.225
1787241397 58.2 59.2 58.2 60.1 2208 950 5.240
1787241398 59.2 58.2 58.2 59.2 2208 950 5.225
1787241399 59.2 60.1 58.2 60.1 2208 950 5.240
1787241400 59.2 60.1 59.2 60.1 2208 950 5.191
1787241401 59.2 59.2 58.2 59.2 2208 950 5.211
1787241402 59.2 59.2 58.2 60.1 2208 950 5.249
1787241404 59.2 60.1 58.2 60.1 2208 950 5.201
1787241405 59.2 59.2 58.2 59.2 2208 950 5.240
1787241406 59.2 59.2 58.2 60.1 2208 950 5.235
1787241407 59.2 59.2 58.2 60.1 2208 950 5.191
1787241408 59.2 60.1 58.2 61.0 2208 950 5.225
1787241409 59.2 60.1 59.2 60.1 2208 950 5.230
1787241410 59.2 60.1 58.2 60.1 2208 950 5.225
1787241411 59.2 60.1 59.2 61.0 2208 950 5.196
1787241413 59.2 59.2 58.2 59.2 2208 950 5.148
1787241414 59.2 59.2 58.2 59.2 2208 950 5.230
1787241415 59.2 60.1 58.2 60.1 2208 950 5.206
1787241416 59.2 60.1 58.2 61.0 2208 950 5.225
1787241417 60.1 60.1 59.2 60.1 2208 950 5.235
1787241418 59.2 60.1 59.2 60.1 2208 950 5.225
1787241419 59.2 60.1 58.2 60.1 2208 950 5.211
1787241420 58.2 58.2 57.3 60.1 2208 950 5.215
1787241422 60.1 60.1 59.2 61.0 2208 950 5.249
1787241423 59.2 59.2 58.2 60.1 2208 950 5.186
1787241424 59.2 60.1 59.2 60.1 2208 950 5.191
1787241425 60.1 60.1 59.2 61.0 2208 950 5.211
1787241426 59.2 60.1 58.2 60.1 2208 950 5.167
1787241427 59.2 60.1 58.2 60.1 2208 950 5.225
1787241428 59.2 59.2 58.2 60.1 2208 950 5.206
1787241429 59.2 60.1 58.2 60.1 2208 950 5.196
1787241431 58.2 59.2 58.2 60.1 2208 950 5.211
1787241432 60.1 60.1 59.2 61.0 2208 950 5.206
1787241433 59.2 59.2 58.2 60.1 2208 950 5.249
1787241434 59.2 60.1 58.2 60.1 2208 950 5.244
1787241435 58.2 57.3 57.3 57.3 2208 950 5.235
1787241436 52.7 54.5 52.7 55.5 2208 950 5.230
1787241437 57.3 58.2 57.3 58.2 2208 950 5.201
1787241438 57.3 58.2 57.3 58.2 2208 950 5.235
1787241439 58.2 59.2 57.3 59.2 2208 950 5.215
1787241441 58.2 59.2 58.2 60.1 2208 950 5.215
1787241442 59.2 59.2 58.2 61.0 2208 950 5.220
1787241443 58.2 59.2 58.2 60.1 2208 950 5.220
1787241444 59.2 60.1 58.2 60.1 2208 950 5.230
1787241445 59.2 59.2 58.2 60.1 2208 950 5.240
1787241446 58.2 59.2 58.2 60.1 2208 950 5.191
1787241447 58.2 59.2 58.2 60.1 2208 950 5.191
1787241448 59.2 60.1 59.2 61.0 2208 950 5.167
1787241450 59.2 60.1 58.2 60.1 2208 950 5.220
1787241451 60.1 60.1 59.2 61.0 2208 950 5.220
1787241452 59.2 60.1 58.2 60.1 2208 950 5.215
1787241453 59.2 60.1 58.2 60.1 2208 950 5.206
1787241454 59.2 59.2 58.2 60.1 2208 950 5.215
1787241455 59.2 60.1 58.2 61.0 2208 950 5.167
1787241456 59.2 59.2 58.2 60.1 2208 950 5.225
1787241458 59.2 60.1 59.2 60.1 2208 950 5.235
1787241459 59.2 60.1 58.2 60.1 2208 950 5.215
1787241460 59.2 60.1 58.2 60.1 2208 950 5.211
1787241461 59.2 59.2 58.2 60.1 2208 950 5.230
1787241462 59.2 60.1 59.2 61.0 2208 950 5.167
1787241463 59.2 59.2 58.2 61.0 2208 950 5.206
1787241464 59.2 60.1 58.2 60.1 2208 950 5.211
1787241466 59.2 60.1 58.2 60.1 2208 950 5.206
1787241467 60.1 60.1 58.2 60.1 2208 950 5.244
1787241468 59.2 59.2 58.2 60.1 2208 950 5.220
1787241469 59.2 59.2 58.2 61.0 2208 950 5.220
1787241470 60.1 60.1 59.2 61.0 2208 950 5.206
1787241471 59.2 59.2 58.2 60.1 2208 950 5.211
1787241472 60.1 60.1 59.2 61.0 2208 950 5.230
1787241473 59.2 60.1 59.2 61.0 2208 950 5.254
1787241475 59.2 60.1 59.2 61.0 2208 950 5.220
1787241476 59.2 60.1 59.2 60.1 2208 950 5.177
1787241477 60.1 60.1 59.2 61.0 2208 950 5.235
1787241478 59.2 59.2 58.2 59.2 2208 950 5.220
1787241479 59.2 60.1 59.2 61.0 2208 950 5.225
1787241480 60.1 60.1 59.2 61.0 2208 950 5.215
1787241481 59.2 59.2 58.2 61.0 2208 950 5.211
1787241482 59.2 60.1 59.2 61.0 2208 950 5.206
1787241484 60.1 60.1 59.2 61.0 2208 950 5.172
1787241485 59.2 60.1 58.2 60.1 2208 950 5.191
1787241486 59.2 60.1 59.2 61.0 2208 950 5.225
1787241487 59.2 60.1 58.2 59.2 2208 950 5.157
1787241488 59.2 60.1 58.2 60.1 2208 950 5.249
1787241489 59.2 60.1 58.2 60.1 2208 950 5.206
1787241490 59.2 59.2 58.2 59.2 2208 950 5.215
1787241491 59.2 59.2 58.2 60.1 2208 950 5.230
1787241493 59.2 60.1 58.2 61.0 2208 950 5.196
1787241494 59.2 59.2 58.2 60.1 2208 950 5.201
1787241495 58.2 59.2 58.2 59.2 2208 950 5.177
1787241496 59.2 60.1 59.2 60.1 2208 950 5.215
1787241497 53.6 52.7 52.7 53.6 2208 950 5.249
1787241498 55.5 55.5 54.5 56.4 2208 950 5.196
1787241499 58.2 58.2 57.3 59.2 2208 950 5.186
1787241500 58.2 59.2 58.2 60.1 2208 950 5.215
1787241502 58.2 59.2 58.2 59.2 2208 950 5.288
1787241503 58.2 59.2 58.2 60.1 2208 950 5.177
1787241504 59.2 59.2 58.2 60.1 2208 950 5.220
1787241505 58.2 59.2 57.3 58.2 2208 950 5.167
1787241506 59.2 59.2 58.2 59.2 2208 950 5.235
1787241507 59.2 60.1 58.2 60.1 2208 950 5.191
1787241508 59.2 59.2 58.2 60.1 2208 950 5.211
1787241509 59.2 59.2 58.2 60.1 2208 950 5.235
1787241511 59.2 59.2 58.2 60.1 2208 950 5.225
1787241512 59.2 59.2 58.2 60.1 2208 950 5.148
1787241513 59.2 59.2 58.2 59.2 2208 950 5.220
1787241514 60.1 60.1 58.2 60.1 2208 950 5.244
1787241515 60.1 60.1 58.2 61.0 2208 950 5.206
1787241516 59.2 59.2 58.2 60.1 2208 950 5.201
1787241517 60.1 60.1 58.2 60.1 2208 950 5.225
1787241518 60.1 60.1 59.2 61.0 2208 950 5.201
1787241520 59.2 59.2 58.2 60.1 2208 950 5.225
1787241521 60.1 60.1 59.2 61.0 2208 950 5.230
1787241522 59.2 60.1 59.2 60.1 2208 950 5.225
1787241523 59.2 59.2 58.2 60.1 2208 950 5.196
1787241524 59.2 60.1 58.2 60.1 2208 950 5.191
1787241525 59.2 59.2 59.2 60.1 2208 950 5.211
1787241526 59.2 60.1 59.2 61.0 2208 950 5.225
1787241527 60.1 60.1 59.2 61.0 2208 950 5.206
1787241529 59.2 60.1 59.2 60.1 2208 950 5.235
1787241530 60.1 60.1 59.2 61.0 2208 950 5.206
1787241531 59.2 60.1 58.2 60.1 2208 950 5.196
1787241532 59.2 60.1 58.2 61.0 2208 950 5.191
1787241533 59.2 60.1 59.2 61.9 2208 950 5.177
1787241534 59.2 60.1 58.2 60.1 2208 950 5.230
1787241535 59.2 59.2 58.2 60.1 2208 950 5.167
1787241536 59.2 60.1 59.2 60.1 2208 950 5.220
1787241538 60.1 60.1 59.2 61.0 2208 950 5.196
1787241539 59.2 59.2 58.2 60.1 2208 950 5.225
1787241540 59.2 60.1 58.2 60.1 2208 950 5.298
1787241541 59.2 59.2 58.2 60.1 2208 950 5.230
1787241542 59.2 60.1 58.2 60.1 2208 950 5.215
1787241543 59.2 60.1 58.2 60.1 2208 950 5.172
1787241544 60.1 60.1 59.2 61.0 2208 950 5.249
1787241545 60.1 60.1 59.2 61.0 2208 950 5.220
1787241547 59.2 59.2 58.2 59.2 2208 950 5.235
1787241548 59.2 60.1 59.2 61.0 2208 950 5.220
1787241549 58.2 59.2 58.2 60.1 2208 950 5.206
1787241550 60.1 60.1 59.2 60.1 2208 950 5.235
1787241551 59.2 60.1 58.2 60.1 2208 950 5.211
1787241552 58.2 58.2 57.3 59.2 2208 950 5.211
1787241553 59.2 60.1 58.2 60.1 2208 950 5.220
1787241554 59.2 60.1 58.2 60.1 2208 950 5.211
1787241555 59.2 60.1 58.2 60.1 2208 950 5.186
1787241557 60.1 60.1 59.2 60.1 2208 950 5.186
1787241558 60.1 60.1 59.2 61.0 2208 950 5.235
1787241559 52.7 52.7 51.8 52.7 2208 950 5.206
1787241560 55.5 56.4 55.5 56.4 2208 950 5.307
1787241561 57.3 58.2 56.4 58.2 2208 950 5.153
1787241562 58.2 59.2 58.2 59.2 2208 950 5.182
1787241563 58.2 59.2 58.2 60.1 2208 950 5.230
1787241564 58.2 59.2 58.2 60.1 2208 950 5.172
1787241566 58.2 59.2 58.2 59.2 2208 950 5.182
1787241567 58.2 59.2 58.2 59.2 2208 950 5.220
1787241568 59.2 58.2 57.3 59.2 2208 950 5.186
1787241569 59.2 60.1 58.2 60.1 2208 950 5.244
1787241570 59.2 60.1 58.2 60.1 2208 950 5.157
1787241571 59.2 60.1 58.2 60.1 2208 950 5.220
1787241572 59.2 59.2 58.2 59.2 2208 950 5.225
1787241573 58.2 59.2 58.2 60.1 2208 950 5.211
1787241575 58.2 59.2 58.2 60.1 2208 950 5.254
1787241576 59.2 60.1 58.2 60.1 2208 950 5.269
1787241577 59.2 60.1 59.2 61.0 2208 950 5.244
1787241578 59.2 58.2 58.2 60.1 2208 950 5.230
1787241579 59.2 59.2 58.2 60.1 2208 950 5.206
1787241580 59.2 59.2 58.2 60.1 2208 950 5.215
1787241581 59.2 60.1 58.2 60.1 2208 950 5.206
1787241582 59.2 60.1 58.2 60.1 2208 950 5.196
1787241584 59.2 60.1 58.2 60.1 2208 950 5.240
1787241585 59.2 60.1 58.2 61.0 2208 950 5.215
1787241586 59.2 60.1 59.2 60.1 2208 950 5.186
1787241587 59.2 60.1 58.2 60.1 2208 950 5.206
1787241588 59.2 59.2 58.2 60.1 2208 950 5.206
1787241589 59.2 60.1 58.2 60.1 2208 950 5.215
1787241590 59.2 60.1 59.2 61.0 2208 950 5.244
1787241592 58.2 59.2 58.2 59.2 2208 950 5.230
1787241593 60.1 59.2 58.2 60.1 2208 950 5.215
1787241594 59.2 60.1 58.2 61.0 2208 950 5.167
1787241595 59.2 58.2 58.2 60.1 2208 950 5.235
1787241596 58.2 59.2 58.2 60.1 2208 950 5.177
1787241597 59.2 60.1 58.2 60.1 2208 950 5.167
1787241598 59.2 60.1 59.2 60.1 2208 950 5.235
1787241600 59.2 59.2 58.2 60.1 2208 950 5.201
1787241601 59.2 59.2 58.2 60.1 2208 950 5.201
1787241602 59.2 60.1 59.2 60.1 2208 950 5.191
1787241603 59.2 59.2 58.2 60.1 2208 950 5.220
1787241604 58.2 59.2 58.2 60.1 2208 950 5.201
1787241605 60.1 60.1 58.2 60.1 2208 950 5.244
1787241606 60.1 60.1 59.2 60.1 2208 950 5.191
1787241607 59.2 60.1 58.2 61.0 2208 950 5.191
1787241609 59.2 60.1 58.2 60.1 2208 950 5.278
1787241610 59.2 60.1 59.2 60.1 2208 950 5.225
1787241611 59.2 60.1 58.2 61.0 2208 950 5.225
1787241612 59.2 60.1 59.2 60.1 2208 950 5.244
1787241613 59.2 60.1 59.2 60.1 2208 950 5.215
1787241614 59.2 60.1 58.2 60.1 2208 950 5.186
1787241615 60.1 60.1 59.2 61.0 2208 950 5.235
1787241616 59.2 59.2 58.2 60.1 2208 950 5.167
1787241618 59.2 60.1 58.2 61.0 2208 950 5.206
1787241619 59.2 60.1 58.2 60.1 2208 950 5.196
1787241620 60.1 60.1 59.2 60.1 2208 950 5.225
1787241621 51.8 51.8 51.8 52.7 2208 950 5.264
1787241622 57.3 58.2 56.4 58.2 2208 950 5.235
1787241623 57.3 58.2 57.3 58.2 2208 950 5.254
1787241624 58.2 59.2 58.2 60.1 2208 950 5.240
1787241625 58.2 59.2 58.2 59.2 2208 950 5.230
1787241626 58.2 59.2 58.2 60.1 2208 950 5.206
1787241628 59.2 59.2 58.2 60.1 2208 950 5.191
1787241629 58.2 59.2 58.2 60.1 2208 950 5.215
1787241630 59.2 60.1 58.2 59.2 2208 950 5.201
1787241631 58.2 59.2 57.3 59.2 2208 950 5.211
1787241632 60.1 60.1 58.2 60.1 2208 950 5.162
1787241633 59.2 60.1 58.2 60.1 2208 950 5.230
1787241634 58.2 59.2 57.3 59.2 2208 950 5.196
1787241635 58.2 59.2 58.2 59.2 2208 950 5.206
1787241637 59.2 60.1 59.2 60.1 2208 950 5.254
1787241638 59.2 59.2 58.2 59.2 2208 950 5.220
1787241639 59.2 59.2 58.2 60.1 2208 950 5.244
1787241640 59.2 59.2 58.2 60.1 2208 950 5.225
1787241641 59.2 59.2 58.2 59.2 2208 950 5.273
1787241642 58.2 59.2 58.2 59.2 2208 950 5.220
1787241643 59.2 59.2 58.2 60.1 2208 950 5.264
1787241644 58.2 59.2 58.2 60.1 2208 950 5.273
1787241646 59.2 60.1 58.2 60.1 2208 950 5.201
1787241647 59.2 59.2 58.2 60.1 2208 950 5.254
1787241648 59.2 60.1 58.2 61.0 2208 950 5.196
1787241649 59.2 60.1 59.2 60.1 2208 950 5.254
1787241650 58.2 59.2 58.2 59.2 2208 950 5.230
1787241651 58.2 58.2 58.2 59.2 2208 950 5.249
1787241652 58.2 59.2 58.2 60.1 2208 950 5.225
1787241653 59.2 60.1 58.2 60.1 2208 950 5.220
1787241655 59.2 59.2 58.2 60.1 2208 950 5.157
1787241656 58.2 59.2 58.2 59.2 2208 950 5.196
1787241657 58.2 58.2 57.3 59.2 2208 950 5.244
1787241658 59.2 60.1 59.2 60.1 2208 950 5.235
1787241659 58.2 60.1 58.2 60.1 2208 950 5.235
1787241660 60.1 60.1 59.2 61.9 2208 950 5.172
1787241661 59.2 60.1 59.2 60.1 2208 950 5.191
1787241663 59.2 60.1 59.2 61.0 2208 950 5.254
1787241664 59.2 60.1 58.2 60.1 2208 950 5.211
1787241665 59.2 60.1 59.2 60.1 2208 950 5.201
1787241666 59.2 60.1 58.2 61.0 2208 950 5.225
1787241667 59.2 58.2 58.2 60.1 2208 950 5.201
1787241668 59.2 59.2 58.2 60.1 2208 950 5.206
1787241669 59.2 60.1 59.2 60.1 2208 950 5.191
1787241670 59.2 59.2 58.2 60.1 2208 950 5.206
1787241672 59.2 59.2 58.2 59.2 2208 950 5.240
1787241673 58.2 59.2 58.2 60.1 2208 950 5.201
1787241674 58.2 59.2 58.2 59.2 2208 950 5.225
1787241675 59.2 59.2 58.2 60.1 2208 950 5.235
1787241676 58.2 60.1 58.2 60.1 2208 950 5.186
1787241677 58.2 59.2 58.2 59.2 2208 950 5.230
1787241678 59.2 59.2 58.2 60.1 2208 950 5.235
1787241679 60.1 60.1 59.2 61.0 2208 950 5.206
1787241680 59.2 59.2 58.2 60.1 2208 950 5.196
1787241682 59.2 60.1 58.2 59.2 2208 950 5.273
1787241683 51.8 51.8 50.8 52.7 2208 950 5.249
1787241684 49.9 49.0 49.0 49.9 2208 950 5.273
1787241685 52.7 52.7 52.7 54.5 2208 950 5.201
1787241686 56.4 57.3 55.5 58.2 2208 950 5.211
1787241687 56.4 57.3 56.4 58.2 2208 950 5.201
1787241688 57.3 58.2 56.4 58.2 2208 950 5.215
1787241689 56.4 57.3 56.4 58.2 2208 950 5.206
1787241691 57.3 58.2 56.4 58.2 2208 950 5.211
1787241692 58.2 59.2 57.3 59.2 2208 950 5.215
1787241693 59.2 59.2 58.2 59.2 2208 950 5.211
1787241694 58.2 59.2 58.2 60.1 2208 950 5.206
1787241695 59.2 59.2 58.2 60.1 2208 950 5.244
1787241696 59.2 59.2 58.2 60.1 2208 950 5.215
1787241697 58.2 58.2 57.3 59.2 2208 950 5.240
1787241699 58.2 59.2 57.3 60.1 2208 950 5.138
1787241700 58.2 59.2 58.2 60.1 2208 950 5.206
1787241701 58.2 59.2 58.2 60.1 2208 950 5.191
1787241702 59.2 59.2 58.2 59.2 2208 950 5.206
1787241703 58.2 59.2 58.2 60.1 2208 950 5.206
1787241704 59.2 60.1 58.2 60.1 2208 950 5.254
1787241705 59.2 59.2 58.2 60.1 2208 950 5.249
1787241706 58.2 59.2 58.2 60.1 2208 950 5.249
1787241708 58.2 59.2 58.2 60.1 2208 950 5.215
1787241709 58.2 59.2 58.2 59.2 2208 950 5.264
1787241710 58.2 58.2 57.3 59.2 2208 950 5.167
1787241711 58.2 59.2 57.3 59.2 2208 950 5.206
1787241712 58.2 59.2 57.3 59.2 2208 950 5.220
1787241713 58.2 58.2 58.2 59.2 2208 950 5.211
1787241714 58.2 59.2 58.2 60.1 2208 950 5.215
1787241715 58.2 59.2 58.2 60.1 2208 950 5.215
1787241717 58.2 59.2 58.2 60.1 2208 950 5.215
1787241718 59.2 60.1 58.2 60.1 2208 950 5.215
1787241719 59.2 60.1 58.2 60.1 2208 950 5.201
1787241720 59.2 60.1 58.2 61.0 2208 950 5.206
1787241721 58.2 59.2 58.2 60.1 2208 950 5.230
1787241722 59.2 60.1 59.2 61.0 2208 950 5.235
1787241723 59.2 60.1 59.2 61.0 2208 950 5.220
1787241725 59.2 59.2 58.2 60.1 2208 950 5.215
1787241726 59.2 59.2 58.2 59.2 2208 950 5.206
1787241727 59.2 60.1 58.2 60.1 2208 950 5.244
1787241728 59.2 60.1 58.2 61.0 2208 950 5.211
1787241729 58.2 59.2 58.2 59.2 2208 950 5.220
1787241730 59.2 59.2 58.2 60.1 2208 950 5.235
1787241731 58.2 59.2 58.2 60.1 2208 950 5.182
1787241732 58.2 59.2 58.2 59.2 2208 950 5.201
1787241734 60.1 60.1 58.2 60.1 2208 950 5.230
1787241735 59.2 60.1 58.2 60.1 2208 950 5.244
1787241736 59.2 60.1 59.2 61.0 2208 950 5.230
1787241737 59.2 60.1 59.2 61.0 2208 950 5.196
1787241738 59.2 60.1 59.2 60.1 2208 950 5.201
1787241739 58.2 59.2 58.2 60.1 2208 950 5.186
1787241740 59.2 60.1 58.2 60.1 2208 950 5.254
1787241741 59.2 59.2 58.2 60.1 2208 950 5.273
1787241743 59.2 60.1 58.2 60.1 2208 950 5.249
1787241744 59.2 60.1 59.2 61.0 2208 950 5.196
1787241745 59.2 59.2 58.2 59.2 2208 950 5.302
1787241746 52.7 53.6 52.7 54.5 2208 950 5.225
1787241747 57.3 57.3 56.4 58.2 2208 950 5.288
1787241748 57.3 58.2 57.3 59.2 2208 950 5.206
1787241749 58.2 59.2 57.3 60.1 2208 950 5.215
1787241750 58.2 59.2 58.2 60.1 2208 950 5.182
1787241752 59.2 59.2 58.2 60.1 2208 950 5.235
1787241753 58.2 59.2 57.3 59.2 2208 950 5.235
1787241754 58.2 59.2 58.2 59.2 2208 950 5.201
1787241755 59.2 60.1 58.2 60.1 2208 950 5.225
1787241756 59.2 59.2 58.2 60.1 2208 950 5.196
1787241757 59.2 59.2 58.2 59.2 2208 950 5.191
1787241758 59.2 60.1 59.2 60.1 2208 950 5.240
1787241759 58.2 59.2 58.2 59.2 2208 950 5.235
1787241760 59.2 60.1 58.2 60.1 2208 950 5.244
1787241762 58.2 60.1 58.2 60.1 2208 950 5.186
1787241763 59.2 60.1 58.2 60.1 2208 950 5.225
1787241764 59.2 59.2 58.2 60.1 2208 950 5.196
1787241765 58.2 58.2 57.3 59.2 2208 950 5.230
1787241766 59.2 60.1 59.2 60.1 2208 950 5.186
1787241767 59.2 59.2 58.2 60.1 2208 950 5.278
1787241768 59.2 59.2 58.2 59.2 2208 950 5.215
1787241769 59.2 59.2 58.2 60.1 2208 950 5.196
1787241771 58.2 59.2 57.3 59.2 2208 950 5.201
1787241772 59.2 60.1 58.2 60.1 2208 950 5.211
1787241773 59.2 60.1 58.2 59.2 2208 950 5.182
1787241774 58.2 59.2 58.2 59.2 2208 950 5.206
1787241775 60.1 60.1 59.2 61.0 2208 950 5.177
1787241776 59.2 59.2 58.2 60.1 2208 950 5.153
1787241777 59.2 59.2 58.2 60.1 2208 950 5.211
1787241778 59.2 60.1 58.2 60.1 2208 950 5.215
1787241780 59.2 60.1 58.2 60.1 2208 950 5.273
1787241781 59.2 60.1 59.2 61.0 2208 950 5.186
1787241782 59.2 60.1 59.2 61.0 2208 950 5.206
1787241783 59.2 60.1 58.2 60.1 2208 950 5.206
1787241784 59.2 60.1 58.2 60.1 2208 950 5.186
1787241785 59.2 60.1 58.2 60.1 2208 950 5.264
1787241786 59.2 60.1 58.2 59.2 2208 950 5.235
1787241787 59.2 59.2 58.2 60.1 2208 950 5.230
1787241789 59.2 59.2 58.2 61.0 2208 950 5.186
1787241790 60.1 60.1 59.2 61.0 2208 950 5.215
1787241791 60.1 60.1 59.2 61.9 2208 950 5.186
1787241792 59.2 60.1 59.2 60.1 2208 950 5.254
1787241793 59.2 60.1 58.2 60.1 2208 950 5.235
1787241794 60.1 60.1 59.2 61.0 2208 950 5.220
1787241795 60.1 60.1 59.2 61.0 2208 950 5.230
1787241797 60.1 60.1 59.2 60.1 2208 950 5.230
1787241798 59.2 60.1 58.2 60.1 2208 950 5.201
1787241799 59.2 58.2 58.2 59.2 2208 950 5.215
1787241800 60.1 60.1 59.2 61.0 2208 950 5.211
1787241801 59.2 60.1 59.2 60.1 2208 950 5.254
1787241802 59.2 60.1 58.2 60.1 2208 950 5.196
1787241803 59.2 60.1 58.2 60.1 2208 950 5.235
1787241805 60.1 60.1 59.2 61.0 2208 950 5.254
1787241806 59.2 60.1 58.2 60.1 2208 950 5.215
1787241807 54.5 54.5 53.6 55.5 2208 950 5.293
1787241808 55.5 56.4 55.5 58.2 2208 950 5.254
1787241809 57.3 58.2 56.4 58.2 2208 950 5.240
1787241810 57.3 58.2 57.3 59.2 2208 950 5.230
1787241811 58.2 59.2 58.2 59.2 2208 950 5.244
1787241812 58.2 58.2 57.3 59.2 2208 950 5.157
1787241814 58.2 59.2 58.2 59.2 2208 950 5.288
1787241815 58.2 58.2 58.2 60.1 2208 950 5.206
1787241816 59.2 59.2 58.2 60.1 2208 950 5.211
1787241817 58.2 59.2 57.3 59.2 2208 950 5.206
1787241818 58.2 59.2 58.2 59.2 2208 950 5.201
1787241819 58.2 59.2 58.2 60.1 2208 950 5.177
1787241820 58.2 59.2 57.3 60.1 2208 950 5.196
1787241822 59.2 60.1 58.2 60.1 2208 950 5.244
1787241823 59.2 60.1 58.2 60.1 2208 950 5.196
1787241824 59.2 59.2 58.2 60.1 2208 950 5.211
1787241825 58.2 58.2 57.3 59.2 2208 950 5.201
1787241826 59.2 60.1 59.2 60.1 2208 950 5.182
1787241827 60.1 61.0 59.2 61.0 2208 950 5.172
1787241828 59.2 60.1 58.2 60.1 2208 950 5.191
1787241829 58.2 59.2 58.2 59.2 2208 950 5.225
1787241831 58.2 59.2 58.2 60.1 2208 950 5.162
1787241832 59.2 60.1 58.2 60.1 2208 950 5.215
1787241833 59.2 60.1 58.2 61.0 2208 950 5.220
1787241834 59.2 59.2 58.2 60.1 2208 950 5.211
1787241835 59.2 60.1 58.2 60.1 2208 950 5.196
1787241836 59.2 59.2 58.2 61.0 2208 950 5.235
1787241837 59.2 59.2 58.2 60.1 2208 950 5.235
1787241838 59.2 59.2 58.2 60.1 2208 950 5.191
1787241840 58.2 59.2 58.2 60.1 2208 950 5.225
1787241841 59.2 60.1 58.2 61.0 2208 950 5.215
1787241842 59.2 60.1 58.2 60.1 2208 950 5.196
1787241843 59.2 59.2 58.2 60.1 2208 950 5.215
1787241844 59.2 60.1 59.2 60.1 2208 950 5.206
1787241845 59.2 60.1 58.2 60.1 2208 950 5.225
1787241846 60.1 60.1 59.2 61.0 2208 950 5.167
1787241848 60.1 60.1 59.2 61.0 2208 950 5.220
1787241849 59.2 60.1 58.2 61.0 2208 950 5.240
1787241850 59.2 60.1 58.2 60.1 2208 950 5.206
1787241851 60.1 60.1 59.2 61.0 2208 950 5.254
1787241852 60.1 60.1 59.2 61.0 2208 950 5.225
1787241853 60.1 60.1 59.2 61.0 2208 950 5.206
1787241854 59.2 59.2 58.2 60.1 2208 950 5.215
1787241856 60.1 60.1 59.2 61.0 2208 950 5.215
1787241857 59.2 59.2 58.2 60.1 2208 950 5.211
1787241858 59.2 60.1 58.2 60.1 2208 950 5.206
1787241859 60.1 60.1 59.2 61.0 2208 950 5.230
1787241860 60.1 60.1 59.2 61.0 2208 950 5.191
1787241861 60.1 60.1 59.2 60.1 2208 950 5.230
1787241862 59.2 60.1 58.2 60.1 2208 950 5.215
1787241863 59.2 60.1 59.2 60.1 2208 950 5.215
1787241865 59.2 60.1 58.2 59.2 2208 950 5.196
1787241866 59.2 60.1 59.2 60.1 2208 950 5.215
1787241867 59.2 59.2 58.2 60.1 2208 950 5.230
1787241868 59.2 60.1 58.2 60.1 2208 950 5.240
1787241869 52.7 51.8 51.8 52.7 2208 950 5.235
1787241870 57.3 58.2 56.4 58.2 2208 950 5.235
1787241871 57.3 57.3 56.4 58.2 2208 950 5.254
1787241872 58.2 59.2 57.3 59.2 2208 950 5.191
1787241873 58.2 59.2 58.2 59.2 2208 950 5.196
1787241875 58.2 59.2 57.3 59.2 2208 950 5.182
1787241876 58.2 59.2 57.3 60.1 2208 950 5.196
1787241877 59.2 59.2 58.2 59.2 2208 950 5.230
1787241878 59.2 60.1 59.2 61.0 2208 950 5.254
1787241879 59.2 59.2 58.2 60.1 2208 950 5.235
1787241880 59.2 59.2 58.2 60.1 2208 950 5.244
1787241881 58.2 59.2 58.2 59.2 2208 950 5.215
1787241882 58.2 59.2 57.3 58.2 2208 950 5.211
1787241883 59.2 60.1 58.2 60.1 2208 950 5.215
1787241885 59.2 60.1 58.2 60.1 2208 950 5.225
1787241886 59.2 59.2 58.2 60.1 2208 950 5.240
1787241887 59.2 59.2 58.2 60.1 2208 950 5.240
1787241888 58.2 59.2 58.2 59.2 2208 950 5.177
1787241889 59.2 59.2 58.2 60.1 2208 950 5.162
1787241890 59.2 59.2 58.2 59.2 2208 950 5.225
1787241891 58.2 60.1 58.2 60.1 2208 950 5.235
1787241892 59.2 60.1 58.2 59.2 2208 950 5.201
1787241894 59.2 59.2 58.2 60.1 2208 950 5.230
1787241895 59.2 59.2 58.2 60.1 2208 950 5.186
1787241896 59.2 60.1 58.2 60.1 2208 950 5.254
1787241897 58.2 59.2 58.2 60.1 2208 950 5.225
1787241898 59.2 60.1 58.2 59.2 2208 950 5.215
1787241899 59.2 60.1 58.2 60.1 2208 950 5.201
1787241900 60.1 60.1 59.2 61.9 2208 950 5.186
1787241901 60.1 60.1 59.2 61.0 2208 950 5.206
1787241903 59.2 60.1 58.2 60.1 2208 950 5.293
1787241904 58.2 60.1 58.2 59.2 2208 950 5.215
1787241905 59.2 60.1 58.2 59.2 2208 950 5.206
1787241906 59.2 59.2 58.2 60.1 2208 950 5.220
1787241907 59.2 59.2 58.2 60.1 2208 950 5.215
1787241908 60.1 60.1 59.2 61.0 2208 950 5.206
1787241909 59.2 59.2 58.2 60.1 2208 950 5.211
1787241911 59.2 59.2 58.2 59.2 2208 950 5.201
1787241912 59.2 59.2 58.2 60.1 2208 950 5.206
1787241913 59.2 59.2 58.2 61.0 2208 950 5.182
1787241914 59.2 60.1 58.2 60.1 2208 950 5.182
1787241915 59.2 60.1 59.2 60.1 2208 950 5.249
1787241916 59.2 60.1 59.2 60.1 2208 950 5.211
1787241917 59.2 60.1 58.2 60.1 2208 950 5.225
1787241918 59.2 60.1 58.2 60.1 2208 950 5.235
1787241920 59.2 60.1 58.2 60.1 2208 950 5.186
1787241921 59.2 60.1 58.2 60.1 2208 950 5.211
1787241922 58.2 59.2 57.3 59.2 2208 950 5.215
1787241923 59.2 60.1 58.2 59.2 2208 950 5.244
1787241924 58.2 58.2 57.3 59.2 2208 950 5.211
1787241925 59.2 59.2 59.2 60.1 2208 950 5.215
1787241926 59.2 60.1 59.2 61.0 2208 950 5.225
1787241927 59.2 60.1 58.2 60.1 2208 950 5.244
1787241929 59.2 60.1 59.2 61.0 2208 950 5.230
1787241930 59.2 59.2 58.2 61.0 2208 950 5.201
1787241931 51.8 51.8 50.8 51.8 2208 950 5.283
1787241932 57.3 57.3 56.4 57.3 2208 950 5.215
1787241933 57.3 58.2 57.3 59.2 2208 950 5.240
1787241934 57.3 57.3 56.4 58.2 2208 950 5.230
1787241935 58.2 59.2 58.2 60.1 2208 950 5.191
1787241936 59.2 59.2 58.2 59.2 2208 950 5.235
1787241937 59.2 59.2 58.2 60.1 2208 950 5.191
1787241939 58.2 59.2 58.2 59.2 2208 950 5.177
1787241940 58.2 58.2 58.2 59.2 2208 950 5.191
1787241941 59.2 60.1 58.2 59.2 2208 950 5.235
1787241942 59.2 60.1 58.2 60.1 2208 950 5.177
1787241943 59.2 60.1 58.2 60.1 2208 950 5.215
1787241944 59.2 60.1 58.2 60.1 2208 950 5.191
1787241945 59.2 60.1 58.2 60.1 2208 950 5.215
1787241947 59.2 60.1 58.2 60.1 2208 950 5.240
1787241948 59.2 59.2 58.2 60.1 2208 950 5.230
1787241949 59.2 60.1 58.2 60.1 2208 950 5.206
1787241950 59.2 59.2 58.2 60.1 2208 950 5.211
1787241951 59.2 60.1 59.2 60.1 2208 950 5.206
1787241952 59.2 60.1 58.2 60.1 2208 950 5.225
1787241953 59.2 59.2 58.2 59.2 2208 950 5.225
1787241955 60.1 60.1 59.2 61.0 2208 950 5.211
1787241956 59.2 59.2 58.2 60.1 2208 950 5.196
1787241957 59.2 60.1 58.2 60.1 2208 950 5.240
1787241958 59.2 59.2 58.2 59.2 2208 950 5.215
1787241959 59.2 59.2 58.2 60.1 2208 950 5.249
1787241960 59.2 60.1 58.2 60.1 2208 950 5.211
1787241961 59.2 59.2 58.2 60.1 2208 950 5.254
1787241962 59.2 60.1 58.2 61.0 2208 950 5.235
1787241963 59.2 60.1 58.2 60.1 2208 950 5.220
1787241965 59.2 60.1 58.2 60.1 2208 950 5.220
1787241966 58.2 59.2 58.2 60.1 2208 950 5.177
1787241967 58.2 59.2 58.2 60.1 2208 950 5.230
1787241968 59.2 59.2 58.2 60.1 2208 950 5.201
1787241969 59.2 60.1 58.2 60.1 2208 950 5.249
1787241970 58.2 59.2 58.2 60.1 2208 950 5.191
1787241971 59.2 60.1 58.2 60.1 2208 950 5.240
1787241973 59.2 60.1 58.2 60.1 2208 950 5.182
1787241974 58.2 59.2 58.2 59.2 2208 950 5.211
1787241975 59.2 60.1 59.2 61.0 2208 950 5.201
1787241976 59.2 59.2 58.2 60.1 2208 950 5.244
1787241977 59.2 60.1 59.2 60.1 2208 950 5.201
1787241978 59.2 60.1 59.2 61.0 2208 950 5.191
1787241979 59.2 59.2 58.2 59.2 2208 950 5.235
1787241980 58.2 59.2 58.2 60.1 2208 950 5.240
1787241982 59.2 60.1 59.2 61.0 2208 950 5.220
1787241983 59.2 60.1 58.2 60.1 2208 950 5.235
1787241984 59.2 60.1 59.2 60.1 2208 950 5.225
1787241985 59.2 60.1 58.2 60.1 2208 950 5.201
1787241986 59.2 59.2 58.2 60.1 2208 950 5.249
1787241987 59.2 59.2 58.2 59.2 2208 950 5.186
1787241988 59.2 59.2 58.2 59.2 2208 950 5.244
1787241989 59.2 59.2 58.2 60.1 2208 950 5.230
1787241991 59.2 60.1 58.2 60.1 2208 950 5.196
1787241992 58.2 58.2 58.2 59.2 2208 950 5.254
1787241993 52.7 51.8 51.8 52.7 2208 950 5.293
1787241994 49.9 49.9 49.0 49.9 2208 950 5.317
1787241995 54.5 55.5 53.6 55.5 2208 950 5.191
1787241996 56.4 57.3 56.4 58.2 2208 950 5.235
1787241997 57.3 58.2 57.3 58.2 2208 950 5.235
1787241998 58.2 58.2 57.3 58.2 2208 950 5.215
1787241999 58.2 59.2 58.2 59.2 2208 950 5.235
1787242000 58.2 58.2 57.3 58.2 2208 950 5.249
1787242002 58.2 58.2 57.3 59.2 2208 950 5.225
1787242003 58.2 59.2 57.3 59.2 2208 950 5.211
1787242004 59.2 59.2 58.2 60.1 2208 950 5.215
1787242005 58.2 59.2 58.2 60.1 2208 950 5.230
1787242006 58.2 58.2 57.3 59.2 2208 950 5.206
1787242007 59.2 59.2 58.2 60.1 2208 950 5.220
1787242008 58.2 59.2 58.2 59.2 2208 950 5.269
1787242009 58.2 58.2 58.2 59.2 2208 950 5.211
1787242011 58.2 59.2 58.2 59.2 2208 950 5.249
1787242012 59.2 60.1 58.2 60.1 2208 950 5.249
1787242013 59.2 58.2 58.2 59.2 2208 950 5.244
1787242014 58.2 59.2 58.2 60.1 2208 950 5.249
1787242015 58.2 59.2 58.2 59.2 2208 950 5.162
1787242016 59.2 59.2 58.2 60.1 2208 950 5.215
1787242017 59.2 59.2 58.2 60.1 2208 950 5.186
1787242018 58.2 59.2 58.2 59.2 2208 950 5.225
1787242020 58.2 59.2 57.3 60.1 2208 950 5.196
1787242021 59.2 59.2 58.2 60.1 2208 950 5.206
1787242022 59.2 60.1 58.2 61.0 2208 950 5.196
1787242023 59.2 59.2 58.2 60.1 2208 950 5.191
1787242024 59.2 59.2 58.2 60.1 2208 950 5.186
1787242025 59.2 59.2 58.2 60.1 2208 950 5.225
1787242026 60.1 60.1 59.2 61.0 2208 950 5.182
1787242028 59.2 60.1 58.2 61.0 2208 950 5.186
1787242029 59.2 59.2 58.2 60.1 2208 950 5.215
1787242030 59.2 60.1 58.2 61.0 2208 950 5.225
1787242031 58.2 59.2 58.2 60.1 2208 950 5.196
1787242032 59.2 60.1 58.2 60.1 2208 950 5.244
1787242033 59.2 59.2 58.2 60.1 2208 950 5.186
1787242034 58.2 59.2 58.2 60.1 2208 950 5.240
1787242035 59.2 60.1 58.2 60.1 2208 950 5.172
1787242037 59.2 59.2 58.2 60.1 2208 950 5.211
1787242038 59.2 59.2 58.2 59.2 2208 950 5.220
1787242039 59.2 60.1 58.2 60.1 2208 950 5.186
1787242040 59.2 60.1 59.2 61.0 2208 950 5.196
1787242041 59.2 60.1 58.2 61.0 2208 950 5.215
1787242042 59.2 59.2 58.2 60.1 2208 950 5.206
1787242043 59.2 59.2 58.2 59.2 2208 950 5.206
1787242044 59.2 59.2 58.2 60.1 2208 950 5.191
1787242046 59.2 60.1 58.2 60.1 2208 950 5.235
1787242047 59.2 60.1 58.2 60.1 2208 950 5.206
1787242048 58.2 59.2 57.3 59.2 2208 950 5.211
1787242049 59.2 60.1 58.2 60.1 2208 950 5.196
1787242050 59.2 59.2 58.2 60.1 2208 950 5.215
1787242051 59.2 59.2 58.2 60.1 2208 950 5.215
1787242052 58.2 59.2 58.2 60.1 2208 950 5.206
1787242053 59.2 60.1 58.2 60.1 2208 950 5.191
1787242055 59.2 59.2 58.2 59.2 2208 950 5.264
1787242056 52.7 53.6 52.7 54.5 2208 950 5.177
1787242057 57.3 58.2 56.4 58.2 2208 950 5.230
1787242058 57.3 58.2 57.3 58.2 2208 950 5.215
1787242059 58.2 58.2 57.3 59.2 2208 950 5.148
1787242060 57.3 58.2 57.3 59.2 2208 950 5.225
1787242061 58.2 58.2 57.3 59.2 2208 950 5.215
1787242062 58.2 58.2 57.3 59.2 2208 950 5.225
1787242064 58.2 59.2 58.2 59.2 2208 950 5.191
1787242065 58.2 58.2 57.3 59.2 2208 950 5.230
1787242066 58.2 59.2 58.2 60.1 2208 950 5.235
1787242067 58.2 59.2 58.2 60.1 2208 950 5.177
1787242068 59.2 59.2 58.2 60.1 2208 950 5.196
1787242069 58.2 58.2 57.3 59.2 2208 950 5.201
1787242070 59.2 59.2 58.2 60.1 2208 950 5.206
1787242071 58.2 59.2 57.3 59.2 2208 950 5.182
1787242073 59.2 59.2 58.2 60.1 2208 950 5.215
1787242074 59.2 60.1 58.2 60.1 2208 950 5.186
1787242075 59.2 59.2 58.2 60.1 2208 950 5.249
1787242076 59.2 59.2 58.2 59.2 2208 950 5.225
1787242077 58.2 59.2 58.2 59.2 2208 950 5.220
1787242078 58.2 59.2 58.2 60.1 2208 950 5.182
1787242079 59.2 60.1 58.2 60.1 2208 950 5.211
1787242080 59.2 60.1 58.2 60.1 2208 950 5.201
1787242082 59.2 59.2 58.2 60.1 2208 950 5.244
1787242083 59.2 59.2 58.2 60.1 2208 950 5.220
1787242084 58.2 58.2 57.3 59.2 2208 950 5.225
1787242085 59.2 60.1 59.2 61.0 2208 950 5.235
1787242086 59.2 60.1 58.2 59.2 2208 950 5.177
1787242087 59.2 60.1 59.2 60.1 2208 950 5.211
1787242088 59.2 59.2 58.2 60.1 2208 950 5.191
1787242089 59.2 59.2 58.2 60.1 2208 950 5.215
1787242091 58.2 59.2 58.2 60.1 2208 950 5.191
1787242092 59.2 59.2 58.2 60.1 2208 950 5.244
1787242093 59.2 59.2 58.2 60.1 2208 950 5.172
1787242094 58.2 59.2 58.2 59.2 2208 950 5.249
1787242095 59.2 60.1 58.2 60.1 2208 950 5.153
1787242096 59.2 60.1 58.2 60.1 2208 950 5.230
1787242097 59.2 59.2 58.2 60.1 2208 950 5.215
1787242098 60.1 60.1 59.2 61.0 2208 950 5.254
1787242100 59.2 59.2 58.2 60.1 2208 950 5.225
1787242101 58.2 59.2 58.2 60.1 2208 950 5.220
1787242102 60.1 60.1 59.2 60.1 2208 950 5.220
1787242103 58.2 59.2 58.2 60.1 2208 950 5.220
1787242104 59.2 60.1 58.2 60.1 2208 950 5.225
1787242105 59.2 60.1 58.2 60.1 2208 950 5.249
1787242106 59.2 59.2 58.2 60.1 2208 950 5.206
1787242108 59.2 59.2 58.2 60.1 2208 950 5.182
1787242109 59.2 59.2 58.2 60.1 2208 950 5.201
1787242110 59.2 60.1 59.2 60.1 2208 950 5.206
1787242111 58.2 58.2 58.2 59.2 2208 950 5.240
1787242112 59.2 60.1 59.2 60.1 2208 950 5.220
1787242113 59.2 60.1 58.2 60.1 2208 950 5.206
1787242114 58.2 59.2 57.3 60.1 2208 950 5.230
1787242115 59.2 60.1 58.2 60.1 2208 950 5.201
1787242117 54.5 53.6 53.6 54.5 2208 950 5.302
1787242118 55.5 56.4 55.5 57.3 2208 950 5.230
1787242119 57.3 58.2 57.3 59.2 2208 950 5.196
1787242120 58.2 59.2 57.3 59.2 2208 950 5.220
1787242121 58.2 58.2 57.3 59.2 2208 950 5.177
1787242122 58.2 58.2 57.3 59.2 2208 950 5.172
1787242123 58.2 59.2 57.3 59.2 2208 950 5.230
1787242124 59.2 60.1 58.2 60.1 2208 950 5.196
1787242125 59.2 60.1 58.2 60.1 2208 950 5.244
1787242127 59.2 59.2 58.2 60.1 2208 950 5.240
1787242128 59.2 60.1 58.2 60.1 2208 950 5.244
1787242129 58.2 59.2 57.3 59.2 2208 950 5.211
1787242130 59.2 59.2 58.2 60.1 2208 950 5.220
1787242131 58.2 59.2 58.2 59.2 2208 950 5.254
1787242132 58.2 59.2 58.2 59.2 2208 950 5.172
1787242133 59.2 59.2 58.2 60.1 2208 950 5.215
1787242134 59.2 60.1 59.2 60.1 2208 950 5.191
1787242136 59.2 59.2 58.2 59.2 2208 950 5.211
1787242137 58.2 59.2 58.2 59.2 2208 950 5.244
1787242138 59.2 59.2 58.2 60.1 2208 950 5.215
1787242139 58.2 58.2 57.3 58.2 2208 950 5.240
1787242140 58.2 59.2 58.2 60.1 2208 950 5.225
1787242141 59.2 60.1 58.2 60.1 2208 950 5.235
1787242142 59.2 59.2 58.2 60.1 2208 950 5.201
1787242144 58.2 58.2 57.3 59.2 2208 950 5.220
1787242145 59.2 60.1 59.2 61.0 2208 950 5.201
1787242146 59.2 59.2 58.2 60.1 2208 950 5.211
1787242147 60.1 60.1 58.2 61.0 2208 950 5.240
1787242148 59.2 59.2 58.2 59.2 2208 950 5.201
1787242149 58.2 59.2 58.2 60.1 2208 950 5.220
1787242150 58.2 59.2 57.3 59.2 2208 950 5.206
1787242151 59.2 59.2 58.2 60.1 2208 950 5.191
1787242153 59.2 60.1 58.2 60.1 2208 950 5.230
1787242154 59.2 59.2 58.2 59.2 2208 950 5.196
1787242155 59.2 59.2 58.2 60.1 2208 950 5.259
1787242156 59.2 60.1 58.2 60.1 2208 950 5.191
1787242157 59.2 60.1 59.2 60.1 2208 950 5.249
1787242158 59.2 60.1 58.2 60.1 2208 950 5.177
1787242159 59.2 60.1 58.2 59.2 2208 950 5.186
1787242160 59.2 59.2 58.2 60.1 2208 950 5.157
1787242161 58.2 59.2 58.2 59.2 2208 950 5.235
1787242163 59.2 59.2 58.2 61.0 2208 950 5.215
1787242164 59.2 59.2 58.2 60.1 2208 950 5.201
1787242165 59.2 59.2 58.2 59.2 2208 950 5.230
1787242166 59.2 60.1 58.2 60.1 2208 950 5.220
1787242167 59.2 60.1 58.2 60.1 2208 950 5.177
1787242168 59.2 60.1 58.2 59.2 2208 950 5.244
1787242169 60.1 60.1 58.2 61.0 2208 950 5.167
1787242170 59.2 60.1 58.2 60.1 2208 950 5.215
1787242172 59.2 60.1 58.2 60.1 2208 950 5.225
1787242173 58.2 60.1 58.2 60.1 2208 950 5.196
1787242174 59.2 59.2 58.2 60.1 2208 950 5.235
1787242175 58.2 59.2 58.2 59.2 2208 950 5.259
1787242176 59.2 60.1 58.2 60.1 2208 950 5.186
1787242177 59.2 60.1 58.2 60.1 2208 950 5.225
1787242178 54.5 53.6 52.7 53.6 2208 950 5.254
1787242179 56.4 56.4 55.5 57.3 2208 950 5.230
1787242180 57.3 58.2 57.3 58.2 2208 950 5.196
1787242182 58.2 58.2 57.3 59.2 2208 950 5.201
1787242183 58.2 59.2 58.2 60.1 2208 950 5.182
1787242184 59.2 59.2 58.2 60.1 2208 950 5.225
1787242185 58.2 59.2 57.3 59.2 2208 950 5.177
1787242186 58.2 59.2 58.2 59.2 2208 950 5.240
1787242187 58.2 58.2 57.3 59.2 2208 950 5.249
1787242188 58.2 59.2 58.2 60.1 2208 950 5.230
1787242189 59.2 59.2 58.2 59.2 2208 950 5.235
1787242191 59.2 60.1 58.2 60.1 2208 950 5.269
1787242192 58.2 59.2 58.2 60.1 2208 950 5.206
1787242193 58.2 58.2 57.3 59.2 2208 950 5.201
1787242194 58.2 60.1 58.2 60.1 2208 950 5.225
1787242195 58.2 58.2 57.3 59.2 2208 950 5.215
1787242196 58.2 59.2 57.3 59.2 2208 950 5.254
1787242197 59.2 60.1 58.2 60.1 2208 950 5.240
1787242198 58.2 59.2 58.2 59.2 2208 950 5.201
1787242199 58.2 58.2 57.3 59.2 2208 950 5.138
1787242201 58.2 59.2 58.2 60.1 2208 950 5.225
1787242202 59.2 59.2 58.2 60.1 2208 950 5.143
1787242203 58.2 59.2 57.3 59.2 2208 950 5.186
1787242204 58.2 59.2 57.3 59.2 2208 950 5.182
1787242205 58.2 59.2 57.3 59.2 2208 950 5.215
1787242206 58.2 58.2 57.3 58.2 2208 950 5.225
1787242207 58.2 59.2 57.3 60.1 2208 950 5.220
1787242208 58.2 59.2 58.2 59.2 2208 950 5.191
1787242210 59.2 59.2 58.2 60.1 2208 950 5.191
1787242211 59.2 58.2 58.2 60.1 2208 950 5.240
1787242212 58.2 59.2 58.2 59.2 2208 950 5.182
1787242213 58.2 59.2 57.3 59.2 2208 950 5.235
1787242214 58.2 59.2 57.3 59.2 2208 950 5.235
1787242215 59.2 59.2 58.2 60.1 2208 950 5.293
1787242216 59.2 60.1 58.2 60.1 2208 950 5.215
1787242217 58.2 59.2 58.2 59.2 2208 950 5.225
1787242219 59.2 59.2 58.2 60.1 2208 950 5.162
1787242220 59.2 60.1 58.2 60.1 2208 950 5.201
1787242221 58.2 59.2 58.2 60.1 2208 950 5.254
1787242222 58.2 59.2 57.3 60.1 2208 950 5.211
1787242223 58.2 58.2 58.2 60.1 2208 950 5.138
1787242224 58.2 59.2 57.3 59.2 2208 950 5.196
1787242225 59.2 59.2 58.2 60.1 2208 950 5.269
1787242226 58.2 59.2 58.2 60.1 2208 950 5.225
1787242228 58.2 59.2 57.3 59.2 2208 950 5.191
1787242229 58.2 59.2 58.2 59.2 2208 950 5.230
1787242230 59.2 60.1 59.2 60.1 2208 950 5.215
1787242231 59.2 60.1 59.2 60.1 2208 950 5.244
1787242232 58.2 58.2 57.3 59.2 2208 950 5.196
1787242233 59.2 59.2 58.2 60.1 2208 950 5.206
1787242234 58.2 59.2 58.2 60.1 2208 950 5.220
1787242235 59.2 59.2 58.2 60.1 2208 950 5.191
1787242237 58.2 59.2 57.3 59.2 2208 950 5.196
1787242238 59.2 59.2 58.2 60.1 2208 950 5.177
1787242239 59.2 60.1 58.2 60.1 2208 950 5.220
1787242240 53.6 53.6 52.7 53.6 2208 950 5.293
1787242241 56.4 56.4 55.5 56.4 2208 950 5.322
1787242242 57.3 58.2 56.4 58.2 2208 950 5.244
1787242243 57.3 58.2 56.4 59.2 2208 950 5.225
1787242244 57.3 59.2 57.3 59.2 2208 950 5.215
1787242246 58.2 59.2 57.3 59.2 2208 950 5.225
1787242247 58.2 59.2 58.2 59.2 2208 950 5.186
1787242248 58.2 59.2 58.2 60.1 2208 950 5.201
1787242249 58.2 59.2 57.3 59.2 2208 950 5.254
1787242250 58.2 59.2 58.2 60.1 2208 950 5.249
1787242251 59.2 59.2 58.2 59.2 2208 950 5.215
1787242252 58.2 59.2 58.2 60.1 2208 950 5.215
1787242253 57.3 58.2 57.3 59.2 2208 950 5.230
1787242255 58.2 59.2 58.2 60.1 2208 950 5.235
1787242256 58.2 59.2 58.2 60.1 2208 950 5.220
1787242257 58.2 59.2 58.2 59.2 2208 950 5.235
1787242258 58.2 59.2 57.3 59.2 2208 950 5.196
1787242259 58.2 58.2 58.2 60.1 2208 950 5.206
1787242260 58.2 59.2 58.2 59.2 2208 950 5.225
1787242261 59.2 59.2 58.2 59.2 2208 950 5.201
1787242263 58.2 59.2 58.2 60.1 2208 950 5.240
1787242264 59.2 59.2 58.2 60.1 2208 950 5.211
1787242265 59.2 60.1 58.2 60.1 2208 950 5.191
1787242266 59.2 59.2 58.2 60.1 2208 950 5.177
1787242267 59.2 59.2 58.2 60.1 2208 950 5.244
1787242268 59.2 59.2 58.2 60.1 2208 950 5.201
1787242269 59.2 59.2 58.2 59.2 2208 950 5.244
1787242270 59.2 60.1 58.2 60.1 2208 950 5.235
1787242272 60.1 59.2 59.2 60.1 2208 950 5.157
1787242273 59.2 59.2 58.2 60.1 2208 950 5.230
1787242274 59.2 60.1 58.2 60.1 2208 950 5.225
1787242275 59.2 59.2 59.2 61.0 2208 950 5.191
1787242276 59.2 60.1 59.2 60.1 2208 950 5.225
1787242277 59.2 60.1 58.2 61.0 2208 950 5.172
1787242278 59.2 59.2 58.2 60.1 2208 950 5.249
1787242280 59.2 59.2 58.2 60.1 2208 950 5.211
1787242281 58.2 59.2 58.2 59.2 2208 950 5.240
1787242282 59.2 59.2 59.2 60.1 2208 950 5.177
1787242283 59.2 60.1 58.2 60.1 2208 950 5.191
1787242284 59.2 59.2 58.2 60.1 2208 950 5.206
1787242285 58.2 59.2 58.2 60.1 2208 950 5.215
1787242286 59.2 60.1 58.2 60.1 2208 950 5.235
1787242288 58.2 59.2 58.2 59.2 2208 950 5.235
1787242289 58.2 59.2 58.2 59.2 2208 950 5.167
1787242290 58.2 59.2 58.2 59.2 2208 950 5.172
1787242291 58.2 58.2 58.2 59.2 2208 950 5.215
1787242292 58.2 58.2 57.3 59.2 2208 950 5.249
1787242293 58.2 59.2 58.2 60.1 2208 950 5.215
1787242294 59.2 59.2 58.2 60.1 2208 950 5.211
1787242295 58.2 59.2 58.2 59.2 2208 950 5.167
1787242296 58.2 59.2 58.2 60.1 2208 950 5.215
1787242298 58.2 59.2 58.2 60.1 2208 950 5.206
1787242299 59.2 60.1 58.2 60.1 2208 950 5.201
1787242300 59.2 60.1 58.2 60.1 2208 950 5.244
1787242301 59.2 60.1 58.2 61.0 2208 950 5.220
1787242302 52.7 51.8 51.8 52.7 2208 950 5.215
1787242303 49.9 49.9 49.0 49.9 2208 950 5.298
1787242304 49.0 48.1 47.2 49.0 2208 950 5.293
1787242305 48.1 47.2 47.2 48.1 2208 950 5.254
1787242306 47.2 46.2 46.2 47.2 2208 950 5.235
