epoch soc_c npu_c ddr_c bigcore_c cpu_mhz npu_mhz volt_v
1787240438 40.7 40.7 40.7 41.6 2208 950 5.254
1787240439 39.8 39.8 38.8 39.8 2208 950 5.249
1787240440 39.8 38.8 38.8 39.8 2208 950 5.288
1787240441 39.8 38.8 37.9 39.8 2208 950 5.293
1787240442 38.8 38.8 37.9 39.8 2208 950 5.278
1787240443 38.8 37.9 37.9 38.8 2208 950 5.322
1787240444 44.4 45.3 43.5 44.4 2208 950 5.244
1787240445 46.2 47.2 46.2 48.1 2208 950 5.177
1787240446 47.2 48.1 47.2 48.1 2208 950 5.235
1787240447 48.1 49.0 48.1 49.9 2208 950 5.293
1787240449 49.0 49.9 48.1 49.9 2208 950 5.264
1787240450 49.9 50.8 49.0 50.8 2208 950 5.215
1787240451 49.9 50.8 49.9 51.8 2208 950 5.220
1787240452 50.8 51.8 49.9 51.8 2208 950 5.220
1787240453 50.8 50.8 49.9 51.8 2208 950 5.240
1787240454 50.8 51.8 50.8 51.8 2208 950 5.317
1787240455 52.7 52.7 51.8 52.7 2208 950 5.235
1787240457 51.8 52.7 51.8 53.6 2208 950 5.269
1787240458 52.7 52.7 51.8 53.6 2208 950 5.206
1787240459 53.6 53.6 51.8 53.6 2208 950 5.235
1787240460 51.8 52.7 51.8 52.7 2208 950 5.264
1787240461 53.6 53.6 52.7 54.5 2208 950 5.293
1787240462 52.7 53.6 51.8 53.6 2208 950 5.273
1787240463 53.6 54.5 52.7 54.5 2208 950 5.230
1787240464 53.6 54.5 52.7 54.5 2208 950 5.235
1787240466 53.6 54.5 52.7 55.5 2208 950 5.225
1787240467 54.5 54.5 53.6 55.5 2208 950 5.240
1787240468 54.5 54.5 53.6 55.5 2208 950 5.269
1787240469 54.5 54.5 53.6 55.5 2208 950 5.230
1787240470 54.5 54.5 53.6 55.5 2208 950 5.215
1787240471 54.5 54.5 53.6 55.5 2208 950 5.235
1787240472 54.5 55.5 53.6 55.5 2208 950 5.235
1787240473 55.5 55.5 54.5 56.4 2208 950 5.240
1787240475 54.5 54.5 53.6 55.5 2208 950 5.254
1787240476 54.5 55.5 54.5 55.5 2208 950 5.269
1787240477 55.5 56.4 54.5 56.4 2208 950 5.259
1787240478 55.5 55.5 54.5 56.4 2208 950 5.240
1787240479 55.5 55.5 54.5 56.4 2208 950 5.211
1787240480 55.5 56.4 54.5 57.3 2208 950 5.254
1787240481 55.5 55.5 54.5 56.4 2208 950 5.264
1787240483 55.5 54.5 54.5 55.5 2208 950 5.220
1787240484 55.5 55.5 54.5 56.4 2208 950 5.206
1787240485 55.5 55.5 54.5 56.4 2208 950 5.196
1787240486 55.5 56.4 55.5 57.3 2208 950 5.220
1787240487 55.5 55.5 54.5 56.4 2208 950 5.235
1787240488 54.5 55.5 54.5 56.4 2208 950 5.220
1787240489 55.5 56.4 54.5 56.4 2208 950 5.211
1787240490 55.5 55.5 54.5 56.4 2208 950 5.215
1787240491 56.4 56.4 55.5 57.3 2208 950 5.240
1787240493 55.5 56.4 55.5 57.3 2208 950 5.283
1787240494 56.4 56.4 55.5 56.4 2208 950 5.249
1787240495 56.4 56.4 55.5 57.3 2208 950 5.230
1787240496 56.4 56.4 55.5 57.3 2208 950 5.186
1787240497 56.4 56.4 55.5 57.3 2208 950 5.225
1787240498 56.4 57.3 55.5 57.3 2208 950 5.249
1787240499 55.5 56.4 55.5 57.3 2208 950 5.244
1787240500 55.5 56.4 55.5 56.4 2208 950 5.244
1787240502 56.4 57.3 55.5 58.2 2208 950 5.249
1787240503 55.5 56.4 55.5 57.3 2208 950 5.293
1787240504 56.4 56.4 55.5 57.3 2208 950 5.235
1787240505 50.8 49.9 49.9 50.8 2208 950 5.322
1787240506 49.0 48.1 48.1 49.0 2208 950 5.269
1787240507 51.8 51.8 50.8 52.7 2208 950 5.235
1787240508 53.6 54.5 52.7 54.5 2208 950 5.206
1787240509 54.5 54.5 53.6 55.5 2208 950 5.235
1787240510 55.5 55.5 54.5 56.4 2208 950 5.283
1787240512 56.4 56.4 55.5 57.3 2208 950 5.211
1787240513 55.5 56.4 54.5 56.4 2208 950 5.269
1787240514 56.4 56.4 55.5 57.3 2208 950 5.235
1787240515 56.4 56.4 55.5 57.3 2208 950 5.273
1787240516 55.5 56.4 55.5 57.3 2208 950 5.235
1787240517 55.5 56.4 55.5 57.3 2208 950 5.230
1787240518 55.5 55.5 55.5 56.4 2208 950 5.278
1787240519 56.4 57.3 55.5 57.3 2208 950 5.225
1787240521 57.3 57.3 55.5 57.3 2208 950 5.220
1787240522 56.4 57.3 56.4 58.2 2208 950 5.206
1787240523 55.5 57.3 55.5 57.3 2208 950 5.225
1787240524 56.4 57.3 55.5 57.3 2208 950 5.240
1787240525 56.4 57.3 55.5 57.3 2208 950 5.244
1787240526 56.4 57.3 55.5 57.3 2208 950 5.244
1787240527 56.4 57.3 55.5 57.3 2208 950 5.191
1787240529 56.4 57.3 56.4 58.2 2208 950 5.196
1787240530 56.4 57.3 55.5 57.3 2208 950 5.278
1787240531 56.4 57.3 55.5 58.2 2208 950 5.273
1787240532 57.3 57.3 56.4 59.2 2208 950 5.220
1787240533 57.3 57.3 56.4 59.2 2208 950 5.269
1787240534 57.3 57.3 55.5 58.2 2208 950 5.230
1787240535 56.4 57.3 56.4 57.3 2208 950 5.240
1787240536 57.3 58.2 56.4 58.2 2208 950 5.182
1787240538 57.3 57.3 56.4 58.2 2208 950 5.244
1787240539 57.3 58.2 56.4 58.2 2208 950 5.215
1787240540 57.3 57.3 56.4 58.2 2208 950 5.302
1787240541 57.3 57.3 56.4 58.2 2208 950 5.191
1787240542 56.4 57.3 56.4 57.3 2208 950 5.230
1787240543 56.4 57.3 56.4 58.2 2208 950 5.273
1787240544 57.3 57.3 56.4 58.2 2208 950 5.249
1787240545 57.3 58.2 56.4 58.2 2208 950 5.211
1787240547 57.3 58.2 57.3 58.2 2208 950 5.211
1787240548 56.4 57.3 55.5 58.2 2208 950 5.244
1787240549 58.2 58.2 57.3 59.2 2208 950 5.211
1787240550 57.3 57.3 56.4 58.2 2208 950 5.254
1787240551 57.3 58.2 57.3 59.2 2208 950 5.230
1787240552 57.3 58.2 57.3 59.2 2208 950 5.249
1787240553 58.2 58.2 57.3 59.2 2208 950 5.211
1787240555 58.2 58.2 57.3 58.2 2208 950 5.201
1787240556 57.3 58.2 57.3 59.2 2208 950 5.220
1787240557 57.3 58.2 56.4 58.2 2208 950 5.230
1787240558 57.3 58.2 57.3 59.2 2208 950 5.273
1787240559 57.3 58.2 57.3 59.2 2208 950 5.254
1787240560 57.3 57.3 56.4 58.2 2208 950 5.211
1787240561 57.3 57.3 56.4 58.2 2208 950 5.269
1787240562 57.3 58.2 57.3 59.2 2208 950 5.191
1787240564 57.3 58.2 57.3 59.2 2208 950 5.196
1787240565 57.3 58.2 57.3 59.2 2208 950 5.206
1787240566 57.3 58.2 56.4 59.2 2208 950 5.244
1787240567 57.3 57.3 56.4 59.2 2208 950 5.298
1787240568 50.8 50.8 49.9 50.8 2208 950 5.293
1787240569 55.5 55.5 54.5 55.5 2208 950 5.196
1787240570 56.4 56.4 55.5 56.4 2208 950 5.240
1787240571 57.3 57.3 56.4 58.2 2208 950 5.230
1787240573 57.3 57.3 56.4 58.2 2208 950 5.240
1787240574 57.3 57.3 56.4 58.2 2208 950 5.211
1787240575 56.4 57.3 56.4 58.2 2208 950 5.211
1787240576 56.4 57.3 55.5 57.3 2208 950 5.230
1787240577 57.3 57.3 56.4 58.2 2208 950 5.225
1787240578 57.3 57.3 56.4 59.2 2208 950 5.196
1787240579 57.3 58.2 56.4 58.2 2208 950 5.230
1787240580 57.3 57.3 55.5 58.2 2208 950 5.206
1787240582 57.3 58.2 56.4 58.2 2208 950 5.254
1787240583 57.3 57.3 56.4 58.2 2208 950 5.235
1787240584 56.4 57.3 56.4 57.3 2208 950 5.182
1787240585 57.3 58.2 56.4 58.2 2208 950 5.215
1787240586 57.3 58.2 56.4 58.2 2208 950 5.211
1787240587 57.3 57.3 56.4 58.2 2208 950 5.206
1787240588 57.3 57.3 56.4 58.2 2208 950 5.254
1787240589 57.3 58.2 56.4 58.2 2208 950 5.211
1787240591 57.3 58.2 56.4 59.2 2208 950 5.264
1787240592 56.4 57.3 55.5 58.2 2208 950 5.240
1787240593 57.3 57.3 56.4 58.2 2208 950 5.269
1787240594 57.3 57.3 56.4 59.2 2208 950 5.220
1787240595 57.3 58.2 56.4 58.2 2208 950 5.273
1787240596 57.3 58.2 57.3 59.2 2208 950 5.201
1787240597 57.3 58.2 56.4 58.2 2208 950 5.249
1787240598 57.3 58.2 57.3 59.2 2208 950 5.235
1787240600 57.3 58.2 56.4 59.2 2208 950 5.244
1787240601 57.3 58.2 57.3 58.2 2208 950 5.215
1787240602 57.3 58.2 56.4 58.2 2208 950 5.244
1787240603 56.4 57.3 56.4 59.2 2208 950 5.196
1787240604 57.3 58.2 57.3 58.2 2208 950 5.191
1787240605 57.3 58.2 56.4 58.2 2208 950 5.211
1787240606 57.3 58.2 57.3 59.2 2208 950 5.201
1787240607 58.2 58.2 57.3 59.2 2208 950 5.186
1787240609 57.3 58.2 56.4 58.2 2208 950 5.225
1787240610 57.3 58.2 57.3 59.2 2208 950 5.206
1787240611 58.2 58.2 57.3 59.2 2208 950 5.244
1787240612 58.2 58.2 57.3 58.2 2208 950 5.244
1787240613 57.3 58.2 57.3 59.2 2208 950 5.254
1787240614 57.3 58.2 57.3 59.2 2208 950 5.240
1787240615 57.3 58.2 57.3 59.2 2208 950 5.249
1787240616 58.2 59.2 57.3 59.2 2208 950 5.235
1787240618 58.2 58.2 57.3 59.2 2208 950 5.220
1787240619 57.3 58.2 56.4 58.2 2208 950 5.254
1787240620 57.3 58.2 56.4 59.2 2208 950 5.206
1787240621 57.3 57.3 56.4 59.2 2208 950 5.235
1787240622 57.3 57.3 56.4 58.2 2208 950 5.235
1787240623 58.2 58.2 57.3 59.2 2208 950 5.249
1787240624 58.2 59.2 57.3 59.2 2208 950 5.278
1787240625 58.2 58.2 57.3 59.2 2208 950 5.298
1787240627 58.2 58.2 57.3 59.2 2208 950 5.186
1787240628 57.3 57.3 56.4 58.2 2208 950 5.196
1787240629 58.2 58.2 57.3 59.2 2208 950 5.264
1787240630 50.8 50.8 49.9 52.7 2208 950 5.230
1787240631 56.4 56.4 55.5 57.3 2208 950 5.215
1787240632 56.4 57.3 55.5 56.4 2208 950 5.240
1787240633 57.3 58.2 56.4 57.3 2208 950 5.220
1787240634 56.4 57.3 55.5 57.3 2208 950 5.240
1787240636 57.3 57.3 56.4 58.2 2208 950 5.235
1787240637 57.3 57.3 56.4 58.2 2208 950 5.235
1787240638 57.3 57.3 56.4 57.3 2208 950 5.215
1787240639 57.3 57.3 56.4 58.2 2208 950 5.201
1787240640 57.3 57.3 56.4 58.2 2208 950 5.240
1787240641 57.3 57.3 56.4 58.2 2208 950 5.264
1787240642 57.3 58.2 56.4 59.2 2208 950 5.235
1787240643 58.2 58.2 57.3 59.2 2208 950 5.254
1787240645 57.3 57.3 56.4 58.2 2208 950 5.186
1787240646 57.3 58.2 56.4 58.2 2208 950 5.201
1787240647 56.4 56.4 55.5 58.2 2208 950 5.211
1787240648 57.3 58.2 57.3 59.2 2208 950 5.235
1787240649 58.2 58.2 57.3 58.2 2208 950 5.235
1787240650 58.2 58.2 57.3 59.2 2208 950 5.230
1787240651 56.4 57.3 56.4 57.3 2208 950 5.211
1787240653 57.3 57.3 57.3 59.2 2208 950 5.235
1787240654 57.3 58.2 56.4 59.2 2208 950 5.269
1787240655 57.3 57.3 56.4 58.2 2208 950 5.211
1787240656 58.2 58.2 57.3 58.2 2208 950 5.235
1787240657 57.3 57.3 56.4 58.2 2208 950 5.225
1787240658 57.3 58.2 57.3 59.2 2208 950 5.264
1787240659 57.3 57.3 56.4 58.2 2208 950 5.230
1787240660 58.2 58.2 57.3 58.2 2208 950 5.211
1787240662 57.3 57.3 56.4 59.2 2208 950 5.235
1787240663 57.3 58.2 56.4 58.2 2208 950 5.259
1787240664 57.3 57.3 56.4 57.3 2208 950 5.215
1787240665 58.2 58.2 57.3 59.2 2208 950 5.244
1787240666 57.3 58.2 57.3 59.2 2208 950 5.259
1787240667 58.2 58.2 57.3 59.2 2208 950 5.196
1787240668 58.2 58.2 57.3 59.2 2208 950 5.235
1787240669 57.3 58.2 57.3 59.2 2208 950 5.259
1787240671 58.2 58.2 57.3 59.2 2208 950 5.249
1787240672 58.2 58.2 57.3 59.2 2208 950 5.249
1787240673 57.3 58.2 57.3 58.2 2208 950 5.230
1787240674 58.2 58.2 57.3 59.2 2208 950 5.225
1787240675 57.3 57.3 57.3 58.2 2208 950 5.230
1787240676 57.3 58.2 56.4 58.2 2208 950 5.273
1787240677 58.2 58.2 57.3 59.2 2208 950 5.225
1787240678 57.3 57.3 57.3 58.2 2208 950 5.249
1787240680 57.3 58.2 56.4 58.2 2208 950 5.244
1787240681 57.3 58.2 56.4 58.2 2208 950 5.211
1787240682 57.3 58.2 56.4 58.2 2208 950 5.273
1787240683 57.3 57.3 56.4 58.2 2208 950 5.264
1787240684 58.2 58.2 57.3 59.2 2208 950 5.220
1787240685 58.2 59.2 57.3 59.2 2208 950 5.206
1787240686 57.3 57.3 56.4 58.2 2208 950 5.249
1787240687 58.2 58.2 56.4 58.2 2208 950 5.215
1787240689 58.2 58.2 57.3 59.2 2208 950 5.235
1787240690 58.2 58.2 57.3 59.2 2208 950 5.230
1787240691 53.6 53.6 52.7 53.6 2208 950 5.312
1787240692 52.7 52.7 51.8 53.6 2208 950 5.215
1787240693 55.5 55.5 54.5 57.3 2208 950 5.225
1787240694 56.4 57.3 56.4 57.3 2208 950 5.235
1787240695 56.4 57.3 55.5 58.2 2208 950 5.249
1787240696 56.4 57.3 56.4 58.2 2208 950 5.235
1787240697 56.4 57.3 56.4 58.2 2208 950 5.215
1787240699 57.3 57.3 56.4 58.2 2208 950 5.230
1787240700 57.3 58.2 57.3 58.2 2208 950 5.211
1787240701 57.3 58.2 56.4 58.2 2208 950 5.269
1787240702 57.3 58.2 57.3 59.2 2208 950 5.220
1787240703 56.4 57.3 56.4 57.3 2208 950 5.201
1787240704 58.2 58.2 57.3 58.2 2208 950 5.215
1787240705 58.2 58.2 57.3 59.2 2208 950 5.235
1787240706 57.3 57.3 56.4 58.2 2208 950 5.191
1787240708 57.3 58.2 57.3 59.2 2208 950 5.235
1787240709 57.3 58.2 57.3 58.2 2208 950 5.249
1787240710 58.2 58.2 57.3 59.2 2208 950 5.249
1787240711 58.2 58.2 57.3 59.2 2208 950 5.225
1787240712 58.2 58.2 57.3 59.2 2208 950 5.225
1787240713 58.2 58.2 57.3 59.2 2208 950 5.215
1787240714 58.2 59.2 57.3 59.2 2208 950 5.240
1787240715 57.3 58.2 56.4 58.2 2208 950 5.235
1787240717 57.3 58.2 57.3 59.2 2208 950 5.230
1787240718 57.3 57.3 56.4 59.2 2208 950 5.230
1787240719 57.3 57.3 56.4 57.3 2208 950 5.196
1787240720 57.3 58.2 56.4 59.2 2208 950 5.230
1787240721 57.3 57.3 56.4 58.2 2208 950 5.196
1787240722 58.2 58.2 57.3 59.2 2208 950 5.215
1787240723 58.2 59.2 57.3 59.2 2208 950 5.215
1787240724 58.2 58.2 57.3 59.2 2208 950 5.235
1787240726 57.3 58.2 56.4 58.2 2208 950 5.273
1787240727 57.3 58.2 57.3 59.2 2208 950 5.230
1787240728 57.3 57.3 56.4 58.2 2208 950 5.240
1787240729 57.3 58.2 57.3 59.2 2208 950 5.273
1787240730 58.2 58.2 57.3 59.2 2208 950 5.235
1787240731 58.2 58.2 56.4 59.2 2208 950 5.211
1787240732 58.2 58.2 57.3 59.2 2208 950 5.235
1787240733 57.3 58.2 56.4 58.2 2208 950 5.264
1787240734 57.3 57.3 56.4 58.2 2208 950 5.201
1787240736 58.2 58.2 57.3 59.2 2208 950 5.201
1787240737 57.3 58.2 57.3 59.2 2208 950 5.206
1787240738 57.3 58.2 57.3 59.2 2208 950 5.235
1787240739 58.2 58.2 57.3 59.2 2208 950 5.264
1787240740 57.3 58.2 56.4 59.2 2208 950 5.230
1787240741 58.2 59.2 57.3 59.2 2208 950 5.269
1787240742 58.2 59.2 57.3 59.2 2208 950 5.235
1787240744 57.3 58.2 56.4 59.2 2208 950 5.201
1787240745 58.2 58.2 57.3 60.1 2208 950 5.201
1787240746 58.2 58.2 57.3 58.2 2208 950 5.215
1787240747 57.3 57.3 56.4 58.2 2208 950 5.264
1787240748 58.2 58.2 57.3 59.2 2208 950 5.206
1787240749 58.2 58.2 57.3 58.2 2208 950 5.244
1787240750 57.3 58.2 57.3 58.2 2208 950 5.235
1787240751 57.3 57.3 56.4 59.2 2208 950 5.249
1787240753 52.7 52.7 51.8 53.6 2208 950 5.283
1787240754 50.8 49.9 49.9 50.8 2208 950 5.322
1787240755 49.9 49.9 49.0 50.8 2208 950 5.278
1787240756 54.5 54.5 53.6 55.5 2208 950 5.157
1787240757 55.5 55.5 54.5 56.4 2208 950 5.206
1787240758 55.5 55.5 55.5 57.3 2208 950 5.206
1787240759 56.4 56.4 55.5 57.3 2208 950 5.206
1787240760 56.4 56.4 55.5 57.3 2208 950 5.249
1787240762 56.4 56.4 55.5 57.3 2208 950 5.249
1787240763 56.4 56.4 55.5 57.3 2208 950 5.249
1787240764 56.4 57.3 55.5 58.2 2208 950 5.273
1787240765 57.3 57.3 56.4 58.2 2208 950 5.211
1787240766 56.4 57.3 56.4 58.2 2208 950 5.196
1787240767 56.4 57.3 56.4 58.2 2208 950 5.230
1787240768 56.4 57.3 56.4 58.2 2208 950 5.230
1787240769 56.4 57.3 55.5 58.2 2208 950 5.215
1787240771 57.3 58.2 57.3 59.2 2208 950 5.206
1787240772 58.2 58.2 57.3 59.2 2208 950 5.225
1787240773 57.3 58.2 57.3 59.2 2208 950 5.254
1787240774 57.3 58.2 57.3 59.2 2208 950 5.240
1787240775 56.4 57.3 56.4 58.2 2208 950 5.273
1787240776 57.3 58.2 56.4 58.2 2208 950 5.273
1787240777 57.3 58.2 56.4 59.2 2208 950 5.225
1787240778 57.3 57.3 56.4 58.2 2208 950 5.235
1787240780 56.4 57.3 56.4 57.3 2208 950 5.249
1787240781 57.3 57.3 56.4 57.3 2208 950 5.177
1787240782 56.4 57.3 56.4 58.2 2208 950 5.211
1787240783 57.3 57.3 56.4 58.2 2208 950 5.235
1787240784 57.3 58.2 56.4 59.2 2208 950 5.211
1787240785 57.3 57.3 56.4 59.2 2208 950 5.215
1787240786 57.3 58.2 57.3 58.2 2208 950 5.244
1787240787 57.3 58.2 56.4 58.2 2208 950 5.235
1787240789 57.3 57.3 56.4 58.2 2208 950 5.273
1787240790 57.3 57.3 56.4 58.2 2208 950 5.230
1787240791 57.3 59.2 57.3 58.2 2208 950 5.254
1787240792 57.3 58.2 56.4 58.2 2208 950 5.235
1787240793 57.3 58.2 57.3 59.2 2208 950 5.201
1787240794 58.2 58.2 57.3 59.2 2208 950 5.220
1787240795 57.3 58.2 57.3 59.2 2208 950 5.220
1787240796 57.3 57.3 56.4 58.2 2208 950 5.240
1787240798 57.3 58.2 57.3 59.2 2208 950 5.264
1787240799 57.3 57.3 56.4 58.2 2208 950 5.254
1787240800 57.3 57.3 56.4 58.2 2208 950 5.225
1787240801 58.2 58.2 57.3 59.2 2208 950 5.264
1787240802 58.2 59.2 57.3 59.2 2208 950 5.240
1787240803 57.3 58.2 57.3 59.2 2208 950 5.196
1787240804 57.3 57.3 56.4 58.2 2208 950 5.191
1787240805 57.3 58.2 57.3 58.2 2208 950 5.220
1787240806 58.2 58.2 57.3 59.2 2208 950 5.240
1787240808 58.2 58.2 57.3 59.2 2208 950 5.215
1787240809 57.3 58.2 57.3 59.2 2208 950 5.264
1787240810 57.3 58.2 56.4 59.2 2208 950 5.220
1787240811 58.2 58.2 57.3 59.2 2208 950 5.249
1787240812 58.2 58.2 57.3 59.2 2208 950 5.220
1787240813 57.3 58.2 57.3 59.2 2208 950 5.230
1787240814 57.3 57.3 56.4 58.2 2208 950 5.220
1787240816 54.5 53.6 53.6 54.5 2208 950 5.244
1787240817 54.5 54.5 53.6 55.5 2208 950 5.215
1787240818 56.4 57.3 55.5 57.3 2208 950 5.235
1787240819 56.4 57.3 55.5 57.3 2208 950 5.235
1787240820 57.3 57.3 56.4 57.3 2208 950 5.215
1787240821 57.3 57.3 56.4 58.2 2208 950 5.269
1787240822 56.4 57.3 55.5 57.3 2208 950 5.186
1787240823 57.3 58.2 56.4 58.2 2208 950 5.235
1787240825 57.3 58.2 57.3 59.2 2208 950 5.182
1787240826 57.3 57.3 56.4 57.3 2208 950 5.201
1787240827 57.3 58.2 56.4 59.2 2208 950 5.259
1787240828 57.3 58.2 56.4 58.2 2208 950 5.269
1787240829 58.2 58.2 56.4 58.2 2208 950 5.191
1787240830 58.2 58.2 57.3 59.2 2208 950 5.230
1787240831 57.3 58.2 56.4 58.2 2208 950 5.244
1787240832 57.3 58.2 56.4 58.2 2208 950 5.249
1787240834 58.2 58.2 57.3 59.2 2208 950 5.215
1787240835 57.3 58.2 56.4 58.2 2208 950 5.259
1787240836 57.3 58.2 57.3 59.2 2208 950 5.177
1787240837 57.3 58.2 56.4 59.2 2208 950 5.259
1787240838 58.2 59.2 57.3 59.2 2208 950 5.215
1787240839 57.3 58.2 56.4 58.2 2208 950 5.230
1787240840 57.3 58.2 57.3 59.2 2208 950 5.215
1787240841 57.3 57.3 57.3 59.2 2208 950 5.254
1787240843 58.2 59.2 57.3 59.2 2208 950 5.244
1787240844 57.3 58.2 57.3 59.2 2208 950 5.230
1787240845 57.3 58.2 57.3 59.2 2208 950 5.215
1787240846 57.3 58.2 56.4 58.2 2208 950 5.215
1787240847 57.3 58.2 56.4 57.3 2208 950 5.259
1787240848 57.3 57.3 56.4 58.2 2208 950 5.235
1787240849 57.3 57.3 56.4 58.2 2208 950 5.259
1787240850 57.3 58.2 57.3 59.2 2208 950 5.240
1787240852 57.3 58.2 56.4 58.2 2208 950 5.244
1787240853 57.3 57.3 56.4 57.3 2208 950 5.235
1787240854 57.3 57.3 56.4 58.2 2208 950 5.235
1787240855 57.3 58.2 57.3 58.2 2208 950 5.215
1787240856 57.3 58.2 57.3 59.2 2208 950 5.225
1787240857 57.3 58.2 57.3 59.2 2208 950 5.249
1787240858 57.3 57.3 56.4 58.2 2208 950 5.235
1787240859 57.3 57.3 56.4 58.2 2208 950 5.215
1787240861 57.3 58.2 56.4 58.2 2208 950 5.254
1787240862 56.4 57.3 56.4 58.2 2208 950 5.283
1787240863 57.3 58.2 57.3 59.2 2208 950 5.235
1787240864 57.3 58.2 57.3 59.2 2208 950 5.240
1787240865 57.3 58.2 56.4 58.2 2208 950 5.220
1787240866 57.3 57.3 56.4 58.2 2208 950 5.240
1787240867 57.3 57.3 56.4 58.2 2208 950 5.264
1787240868 57.3 57.3 56.4 58.2 2208 950 5.235
1787240870 57.3 58.2 57.3 59.2 2208 950 5.240
1787240871 58.2 58.2 57.3 59.2 2208 950 5.206
1787240872 57.3 58.2 57.3 58.2 2208 950 5.220
1787240873 58.2 58.2 57.3 59.2 2208 950 5.157
1787240874 57.3 57.3 57.3 58.2 2208 950 5.235
1787240875 58.2 58.2 57.3 58.2 2208 950 5.206
1787240876 58.2 59.2 57.3 59.2 2208 950 5.220
1787240877 52.7 52.7 51.8 52.7 2208 950 5.302
1787240878 54.5 55.5 54.5 56.4 2208 950 5.288
1787240880 55.5 56.4 55.5 57.3 2208 950 5.220
1787240881 56.4 57.3 55.5 57.3 2208 950 5.230
1787240882 57.3 57.3 56.4 58.2 2208 950 5.215
1787240883 56.4 57.3 56.4 57.3 2208 950 5.235
1787240884 57.3 57.3 56.4 58.2 2208 950 5.186
1787240885 56.4 57.3 55.5 57.3 2208 950 5.225
1787240886 57.3 57.3 56.4 58.2 2208 950 5.201
1787240887 57.3 57.3 56.4 58.2 2208 950 5.249
1787240889 57.3 58.2 56.4 58.2 2208 950 5.225
1787240890 57.3 57.3 56.4 58.2 2208 950 5.293
1787240891 57.3 57.3 56.4 58.2 2208 950 5.230
1787240892 57.3 57.3 56.4 58.2 2208 950 5.235
1787240893 56.4 57.3 56.4 58.2 2208 950 5.220
1787240894 57.3 58.2 56.4 58.2 2208 950 5.259
1787240895 58.2 57.3 57.3 59.2 2208 950 5.225
1787240896 57.3 57.3 57.3 58.2 2208 950 5.215
1787240898 57.3 58.2 57.3 59.2 2208 950 5.230
1787240899 57.3 58.2 56.4 58.2 2208 950 5.225
1787240900 57.3 57.3 56.4 58.2 2208 950 5.225
1787240901 57.3 58.2 56.4 58.2 2208 950 5.225
1787240902 57.3 57.3 56.4 58.2 2208 950 5.240
1787240903 57.3 58.2 56.4 58.2 2208 950 5.225
1787240904 57.3 58.2 56.4 59.2 2208 950 5.278
1787240905 58.2 58.2 57.3 59.2 2208 950 5.186
1787240907 57.3 57.3 56.4 58.2 2208 950 5.235
1787240908 57.3 57.3 56.4 58.2 2208 950 5.172
1787240909 57.3 58.2 56.4 59.2 2208 950 5.249
1787240910 58.2 58.2 57.3 59.2 2208 950 5.235
1787240911 57.3 58.2 56.4 58.2 2208 950 5.230
1787240912 57.3 57.3 56.4 58.2 2208 950 5.206
1787240913 57.3 58.2 56.4 58.2 2208 950 5.259
1787240915 57.3 57.3 56.4 58.2 2208 950 5.235
1787240916 57.3 58.2 56.4 58.2 2208 950 5.201
1787240917 57.3 57.3 56.4 58.2 2208 950 5.249
1787240918 57.3 57.3 56.4 58.2 2208 950 5.235
1787240919 57.3 58.2 57.3 58.2 2208 950 5.211
1787240920 58.2 58.2 57.3 59.2 2208 950 5.206
1787240921 56.4 57.3 56.4 57.3 2208 950 5.259
1787240922 58.2 58.2 57.3 59.2 2208 950 5.240
1787240923 57.3 57.3 55.5 58.2 2208 950 5.206
1787240925 57.3 58.2 57.3 59.2 2208 950 5.249
1787240926 57.3 58.2 57.3 60.1 2208 950 5.244
1787240927 57.3 57.3 56.4 58.2 2208 950 5.196
1787240928 58.2 58.2 57.3 58.2 2208 950 5.215
1787240929 57.3 58.2 56.4 58.2 2208 950 5.240
1787240930 58.2 58.2 57.3 59.2 2208 950 5.191
1787240931 58.2 58.2 57.3 59.2 2208 950 5.259
1787240933 57.3 58.2 57.3 59.2 2208 950 5.220
1787240934 57.3 58.2 56.4 58.2 2208 950 5.230
1787240935 57.3 58.2 57.3 58.2 2208 950 5.273
1787240936 58.2 58.2 56.4 59.2 2208 950 5.240
1787240937 57.3 58.2 56.4 58.2 2208 950 5.244
1787240938 57.3 57.3 56.4 59.2 2208 950 5.206
1787240939 50.8 50.8 50.8 51.8 2208 950 5.254
1787240940 54.5 54.5 53.6 56.4 2208 950 5.201
1787240942 56.4 56.4 56.4 58.2 2208 950 5.211
1787240943 57.3 57.3 56.4 58.2 2208 950 5.230
1787240944 56.4 57.3 56.4 57.3 2208 950 5.244
1787240945 56.4 56.4 55.5 57.3 2208 950 5.201
1787240946 56.4 57.3 55.5 58.2 2208 950 5.230
1787240947 57.3 58.2 56.4 58.2 2208 950 5.225
1787240948 57.3 57.3 56.4 59.2 2208 950 5.177
1787240950 57.3 57.3 56.4 58.2 2208 950 5.215
1787240951 57.3 57.3 56.4 58.2 2208 950 5.225
1787240952 58.2 58.2 57.3 59.2 2208 950 5.211
1787240953 58.2 58.2 57.3 59.2 2208 950 5.264
1787240954 57.3 58.2 57.3 58.2 2208 950 5.240
1787240955 58.2 58.2 57.3 59.2 2208 950 5.196
1787240956 57.3 58.2 56.4 58.2 2208 950 5.298
1787240957 57.3 57.3 56.4 57.3 2208 950 5.235
1787240958 57.3 58.2 56.4 58.2 2208 950 5.235
1787240960 57.3 58.2 57.3 59.2 2208 950 5.244
1787240961 58.2 58.2 57.3 59.2 2208 950 5.249
1787240962 57.3 57.3 57.3 59.2 2208 950 5.215
1787240963 57.3 58.2 57.3 59.2 2208 950 5.206
1787240964 57.3 58.2 57.3 58.2 2208 950 5.259
1787240965 57.3 58.2 56.4 59.2 2208 950 5.186
1787240966 58.2 58.2 57.3 59.2 2208 950 5.244
1787240968 58.2 58.2 57.3 58.2 2208 950 5.249
1787240969 58.2 58.2 57.3 59.2 2208 950 5.225
1787240970 57.3 57.3 56.4 59.2 2208 950 5.259
1787240971 57.3 57.3 56.4 57.3 2208 950 5.278
1787240972 57.3 58.2 57.3 58.2 2208 950 5.240
1787240973 58.2 58.2 57.3 59.2 2208 950 5.259
1787240974 57.3 58.2 57.3 59.2 2208 950 5.235
1787240975 58.2 58.2 56.4 59.2 2208 950 5.235
1787240977 57.3 57.3 57.3 58.2 2208 950 5.254
1787240978 57.3 57.3 56.4 58.2 2208 950 5.225
1787240979 57.3 58.2 57.3 59.2 2208 950 5.206
1787240980 57.3 58.2 57.3 58.2 2208 950 5.215
1787240981 58.2 59.2 57.3 59.2 2208 950 5.215
1787240982 58.2 58.2 57.3 59.2 2208 950 5.196
1787240983 57.3 57.3 56.4 58.2 2208 950 5.182
1787240984 57.3 58.2 57.3 59.2 2208 950 5.220
1787240985 58.2 58.2 57.3 59.2 2208 950 5.211
1787240987 57.3 58.2 56.4 58.2 2208 950 5.225
1787240988 57.3 58.2 56.4 58.2 2208 950 5.206
1787240989 58.2 58.2 57.3 59.2 2208 950 5.254
1787240990 57.3 58.2 56.4 58.2 2208 950 5.317
1787240991 57.3 57.3 56.4 58.2 2208 950 5.244
1787240992 58.2 58.2 57.3 59.2 2208 950 5.259
1787240993 58.2 59.2 57.3 59.2 2208 950 5.186
1787240995 58.2 59.2 57.3 59.2 2208 950 5.235
1787240996 57.3 57.3 56.4 58.2 2208 950 5.283
1787240997 57.3 58.2 57.3 58.2 2208 950 5.201
1787240998 57.3 57.3 57.3 58.2 2208 950 5.225
1787240999 57.3 58.2 56.4 58.2 2208 950 5.235
1787241000 57.3 58.2 57.3 58.2 2208 950 5.249
1787241001 50.8 49.9 49.0 50.8 2208 950 5.273
1787241002 55.5 55.5 54.5 56.4 2208 950 5.211
1787241004 56.4 57.3 55.5 58.2 2208 950 5.278
1787241005 55.5 56.4 55.5 57.3 2208 950 5.288
1787241006 57.3 57.3 56.4 58.2 2208 950 5.186
1787241007 57.3 57.3 56.4 58.2 2208 950 5.225
1787241008 57.3 57.3 56.4 58.2 2208 950 5.244
1787241009 57.3 57.3 56.4 57.3 2208 950 5.269
1787241010 57.3 56.4 56.4 58.2 2208 950 5.196
1787241011 56.4 56.4 55.5 57.3 2208 950 5.273
1787241012 56.4 57.3 55.5 57.3 2208 950 5.254
1787241014 57.3 57.3 56.4 58.2 2208 950 5.177
1787241015 57.3 57.3 56.4 58.2 2208 950 5.225
1787241016 57.3 58.2 56.4 59.2 2208 950 5.211
1787241017 56.4 57.3 56.4 58.2 2208 950 5.269
1787241018 57.3 58.2 57.3 59.2 2208 950 5.235
1787241019 57.3 58.2 56.4 58.2 2208 950 5.215
1787241020 57.3 56.4 56.4 57.3 2208 950 5.215
1787241021 57.3 57.3 56.4 58.2 2208 950 5.206
1787241023 57.3 57.3 56.4 58.2 2208 950 5.273
1787241024 57.3 57.3 56.4 58.2 2208 950 5.201
1787241025 57.3 57.3 56.4 57.3 2208 950 5.215
1787241026 57.3 57.3 56.4 58.2 2208 950 5.298
1787241027 57.3 58.2 56.4 58.2 2208 950 5.264
1787241028 57.3 58.2 57.3 59.2 2208 950 5.167
1787241029 58.2 58.2 57.3 59.2 2208 950 5.215
1787241030 58.2 58.2 57.3 59.2 2208 950 5.201
1787241032 57.3 58.2 56.4 59.2 2208 950 5.211
1787241033 57.3 58.2 57.3 59.2 2208 950 5.244
1787241034 57.3 58.2 57.3 59.2 2208 950 5.240
1787241035 57.3 57.3 56.4 58.2 2208 950 5.283
1787241036 57.3 58.2 57.3 59.2 2208 950 5.235
1787241037 57.3 57.3 56.4 58.2 2208 950 5.225
1787241038 57.3 58.2 56.4 59.2 2208 950 5.230
1787241039 58.2 59.2 57.3 59.2 2208 950 5.244
1787241041 57.3 58.2 57.3 58.2 2208 950 5.254
1787241042 57.3 58.2 56.4 59.2 2208 950 5.235
1787241043 57.3 58.2 56.4 58.2 2208 950 5.201
1787241044 57.3 58.2 56.4 58.2 2208 950 5.235
1787241045 58.2 58.2 57.3 59.2 2208 950 5.225
1787241046 57.3 58.2 57.3 59.2 2208 950 5.244
1787241047 57.3 57.3 56.4 58.2 2208 950 5.225
1787241048 57.3 57.3 56.4 58.2 2208 950 5.220
1787241050 57.3 58.2 57.3 59.2 2208 950 5.215
1787241051 57.3 57.3 56.4 58.2 2208 950 5.215
1787241052 57.3 58.2 56.4 58.2 2208 950 5.240
1787241053 57.3 57.3 56.4 57.3 2208 950 5.206
1787241054 57.3 57.3 56.4 57.3 2208 950 5.201
1787241055 57.3 58.2 56.4 58.2 2208 950 5.240
1787241056 57.3 58.2 57.3 59.2 2208 950 5.230
1787241057 57.3 58.2 56.4 58.2 2208 950 5.206
1787241058 57.3 57.3 57.3 59.2 2208 950 5.211
1787241060 58.2 58.2 57.3 58.2 2208 950 5.211
1787241061 57.3 58.2 56.4 58.2 2208 950 5.225
1787241062 57.3 58.2 56.4 58.2 2208 950 5.230
1787241063 51.8 51.8 50.8 51.8 2208 950 5.327
1787241064 49.9 49.0 49.0 49.9 2208 950 5.317
1787241065 52.7 52.7 51.8 52.7 2208 950 5.307
1787241066 54.5 55.5 53.6 56.4 2208 950 5.249
1787241067 56.4 56.4 55.5 56.4 2208 950 5.196
1787241068 56.4 57.3 55.5 57.3 2208 950 5.235
1787241069 56.4 56.4 55.5 56.4 2208 950 5.273
1787241071 56.4 56.4 55.5 57.3 2208 950 5.298
1787241072 56.4 56.4 55.5 57.3 2208 950 5.244
1787241073 56.4 57.3 56.4 58.2 2208 950 5.225
1787241074 57.3 57.3 56.4 58.2 2208 950 5.259
1787241075 56.4 56.4 55.5 57.3 2208 950 5.201
1787241076 56.4 57.3 55.5 57.3 2208 950 5.230
1787241077 57.3 57.3 55.5 57.3 2208 950 5.201
1787241078 56.4 57.3 56.4 57.3 2208 950 5.283
1787241080 57.3 57.3 56.4 58.2 2208 950 5.264
1787241081 57.3 58.2 56.4 58.2 2208 950 5.254
1787241082 56.4 57.3 56.4 58.2 2208 950 5.230
1787241083 57.3 57.3 56.4 57.3 2208 950 5.220
1787241084 57.3 58.2 56.4 59.2 2208 950 5.244
1787241085 57.3 57.3 56.4 58.2 2208 950 5.206
1787241086 57.3 58.2 56.4 58.2 2208 950 5.235
1787241087 57.3 58.2 57.3 58.2 2208 950 5.230
1787241088 58.2 58.2 56.4 59.2 2208 950 5.249
1787241090 57.3 58.2 56.4 58.2 2208 950 5.235
1787241091 57.3 58.2 56.4 58.2 2208 950 5.177
1787241092 57.3 58.2 56.4 58.2 2208 950 5.215
1787241093 57.3 58.2 57.3 59.2 2208 950 5.230
1787241094 58.2 58.2 57.3 59.2 2208 950 5.172
1787241095 57.3 57.3 56.4 58.2 2208 950 5.259
1787241096 57.3 58.2 57.3 59.2 2208 950 5.235
1787241098 57.3 58.2 57.3 59.2 2208 950 5.240
1787241099 57.3 58.2 56.4 59.2 2208 950 5.240
1787241100 57.3 57.3 56.4 58.2 2208 950 5.235
1787241101 57.3 57.3 56.4 58.2 2208 950 5.230
1787241102 57.3 58.2 56.4 58.2 2208 950 5.211
1787241103 57.3 57.3 56.4 58.2 2208 950 5.230
1787241104 57.3 58.2 56.4 58.2 2208 950 5.215
1787241105 57.3 57.3 56.4 58.2 2208 950 5.273
1787241106 57.3 58.2 56.4 58.2 2208 950 5.225
1787241108 57.3 57.3 56.4 58.2 2208 950 5.230
1787241109 57.3 57.3 56.4 58.2 2208 950 5.225
1787241110 57.3 58.2 56.4 59.2 2208 950 5.211
1787241111 57.3 58.2 57.3 59.2 2208 950 5.244
1787241112 57.3 58.2 56.4 58.2 2208 950 5.230
1787241113 57.3 58.2 57.3 59.2 2208 950 5.254
1787241114 57.3 57.3 56.4 58.2 2208 950 5.249
1787241115 57.3 57.3 56.4 58.2 2208 950 5.225
1787241117 58.2 58.2 57.3 59.2 2208 950 5.182
1787241118 57.3 58.2 56.4 59.2 2208 950 5.264
1787241119 57.3 57.3 56.4 58.2 2208 950 5.230
1787241120 58.2 58.2 57.3 59.2 2208 950 5.225
1787241121 58.2 58.2 57.3 59.2 2208 950 5.249
1787241122 57.3 58.2 57.3 59.2 2208 950 5.196
1787241123 57.3 57.3 56.4 58.2 2208 950 5.186
1787241124 58.2 58.2 57.3 59.2 2208 950 5.186
1787241126 52.7 51.8 51.8 52.7 2208 950 5.302
1787241127 54.5 55.5 53.6 55.5 2208 950 5.206
1787241128 56.4 56.4 55.5 57.3 2208 950 5.230
1787241129 56.4 56.4 55.5 57.3 2208 950 5.196
1787241130 56.4 57.3 56.4 58.2 2208 950 5.230
1787241131 56.4 57.3 56.4 58.2 2208 950 5.220
1787241132 57.3 57.3 56.4 58.2 2208 950 5.186
1787241134 57.3 57.3 56.4 57.3 2208 950 5.288
1787241135 57.3 58.2 56.4 58.2 2208 950 5.215
1787241136 57.3 58.2 56.4 58.2 2208 950 5.215
1787241137 57.3 57.3 56.4 58.2 2208 950 5.182
1787241138 57.3 58.2 56.4 57.3 2208 950 5.215
1787241139 56.4 56.4 56.4 58.2 2208 950 5.196
1787241140 57.3 57.3 56.4 57.3 2208 950 5.235
1787241141 57.3 57.3 56.4 58.2 2208 950 5.191
1787241143 57.3 57.3 56.4 58.2 2208 950 5.215
1787241144 57.3 57.3 56.4 58.2 2208 950 5.254
1787241145 57.3 57.3 56.4 58.2 2208 950 5.259
1787241146 57.3 57.3 56.4 58.2 2208 950 5.206
1787241147 57.3 57.3 56.4 57.3 2208 950 5.240
1787241148 57.3 57.3 56.4 58.2 2208 950 5.211
1787241149 57.3 57.3 56.4 58.2 2208 950 5.225
1787241150 57.3 58.2 57.3 58.2 2208 950 5.307
1787241151 57.3 56.4 56.4 57.3 2208 950 5.201
1787241153 57.3 57.3 56.4 58.2 2208 950 5.283
1787241154 57.3 58.2 56.4 58.2 2208 950 5.293
1787241155 57.3 58.2 56.4 58.2 2208 950 5.220
1787241156 57.3 57.3 56.4 58.2 2208 950 5.220
1787241157 57.3 58.2 56.4 59.2 2208 950 5.269
1787241158 58.2 58.2 57.3 59.2 2208 950 5.249
1787241159 57.3 57.3 56.4 58.2 2208 950 5.244
1787241160 57.3 58.2 57.3 58.2 2208 950 5.254
1787241162 57.3 58.2 57.3 58.2 2208 950 5.259
1787241163 57.3 58.2 56.4 58.2 2208 950 5.220
1787241164 56.4 57.3 55.5 57.3 2208 950 5.167
1787241165 58.2 58.2 56.4 58.2 2208 950 5.254
1787241166 57.3 58.2 57.3 59.2 2208 950 5.182
1787241167 57.3 58.2 56.4 58.2 2208 950 5.244
1787241168 57.3 58.2 56.4 58.2 2208 950 5.220
1787241169 57.3 58.2 57.3 59.2 2208 950 5.215
1787241171 57.3 58.2 57.3 58.2 2208 950 5.182
1787241172 58.2 58.2 57.3 59.2 2208 950 5.230
1787241173 58.2 58.2 57.3 59.2 2208 950 5.278
1787241174 58.2 58.2 57.3 58.2 2208 950 5.225
1787241175 58.2 59.2 57.3 58.2 2208 950 5.196
1787241176 58.2 59.2 57.3 59.2 2208 950 5.230
1787241177 57.3 58.2 57.3 59.2 2208 950 5.264
1787241178 57.3 59.2 57.3 59.2 2208 950 5.230
1787241179 58.2 59.2 57.3 59.2 2208 950 5.215
1787241181 57.3 58.2 57.3 58.2 2208 950 5.235
1787241182 57.3 58.2 57.3 59.2 2208 950 5.225
1787241183 57.3 57.3 56.4 58.2 2208 950 5.220
1787241184 58.2 58.2 57.3 59.2 2208 950 5.235
1787241185 58.2 59.2 58.2 59.2 2208 950 5.186
1787241186 58.2 58.2 57.3 59.2 2208 950 5.235
1787241187 52.7 52.7 51.8 53.6 2208 950 5.240
1787241188 55.5 55.5 54.5 55.5 2208 950 5.264
1787241189 56.4 55.5 54.5 56.4 2208 950 5.220
1787241191 55.5 57.3 55.5 56.4 2208 950 5.240
1787241192 57.3 57.3 56.4 58.2 2208 950 5.283
1787241193 57.3 57.3 56.4 59.2 2208 950 5.225
1787241194 57.3 57.3 56.4 58.2 2208 950 5.215
1787241195 57.3 58.2 56.4 58.2 2208 950 5.230
1787241196 57.3 58.2 56.4 59.2 2208 950 5.230
1787241197 57.3 57.3 56.4 58.2 2208 950 5.220
1787241199 57.3 58.2 56.4 59.2 2208 950 5.225
1787241200 56.4 57.3 56.4 58.2 2208 950 5.215
1787241201 57.3 58.2 57.3 58.2 2208 950 5.259
1787241202 57.3 58.2 56.4 58.2 2208 950 5.240
1787241203 58.2 58.2 57.3 59.2 2208 950 5.230
1787241204 58.2 58.2 57.3 59.2 2208 950 5.215
1787241205 58.2 58.2 57.3 59.2 2208 950 5.201
1787241207 57.3 57.3 57.3 58.2 2208 950 5.225
1787241208 57.3 57.3 56.4 58.2 2208 950 5.240
1787241209 57.3 58.2 56.4 58.2 2208 950 5.254
1787241210 57.3 58.2 56.4 58.2 2208 950 5.196
1787241211 57.3 58.2 57.3 59.2 2208 950 5.211
1787241212 58.2 58.2 56.4 59.2 2208 950 5.186
1787241213 56.4 57.3 56.4 57.3 2208 950 5.264
1787241214 57.3 58.2 56.4 57.3 2208 950 5.220
1787241215 58.2 58.2 57.3 59.2 2208 950 5.249
1787241217 57.3 58.2 56.4 59.2 2208 950 5.225
1787241218 57.3 58.2 56.4 58.2 2208 950 5.240
1787241219 57.3 58.2 57.3 59.2 2208 950 5.177
1787241220 57.3 58.2 56.4 58.2 2208 950 5.269
1787241221 57.3 57.3 56.4 58.2 2208 950 5.225
1787241222 57.3 58.2 56.4 57.3 2208 950 5.215
1787241223 57.3 57.3 56.4 59.2 2208 950 5.206
1787241224 58.2 58.2 57.3 59.2 2208 950 5.264
1787241226 57.3 58.2 56.4 58.2 2208 950 5.254
1787241227 57.3 58.2 56.4 58.2 2208 950 5.206
1787241228 56.4 56.4 55.5 57.3 2208 950 5.259
1787241229 56.4 56.4 55.5 57.3 2208 950 5.220
1787241230 57.3 57.3 56.4 58.2 2208 950 5.235
1787241231 57.3 57.3 56.4 58.2 2208 950 5.235
1787241232 57.3 57.3 56.4 58.2 2208 950 5.215
1787241233 57.3 58.2 57.3 58.2 2208 950 5.244
1787241234 57.3 57.3 56.4 58.2 2208 950 5.254
1787241236 58.2 58.2 57.3 59.2 2208 950 5.244
1787241237 57.3 58.2 57.3 59.2 2208 950 5.244
1787241238 57.3 58.2 57.3 59.2 2208 950 5.230
1787241239 56.4 57.3 56.4 58.2 2208 950 5.259
1787241240 57.3 58.2 57.3 58.2 2208 950 5.215
1787241241 57.3 57.3 56.4 58.2 2208 950 5.254
1787241242 57.3 58.2 56.4 59.2 2208 950 5.278
1787241243 57.3 58.2 57.3 59.2 2208 950 5.220
1787241244 57.3 58.2 57.3 59.2 2208 950 5.220
1787241246 57.3 57.3 56.4 58.2 2208 950 5.186
1787241247 56.4 56.4 56.4 58.2 2208 950 5.201
1787241248 57.3 58.2 57.3 59.2 2208 950 5.273
1787241249 52.7 51.8 51.8 53.6 2208 950 5.264
1787241250 54.5 55.5 54.5 55.5 2208 950 5.264
1787241251 56.4 57.3 55.5 57.3 2208 950 5.273
1787241252 56.4 56.4 55.5 57.3 2208 950 5.254
1787241253 56.4 57.3 55.5 57.3 2208 950 5.235
1787241255 56.4 56.4 55.5 57.3 2208 950 5.244
1787241256 56.4 57.3 55.5 57.3 2208 950 5.264
1787241257 56.4 57.3 55.5 58.2 2208 950 5.249
1787241258 57.3 57.3 56.4 58.2 2208 950 5.230
1787241259 57.3 57.3 55.5 58.2 2208 950 5.254
1787241260 56.4 57.3 55.5 58.2 2208 950 5.230
1787241261 57.3 57.3 56.4 58.2 2208 950 5.215
1787241262 57.3 57.3 56.4 58.2 2208 950 5.201
1787241264 57.3 57.3 56.4 58.2 2208 950 5.225
1787241265 57.3 57.3 56.4 59.2 2208 950 5.269
1787241266 57.3 57.3 56.4 58.2 2208 950 5.182
1787241267 57.3 57.3 56.4 58.2 2208 950 5.225
1787241268 57.3 57.3 56.4 58.2 2208 950 5.273
1787241269 57.3 57.3 56.4 58.2 2208 950 5.182
1787241270 57.3 58.2 57.3 59.2 2208 950 5.240
1787241271 57.3 58.2 57.3 59.2 2208 950 5.235
1787241273 58.2 59.2 57.3 59.2 2208 950 5.230
1787241274 57.3 58.2 56.4 58.2 2208 950 5.235
1787241275 58.2 58.2 57.3 58.2 2208 950 5.230
1787241276 57.3 57.3 56.4 58.2 2208 950 5.196
1787241277 57.3 57.3 56.4 58.2 2208 950 5.215
1787241278 57.3 57.3 56.4 58.2 2208 950 5.264
1787241279 57.3 58.2 56.4 58.2 2208 950 5.259
1787241280 57.3 57.3 56.4 59.2 2208 950 5.240
1787241282 57.3 58.2 57.3 58.2 2208 950 5.215
1787241283 57.3 58.2 56.4 58.2 2208 950 5.220
1787241284 57.3 58.2 56.4 58.2 2208 950 5.312
1787241285 56.4 57.3 56.4 58.2 2208 950 5.259
1787241286 58.2 58.2 57.3 59.2 2208 950 5.288
1787241287 57.3 58.2 57.3 58.2 2208 950 5.230
1787241288 58.2 58.2 57.3 58.2 2208 950 5.235
1787241289 57.3 57.3 56.4 57.3 2208 950 5.215
1787241291 58.2 58.2 57.3 58.2 2208 950 5.273
1787241292 58.2 57.3 57.3 59.2 2208 950 5.240
1787241293 57.3 58.2 57.3 59.2 2208 950 5.201
1787241294 58.2 58.2 57.3 59.2 2208 950 5.249
1787241295 57.3 58.2 56.4 58.2 2208 950 5.215
1787241296 58.2 58.2 57.3 59.2 2208 950 5.230
1787241297 57.3 58.2 57.3 59.2 2208 950 5.220
1787241298 58.2 59.2 57.3 59.2 2208 950 5.215
1787241300 57.3 58.2 57.3 58.2 2208 950 5.235
1787241301 57.3 57.3 56.4 58.2 2208 950 5.273
1787241302 57.3 57.3 57.3 58.2 2208 950 5.235
1787241303 57.3 57.3 56.4 57.3 2208 950 5.244
1787241304 57.3 58.2 57.3 59.2 2208 950 5.235
1787241305 58.2 58.2 57.3 58.2 2208 950 5.201
1787241306 58.2 58.2 57.3 59.2 2208 950 5.240
1787241307 57.3 58.2 57.3 58.2 2208 950 5.167
1787241308 57.3 58.2 56.4 59.2 2208 950 5.220
1787241310 57.3 58.2 57.3 58.2 2208 950 5.240
1787241311 52.7 51.8 51.8 52.7 2208 950 5.283
1787241312 54.5 54.5 53.6 55.5 2208 950 5.259
1787241313 55.5 56.4 54.5 56.4 2208 950 5.215
1787241314 56.4 57.3 56.4 58.2 2208 950 5.293
1787241315 57.3 57.3 55.5 57.3 2208 950 5.206
1787241316 56.4 57.3 55.5 58.2 2208 950 5.244
1787241317 57.3 57.3 56.4 59.2 2208 950 5.230
1787241318 57.3 57.3 56.4 58.2 2208 950 5.177
1787241320 57.3 57.3 56.4 58.2 2208 950 5.215
1787241321 56.4 57.3 55.5 57.3 2208 950 5.240
1787241322 57.3 57.3 56.4 58.2 2208 950 5.225
1787241323 57.3 58.2 57.3 58.2 2208 950 5.235
1787241324 57.3 58.2 56.4 58.2 2208 950 5.225
1787241325 57.3 57.3 56.4 58.2 2208 950 5.254
1787241326 57.3 57.3 56.4 58.2 2208 950 5.215
1787241327 57.3 58.2 56.4 59.2 2208 950 5.283
1787241329 57.3 58.2 56.4 59.2 2208 950 5.220
1787241330 58.2 58.2 57.3 58.2 2208 950 5.220
1787241331 57.3 57.3 56.4 58.2 2208 950 5.235
1787241332 58.2 58.2 57.3 58.2 2208 950 5.264
1787241333 57.3 58.2 57.3 59.2 2208 950 5.240
1787241334 58.2 58.2 56.4 58.2 2208 950 5.186
1787241335 57.3 58.2 56.4 59.2 2208 950 5.215
1787241336 56.4 57.3 56.4 57.3 2208 950 5.254
1787241337 57.3 57.3 56.4 58.2 2208 950 5.235
1787241339 57.3 58.2 57.3 58.2 2208 950 5.182
1787241340 57.3 58.2 57.3 59.2 2208 950 5.298
1787241341 57.3 57.3 56.4 58.2 2208 950 5.235
1787241342 57.3 57.3 56.4 58.2 2208 950 5.264
1787241343 58.2 58.2 57.3 59.2 2208 950 5.235
1787241344 57.3 58.2 56.4 58.2 2208 950 5.254
1787241345 57.3 57.3 56.4 58.2 2208 950 5.269
1787241346 57.3 58.2 57.3 59.2 2208 950 5.225
1787241347 57.3 58.2 57.3 59.2 2208 950 5.235
1787241349 57.3 58.2 56.4 58.2 2208 950 5.177
1787241350 57.3 58.2 56.4 59.2 2208 950 5.196
1787241351 57.3 58.2 56.4 58.2 2208 950 5.235
1787241352 57.3 58.2 57.3 59.2 2208 950 5.278
1787241353 57.3 58.2 57.3 59.2 2208 950 5.215
1787241354 58.2 58.2 57.3 59.2 2208 950 5.254
1787241355 57.3 58.2 56.4 58.2 2208 950 5.235
1787241357 57.3 58.2 57.3 59.2 2208 950 5.225
1787241358 57.3 58.2 56.4 58.2 2208 950 5.230
1787241359 57.3 57.3 56.4 58.2 2208 950 5.244
1787241360 58.2 58.2 57.3 58.2 2208 950 5.244
1787241361 57.3 57.3 56.4 57.3 2208 950 5.211
1787241362 58.2 58.2 57.3 59.2 2208 950 5.235
1787241363 57.3 58.2 56.4 59.2 2208 950 5.196
1787241364 57.3 58.2 56.4 59.2 2208 950 5.191
1787241366 57.3 57.3 56.4 58.2 2208 950 5.215
1787241367 57.3 57.3 56.4 58.2 2208 950 5.244
1787241368 57.3 58.2 56.4 58.2 2208 950 5.264
1787241369 58.2 58.2 57.3 59.2 2208 950 5.215
1787241370 57.3 57.3 56.4 58.2 2208 950 5.215
1787241371 58.2 59.2 57.3 59.2 2208 950 5.273
1787241372 52.7 52.7 51.8 52.7 2208 950 5.331
1787241373 50.8 49.9 49.9 51.8 2208 950 5.244
1787241374 49.9 50.8 49.9 52.7 2208 950 5.254
1787241376 54.5 55.5 53.6 55.5 2208 950 5.283
1787241377 55.5 55.5 54.5 56.4 2208 950 5.206
1787241378 56.4 56.4 55.5 57.3 2208 950 5.298
1787241379 56.4 56.4 55.5 57.3 2208 950 5.235
1787241380 56.4 57.3 56.4 58.2 2208 950 5.215
1787241381 56.4 55.5 55.5 57.3 2208 950 5.177
1787241382 56.4 57.3 56.4 58.2 2208 950 5.215
1787241383 57.3 57.3 55.5 57.3 2208 950 5.225
1787241384 56.4 56.4 56.4 57.3 2208 950 5.196
1787241386 57.3 57.3 56.4 58.2 2208 950 5.230
1787241387 57.3 57.3 56.4 58.2 2208 950 5.254
1787241388 57.3 57.3 56.4 57.3 2208 950 5.215
1787241389 57.3 58.2 56.4 58.2 2208 950 5.201
1787241390 57.3 58.2 56.4 59.2 2208 950 5.206
1787241391 57.3 56.4 56.4 58.2 2208 950 5.240
1787241392 57.3 58.2 57.3 58.2 2208 950 5.269
1787241393 56.4 57.3 56.4 58.2 2208 950 5.278
1787241395 57.3 57.3 56.4 57.3 2208 950 5.259
1787241396 57.3 56.4 55.5 58.2 2208 950 5.230
1787241397 57.3 57.3 56.4 58.2 2208 950 5.235
1787241398 57.3 57.3 56.4 58.2 2208 950 5.225
1787241399 57.3 58.2 56.4 58.2 2208 950 5.273
1787241400 57.3 58.2 56.4 59.2 2208 950 5.264
1787241401 56.4 57.3 56.4 58.2 2208 950 5.249
1787241402 57.3 58.2 56.4 59.2 2208 950 5.225
1787241403 57.3 57.3 57.3 58.2 2208 950 5.264
1787241405 57.3 57.3 56.4 58.2 2208 950 5.278
1787241406 57.3 57.3 56.4 58.2 2208 950 5.269
1787241407 57.3 58.2 56.4 58.2 2208 950 5.264
1787241408 57.3 58.2 56.4 58.2 2208 950 5.215
1787241409 57.3 58.2 57.3 59.2 2208 950 5.215
1787241410 57.3 57.3 56.4 58.2 2208 950 5.211
1787241411 58.2 57.3 56.4 58.2 2208 950 5.230
1787241412 57.3 58.2 57.3 59.2 2208 950 5.240
1787241414 57.3 57.3 56.4 58.2 2208 950 5.230
1787241415 57.3 57.3 56.4 58.2 2208 950 5.264
1787241416 57.3 57.3 56.4 58.2 2208 950 5.220
1787241417 57.3 58.2 57.3 59.2 2208 950 5.254
1787241418 58.2 58.2 57.3 59.2 2208 950 5.230
1787241419 56.4 57.3 56.4 57.3 2208 950 5.220
1787241420 57.3 57.3 56.4 58.2 2208 950 5.240
1787241421 57.3 58.2 57.3 59.2 2208 950 5.196
1787241423 57.3 58.2 57.3 58.2 2208 950 5.273
1787241424 58.2 58.2 57.3 59.2 2208 950 5.240
1787241425 58.2 58.2 57.3 59.2 2208 950 5.269
1787241426 57.3 57.3 56.4 58.2 2208 950 5.264
1787241427 58.2 59.2 57.3 59.2 2208 950 5.220
1787241428 57.3 57.3 56.4 58.2 2208 950 5.215
1787241429 57.3 58.2 56.4 59.2 2208 950 5.254
1787241430 57.3 58.2 57.3 59.2 2208 950 5.215
1787241431 57.3 57.3 56.4 57.3 2208 950 5.215
1787241433 58.2 58.2 56.4 59.2 2208 950 5.230
1787241434 57.3 58.2 56.4 58.2 2208 950 5.230
1787241435 57.3 57.3 56.4 58.2 2208 950 5.230
1787241436 50.8 50.8 49.9 50.8 2208 950 5.288
1787241437 55.5 56.4 55.5 57.3 2208 950 5.273
1787241438 56.4 56.4 55.5 57.3 2208 950 5.254
1787241439 56.4 56.4 55.5 58.2 2208 950 5.220
1787241440 57.3 58.2 56.4 59.2 2208 950 5.191
1787241441 57.3 57.3 56.4 57.3 2208 950 5.201
1787241443 56.4 57.3 55.5 57.3 2208 950 5.215
1787241444 57.3 58.2 56.4 58.2 2208 950 5.196
1787241445 57.3 58.2 56.4 58.2 2208 950 5.244
1787241446 57.3 57.3 56.4 59.2 2208 950 5.254
1787241447 57.3 58.2 56.4 58.2 2208 950 5.240
1787241448 57.3 58.2 57.3 58.2 2208 950 5.196
1787241449 57.3 57.3 56.4 58.2 2208 950 5.196
1787241450 56.4 57.3 56.4 58.2 2208 950 5.220
1787241452 58.2 59.2 57.3 60.1 2208 950 5.215
1787241453 57.3 58.2 57.3 59.2 2208 950 5.201
1787241454 57.3 58.2 56.4 59.2 2208 950 5.235
1787241455 57.3 58.2 56.4 58.2 2208 950 5.230
1787241456 56.4 57.3 56.4 58.2 2208 950 5.240
1787241457 57.3 58.2 56.4 59.2 2208 950 5.211
1787241458 57.3 58.2 56.4 59.2 2208 950 5.206
1787241459 57.3 57.3 56.4 58.2 2208 950 5.230
1787241461 57.3 58.2 56.4 59.2 2208 950 5.196
1787241462 57.3 58.2 56.4 59.2 2208 950 5.249
1787241463 57.3 58.2 56.4 58.2 2208 950 5.225
1787241464 57.3 57.3 56.4 58.2 2208 950 5.235
1787241465 57.3 58.2 56.4 58.2 2208 950 5.273
1787241466 58.2 58.2 57.3 59.2 2208 950 5.235
1787241467 57.3 57.3 56.4 59.2 2208 950 5.269
1787241468 57.3 58.2 56.4 58.2 2208 950 5.235
1787241469 57.3 57.3 56.4 58.2 2208 950 5.278
1787241471 57.3 57.3 56.4 58.2 2208 950 5.215
1787241472 58.2 58.2 56.4 59.2 2208 950 5.230
1787241473 57.3 58.2 57.3 59.2 2208 950 5.254
1787241474 57.3 58.2 56.4 58.2 2208 950 5.220
1787241475 57.3 58.2 56.4 58.2 2208 950 5.230
1787241476 58.2 58.2 56.4 58.2 2208 950 5.215
1787241477 57.3 57.3 56.4 58.2 2208 950 5.254
1787241478 58.2 58.2 57.3 59.2 2208 950 5.230
1787241480 57.3 56.4 56.4 58.2 2208 950 5.220
1787241481 57.3 58.2 57.3 58.2 2208 950 5.230
1787241482 58.2 58.2 57.3 59.2 2208 950 5.215
1787241483 58.2 58.2 57.3 59.2 2208 950 5.240
1787241484 58.2 58.2 57.3 58.2 2208 950 5.254
1787241485 57.3 58.2 57.3 59.2 2208 950 5.264
1787241486 58.2 58.2 57.3 59.2 2208 950 5.182
1787241487 58.2 58.2 57.3 59.2 2208 950 5.244
1787241489 57.3 58.2 57.3 59.2 2208 950 5.225
1787241490 57.3 57.3 56.4 58.2 2208 950 5.220
1787241491 57.3 58.2 57.3 59.2 2208 950 5.249
1787241492 58.2 58.2 57.3 58.2 2208 950 5.278
1787241493 57.3 57.3 56.4 59.2 2208 950 5.254
1787241494 58.2 58.2 57.3 59.2 2208 950 5.240
1787241495 57.3 57.3 56.4 58.2 2208 950 5.264
1787241496 57.3 57.3 57.3 59.2 2208 950 5.288
1787241498 50.8 50.8 49.9 51.8 2208 950 5.259
1787241499 55.5 55.5 54.5 56.4 2208 950 5.249
1787241500 56.4 57.3 55.5 57.3 2208 950 5.215
1787241501 56.4 57.3 55.5 57.3 2208 950 5.273
1787241502 56.4 57.3 56.4 58.2 2208 950 5.235
1787241503 56.4 56.4 55.5 58.2 2208 950 5.215
1787241504 56.4 56.4 55.5 57.3 2208 950 5.244
1787241505 58.2 58.2 57.3 59.2 2208 950 5.206
1787241507 56.4 57.3 55.5 57.3 2208 950 5.254
1787241508 57.3 57.3 56.4 58.2 2208 950 5.244
1787241509 57.3 58.2 56.4 58.2 2208 950 5.182
1787241510 57.3 57.3 56.4 58.2 2208 950 5.206
1787241511 57.3 58.2 57.3 59.2 2208 950 5.225
1787241512 57.3 58.2 56.4 58.2 2208 950 5.259
1787241513 57.3 58.2 56.4 58.2 2208 950 5.244
1787241514 57.3 58.2 56.4 59.2 2208 950 5.220
1787241515 57.3 58.2 57.3 59.2 2208 950 5.293
1787241517 57.3 57.3 56.4 58.2 2208 950 5.235
1787241518 58.2 58.2 56.4 58.2 2208 950 5.201
1787241519 57.3 58.2 57.3 59.2 2208 950 5.264
1787241520 57.3 58.2 56.4 58.2 2208 950 5.235
1787241521 57.3 58.2 57.3 59.2 2208 950 5.211
1787241522 58.2 58.2 57.3 59.2 2208 950 5.240
1787241523 58.2 58.2 57.3 60.1 2208 950 5.206
1787241525 58.2 59.2 57.3 60.1 2208 950 5.240
1787241526 58.2 58.2 57.3 59.2 2208 950 5.215
1787241527 58.2 59.2 57.3 60.1 2208 950 5.211
1787241528 58.2 58.2 57.3 59.2 2208 950 5.254
1787241529 57.3 58.2 57.3 59.2 2208 950 5.244
1787241530 57.3 57.3 56.4 58.2 2208 950 5.269
1787241531 57.3 57.3 56.4 59.2 2208 950 5.196
1787241532 57.3 58.2 57.3 59.2 2208 950 5.220
1787241534 58.2 59.2 57.3 59.2 2208 950 5.225
1787241535 57.3 57.3 56.4 58.2 2208 950 5.206
1787241536 57.3 57.3 56.4 58.2 2208 950 5.191
1787241537 57.3 58.2 57.3 59.2 2208 950 5.269
1787241538 57.3 58.2 57.3 58.2 2208 950 5.225
1787241539 57.3 57.3 56.4 58.2 2208 950 5.259
1787241540 57.3 58.2 56.4 58.2 2208 950 5.235
1787241541 57.3 58.2 57.3 59.2 2208 950 5.249
1787241543 57.3 58.2 57.3 58.2 2208 950 5.249
1787241544 58.2 58.2 57.3 59.2 2208 950 5.177
1787241545 57.3 57.3 56.4 58.2 2208 950 5.211
1787241546 58.2 59.2 57.3 60.1 2208 950 5.215
1787241547 57.3 57.3 56.4 59.2 2208 950 5.273
1787241548 57.3 56.4 55.5 57.3 2208 950 5.220
1787241549 57.3 58.2 57.3 58.2 2208 950 5.215
1787241551 57.3 57.3 56.4 58.2 2208 950 5.206
1787241552 56.4 56.4 55.5 56.4 2208 950 5.240
1787241553 57.3 58.2 56.4 59.2 2208 950 5.240
1787241554 57.3 58.2 57.3 59.2 2208 950 5.225
1787241555 57.3 58.2 57.3 59.2 2208 950 5.191
1787241556 58.2 58.2 57.3 60.1 2208 950 5.249
1787241557 58.2 58.2 57.3 59.2 2208 950 5.244
1787241558 53.6 53.6 52.7 54.5 2208 950 5.302
1787241560 52.7 53.6 51.8 54.5 2208 950 5.186
1787241561 55.5 56.4 55.5 57.3 2208 950 5.215
1787241562 56.4 57.3 56.4 58.2 2208 950 5.230
1787241563 57.3 57.3 56.4 58.2 2208 950 5.230
1787241564 57.3 57.3 56.4 58.2 2208 950 5.235
1787241565 57.3 58.2 56.4 59.2 2208 950 5.211
1787241566 56.4 57.3 56.4 57.3 2208 950 5.230
1787241567 56.4 57.3 56.4 58.2 2208 950 5.240
1787241569 58.2 58.2 57.3 59.2 2208 950 5.230
1787241570 57.3 58.2 57.3 59.2 2208 950 5.244
1787241571 56.4 57.3 56.4 58.2 2208 950 5.244
1787241572 57.3 58.2 57.3 59.2 2208 950 5.225
1787241573 57.3 58.2 56.4 59.2 2208 950 5.225
1787241574 57.3 58.2 56.4 58.2 2208 950 5.215
1787241575 57.3 58.2 56.4 59.2 2208 950 5.225
1787241577 57.3 58.2 56.4 59.2 2208 950 5.244
1787241578 57.3 58.2 57.3 58.2 2208 950 5.215
1787241579 58.2 58.2 56.4 58.2 2208 950 5.264
1787241580 57.3 58.2 56.4 59.2 2208 950 5.186
1787241581 57.3 57.3 56.4 58.2 2208 950 5.225
1787241582 57.3 57.3 56.4 58.2 2208 950 5.230
1787241583 57.3 58.2 57.3 59.2 2208 950 5.201
1787241585 57.3 57.3 56.4 58.2 2208 950 5.220
1787241586 57.3 57.3 56.4 59.2 2208 950 5.240
1787241587 58.2 58.2 57.3 59.2 2208 950 5.196
1787241588 57.3 58.2 56.4 58.2 2208 950 5.240
1787241589 57.3 57.3 56.4 58.2 2208 950 5.211
1787241590 57.3 57.3 56.4 58.2 2208 950 5.211
1787241591 58.2 58.2 57.3 59.2 2208 950 5.201
1787241592 57.3 58.2 57.3 59.2 2208 950 5.215
1787241594 57.3 57.3 56.4 58.2 2208 950 5.244
1787241595 57.3 58.2 57.3 59.2 2208 950 5.196
1787241596 57.3 58.2 57.3 58.2 2208 950 5.206
1787241597 57.3 58.2 57.3 59.2 2208 950 5.206
1787241598 57.3 57.3 56.4 59.2 2208 950 5.259
1787241599 57.3 57.3 56.4 59.2 2208 950 5.244
1787241600 57.3 57.3 56.4 58.2 2208 950 5.201
1787241601 57.3 58.2 56.4 59.2 2208 950 5.211
1787241603 57.3 57.3 56.4 58.2 2208 950 5.249
1787241604 58.2 58.2 57.3 59.2 2208 950 5.220
1787241605 57.3 57.3 56.4 58.2 2208 950 5.235
1787241606 57.3 58.2 56.4 58.2 2208 950 5.249
1787241607 57.3 58.2 56.4 59.2 2208 950 5.235
1787241608 57.3 58.2 57.3 59.2 2208 950 5.249
1787241609 57.3 58.2 57.3 59.2 2208 950 5.249
1787241610 58.2 58.2 57.3 59.2 2208 950 5.240
1787241612 57.3 57.3 56.4 59.2 2208 950 5.196
1787241613 57.3 58.2 57.3 59.2 2208 950 5.186
1787241614 57.3 58.2 56.4 58.2 2208 950 5.235
1787241615 57.3 58.2 56.4 58.2 2208 950 5.230
1787241616 57.3 57.3 56.4 57.3 2208 950 5.259
1787241617 57.3 57.3 56.4 58.2 2208 950 5.235
1787241618 57.3 58.2 56.4 58.2 2208 950 5.225
1787241619 57.3 58.2 57.3 59.2 2208 950 5.215
1787241621 52.7 51.8 51.8 52.7 2208 950 5.312
1787241622 54.5 53.6 53.6 54.5 2208 950 5.225
1787241623 56.4 57.3 55.5 57.3 2208 950 5.201
1787241624 56.4 57.3 56.4 58.2 2208 950 5.211
1787241625 56.4 56.4 55.5 57.3 2208 950 5.244
1787241626 56.4 57.3 55.5 58.2 2208 950 5.225
1787241627 57.3 57.3 56.4 58.2 2208 950 5.230
1787241628 57.3 58.2 56.4 58.2 2208 950 5.283
1787241629 57.3 58.2 56.4 58.2 2208 950 5.254
1787241631 57.3 58.2 56.4 58.2 2208 950 5.240
1787241632 57.3 58.2 57.3 58.2 2208 950 5.211
1787241633 58.2 58.2 57.3 59.2 2208 950 5.259
1787241634 57.3 57.3 56.4 58.2 2208 950 5.235
1787241635 57.3 57.3 57.3 58.2 2208 950 5.196
1787241636 57.3 58.2 56.4 58.2 2208 950 5.249
1787241637 57.3 57.3 56.4 59.2 2208 950 5.264
1787241638 57.3 57.3 56.4 58.2 2208 950 5.230
1787241640 57.3 58.2 57.3 59.2 2208 950 5.211
1787241641 57.3 57.3 56.4 58.2 2208 950 5.220
1787241642 57.3 57.3 56.4 58.2 2208 950 5.312
1787241643 57.3 58.2 56.4 59.2 2208 950 5.220
1787241644 56.4 58.2 56.4 57.3 2208 950 5.191
1787241645 56.4 57.3 55.5 57.3 2208 950 5.220
1787241646 57.3 58.2 57.3 58.2 2208 950 5.235
1787241647 57.3 57.3 56.4 57.3 2208 950 5.249
1787241648 58.2 58.2 57.3 59.2 2208 950 5.240
1787241650 57.3 57.3 56.4 58.2 2208 950 5.225
1787241651 57.3 57.3 56.4 58.2 2208 950 5.215
1787241652 57.3 57.3 56.4 57.3 2208 950 5.201
1787241653 57.3 58.2 56.4 58.2 2208 950 5.186
1787241654 57.3 57.3 56.4 58.2 2208 950 5.302
1787241655 57.3 57.3 56.4 58.2 2208 950 5.240
1787241656 57.3 57.3 56.4 57.3 2208 950 5.196
1787241657 57.3 57.3 56.4 59.2 2208 950 5.264
1787241659 57.3 57.3 57.3 58.2 2208 950 5.215
1787241660 57.3 57.3 56.4 58.2 2208 950 5.269
1787241661 57.3 57.3 56.4 58.2 2208 950 5.186
1787241662 57.3 58.2 57.3 59.2 2208 950 5.211
1787241663 57.3 58.2 56.4 58.2 2208 950 5.240
1787241664 58.2 59.2 57.3 59.2 2208 950 5.225
1787241665 57.3 58.2 57.3 59.2 2208 950 5.269
1787241666 57.3 58.2 57.3 59.2 2208 950 5.211
1787241668 57.3 57.3 56.4 58.2 2208 950 5.254
1787241669 57.3 57.3 56.4 58.2 2208 950 5.225
1787241670 57.3 58.2 57.3 59.2 2208 950 5.240
1787241671 57.3 58.2 57.3 59.2 2208 950 5.215
1787241672 57.3 58.2 56.4 58.2 2208 950 5.177
1787241673 58.2 58.2 57.3 59.2 2208 950 5.230
1787241674 58.2 58.2 57.3 59.2 2208 950 5.244
1787241676 58.2 58.2 57.3 58.2 2208 950 5.196
1787241677 57.3 57.3 56.4 58.2 2208 950 5.240
1787241678 58.2 58.2 57.3 59.2 2208 950 5.215
1787241679 57.3 58.2 57.3 59.2 2208 950 5.225
1787241680 58.2 58.2 57.3 59.2 2208 950 5.186
1787241681 57.3 58.2 56.4 58.2 2208 950 5.264
1787241682 51.8 50.8 50.8 51.8 2208 950 5.307
1787241683 49.9 49.0 49.0 49.9 2208 950 5.254
1787241684 50.8 51.8 50.8 52.7 2208 950 5.206
1787241686 53.6 54.5 53.6 55.5 2208 950 5.240
1787241687 55.5 56.4 54.5 56.4 2208 950 5.249
1787241688 55.5 56.4 55.5 57.3 2208 950 5.269
1787241689 56.4 57.3 55.5 57.3 2208 950 5.215
1787241690 56.4 56.4 55.5 57.3 2208 950 5.235
1787241691 56.4 56.4 55.5 57.3 2208 950 5.293
1787241692 56.4 57.3 55.5 57.3 2208 950 5.249
1787241693 56.4 56.4 55.5 57.3 2208 950 5.220
1787241694 57.3 57.3 56.4 58.2 2208 950 5.230
1787241696 56.4 57.3 56.4 57.3 2208 950 5.225
1787241697 57.3 58.2 56.4 58.2 2208 950 5.215
1787241698 57.3 58.2 56.4 59.2 2208 950 5.235
1787241699 56.4 57.3 56.4 57.3 2208 950 5.201
1787241700 57.3 57.3 56.4 59.2 2208 950 5.235
1787241701 57.3 57.3 56.4 58.2 2208 950 5.244
1787241702 57.3 57.3 56.4 58.2 2208 950 5.215
1787241704 57.3 58.2 56.4 59.2 2208 950 5.215
1787241705 57.3 58.2 56.4 58.2 2208 950 5.240
1787241706 56.4 57.3 56.4 57.3 2208 950 5.244
1787241707 57.3 57.3 56.4 58.2 2208 950 5.269
1787241708 57.3 58.2 57.3 59.2 2208 950 5.225
1787241709 57.3 58.2 57.3 58.2 2208 950 5.177
1787241710 56.4 57.3 56.4 58.2 2208 950 5.240
1787241712 57.3 57.3 56.4 59.2 2208 950 5.201
1787241713 57.3 57.3 56.4 58.2 2208 950 5.244
1787241714 57.3 57.3 56.4 58.2 2208 950 5.191
1787241715 57.3 58.2 57.3 59.2 2208 950 5.235
1787241716 58.2 58.2 57.3 59.2 2208 950 5.235
1787241717 57.3 57.3 56.4 59.2 2208 950 5.230
1787241718 57.3 57.3 56.4 58.2 2208 950 5.220
1787241720 58.2 58.2 56.4 59.2 2208 950 5.235
1787241721 57.3 58.2 57.3 59.2 2208 950 5.215
1787241722 57.3 57.3 57.3 59.2 2208 950 5.254
1787241723 57.3 57.3 56.4 58.2 2208 950 5.240
1787241724 57.3 57.3 56.4 58.2 2208 950 5.220
1787241725 57.3 57.3 56.4 57.3 2208 950 5.249
1787241726 57.3 57.3 56.4 59.2 2208 950 5.215
1787241727 57.3 58.2 56.4 58.2 2208 950 5.211
1787241729 57.3 58.2 56.4 58.2 2208 950 5.177
1787241730 57.3 57.3 56.4 57.3 2208 950 5.225
1787241731 57.3 58.2 56.4 58.2 2208 950 5.240
1787241732 57.3 57.3 56.4 58.2 2208 950 5.220
1787241733 57.3 58.2 57.3 59.2 2208 950 5.225
1787241734 57.3 57.3 56.4 58.2 2208 950 5.244
1787241735 57.3 58.2 57.3 58.2 2208 950 5.230
1787241736 57.3 58.2 57.3 59.2 2208 950 5.235
1787241738 57.3 58.2 57.3 59.2 2208 950 5.264
1787241739 57.3 58.2 57.3 59.2 2208 950 5.186
1787241740 57.3 58.2 56.4 58.2 2208 950 5.206
1787241741 57.3 57.3 56.4 58.2 2208 950 5.211
1787241742 58.2 58.2 57.3 58.2 2208 950 5.225
1787241743 57.3 58.2 56.4 59.2 2208 950 5.235
1787241744 57.3 58.2 57.3 59.2 2208 950 5.240
1787241746 51.8 50.8 50.8 51.8 2208 950 5.293
1787241747 54.5 55.5 54.5 56.4 2208 950 5.191
1787241748 56.4 56.4 55.5 57.3 2208 950 5.186
1787241749 56.4 57.3 55.5 57.3 2208 950 5.254
1787241750 57.3 57.3 56.4 58.2 2208 950 5.240
1787241751 57.3 58.2 56.4 58.2 2208 950 5.206
1787241752 56.4 57.3 56.4 58.2 2208 950 5.254
1787241753 56.4 57.3 56.4 57.3 2208 950 5.259
1787241754 57.3 57.3 56.4 57.3 2208 950 5.225
1787241756 57.3 58.2 57.3 59.2 2208 950 5.220
1787241757 58.2 58.2 57.3 59.2 2208 950 5.249
1787241758 57.3 58.2 56.4 58.2 2208 950 5.244
1787241759 57.3 56.4 55.5 57.3 2208 950 5.215
1787241760 57.3 57.3 56.4 57.3 2208 950 5.220
1787241761 57.3 57.3 56.4 58.2 2208 950 5.249
1787241762 57.3 58.2 56.4 59.2 2208 950 5.240
1787241763 56.4 57.3 55.5 57.3 2208 950 5.235
1787241765 57.3 57.3 56.4 58.2 2208 950 5.240
1787241766 57.3 58.2 56.4 58.2 2208 950 5.249
1787241767 58.2 58.2 57.3 59.2 2208 950 5.225
1787241768 57.3 58.2 56.4 59.2 2208 950 5.196
1787241769 57.3 58.2 57.3 59.2 2208 950 5.215
1787241770 57.3 57.3 56.4 57.3 2208 950 5.225
1787241771 58.2 58.2 57.3 59.2 2208 950 5.283
1787241772 57.3 58.2 57.3 59.2 2208 950 5.186
1787241774 57.3 57.3 56.4 59.2 2208 950 5.273
1787241775 57.3 58.2 56.4 59.2 2208 950 5.206
1787241776 57.3 57.3 56.4 58.2 2208 950 5.235
1787241777 58.2 58.2 57.3 59.2 2208 950 5.249
1787241778 57.3 58.2 56.4 59.2 2208 950 5.259
1787241779 57.3 58.2 57.3 58.2 2208 950 5.230
1787241780 57.3 58.2 57.3 58.2 2208 950 5.244
1787241782 57.3 58.2 56.4 59.2 2208 950 5.182
1787241783 58.2 58.2 57.3 59.2 2208 950 5.215
1787241784 56.4 57.3 56.4 58.2 2208 950 5.269
1787241785 57.3 57.3 56.4 58.2 2208 950 5.235
1787241786 57.3 57.3 56.4 59.2 2208 950 5.220
1787241787 57.3 58.2 57.3 58.2 2208 950 5.264
1787241788 57.3 58.2 56.4 59.2 2208 950 5.220
1787241789 58.2 59.2 57.3 59.2 2208 950 5.201
1787241791 58.2 58.2 57.3 60.1 2208 950 5.235
1787241792 57.3 58.2 56.4 59.2 2208 950 5.177
1787241793 57.3 58.2 57.3 58.2 2208 950 5.225
1787241794 58.2 58.2 57.3 59.2 2208 950 5.259
1787241795 58.2 59.2 57.3 59.2 2208 950 5.254
1787241796 58.2 59.2 57.3 59.2 2208 950 5.230
1787241797 57.3 58.2 56.4 59.2 2208 950 5.211
1787241798 58.2 58.2 57.3 59.2 2208 950 5.220
1787241800 57.3 58.2 57.3 58.2 2208 950 5.196
1787241801 57.3 58.2 56.4 58.2 2208 950 5.240
1787241802 57.3 58.2 56.4 58.2 2208 950 5.230
1787241803 57.3 58.2 57.3 59.2 2208 950 5.225
1787241804 58.2 58.2 57.3 59.2 2208 950 5.230
1787241805 57.3 57.3 56.4 58.2 2208 950 5.225
1787241806 57.3 58.2 57.3 59.2 2208 950 5.211
1787241807 50.8 49.9 49.0 50.8 2208 950 5.327
1787241809 54.5 55.5 54.5 56.4 2208 950 5.240
1787241810 56.4 57.3 55.5 57.3 2208 950 5.206
1787241811 56.4 57.3 56.4 58.2 2208 950 5.191
1787241812 57.3 57.3 56.4 57.3 2208 950 5.230
1787241813 56.4 57.3 56.4 58.2 2208 950 5.182
1787241814 56.4 56.4 55.5 57.3 2208 950 5.249
1787241815 56.4 56.4 56.4 57.3 2208 950 5.240
1787241816 57.3 57.3 56.4 58.2 2208 950 5.230
1787241817 56.4 57.3 55.5 58.2 2208 950 5.206
1787241819 56.4 57.3 56.4 58.2 2208 950 5.215
1787241820 56.4 57.3 56.4 58.2 2208 950 5.240
1787241821 56.4 57.3 56.4 57.3 2208 950 5.254
1787241822 56.4 57.3 56.4 58.2 2208 950 5.244
1787241823 57.3 57.3 56.4 58.2 2208 950 5.230
1787241824 56.4 57.3 55.5 58.2 2208 950 5.235
1787241825 56.4 57.3 55.5 58.2 2208 950 5.191
1787241827 57.3 58.2 57.3 59.2 2208 950 5.244
1787241828 58.2 58.2 57.3 59.2 2208 950 5.220
1787241829 57.3 57.3 56.4 57.3 2208 950 5.240
1787241830 57.3 57.3 56.4 57.3 2208 950 5.186
1787241831 57.3 57.3 56.4 58.2 2208 950 5.249
1787241832 57.3 57.3 56.4 58.2 2208 950 5.225
1787241833 58.2 58.2 57.3 59.2 2208 950 5.182
1787241834 57.3 58.2 56.4 58.2 2208 950 5.230
1787241835 56.4 57.3 56.4 58.2 2208 950 5.264
1787241837 56.4 57.3 56.4 57.3 2208 950 5.215
1787241838 57.3 57.3 56.4 57.3 2208 950 5.211
1787241839 57.3 57.3 56.4 58.2 2208 950 5.249
1787241840 57.3 58.2 56.4 58.2 2208 950 5.201
1787241841 57.3 58.2 56.4 58.2 2208 950 5.211
1787241842 57.3 57.3 56.4 58.2 2208 950 5.225
1787241843 57.3 58.2 56.4 59.2 2208 950 5.235
1787241844 57.3 58.2 56.4 58.2 2208 950 5.196
1787241846 58.2 58.2 57.3 59.2 2208 950 5.235
1787241847 57.3 58.2 57.3 59.2 2208 950 5.215
1787241848 58.2 58.2 57.3 59.2 2208 950 5.235
1787241849 57.3 58.2 56.4 59.2 2208 950 5.240
1787241850 57.3 58.2 57.3 58.2 2208 950 5.215
1787241851 57.3 58.2 56.4 59.2 2208 950 5.206
1787241852 58.2 58.2 57.3 59.2 2208 950 5.244
1787241854 57.3 58.2 57.3 59.2 2208 950 5.206
1787241855 57.3 57.3 56.4 58.2 2208 950 5.240
1787241856 57.3 58.2 56.4 58.2 2208 950 5.235
1787241857 57.3 58.2 56.4 59.2 2208 950 5.244
1787241858 57.3 57.3 56.4 58.2 2208 950 5.235
1787241859 57.3 58.2 57.3 59.2 2208 950 5.273
1787241860 58.2 58.2 57.3 59.2 2208 950 5.186
1787241862 57.3 58.2 56.4 58.2 2208 950 5.230
1787241863 57.3 58.2 57.3 58.2 2208 950 5.128
1787241864 57.3 58.2 56.4 58.2 2208 950 5.278
1787241865 58.2 57.3 57.3 58.2 2208 950 5.215
1787241866 57.3 57.3 56.4 57.3 2208 950 5.254
1787241867 57.3 57.3 56.4 58.2 2208 950 5.220
1787241868 57.3 58.2 57.3 59.2 2208 950 5.269
1787241869 50.8 49.9 49.9 50.8 2208 950 5.264
1787241870 55.5 56.4 54.5 57.3 2208 950 5.215
1787241872 56.4 57.3 55.5 57.3 2208 950 5.249
1787241873 56.4 57.3 55.5 57.3 2208 950 5.211
1787241874 56.4 56.4 55.5 57.3 2208 950 5.196
1787241875 56.4 57.3 55.5 58.2 2208 950 5.254
1787241876 57.3 57.3 55.5 58.2 2208 950 5.215
1787241877 57.3 57.3 56.4 57.3 2208 950 5.235
1787241878 57.3 57.3 56.4 58.2 2208 950 5.273
1787241879 56.4 56.4 55.5 57.3 2208 950 5.215
1787241880 57.3 58.2 56.4 58.2 2208 950 5.191
1787241882 56.4 56.4 56.4 57.3 2208 950 5.235
1787241883 56.4 56.4 55.5 57.3 2208 950 5.206
1787241884 57.3 57.3 56.4 58.2 2208 950 5.215
1787241885 56.4 57.3 56.4 57.3 2208 950 5.182
1787241886 57.3 58.2 56.4 58.2 2208 950 5.225
1787241887 57.3 58.2 56.4 59.2 2208 950 5.288
1787241888 57.3 57.3 56.4 57.3 2208 950 5.201
1787241889 57.3 58.2 56.4 58.2 2208 950 5.254
1787241890 57.3 58.2 57.3 59.2 2208 950 5.215
1787241892 57.3 57.3 56.4 58.2 2208 950 5.235
1787241893 56.4 57.3 55.5 58.2 2208 950 5.240
1787241894 56.4 57.3 55.5 58.2 2208 950 5.215
1787241895 57.3 58.2 56.4 58.2 2208 950 5.196
1787241896 57.3 58.2 57.3 59.2 2208 950 5.215
1787241897 57.3 57.3 56.4 58.2 2208 950 5.206
1787241898 56.4 57.3 56.4 57.3 2208 950 5.225
1787241899 57.3 57.3 56.4 58.2 2208 950 5.201
1787241901 57.3 58.2 56.4 58.2 2208 950 5.196
1787241902 57.3 57.3 56.4 58.2 2208 950 5.264
1787241903 56.4 57.3 55.5 58.2 2208 950 5.225
1787241904 57.3 57.3 56.4 58.2 2208 950 5.259
1787241905 57.3 57.3 56.4 58.2 2208 950 5.249
1787241906 57.3 58.2 56.4 58.2 2208 950 5.249
1787241907 57.3 57.3 56.4 58.2 2208 950 5.230
1787241908 58.2 59.2 57.3 59.2 2208 950 5.249
1787241909 57.3 57.3 56.4 58.2 2208 950 5.240
1787241911 56.4 57.3 56.4 58.2 2208 950 5.215
1787241912 57.3 58.2 56.4 58.2 2208 950 5.225
1787241913 57.3 58.2 56.4 58.2 2208 950 5.244
1787241914 57.3 57.3 56.4 57.3 2208 950 5.206
1787241915 57.3 59.2 57.3 59.2 2208 950 5.235
1787241916 57.3 57.3 56.4 58.2 2208 950 5.254
1787241917 56.4 56.4 56.4 57.3 2208 950 5.254
1787241918 57.3 57.3 56.4 57.3 2208 950 5.220
1787241919 58.2 58.2 57.3 59.2 2208 950 5.215
1787241921 57.3 58.2 57.3 58.2 2208 950 5.230
1787241922 56.4 56.4 55.5 58.2 2208 950 5.269
1787241923 57.3 57.3 56.4 57.3 2208 950 5.201
1787241924 57.3 57.3 56.4 58.2 2208 950 5.225
1787241925 57.3 58.2 56.4 59.2 2208 950 5.240
1787241926 57.3 57.3 57.3 58.2 2208 950 5.240
1787241927 57.3 57.3 56.4 58.2 2208 950 5.225
1787241928 57.3 58.2 56.4 58.2 2208 950 5.182
1787241929 57.3 58.2 56.4 59.2 2208 950 5.249
1787241931 51.8 50.8 49.9 51.8 2208 950 5.312
1787241932 54.5 54.5 53.6 55.5 2208 950 5.206
1787241933 56.4 56.4 55.5 57.3 2208 950 5.211
1787241934 56.4 56.4 55.5 56.4 2208 950 5.235
1787241935 56.4 57.3 56.4 58.2 2208 950 5.191
1787241936 57.3 57.3 56.4 57.3 2208 950 5.206
1787241937 56.4 57.3 55.5 57.3 2208 950 5.215
1787241938 57.3 57.3 56.4 58.2 2208 950 5.235
1787241940 57.3 58.2 56.4 58.2 2208 950 5.283
1787241941 56.4 57.3 56.4 58.2 2208 950 5.215
1787241942 57.3 58.2 57.3 58.2 2208 950 5.211
1787241943 58.2 58.2 57.3 59.2 2208 950 5.225
1787241944 57.3 58.2 56.4 59.2 2208 950 5.225
1787241945 57.3 58.2 56.4 58.2 2208 950 5.235
1787241946 57.3 57.3 56.4 58.2 2208 950 5.259
1787241947 57.3 58.2 56.4 58.2 2208 950 5.215
1787241948 56.4 57.3 56.4 58.2 2208 950 5.230
1787241950 57.3 58.2 56.4 59.2 2208 950 5.220
1787241951 57.3 57.3 56.4 57.3 2208 950 5.211
1787241952 57.3 58.2 57.3 59.2 2208 950 5.230
1787241953 57.3 58.2 57.3 59.2 2208 950 5.196
1787241954 57.3 58.2 56.4 58.2 2208 950 5.244
1787241955 58.2 58.2 56.4 58.2 2208 950 5.230
1787241956 57.3 58.2 56.4 59.2 2208 950 5.273
1787241958 57.3 57.3 56.4 58.2 2208 950 5.240
1787241959 57.3 58.2 56.4 59.2 2208 950 5.230
1787241960 57.3 58.2 57.3 59.2 2208 950 5.191
1787241961 57.3 57.3 56.4 58.2 2208 950 5.206
1787241962 57.3 58.2 56.4 59.2 2208 950 5.225
1787241963 57.3 58.2 56.4 58.2 2208 950 5.230
1787241964 57.3 58.2 56.4 59.2 2208 950 5.215
1787241966 57.3 57.3 56.4 58.2 2208 950 5.196
1787241967 57.3 58.2 57.3 58.2 2208 950 5.230
1787241968 57.3 58.2 56.4 58.2 2208 950 5.206
1787241969 57.3 57.3 56.4 59.2 2208 950 5.235
1787241970 57.3 57.3 56.4 58.2 2208 950 5.225
1787241971 57.3 58.2 56.4 58.2 2208 950 5.288
1787241972 58.2 58.2 57.3 59.2 2208 950 5.225
1787241973 57.3 58.2 56.4 59.2 2208 950 5.283
1787241975 57.3 58.2 57.3 59.2 2208 950 5.225
1787241976 57.3 57.3 57.3 59.2 2208 950 5.240
1787241977 57.3 57.3 56.4 58.2 2208 950 5.211
1787241978 57.3 57.3 56.4 58.2 2208 950 5.211
1787241979 57.3 57.3 57.3 59.2 2208 950 5.288
1787241980 57.3 56.4 56.4 58.2 2208 950 5.254
1787241981 58.2 58.2 57.3 59.2 2208 950 5.230
1787241982 57.3 57.3 56.4 58.2 2208 950 5.211
1787241984 58.2 58.2 56.4 59.2 2208 950 5.244
1787241985 57.3 57.3 56.4 57.3 2208 950 5.206
1787241986 57.3 57.3 56.4 58.2 2208 950 5.273
1787241987 57.3 57.3 56.4 58.2 2208 950 5.269
1787241988 58.2 58.2 57.3 59.2 2208 950 5.302
1787241989 57.3 58.2 57.3 58.2 2208 950 5.211
1787241990 57.3 58.2 57.3 59.2 2208 950 5.259
1787241991 56.4 56.4 55.5 58.2 2208 950 5.215
1787241993 50.8 50.8 49.9 50.8 2208 950 5.307
1787241994 49.0 48.1 48.1 49.0 2208 950 5.264
1787241995 52.7 53.6 52.7 54.5 2208 950 5.215
1787241996 55.5 56.4 54.5 56.4 2208 950 5.240
1787241997 55.5 56.4 55.5 56.4 2208 950 5.264
1787241998 56.4 56.4 55.5 57.3 2208 950 5.220
1787241999 56.4 56.4 55.5 57.3 2208 950 5.211
1787242000 56.4 57.3 56.4 57.3 2208 950 5.244
1787242001 56.4 55.5 55.5 56.4 2208 950 5.244
1787242002 57.3 57.3 56.4 58.2 2208 950 5.230
1787242004 56.4 57.3 56.4 58.2 2208 950 5.225
1787242005 57.3 57.3 56.4 58.2 2208 950 5.211
1787242006 56.4 56.4 55.5 57.3 2208 950 5.215
1787242007 56.4 57.3 56.4 58.2 2208 950 5.230
1787242008 57.3 57.3 56.4 58.2 2208 950 5.278
1787242009 57.3 58.2 56.4 59.2 2208 950 5.240
1787242010 57.3 57.3 56.4 58.2 2208 950 5.249
1787242012 56.4 55.5 55.5 57.3 2208 950 5.240
1787242013 57.3 58.2 56.4 58.2 2208 950 5.215
1787242014 56.4 55.5 55.5 56.4 2208 950 5.225
1787242015 57.3 57.3 56.4 58.2 2208 950 5.240
1787242016 57.3 58.2 56.4 59.2 2208 950 5.249
1787242017 57.3 58.2 57.3 59.2 2208 950 5.220
1787242018 57.3 58.2 56.4 58.2 2208 950 5.230
1787242019 56.4 56.4 55.5 58.2 2208 950 5.235
1787242021 57.3 58.2 56.4 59.2 2208 950 5.186
1787242022 57.3 57.3 56.4 59.2 2208 950 5.240
1787242023 57.3 58.2 57.3 59.2 2208 950 5.215
1787242024 58.2 57.3 56.4 59.2 2208 950 5.254
1787242025 57.3 57.3 56.4 58.2 2208 950 5.254
1787242026 58.2 59.2 57.3 59.2 2208 950 5.215
1787242027 58.2 58.2 57.3 59.2 2208 950 5.211
1787242028 57.3 57.3 56.4 57.3 2208 950 5.167
1787242030 57.3 57.3 56.4 58.2 2208 950 5.249
1787242031 58.2 58.2 57.3 59.2 2208 950 5.235
1787242032 56.4 56.4 55.5 56.4 2208 950 5.201
1787242033 58.2 58.2 57.3 60.1 2208 950 5.211
1787242034 57.3 58.2 56.4 59.2 2208 950 5.201
1787242035 58.2 58.2 57.3 59.2 2208 950 5.254
1787242036 57.3 58.2 56.4 58.2 2208 950 5.244
1787242038 57.3 58.2 57.3 58.2 2208 950 5.259
1787242039 57.3 58.2 56.4 58.2 2208 950 5.269
1787242040 57.3 58.2 57.3 59.2 2208 950 5.230
1787242041 58.2 58.2 57.3 59.2 2208 950 5.215
1787242042 57.3 58.2 56.4 59.2 2208 950 5.186
1787242043 57.3 58.2 56.4 58.2 2208 950 5.235
1787242044 57.3 58.2 57.3 59.2 2208 950 5.211
1787242046 58.2 58.2 57.3 59.2 2208 950 5.215
1787242047 58.2 58.2 57.3 59.2 2208 950 5.240
1787242048 57.3 58.2 56.4 58.2 2208 950 5.225
1787242049 57.3 58.2 57.3 59.2 2208 950 5.201
1787242050 57.3 58.2 57.3 58.2 2208 950 5.220
1787242051 57.3 58.2 56.4 58.2 2208 950 5.215
1787242052 56.4 57.3 56.4 57.3 2208 950 5.240
1787242053 57.3 57.3 56.4 58.2 2208 950 5.240
1787242054 58.2 58.2 57.3 59.2 2208 950 5.240
1787242056 50.8 49.9 49.9 50.8 2208 950 5.191
1787242057 55.5 56.4 55.5 57.3 2208 950 5.235
1787242058 56.4 56.4 55.5 57.3 2208 950 5.273
1787242059 56.4 57.3 55.5 57.3 2208 950 5.211
1787242060 56.4 56.4 55.5 57.3 2208 950 5.273
1787242061 56.4 57.3 56.4 57.3 2208 950 5.249
1787242062 57.3 57.3 56.4 58.2 2208 950 5.215
1787242063 57.3 57.3 56.4 59.2 2208 950 5.191
1787242065 57.3 57.3 56.4 58.2 2208 950 5.196
1787242066 57.3 57.3 55.5 58.2 2208 950 5.230
1787242067 56.4 56.4 55.5 58.2 2208 950 5.211
1787242068 56.4 57.3 55.5 58.2 2208 950 5.220
1787242069 57.3 57.3 56.4 58.2 2208 950 5.215
1787242070 57.3 58.2 57.3 58.2 2208 950 5.225
1787242071 56.4 57.3 56.4 57.3 2208 950 5.196
1787242072 57.3 58.2 56.4 59.2 2208 950 5.225
1787242074 57.3 58.2 56.4 58.2 2208 950 5.211
1787242075 57.3 57.3 57.3 58.2 2208 950 5.201
1787242076 56.4 57.3 56.4 59.2 2208 950 5.215
1787242077 57.3 58.2 56.4 59.2 2208 950 5.215
1787242078 57.3 58.2 56.4 58.2 2208 950 5.240
1787242079 57.3 58.2 57.3 58.2 2208 950 5.215
1787242080 58.2 58.2 57.3 59.2 2208 950 5.249
1787242081 57.3 58.2 56.4 58.2 2208 950 5.269
1787242083 57.3 57.3 56.4 59.2 2208 950 5.186
1787242084 57.3 57.3 56.4 58.2 2208 950 5.244
1787242085 57.3 57.3 56.4 58.2 2208 950 5.211
1787242086 58.2 58.2 57.3 59.2 2208 950 5.215
1787242087 57.3 58.2 57.3 59.2 2208 950 5.225
1787242088 57.3 57.3 56.4 58.2 2208 950 5.244
1787242089 57.3 57.3 56.4 58.2 2208 950 5.254
1787242090 58.2 58.2 57.3 58.2 2208 950 5.215
1787242092 57.3 57.3 56.4 59.2 2208 950 5.254
1787242093 58.2 58.2 57.3 58.2 2208 950 5.273
1787242094 57.3 58.2 56.4 59.2 2208 950 5.240
1787242095 57.3 58.2 57.3 59.2 2208 950 5.249
1787242096 58.2 58.2 57.3 59.2 2208 950 5.206
1787242097 58.2 58.2 57.3 58.2 2208 950 5.254
1787242098 57.3 58.2 56.4 59.2 2208 950 5.240
1787242099 57.3 58.2 57.3 59.2 2208 950 5.225
1787242101 56.4 57.3 56.4 58.2 2208 950 5.235
1787242102 57.3 58.2 57.3 59.2 2208 950 5.254
1787242103 57.3 58.2 57.3 59.2 2208 950 5.244
1787242104 57.3 57.3 56.4 58.2 2208 950 5.240
1787242105 57.3 58.2 57.3 59.2 2208 950 5.240
1787242106 57.3 58.2 57.3 59.2 2208 950 5.264
1787242107 57.3 58.2 57.3 58.2 2208 950 5.240
1787242108 57.3 57.3 56.4 58.2 2208 950 5.191
1787242109 57.3 58.2 56.4 58.2 2208 950 5.206
1787242111 57.3 57.3 56.4 58.2 2208 950 5.264
1787242112 57.3 58.2 57.3 59.2 2208 950 5.240
1787242113 57.3 57.3 56.4 59.2 2208 950 5.230
1787242114 57.3 58.2 57.3 59.2 2208 950 5.278
1787242115 57.3 57.3 56.4 58.2 2208 950 5.225
1787242116 57.3 57.3 56.4 58.2 2208 950 5.269
1787242117 51.8 51.8 50.8 53.6 2208 950 5.249
1787242118 55.5 56.4 55.5 57.3 2208 950 5.215
1787242120 56.4 57.3 56.4 58.2 2208 950 5.244
1787242121 56.4 57.3 55.5 57.3 2208 950 5.196
1787242122 57.3 57.3 56.4 58.2 2208 950 5.201
1787242123 56.4 57.3 56.4 58.2 2208 950 5.244
1787242124 57.3 57.3 56.4 58.2 2208 950 5.249
1787242125 57.3 58.2 56.4 59.2 2208 950 5.225
1787242126 57.3 58.2 57.3 58.2 2208 950 5.196
1787242127 57.3 58.2 57.3 59.2 2208 950 5.249
1787242129 57.3 57.3 56.4 58.2 2208 950 5.220
1787242130 57.3 58.2 56.4 58.2 2208 950 5.220
1787242131 57.3 58.2 56.4 59.2 2208 950 5.230
1787242132 57.3 57.3 56.4 58.2 2208 950 5.225
1787242133 57.3 57.3 56.4 58.2 2208 950 5.254
1787242134 57.3 58.2 56.4 59.2 2208 950 5.215
1787242135 57.3 58.2 57.3 58.2 2208 950 5.249
1787242137 57.3 58.2 56.4 59.2 2208 950 5.240
1787242138 57.3 58.2 56.4 59.2 2208 950 5.220
1787242139 58.2 58.2 57.3 59.2 2208 950 5.235
1787242140 57.3 57.3 56.4 58.2 2208 950 5.225
1787242141 57.3 58.2 57.3 58.2 2208 950 5.249
1787242142 57.3 58.2 57.3 59.2 2208 950 5.254
1787242143 56.4 57.3 56.4 58.2 2208 950 5.240
1787242144 57.3 58.2 56.4 58.2 2208 950 5.235
1787242145 57.3 58.2 57.3 59.2 2208 950 5.201
1787242147 57.3 58.2 56.4 58.2 2208 950 5.215
1787242148 57.3 58.2 56.4 58.2 2208 950 5.215
1787242149 57.3 57.3 56.4 59.2 2208 950 5.288
1787242150 56.4 57.3 56.4 58.2 2208 950 5.235
1787242151 57.3 57.3 56.4 58.2 2208 950 5.269
1787242152 58.2 58.2 57.3 59.2 2208 950 5.235
1787242153 57.3 58.2 57.3 59.2 2208 950 5.254
1787242155 58.2 58.2 57.3 59.2 2208 950 5.225
1787242156 58.2 58.2 57.3 59.2 2208 950 5.235
1787242157 57.3 58.2 57.3 59.2 2208 950 5.220
1787242158 57.3 57.3 56.4 58.2 2208 950 5.235
1787242159 57.3 57.3 56.4 58.2 2208 950 5.225
1787242160 57.3 57.3 56.4 58.2 2208 950 5.206
1787242161 57.3 58.2 57.3 59.2 2208 950 5.225
1787242163 57.3 57.3 56.4 59.2 2208 950 5.235
1787242164 57.3 58.2 56.4 58.2 2208 950 5.220
1787242165 57.3 58.2 57.3 58.2 2208 950 5.244
1787242166 57.3 57.3 56.4 58.2 2208 950 5.206
1787242167 57.3 58.2 56.4 58.2 2208 950 5.264
1787242168 58.2 58.2 57.3 59.2 2208 950 5.240
1787242169 58.2 58.2 57.3 59.2 2208 950 5.220
1787242170 57.3 58.2 57.3 58.2 2208 950 5.206
1787242171 57.3 56.4 56.4 57.3 2208 950 5.273
1787242173 57.3 57.3 56.4 58.2 2208 950 5.230
1787242174 57.3 58.2 57.3 58.2 2208 950 5.225
1787242175 58.2 58.2 57.3 59.2 2208 950 5.215
1787242176 57.3 57.3 56.4 59.2 2208 950 5.264
1787242177 57.3 58.2 57.3 58.2 2208 950 5.201
1787242178 52.7 51.8 51.8 52.7 2208 950 5.259
1787242179 54.5 55.5 53.6 55.5 2208 950 5.269
1787242180 56.4 56.4 55.5 57.3 2208 950 5.312
1787242181 56.4 57.3 55.5 58.2 2208 950 5.220
1787242183 57.3 57.3 56.4 57.3 2208 950 5.235
1787242184 56.4 56.4 55.5 57.3 2208 950 5.201
1787242185 56.4 56.4 55.5 57.3 2208 950 5.191
1787242186 57.3 57.3 56.4 59.2 2208 950 5.206
1787242187 56.4 56.4 55.5 57.3 2208 950 5.225
1787242188 56.4 57.3 56.4 58.2 2208 950 5.211
1787242189 56.4 57.3 56.4 58.2 2208 950 5.215
1787242190 57.3 57.3 56.4 58.2 2208 950 5.264
1787242192 56.4 57.3 56.4 58.2 2208 950 5.220
1787242193 57.3 57.3 56.4 58.2 2208 950 5.235
1787242194 56.4 57.3 56.4 58.2 2208 950 5.225
1787242195 57.3 58.2 56.4 57.3 2208 950 5.249
1787242196 57.3 58.2 56.4 59.2 2208 950 5.249
1787242197 57.3 58.2 56.4 59.2 2208 950 5.230
1787242198 57.3 57.3 56.4 58.2 2208 950 5.225
1787242200 57.3 57.3 56.4 58.2 2208 950 5.220
1787242201 57.3 58.2 56.4 59.2 2208 950 5.254
1787242202 57.3 57.3 56.4 58.2 2208 950 5.206
1787242203 57.3 58.2 56.4 58.2 2208 950 5.244
1787242204 57.3 58.2 56.4 57.3 2208 950 5.215
1787242205 56.4 57.3 56.4 58.2 2208 950 5.249
1787242206 56.4 57.3 56.4 58.2 2208 950 5.201
1787242207 57.3 58.2 56.4 58.2 2208 950 5.225
1787242208 56.4 57.3 56.4 58.2 2208 950 5.235
1787242210 57.3 58.2 56.4 58.2 2208 950 5.235
1787242211 57.3 58.2 56.4 59.2 2208 950 5.259
1787242212 57.3 58.2 56.4 58.2 2208 950 5.254
1787242213 56.4 57.3 55.5 57.3 2208 950 5.191
1787242214 57.3 58.2 56.4 58.2 2208 950 5.240
1787242215 57.3 58.2 56.4 59.2 2208 950 5.312
1787242216 57.3 58.2 57.3 59.2 2208 950 5.235
1787242217 57.3 58.2 56.4 58.2 2208 950 5.273
1787242219 57.3 58.2 57.3 58.2 2208 950 5.215
1787242220 57.3 58.2 56.4 59.2 2208 950 5.215
1787242221 57.3 58.2 56.4 58.2 2208 950 5.215
1787242222 57.3 58.2 57.3 59.2 2208 950 5.230
1787242223 56.4 56.4 55.5 57.3 2208 950 5.220
1787242224 56.4 57.3 55.5 57.3 2208 950 5.225
1787242225 56.4 57.3 56.4 58.2 2208 950 5.206
1787242226 58.2 58.2 57.3 59.2 2208 950 5.206
1787242228 57.3 57.3 56.4 57.3 2208 950 5.264
1787242229 56.4 57.3 56.4 58.2 2208 950 5.211
1787242230 57.3 57.3 56.4 58.2 2208 950 5.235
1787242231 56.4 57.3 56.4 58.2 2208 950 5.240
1787242232 57.3 58.2 56.4 58.2 2208 950 5.230
1787242233 57.3 58.2 57.3 59.2 2208 950 5.215
1787242234 57.3 58.2 56.4 58.2 2208 950 5.249
1787242235 57.3 57.3 56.4 58.2 2208 950 5.259
1787242237 57.3 57.3 56.4 58.2 2208 950 5.191
1787242238 57.3 56.4 56.4 58.2 2208 950 5.215
1787242239 57.3 57.3 56.4 58.2 2208 950 5.211
1787242240 52.7 52.7 51.8 53.6 2208 950 5.312
1787242241 53.6 54.5 53.6 55.5 2208 950 5.225
1787242242 56.4 56.4 55.5 57.3 2208 950 5.196
1787242243 56.4 56.4 55.5 57.3 2208 950 5.249
1787242244 57.3 57.3 56.4 58.2 2208 950 5.191
1787242245 57.3 57.3 55.5 57.3 2208 950 5.269
1787242247 57.3 57.3 56.4 58.2 2208 950 5.186
1787242248 57.3 58.2 57.3 59.2 2208 950 5.196
1787242249 57.3 57.3 56.4 58.2 2208 950 5.249
1787242250 57.3 58.2 56.4 58.2 2208 950 5.244
1787242251 57.3 58.2 56.4 59.2 2208 950 5.254
1787242252 56.4 57.3 55.5 58.2 2208 950 5.191
1787242253 56.4 57.3 55.5 58.2 2208 950 5.191
1787242254 57.3 57.3 56.4 58.2 2208 950 5.191
1787242256 57.3 57.3 56.4 58.2 2208 950 5.249
1787242257 57.3 57.3 56.4 58.2 2208 950 5.254
1787242258 57.3 57.3 56.4 58.2 2208 950 5.235
1787242259 56.4 57.3 56.4 58.2 2208 950 5.230
1787242260 56.4 57.3 56.4 57.3 2208 950 5.225
1787242261 56.4 57.3 55.5 57.3 2208 950 5.211
1787242262 57.3 57.3 55.5 57.3 2208 950 5.244
1787242263 57.3 57.3 56.4 58.2 2208 950 5.235
1787242265 56.4 57.3 56.4 58.2 2208 950 5.225
1787242266 57.3 57.3 56.4 58.2 2208 950 5.196
1787242267 57.3 58.2 56.4 58.2 2208 950 5.240
1787242268 57.3 57.3 56.4 58.2 2208 950 5.244
1787242269 57.3 57.3 56.4 58.2 2208 950 5.317
1787242270 57.3 58.2 57.3 59.2 2208 950 5.196
1787242271 58.2 58.2 57.3 59.2 2208 950 5.225
1787242272 57.3 57.3 56.4 57.3 2208 950 5.240
1787242274 57.3 58.2 56.4 59.2 2208 950 5.211
1787242275 58.2 58.2 57.3 58.2 2208 950 5.225
1787242276 57.3 58.2 57.3 59.2 2208 950 5.201
1787242277 57.3 58.2 57.3 58.2 2208 950 5.206
1787242278 57.3 58.2 56.4 59.2 2208 950 5.269
1787242279 57.3 58.2 56.4 58.2 2208 950 5.206
1787242280 57.3 58.2 56.4 58.2 2208 950 5.244
1787242281 57.3 57.3 56.4 59.2 2208 950 5.215
1787242283 57.3 57.3 56.4 58.2 2208 950 5.240
1787242284 58.2 58.2 56.4 58.2 2208 950 5.215
1787242285 57.3 57.3 56.4 58.2 2208 950 5.278
1787242286 56.4 57.3 56.4 58.2 2208 950 5.240
1787242287 57.3 57.3 56.4 57.3 2208 950 5.215
1787242288 57.3 57.3 55.5 58.2 2208 950 5.215
1787242289 56.4 57.3 55.5 58.2 2208 950 5.225
1787242290 57.3 57.3 56.4 57.3 2208 950 5.235
1787242291 57.3 57.3 56.4 58.2 2208 950 5.259
1787242293 57.3 57.3 56.4 57.3 2208 950 5.244
1787242294 57.3 58.2 56.4 58.2 2208 950 5.201
1787242295 57.3 57.3 56.4 57.3 2208 950 5.254
1787242296 57.3 57.3 56.4 58.2 2208 950 5.249
1787242297 57.3 57.3 56.4 57.3 2208 950 5.196
1787242298 58.2 58.2 57.3 58.2 2208 950 5.211
1787242299 57.3 58.2 56.4 58.2 2208 950 5.225
1787242300 57.3 57.3 56.4 57.3 2208 950 5.225
1787242301 53.6 53.6 53.6 53.6 2208 950 5.283
1787242302 50.8 49.9 49.9 51.8 2208 950 5.269
1787242304 49.0 48.1 48.1 49.0 2208 950 5.317
1787242305 48.1 47.2 46.2 47.2 2208 950 5.230
1787242306 47.2 46.2 46.2 47.2 2208 950 5.302
1787242307 46.2 46.2 45.3 47.2 2208 950 5.288
