=== S3.7b concurrency sweep (freeze 4a1c190, 후보 [2 4] × [8 12 16 20 24] × 3회) ===
--- rep 1 · 커넥션 2 개 ---
  rep1  conn=2  c8   -> 122.1,63.46,91.97,106.36,145.47,13.65,0.024,0.0000
  rep1  conn=2  c12  -> 136.4,85.65,119.94,135.61,187.69,22.39,0.023,0.0000
  rep1  conn=2  c16  -> 135.9,113.28,181.29,213.34,265.60,35.85,0.023,0.0000
  rep1  conn=2  c20  -> 136.1,141.15,240.78,282.87,386.69,49.68,0.023,0.0000
  rep1  conn=2  c24  -> 133.1,174.63,306.04,354.93,459.93,66.55,0.022,0.0000
--- rep 1 · 커넥션 4 개 ---
  rep1  conn=4  c8   -> 111.9,69.16,104.35,121.39,157.95,15.76,0.022,0.0000
  rep1  conn=4  c12  -> 138.6,83.24,119.52,142.56,211.61,20.78,0.024,0.0000
  rep1  conn=4  c16  -> 139.5,99.40,207.33,255.19,333.44,28.40,0.023,0.0000
  rep1  conn=4  c20  -> 138.6,115.70,302.44,373.36,546.99,36.86,0.023,0.0000
  rep1  conn=4  c24  -> 139.0,128.99,406.57,505.71,645.31,42.99,0.023,0.0000
--- rep 2 · 커넥션 4 개 ---
  rep2  conn=4  c24  -> 139.9,135.92,377.32,467.83,595.49,46.49,0.023,0.0000
  rep2  conn=4  c20  -> 138.6,115.86,309.45,386.50,479.83,37.01,0.023,0.0000
  rep2  conn=4  c16  -> 138.5,99.84,209.26,260.47,399.04,28.73,0.023,0.0000
  rep2  conn=4  c12  -> 136.3,84.15,124.83,149.96,204.18,21.48,0.023,0.0000
  rep2  conn=4  c8   -> 110.2,70.42,106.01,122.89,155.22,16.27,0.022,0.0000
--- rep 2 · 커넥션 2 개 ---
  rep2  conn=2  c24  -> 135.2,171.29,305.23,365.66,478.59,64.79,0.023,0.0000
  rep2  conn=2  c20  -> 134.4,144.29,252.19,289.55,415.92,51.44,0.023,0.0000
  rep2  conn=2  c16  -> 136.4,113.46,177.00,209.04,302.50,36.16,0.023,0.0000
  rep2  conn=2  c12  -> 136.1,86.00,120.52,140.07,191.34,23.03,0.024,0.0000
  rep2  conn=2  c8   -> 119.0,65.23,95.38,111.27,145.01,14.36,0.023,0.0000
--- rep 3 · 커넥션 2 개 ---
  rep3  conn=2  c8   -> 120.2,64.22,94.41,110.07,141.97,14.00,0.023,0.0000
  rep3  conn=2  c12  -> 136.7,85.61,118.84,136.63,170.73,22.51,0.024,0.0000
  rep3  conn=2  c16  -> 136.2,113.23,177.67,208.59,293.49,36.11,0.023,0.0000
  rep3  conn=2  c20  -> 134.8,143.33,243.26,287.20,369.76,51.25,0.023,0.0000
  rep3  conn=2  c24  -> 133.8,173.26,311.72,363.14,483.21,65.33,0.023,0.0000
--- rep 3 · 커넥션 4 개 ---
  rep3  conn=4  c8   -> 111.0,70.00,104.56,121.14,168.49,15.86,0.022,0.0000
  rep3  conn=4  c12  -> 139.3,82.67,119.28,144.61,211.90,20.44,0.024,0.0000
  rep3  conn=4  c16  -> 138.3,99.50,213.42,262.82,403.38,28.69,0.023,0.0000
  rep3  conn=4  c20  -> 138.2,118.18,306.40,368.82,481.08,37.77,0.023,0.0000
  rep3  conn=4  c24  -> 138.3,138.12,392.99,484.29,799.18,47.65,0.023,0.0000
--- 원상복구 ---
  npuforge-k       running
  npuforge-q       running
  npuforge-j       DOWN

================================================================================================
S3.7b  concurrency sweep — 후보별 실제 ceiling 과 그때의 tail
================================================================================================
  (지연은 run-level percentile 의 run 간 평균 — pooled 아님)

── 커넥션 2 개 ────────────────────────────────────────────────────────────────────────────────
  conc  n      throughput      p50      p95      p99       max    →node   nodeq
------------------------------------------------------------------------------------------------
     8  3    120.4±1.6       64.3     93.9    109.2     144.2     14.0    0.02
    12  3    136.4±0.3       85.8    119.8    137.4     183.3     22.6    0.02
    16  3    136.2±0.3      113.3    178.7    210.3     287.2     36.0    0.02
    20  3    135.1±0.9      142.9    245.4    286.5     390.8     50.8    0.02
    24  3    134.0±1.1      173.1    307.7    361.2     473.9     65.6    0.02

── 커넥션 4 개 ────────────────────────────────────────────────────────────────────────────────
  conc  n      throughput      p50      p95      p99       max    →node   nodeq
------------------------------------------------------------------------------------------------
     8  3    111.0±0.9       69.9    105.0    121.8     160.6     16.0    0.02
    12  3    138.1±1.6       83.4    121.2    145.7     209.2     20.9    0.02
    16  3    138.8±0.6       99.6    210.0    259.5     378.6     28.6    0.02
    20  3    138.5±0.2      116.6    306.1    376.2     502.6     37.2    0.02
    24  3    139.1±0.8      134.3    392.3    485.9     680.0     45.7    0.02

  총 오류율 합계: 0.0000   (0 이 아니면 결과를 신뢰하지 않는다)

────────────────────────────────────────────────────────────────────────────────────────────────
운영점 — peak 의 98% 이상을 내는 **가장 낮은** concurrency
────────────────────────────────────────────────────────────────────────────────────────────────
  conn     peak    @c   |  op.conc  throughput    peak대비      p50      p95      p99       max
------------------------------------------------------------------------------------------------
     2    136.4    12   |       12       136.4    100.0%     85.8    119.8    137.4     183.3
     4    139.1    24   |       12       138.1     99.3%     83.4    121.2    145.7     209.2

  정의: operating concurrency = peak 의 98% 이상을 내는 가장 낮은 concurrency.
        98% 인 이유 — run 간 SD 가 ±1 inf/s 수준이라 99% 는 측정 noise 와 겹친다.

────────────────────────────────────────────────────────────────────────────────────────────────
포화 판정 — 최고점이 sweep 의 끝이면 아직 포화가 아닐 수 있다
────────────────────────────────────────────────────────────────────────────────────────────────
  conn 2: c12 에서 최고이고 양쪽이 더 낮다 → 포화 확인.
  conn 4: 최고점이 sweep 상단(c24)이다. **포화 미확인** — 더 높은 concurrency 를 봐야 한다.

────────────────────────────────────────────────────────────────────────────────────────────────
운영점 비교 (각 후보의 operating point = peak 98% 기준)
────────────────────────────────────────────────────────────────────────────────────────────────
  conn 2 @c12 :  136.4 inf/s   p95  119.8   p99  137.4
  conn 4 @c12 :  138.1 inf/s   p95  121.2   p99  145.7

  conn 4 는 conn 2 대비 처리량 +1.2% 를 위해 p95 +1.2%, p99 +6.0% 를 치른다.
  → 경계다. 규칙이 결론을 내주지 못한다 — 표를 근거로 사람이 정한다.
     (임계값을 결과에 맞춰 옮기지 않는다. 그건 사후 합리화다.)
결과: results/concurrency-sweep-20260820-low/
