=== S3.6 H2/channel A/B (freeze 11cec9b, 5라운드 × 4조건) ===
  round 1  A_1ch_default  conn=1 win=default tcp=1  -> 115.2,268.94,390.19,115.73,115.73,0.020,0.0000
  round 1  B_1ch_bigwin   conn=1 win=big     tcp=1  -> 74.1,475.64,587.71,202.01,202.01,0.022,0.0000
  round 1  C_4ch_default  conn=4 win=default tcp=4  -> 139.9,163.29,581.99,60.26,60.26,0.023,0.0000
  round 1  D_4ch_bigwin   conn=4 win=big     tcp=4  -> 140.6,162.06,588.26,58.65,58.65,0.021,0.0000
  round 2  B_1ch_bigwin   conn=1 win=big     tcp=1  -> 73.2,479.06,597.91,204.53,204.53,0.022,0.0000
  round 2  C_4ch_default  conn=4 win=default tcp=4  -> 139.6,166.21,578.61,62.14,62.14,0.023,0.0000
  round 2  D_4ch_bigwin   conn=4 win=big     tcp=4  -> 139.2,172.93,556.74,64.54,64.54,0.021,0.0000
  round 2  A_1ch_default  conn=1 win=default tcp=1  -> 114.7,270.49,393.80,116.72,116.72,0.020,0.0000
  round 3  C_4ch_default  conn=4 win=default tcp=4  -> 140.3,153.60,579.89,55.15,55.15,0.023,0.0000
  round 3  D_4ch_bigwin   conn=4 win=big     tcp=4  -> 137.8,173.79,555.17,65.02,65.02,0.021,0.0000
  round 3  A_1ch_default  conn=1 win=default tcp=1  -> 114.8,270.06,397.07,116.31,116.31,0.020,0.0000
  round 3  B_1ch_bigwin   conn=1 win=big     tcp=1  -> 73.1,484.05,599.58,205.42,205.42,0.023,0.0000
  round 4  D_4ch_bigwin   conn=4 win=big     tcp=4  -> 139.9,173.94,564.24,64.95,64.95,0.021,0.0000
  round 4  A_1ch_default  conn=1 win=default tcp=1  -> 115.1,271.02,396.04,116.22,116.22,0.020,0.0000
  round 4  B_1ch_bigwin   conn=1 win=big     tcp=1  -> 73.8,484.85,594.98,203.57,203.57,0.024,0.0000
  round 4  C_4ch_default  conn=4 win=default tcp=4  -> 140.4,168.37,548.32,62.38,62.38,0.024,0.0000
  round 5  A_1ch_default  conn=1 win=default tcp=1  -> 116.7,265.98,387.03,114.23,114.23,0.020,0.0000
  round 5  B_1ch_bigwin   conn=1 win=big     tcp=1  -> 73.3,476.68,601.03,204.39,204.39,0.023,0.0000
  round 5  C_4ch_default  conn=4 win=default tcp=4  -> 140.3,164.93,573.95,60.55,60.55,0.023,0.0000
  round 5  D_4ch_bigwin   conn=4 win=big     tcp=4  -> 140.0,180.80,528.83,67.78,67.78,0.021,0.0000
--- 원상복구 (기본 설정으로 재기동) ---
  npuforge-k       running
  npuforge-q       running
  npuforge-j       DOWN

============================================================================================
S3.6  HTTP/2 window × 노드당 커넥션  A/B
============================================================================================
조건                n  TCP      throughput    E2E p50   E2E p95    →node   →client   nodeq
--------------------------------------------------------------------------------------------
A  1ch default    5    1   115.3±0.8   (+0.0%)     269.3     392.8    115.8     115.8    0.02
B  1ch bigwin     5    1    73.5±0.4  (-36.3%)     480.1     596.2    204.0     204.0    0.02
C  4ch default    5    4   140.1±0.3  (+21.5%)     163.3     572.6     60.1      60.1    0.02
D  4ch bigwin     5    4   139.5±1.1  (+21.0%)     172.7     558.6     64.2      64.2    0.02

  총 오류율 합계: 0.0000   (0 이 아니면 결과를 신뢰하지 않는다)

────────────────────────────────────────────────────────────────────────────────────────────
판정: ② 단일 커넥션 / TCP 경로가 범인이다. window 가 아니라 커넥션이 직렬화 지점이었다.
  → S4 는 커넥션 다중화 방향. io_uring 은 여전히 근거 부족.
────────────────────────────────────────────────────────────────────────────────────────────
  (기준: baseline A_1ch_default 대비 5% 이상 상승을 '상승' 으로 본다)
결과: results/h2-channel-ab-20260820/
