=== S3.7b concurrency sweep (freeze 7424428, 후보 [1] × [8 12 16 20 24] × 3회) ===
--- rep 1 · 커넥션 1 개 ---
  rep1  conn=1  c8   -> 112.4,68.38,100.64,115.67,146.73,17.66,0.020,0.0000
  rep1  conn=1  c12  -> 114.0,102.88,148.52,167.15,212.81,33.05,0.020,0.0000
  rep1  conn=1  c16  -> 115.6,136.64,190.34,217.67,256.55,49.41,0.020,0.0000
  rep1  conn=1  c20  -> 114.8,171.36,236.76,274.72,349.25,66.54,0.020,0.0000
  rep1  conn=1  c24  -> 115.9,202.13,286.80,326.23,436.22,82.71,0.020,0.0000
--- rep 2 · 커넥션 1 개 ---
  rep2  conn=1  c24  -> 116.7,200.83,285.06,332.20,477.73,81.74,0.020,0.0000
  rep2  conn=1  c20  -> 115.0,171.11,239.47,272.00,347.77,66.71,0.020,0.0000
  rep2  conn=1  c16  -> 115.5,137.09,190.01,212.69,262.42,49.68,0.020,0.0000
  rep2  conn=1  c12  -> 115.3,101.80,146.59,166.44,203.42,32.75,0.020,0.0000
  rep2  conn=1  c8   -> 111.1,69.21,103.29,119.97,170.06,18.15,0.020,0.0000
--- rep 3 · 커넥션 1 개 ---
  rep3  conn=1  c8   -> 112.7,68.55,99.93,115.42,148.12,17.89,0.021,0.0000
  rep3  conn=1  c12  -> 115.2,101.52,147.60,168.11,206.99,32.77,0.020,0.0000
  rep3  conn=1  c16  -> 114.1,138.67,194.01,217.33,316.04,50.15,0.020,0.0000
  rep3  conn=1  c20  -> 114.8,171.24,241.45,275.51,353.96,66.70,0.020,0.0000
  rep3  conn=1  c24  -> 115.2,204.09,288.57,332.00,426.00,83.69,0.020,0.0000
--- 원상복구 ---
  npuforge-k       running
  npuforge-q       running
  npuforge-j       DOWN

================================================================================================
S3.7b  concurrency sweep — 후보별 실제 ceiling 과 그때의 tail
================================================================================================
  (지연은 run-level percentile 의 run 간 평균 — pooled 아님)

── 커넥션 1 개 ────────────────────────────────────────────────────────────────────────────────
  conc  n      throughput      p50      p95      p99       max    →node   nodeq
------------------------------------------------------------------------------------------------
     8  3    112.1±0.9       68.7    101.3    117.0     155.0     17.9    0.02
    12  3    114.8±0.7      102.1    147.6    167.2     207.7     32.9    0.02
    16  3    115.1±0.8      137.5    191.5    215.9     278.3     49.7    0.02
    20  3    114.9±0.1      171.2    239.2    274.1     350.3     66.7    0.02
    24  3    115.9±0.8      202.3    286.8    330.1     446.7     82.7    0.02

  총 오류율 합계: 0.0000   (0 이 아니면 결과를 신뢰하지 않는다)

────────────────────────────────────────────────────────────────────────────────────────────────
운영점 — peak 의 98% 이상을 내는 **가장 낮은** concurrency
────────────────────────────────────────────────────────────────────────────────────────────────
  conn     peak    @c   |  op.conc  throughput    peak대비      p50      p95      p99       max
------------------------------------------------------------------------------------------------
     1    115.9    24   |       12       114.8     99.1%    102.1    147.6    167.2     207.7

  정의: operating concurrency = peak 의 98% 이상을 내는 가장 낮은 concurrency.
        98% 인 이유 — run 간 SD 가 ±1 inf/s 수준이라 99% 는 측정 noise 와 겹친다.

────────────────────────────────────────────────────────────────────────────────────────────────
포화 판정 — 최고점이 sweep 의 끝이면 아직 포화가 아닐 수 있다
────────────────────────────────────────────────────────────────────────────────────────────────
  conn 1: 최고점이 sweep 상단(c24)이다. **포화 미확인** — 더 높은 concurrency 를 봐야 한다.
결과: results/concurrency-sweep-20260820-conn1/
