=== S3.9a scale-out profiling (freeze e1ad9ed, 2 conn/node, 3회) ===
--- rep 1 · 1노드 @ c12 (운영점) ---
  노드 검증 OK — 1개 (king)
  rep1  1N c12  -> 1,136.4,85.95,118.79,136.83,0.000,0.002,0.023,0.0000,0.00
--- rep 1 · 2노드 @ c24 (운영점) ---
  노드 검증 OK — 2개 (king,queen)
  rep1  2N c24  -> 2,266.0,85.95,136.20,169.80,0.000,0.003,0.022,0.0000,0.00
--- rep 1 · 3노드 @ c36 (운영점) ---
  노드 검증 OK — 3개 (jack,king,queen)
  rep1  3N c36  -> 3,387.4,85.65,153.64,197.75,0.000,0.004,0.022,0.0000,0.00
--- rep 2 · 2노드 @ c24 (운영점) ---
  노드 검증 OK — 2개 (king,queen)
  rep2  2N c24  -> 2,265.1,86.01,136.96,169.40,0.000,0.003,0.022,0.0000,0.01
--- rep 2 · 3노드 @ c36 (운영점) ---
  노드 검증 OK — 3개 (jack,king,queen)
  rep2  3N c36  -> 3,392.0,86.19,144.01,177.85,0.000,0.004,0.022,0.0000,0.00
--- rep 2 · 1노드 @ c12 (운영점) ---
  노드 검증 OK — 1개 (king)
  rep2  1N c12  -> 1,136.5,85.50,119.19,137.97,0.000,0.002,0.024,0.0000,0.00
--- rep 3 · 3노드 @ c36 (운영점) ---
  노드 검증 OK — 3개 (jack,king,queen)
  rep3  3N c36  -> 3,391.4,86.02,144.51,187.12,0.000,0.004,0.022,0.0000,0.00
--- rep 3 · 1노드 @ c12 (운영점) ---
  노드 검증 OK — 1개 (king)
  rep3  1N c12  -> 1,135.6,86.27,121.17,138.85,0.000,0.002,0.023,0.0000,0.00
--- rep 3 · 2노드 @ c24 (운영점) ---
  노드 검증 OK — 2개 (king,queen)
  rep3  2N c24  -> 2,265.5,86.15,136.55,167.67,0.000,0.003,0.023,0.0000,0.01
--- 원상복구 (3노드, 기본 설정) ---
  npuforge-k       running
  npuforge-q       running
  npuforge-j       running

====================================================================================================
S3.9a  scale-out efficiency loss profiling — 서버 쪽 비용이 노드 수와 함께 어떻게 느는가
====================================================================================================
  노드당 부하는 셋 다 동일(커넥션 2/node, c12/node). 달라지는 것은 노드 수뿐이다.

 Nodes  conc  throughput  Scaling     Eff     p50     p95     p99   schedQ   route   nodeQ    bal
----------------------------------------------------------------------------------------------------
     1    12       136.2    1.00x 100.0%    85.9   119.7   137.9    0.000   0.002   0.023   0.0%p
     2    24       265.5    1.95x  97.5%    86.0   136.6   169.0    0.000   0.003   0.022   0.0%p
     3    36       390.3    2.87x  95.5%    86.0   147.4   187.6    0.000   0.004   0.022   0.0%p

  총 오류율 합계: 0.0000

====================================================================================================
서버 (24코어, 10GbE, RX 큐 24개)
====================================================================================================
 Nodes    busy코어      최번코어   softirq코어   RX Gbps   TX Gbps    10G대비   drop  schedCPU  sysc/req
----------------------------------------------------------------------------------------------------
     1      2.81     18.4%        0.51     1.390     1.408    14.1%      0      1.57     164.7
     2      6.03     29.6%        1.04     2.712     2.749    27.5%      0      3.32     164.5
     3     10.12     47.6%        1.67     3.997     4.048    40.5%      0      5.62     164.2

  busy코어/softirq코어 = 코어 환산 사용량 (24 가 전체 포화)
  schedCPU = 스케줄러 프로세스가 쓴 코어 수

────────────────────────────────────────────────────────────────────────────────────────────────────
스케줄러 스레드 편중 — 직렬화 지점이 있으면 특정 스레드만 튄다
────────────────────────────────────────────────────────────────────────────────────────────────────
  1N  스레드 25개  상위5 코어점유%: 18  18  17  16  15   (합 160%)
  2N  스레드 25개  상위5 코어점유%: 27  25  25  25  24   (합 339%)
  3N  스레드 25개  상위5 코어점유%: 37  35  34  31  30   (합 570%)

────────────────────────────────────────────────────────────────────────────────────────────────────
스케줄러→노드 커넥션 상태 (부하 중간 시점)
────────────────────────────────────────────────────────────────────────────────────────────────────
  1N  커넥션 2개   rtt 1.19 ms   retrans 2333
  2N  커넥션 4개   rtt 2.14 ms   retrans 15611
  3N  커넥션 6개   rtt 0.96 ms   retrans 24196

────────────────────────────────────────────────────────────────────────────────────────────────────
해석
────────────────────────────────────────────────────────────────────────────────────────────────────
  처리량 136.2 → 390.3  (2.87×, eff 95.5%)
  서버 busy 코어 2.81 → 10.12 (3.60× / 이상 3×)
  10G 사용률 40.5%,  최번 코어 47.6%,  drop 0

  → 서버 CPU 가 노드 수보다 빠르게 늘었다. 팬아웃 비용이 초선형이다.
결과: results/scaleout-profile-20260821/
