=== S3.7 (sweep, freeze 4e64bf4, 5라운드) ===
  r1  c1           conn=1  rps=-    tcp=1  -> 115.6,267.01,392.41,454.82,625.64,114.44,0.020,0.0000
  r1  c2           conn=2  rps=-    tcp=2  -> 133.3,227.31,441.14,524.77,676.81,92.95,0.023,0.0000
  r1  c4           conn=4  rps=-    tcp=4  -> 139.8,168.82,560.04,688.80,898.08,62.85,0.023,0.0000
  r1  c8           conn=8  rps=-    tcp=8  -> 139.0,158.67,596.36,809.49,1144.43,56.69,0.022,0.0000
  r1  c16          conn=16 rps=-    tcp=16 -> 137.1,174.18,569.28,849.72,1599.39,65.90,0.020,0.0000
  r2  c16          conn=16 rps=-    tcp=16 -> 136.3,174.96,584.97,845.83,1437.66,65.84,0.020,0.0000
  r2  c8           conn=8  rps=-    tcp=8  -> 138.5,154.88,611.85,811.41,1112.09,55.87,0.022,0.0000
  r2  c4           conn=4  rps=-    tcp=4  -> 139.2,168.61,571.39,706.01,957.39,62.55,0.023,0.0000
  r2  c2           conn=2  rps=-    tcp=2  -> 134.6,229.17,433.96,509.30,681.12,93.97,0.023,0.0000
  r2  c1           conn=1  rps=-    tcp=1  -> 114.6,269.98,398.83,454.48,595.16,115.62,0.020,0.0000
  r3  c1           conn=1  rps=-    tcp=1  -> 115.5,268.66,391.82,459.10,603.07,115.55,0.020,0.0000
  r3  c2           conn=2  rps=-    tcp=2  -> 135.0,227.18,428.94,505.26,651.01,92.81,0.023,0.0000
  r3  c4           conn=4  rps=-    tcp=4  -> 139.3,177.68,545.62,683.41,866.67,67.12,0.023,0.0000
  r3  c8           conn=8  rps=-    tcp=8  -> 139.3,158.03,594.14,803.11,1130.75,57.33,0.022,0.0000
  r3  c16          conn=16 rps=-    tcp=16 -> 138.0,171.81,580.48,933.39,1283.22,64.50,0.021,0.0000
  r4  c16          conn=16 rps=-    tcp=16 -> 136.3,171.03,588.35,975.04,1629.28,64.54,0.020,0.0000
  r4  c8           conn=8  rps=-    tcp=8  -> 138.8,165.54,562.79,815.87,1450.64,61.61,0.022,0.0000
  r4  c4           conn=4  rps=-    tcp=4  -> 139.6,164.78,568.09,709.68,1024.80,60.52,0.023,0.0000
  r4  c2           conn=2  rps=-    tcp=2  -> 135.0,225.60,444.95,519.81,700.96,91.36,0.023,0.0000
  r4  c1           conn=1  rps=-    tcp=1  -> 115.6,268.21,393.42,452.44,609.25,114.99,0.020,0.0000
  r5  c1           conn=1  rps=-    tcp=1  -> 116.7,265.91,385.33,441.12,555.13,113.68,0.020,0.0000
  r5  c2           conn=2  rps=-    tcp=2  -> 134.1,224.20,442.18,515.41,688.68,91.56,0.023,0.0000
  r5  c4           conn=4  rps=-    tcp=4  -> 139.5,167.78,562.85,703.28,975.53,62.56,0.023,0.0000
  r5  c8           conn=8  rps=-    tcp=8  -> 140.1,149.75,619.69,895.18,1274.80,52.91,0.022,0.0000
  r5  c16          conn=16 rps=-    tcp=16 -> 136.4,174.97,597.94,871.65,1457.98,65.91,0.020,0.0000
--- 원상복구 ---
  npuforge-k       running
  npuforge-q       running
  npuforge-j       DOWN
  rps_cpus: 00

============================================================================================
S3.7  노드당 커넥션 수 sweep
============================================================================================
조건          n  TCP       throughput      p50      p95      p99      max    →node
  (지연은 모두 run-level percentile 의 run 간 평균 — pooled 아님)
--------------------------------------------------------------------------------------------
c1          5    1   115.6±0.7   (+0.0%)    268.0    392.4    452.4    597.6    114.9
c2          5    2   134.4±0.7  (+16.3%)    226.7    438.2    514.9    679.7     92.5
c4          5    4   139.5±0.2  (+20.7%)    169.5    561.6    698.2    944.5     63.1
c8          5    8   139.1±0.6  (+20.4%)    157.4    597.0    827.0   1222.5     56.9
c16         5   16   136.8±0.7  (+18.4%)    173.4    584.2    895.1   1481.5     65.3

  총 오류율 합계: 0.0000   (0 이 아니면 결과를 신뢰하지 않는다)

────────────────────────────────────────────────────────────────────────────────────────────
Selected operating point  —  처리량–tail 트레이드오프
────────────────────────────────────────────────────────────────────────────────────────────
조건          throughput     vs 최대       p95    vs 1ch   판단 근거
--------------------------------------------------------------------------------------------
c1               115.6     82.9%     392.4      1.00x   -
c2               134.4     96.4%     438.2      1.12x   -
c4               139.5    100.0%     561.6      1.43x   최대 처리량, 처리량 최대의 97% 이상
c8               139.1     99.8%     597.0      1.52x   처리량 최대의 97% 이상
c16              136.8     98.1%     584.2      1.49x   처리량 최대의 97% 이상

  최대 처리량               : c4  139.5 inf/s, p95 562 ms
  Selected operating point : c4  139.5 inf/s, p95 562 ms

  규칙(engineering heuristic, 통계적 최적값 아님):
        처리량이 최대의 97% 이상인 후보 중 p95 가 가장 낮은 것.
        곡선이 꺾이는지(관리 비용·queueing) 위 표의 'vs 최대' 열로 확인한다.

  ⚠ 이 sweep 은 c32 고정이다. 커넥션을 늘리면 saturation concurrency 가
     c32 위로 이동했을 수 있어, 여기 값은 각 설정의 ceiling 이 아니다.
     상위 후보 1~2개에 대해 concurrency sweep(S3.7b)을 해야 확정된다.
결과: results/connection-sweep-20260820/
