epoch soc_c npu_c ddr_c bigcore_c cpu_mhz npu_mhz volt_v
1786412929 37.9 37.0 37.0 37.9 1008 950 5.307
1786412930 37.9 36.1 37.0 37.0 1008 950 5.264
1786412932 37.9 36.1 37.0 37.0 408 950 5.312
1786412933 37.9 36.1 37.0 37.9 408 950 5.269
1786412934 37.9 36.1 37.0 37.9 1800 950 5.225
1786412935 46.2 47.2 45.3 47.2 1800 950 5.143
1786412936 49.0 50.8 48.1 49.0 1608 950 5.157
1786412937 50.8 52.7 49.9 52.7 2208 950 5.215
1786412938 52.7 54.5 51.8 54.5 2208 950 5.196
1786412939 52.7 53.6 51.8 52.7 1008 950 5.143
1786412940 54.5 56.4 53.6 55.5 2208 950 5.215
1786412941 55.5 56.4 53.6 57.3 1608 950 5.230
1786412943 55.5 57.3 54.5 55.5 2208 950 5.148
1786412944 56.4 56.4 54.5 56.4 2208 950 5.235
1786412945 55.5 56.4 54.5 57.3 2208 950 5.196
1786412946 56.4 57.3 55.5 56.4 1008 950 5.201
1786412947 59.2 61.0 57.3 61.0 2208 950 5.206
1786412948 58.2 57.3 56.4 59.2 1008 950 5.162
1786412949 58.2 57.3 56.4 58.2 1008 950 5.211
1786412950 58.2 59.2 57.3 57.3 2016 950 5.177
1786412951 59.2 61.0 58.2 60.1 2208 950 5.148
1786412952 59.2 61.0 58.2 61.0 2208 950 5.177
1786412953 61.0 61.9 59.2 61.0 2208 950 5.157
1786412954 60.1 61.0 59.2 61.9 2208 950 5.249
1786412956 60.1 61.0 59.2 60.1 1608 950 5.211
1786412957 61.0 61.9 59.2 60.1 408 950 5.206
1786412958 61.0 61.9 60.1 61.9 1416 950 5.104
1786412959 61.0 62.8 60.1 61.0 2208 950 5.254
1786412960 61.9 62.8 61.0 62.8 2208 950 5.215
1786412961 61.9 61.9 61.0 62.8 2016 950 5.230
1786412962 61.9 61.9 60.1 63.8 2208 950 5.172
1786412963 61.9 61.9 61.0 62.8 408 950 5.196
1786412964 63.8 64.7 62.8 63.8 2208 950 5.254
1786412965 63.8 65.6 62.8 65.6 2208 950 5.182
1786412967 62.8 62.8 61.0 64.7 2208 950 5.186
1786412968 61.9 64.7 61.9 64.7 2208 950 5.186
1786412969 62.8 64.7 61.9 64.7 2208 950 5.157
1786412970 63.8 64.7 62.8 63.8 408 950 5.114
1786412971 64.7 65.6 62.8 65.6 2208 950 5.186
1786412972 63.8 65.6 62.8 64.7 2208 950 5.191
1786412973 63.8 63.8 61.9 63.8 2208 950 5.235
1786412974 63.8 63.8 62.8 63.8 1416 950 5.143
1786412975 63.8 63.8 62.8 63.8 1608 950 5.099
1786412976 65.6 66.5 63.8 65.6 1608 950 5.182
1786412977 64.7 66.5 63.8 66.5 2208 950 5.215
1786412979 63.8 64.7 62.8 64.7 2208 950 5.162
1786412980 64.7 65.6 62.8 66.5 1800 950 5.254
1786412981 64.7 65.6 62.8 63.8 2208 950 5.230
1786412982 64.7 66.5 63.8 65.6 1800 950 5.196
1786412983 64.7 65.6 63.8 64.7 2016 950 5.138
1786412984 65.6 66.5 64.7 67.5 1008 950 5.138
1786412985 65.6 66.5 64.7 65.6 1008 950 5.133
1786412986 64.7 66.5 63.8 65.6 2208 950 5.177
1786412987 64.7 65.6 63.8 64.7 408 950 5.128
1786412988 65.6 66.5 64.7 65.6 1608 950 5.196
1786412989 65.6 66.5 64.7 65.6 1008 950 5.220
1786412991 65.6 66.5 64.7 66.5 2016 950 5.201
1786412992 66.5 69.3 65.6 67.5 2208 950 5.128
1786412993 65.6 67.5 64.7 65.6 2016 950 5.153
1786412994 66.5 66.5 64.7 65.6 1800 950 5.148
1786412995 65.6 67.5 64.7 66.5 2208 950 5.206
1786412996 66.5 67.5 65.6 68.4 2208 950 5.177
1786412997 68.4 70.2 66.5 69.3 2208 950 5.124
1786412998 66.5 66.5 65.6 68.4 1008 950 5.244
1786412999 67.5 68.4 65.6 66.5 1608 950 5.119
1786413000 67.5 67.5 66.5 68.4 1800 950 5.191
1786413001 67.5 67.5 66.5 66.5 2208 950 5.186
1786413002 67.5 69.3 66.5 68.4 2016 950 5.240
1786413004 66.5 67.5 65.6 65.6 1416 950 5.172
1786413005 67.5 68.4 66.5 69.3 2208 950 5.182
1786413006 66.5 68.4 65.6 68.4 2208 950 5.244
1786413007 67.5 68.4 66.5 67.5 1416 950 5.196
1786413008 68.4 70.2 66.5 69.3 2208 950 5.167
1786413009 67.5 67.5 66.5 69.3 2016 950 5.206
1786413010 66.5 66.5 65.6 68.4 1008 950 5.128
1786413011 69.3 70.2 67.5 68.4 2208 950 5.196
1786413012 67.5 68.4 66.5 68.4 1608 950 5.157
1786413013 67.5 68.4 66.5 66.5 1608 950 5.211
1786413014 67.5 70.2 66.5 69.3 1608 950 5.124
1786413016 67.5 68.4 66.5 67.5 1608 950 5.201
1786413017 68.4 69.3 66.5 68.4 1008 950 5.182
1786413018 68.4 70.2 67.5 70.2 2208 950 5.162
1786413019 68.4 68.4 66.5 69.3 1608 950 5.259
1786413020 68.4 68.4 66.5 69.3 2016 950 5.273
1786413021 67.5 68.4 66.5 68.4 1008 950 5.138
1786413022 68.4 69.3 67.5 70.2 2208 950 5.215
1786413023 69.3 68.4 67.5 69.3 2208 950 5.124
1786413024 68.4 69.3 66.5 70.2 2016 950 5.273
1786413025 68.4 69.3 66.5 70.2 2208 950 5.244
1786413026 68.4 68.4 67.5 70.2 2208 950 5.153
1786413028 68.4 68.4 67.5 68.4 1608 950 5.182
1786413029 68.4 70.2 67.5 70.2 2208 950 5.196
1786413030 69.3 69.3 67.5 71.2 1800 950 5.201
1786413031 68.4 68.4 66.5 70.2 1008 950 5.182
1786413032 68.4 68.4 67.5 70.2 1608 950 5.167
1786413033 68.4 69.3 67.5 70.2 2208 950 5.215
1786413034 68.4 70.2 67.5 69.3 2208 950 5.206
1786413035 68.4 70.2 66.5 69.3 2016 950 5.206
1786413036 69.3 69.3 67.5 69.3 1008 950 5.196
1786413037 68.4 67.5 67.5 68.4 1608 950 5.191
1786413038 69.3 69.3 68.4 69.3 1608 950 5.143
1786413040 68.4 69.3 67.5 70.2 2208 950 5.201
1786413041 69.3 70.2 68.4 70.2 2016 950 5.225
1786413042 68.4 68.4 67.5 70.2 1416 950 5.148
1786413043 69.3 70.2 68.4 68.4 408 950 5.206
1786413044 70.2 71.2 69.3 70.2 1800 950 5.157
1786413045 70.2 70.2 68.4 70.2 2208 950 5.177
1786413046 70.2 71.2 69.3 70.2 2208 950 5.177
1786413047 69.3 69.3 67.5 71.2 2208 950 5.157
1786413048 69.3 69.3 68.4 72.1 1416 950 5.196
1786413049 68.4 69.3 67.5 70.2 2208 950 5.264
1786413050 69.3 71.2 68.4 71.2 2208 950 5.172
1786413051 69.3 69.3 68.4 70.2 1416 950 5.206
1786413053 69.3 69.3 67.5 71.2 2208 950 5.220
1786413054 69.3 71.2 68.4 71.2 2208 950 5.172
1786413055 68.4 69.3 68.4 69.3 1608 950 5.172
1786413056 69.3 68.4 67.5 70.2 2016 950 5.201
1786413057 70.2 71.2 68.4 70.2 1608 950 5.244
1786413058 69.3 69.3 68.4 69.3 2208 950 5.177
1786413059 71.2 73.0 70.2 71.2 2208 950 5.138
1786413060 69.3 69.3 68.4 69.3 1008 950 5.153
1786413061 69.3 69.3 68.4 69.3 1008 950 5.211
1786413062 69.3 70.2 68.4 68.4 1800 950 5.182
1786413063 70.2 70.2 69.3 72.1 2208 950 5.206
1786413065 70.2 70.2 68.4 71.2 1008 950 5.206
1786413066 71.2 73.0 69.3 73.0 2208 950 5.191
1786413067 70.2 70.2 68.4 71.2 1608 950 5.215
1786413068 70.2 71.2 68.4 69.3 2208 950 5.177
1786413069 71.2 73.0 70.2 72.1 1800 950 5.254
1786413070 72.1 73.0 70.2 72.1 2208 950 5.153
1786413071 71.2 71.2 69.3 73.0 2208 950 5.133
1786413072 70.2 71.2 69.3 69.3 1800 950 5.215
1786413073 69.3 70.2 68.4 69.3 1416 950 5.172
1786413074 71.2 73.0 70.2 73.0 2208 950 5.172
1786413075 72.1 73.0 70.2 71.2 2208 950 5.206
1786413077 72.1 73.0 70.2 73.0 2208 950 5.133
1786413078 70.2 72.1 69.3 71.2 1800 950 5.182
1786413079 70.2 71.2 69.3 72.1 2208 950 5.230
1786413080 70.2 70.2 69.3 71.2 2016 950 5.201
1786413081 70.2 71.2 69.3 70.2 1800 950 5.157
1786413082 69.3 69.3 68.4 69.3 1008 950 5.153
1786413083 70.2 71.2 69.3 69.3 2016 950 5.186
1786413084 70.2 72.1 69.3 72.1 2208 950 5.182
1786413085 70.2 70.2 69.3 70.2 1608 950 5.230
1786413086 70.2 72.1 69.3 70.2 2208 950 5.172
1786413087 70.2 70.2 69.3 71.2 1008 950 5.225
1786413089 69.3 70.2 68.4 70.2 2208 950 5.177
1786413090 70.2 71.2 69.3 70.2 1416 950 5.201
1786413091 70.2 71.2 69.3 72.1 1608 950 5.177
1786413092 70.2 71.2 70.2 70.2 1416 950 5.191
1786413093 70.2 71.2 69.3 72.1 1800 950 5.157
1786413094 70.2 70.2 69.3 70.2 1608 950 5.138
1786413095 70.2 71.2 69.3 70.2 2208 950 5.167
1786413096 70.2 73.0 69.3 73.0 2208 950 5.196
1786413097 72.1 73.0 70.2 71.2 1416 950 5.157
1786413098 71.2 72.1 70.2 72.1 1416 950 5.167
1786413099 70.2 71.2 69.3 70.2 1608 950 5.211
1786413101 72.1 73.9 70.2 73.0 2208 950 5.162
1786413102 70.2 69.3 68.4 71.2 1608 950 5.172
1786413103 70.2 72.1 69.3 72.1 2208 950 5.167
1786413104 70.2 72.1 69.3 71.2 2208 950 5.196
1786413105 70.2 70.2 69.3 72.1 2208 950 5.196
1786413106 71.2 72.1 70.2 71.2 2016 950 5.215
1786413107 71.2 72.1 69.3 72.1 2208 950 5.186
1786413108 70.2 71.2 69.3 71.2 1608 950 5.128
1786413109 71.2 71.2 69.3 70.2 1608 950 5.162
1786413110 71.2 73.0 69.3 70.2 2208 950 5.090
1786413111 70.2 72.1 69.3 72.1 2208 950 5.148
1786413113 70.2 69.3 69.3 70.2 1800 950 5.186
1786413114 70.2 71.2 68.4 71.2 2208 950 5.230
1786413115 70.2 72.1 69.3 70.2 2208 950 5.206
1786413116 71.2 71.2 69.3 72.1 1608 950 5.201
1786413117 70.2 69.3 68.4 71.2 1416 950 5.244
1786413118 70.2 71.2 69.3 71.2 1008 950 5.143
1786413119 72.1 73.0 70.2 72.1 1608 950 5.225
1786413120 71.2 72.1 69.3 71.2 1800 950 5.138
1786413121 72.1 73.0 71.2 72.1 2016 950 5.186
1786413122 72.1 72.1 70.2 73.0 1608 950 5.177
1786413123 71.2 70.2 69.3 72.1 1008 950 5.225
1786413125 70.2 71.2 69.3 70.2 1416 950 5.177
1786413126 70.2 72.1 69.3 70.2 1008 950 5.244
1786413127 70.2 73.0 69.3 72.1 2208 950 5.182
1786413128 71.2 71.2 69.3 72.1 2208 950 5.191
1786413129 71.2 73.0 70.2 71.2 2208 950 5.128
1786413130 70.2 73.0 70.2 72.1 2208 950 5.153
1786413131 70.2 72.1 69.3 72.1 2016 950 5.220
1786413132 71.2 71.2 70.2 72.1 1008 950 5.191
1786413133 70.2 71.2 69.3 70.2 1416 950 5.235
1786413134 70.2 73.0 69.3 71.2 2208 950 5.215
1786413135 70.2 71.2 69.3 72.1 2208 950 5.225
1786413137 72.1 72.1 70.2 71.2 1800 950 5.167
1786413138 71.2 70.2 69.3 73.0 1800 950 5.133
1786413139 70.2 73.0 69.3 72.1 2208 950 5.220
1786413140 72.1 73.0 71.2 73.0 1800 950 5.225
1786413141 71.2 72.1 70.2 70.2 2208 950 5.167
1786413142 71.2 73.0 70.2 73.0 2208 950 5.215
1786413143 71.2 71.2 70.2 72.1 1416 950 5.225
1786413144 71.2 73.0 70.2 71.2 2208 950 5.153
1786413145 71.2 72.1 69.3 72.1 2016 950 5.244
1786413146 72.1 73.0 70.2 71.2 1608 950 5.191
1786413147 72.1 72.1 70.2 73.9 2208 950 5.172
1786413149 70.2 72.1 69.3 70.2 2208 950 5.182
1786413150 70.2 72.1 69.3 72.1 2208 950 5.201
1786413151 71.2 71.2 70.2 71.2 1008 950 5.172
1786413152 70.2 71.2 69.3 70.2 1416 950 5.148
1786413153 70.2 72.1 70.2 73.0 2208 950 5.153
1786413154 71.2 73.0 71.2 73.0 2208 950 5.148
1786413155 71.2 73.0 70.2 71.2 1800 950 5.119
1786413156 72.1 73.9 70.2 72.1 2208 950 5.157
1786413157 71.2 72.1 70.2 72.1 2208 950 5.177
1786413158 71.2 71.2 69.3 73.0 2208 950 5.177
1786413159 71.2 72.1 70.2 73.0 2208 950 5.215
1786413161 71.2 71.2 69.3 72.1 1800 950 5.220
1786413162 70.2 70.2 69.3 72.1 1008 950 5.191
1786413163 71.2 72.1 70.2 70.2 1416 950 5.182
1786413164 72.1 72.1 70.2 73.0 2016 950 5.153
1786413165 70.2 70.2 69.3 72.1 1008 950 5.138
1786413166 70.2 70.2 69.3 72.1 1008 950 5.157
1786413167 70.2 70.2 69.3 70.2 1800 950 5.230
1786413168 70.2 71.2 69.3 71.2 1608 950 5.206
1786413169 72.1 73.0 70.2 72.1 2208 950 5.143
1786413170 71.2 72.1 70.2 71.2 2208 950 5.196
1786413171 71.2 73.9 70.2 72.1 2208 950 5.085
1786413172 72.1 73.0 70.2 73.0 2016 950 5.186
1786413174 72.1 72.1 70.2 73.0 1008 950 5.148
1786413175 72.1 73.0 71.2 73.0 2208 950 5.138
1786413176 70.2 70.2 69.3 72.1 2208 950 5.138
1786413177 70.2 71.2 69.3 72.1 2016 950 5.215
1786413178 70.2 72.1 69.3 70.2 1800 950 5.191
1786413179 71.2 71.2 70.2 73.0 1800 950 5.167
1786413180 72.1 73.9 70.2 73.0 2208 950 5.133
1786413181 71.2 71.2 69.3 72.1 2208 950 5.162
1786413182 70.2 73.0 69.3 72.1 2208 950 5.153
1786413183 73.0 73.0 72.1 73.0 1416 950 5.201
1786413185 72.1 72.1 71.2 73.9 1416 950 5.167
1786413186 70.2 70.2 69.3 72.1 1008 950 5.133
1786413187 72.1 73.0 70.2 71.2 1800 950 5.182
1786413188 72.1 73.0 70.2 73.0 2016 950 5.177
1786413189 72.1 73.0 70.2 71.2 2208 950 5.191
1786413190 72.1 73.0 71.2 72.1 2208 950 5.186
1786413191 72.1 73.0 70.2 72.1 2208 950 5.220
1786413192 72.1 73.0 70.2 73.9 2208 950 5.254
1786413193 72.1 73.0 71.2 73.0 2016 950 5.109
1786413194 72.1 73.0 71.2 72.1 1416 950 5.177
1786413195 70.2 72.1 70.2 70.2 2208 950 5.133
1786413197 71.2 73.0 70.2 71.2 2208 950 5.220
1786413198 71.2 73.0 70.2 73.0 2208 950 5.191
1786413199 72.1 72.1 70.2 73.0 1008 950 5.153
1786413200 70.2 71.2 69.3 71.2 1008 950 5.215
1786413201 71.2 73.0 70.2 71.2 2208 950 5.124
1786413202 72.1 72.1 70.2 73.0 1800 950 5.220
1786413203 71.2 72.1 70.2 71.2 2208 950 5.167
1786413204 72.1 73.0 71.2 72.1 1008 950 5.153
1786413205 72.1 72.1 71.2 72.1 1608 950 5.186
1786413206 72.1 73.0 70.2 71.2 1608 950 5.196
1786413207 73.0 73.9 72.1 73.0 2016 950 5.186
1786413209 71.2 72.1 70.2 70.2 1008 950 5.220
1786413210 73.0 73.0 71.2 74.8 1608 950 5.162
1786413211 71.2 72.1 70.2 72.1 1608 950 5.240
1786413212 70.2 70.2 69.3 71.2 1008 950 5.167
1786413213 71.2 71.2 70.2 70.2 1800 950 5.119
1786413214 71.2 73.0 70.2 71.2 2208 950 5.201
1786413215 72.1 73.9 71.2 73.0 2208 950 5.201
1786413216 73.0 73.9 71.2 72.1 2208 950 5.201
1786413217 73.0 73.9 71.2 73.0 1608 950 5.128
1786413218 72.1 73.0 70.2 72.1 2208 950 5.206
1786413219 73.0 73.9 72.1 73.0 2016 950 5.201
1786413221 72.1 73.0 71.2 73.0 2208 950 5.293
1786413222 72.1 73.0 70.2 72.1 2208 950 5.177
1786413223 73.0 73.9 71.2 72.1 1800 950 5.206
1786413224 73.0 74.8 71.2 74.8 1800 950 5.196
1786413225 71.2 73.0 70.2 71.2 2208 950 5.133
1786413226 73.0 73.9 71.2 72.1 1800 950 5.206
1786413227 72.1 73.0 71.2 73.9 1008 950 5.225
1786413228 73.0 73.9 71.2 73.9 2208 950 5.143
1786413229 71.2 73.0 70.2 73.0 2208 950 5.220
1786413230 72.1 73.0 70.2 72.1 2208 950 5.211
1786413231 71.2 71.2 70.2 73.9 1608 950 5.215
1786413233 73.0 74.8 72.1 74.8 2208 950 5.177
1786413234 72.1 73.9 70.2 73.0 1608 950 5.206
1786413235 71.2 73.0 70.2 73.9 2208 950 5.167
1786413236 72.1 73.0 71.2 73.0 1416 950 5.148
1786413237 72.1 72.1 70.2 73.9 1608 950 5.215
1786413238 71.2 72.1 70.2 73.9 2208 950 5.191
1786413239 71.2 72.1 70.2 73.0 1800 950 5.186
1786413240 72.1 73.0 71.2 72.1 2208 950 5.172
1786413241 72.1 73.0 70.2 71.2 1800 950 5.153
1786413242 72.1 73.9 71.2 73.9 2208 950 5.201
1786413243 71.2 71.2 70.2 73.0 2208 950 5.196
1786413245 72.1 73.0 70.2 72.1 2016 950 5.157
1786413246 73.0 73.0 71.2 73.0 1416 950 5.167
1786413247 71.2 71.2 70.2 70.2 1008 950 5.182
1786413248 72.1 72.1 70.2 73.0 1800 950 5.206
1786413249 72.1 73.0 71.2 72.1 2208 950 5.177
1786413250 72.1 73.0 70.2 73.9 2208 950 5.196
1786413251 72.1 73.0 70.2 71.2 2208 950 5.215
1786413252 72.1 73.9 71.2 73.9 2208 950 5.186
1786413253 71.2 73.0 70.2 72.1 2208 950 5.191
1786413254 72.1 73.0 70.2 73.0 2208 950 5.182
1786413255 72.1 73.0 70.2 72.1 1416 950 5.138
1786413257 71.2 73.9 70.2 72.1 2208 950 5.153
1786413258 71.2 73.0 70.2 73.0 1800 950 5.153
1786413259 72.1 73.0 71.2 72.1 2208 950 5.215
1786413260 71.2 73.0 70.2 73.0 2208 950 5.157
1786413261 72.1 73.0 70.2 72.1 1800 950 5.225
1786413262 71.2 71.2 70.2 73.9 2016 950 5.201
1786413263 72.1 73.0 71.2 72.1 1416 950 5.148
1786413264 72.1 73.0 71.2 73.0 2208 950 5.162
1786413265 72.1 73.0 71.2 73.9 1416 950 5.215
1786413266 72.1 72.1 70.2 73.0 1008 950 5.215
1786413267 71.2 71.2 70.2 70.2 2016 950 5.225
1786413269 72.1 73.9 71.2 73.0 2208 950 5.254
1786413270 72.1 72.1 70.2 73.0 1008 950 5.215
1786413271 71.2 73.0 70.2 71.2 1608 950 5.085
1786413272 72.1 73.9 70.2 72.1 2208 950 5.172
1786413273 72.1 73.0 71.2 73.0 1008 950 5.133
1786413274 72.1 73.0 70.2 71.2 2208 950 5.186
1786413275 71.2 73.0 70.2 71.2 2208 950 5.186
1786413276 72.1 73.0 70.2 73.9 2208 950 5.206
1786413277 71.2 70.2 69.3 72.1 2208 950 5.191
1786413278 72.1 73.0 70.2 72.1 2208 950 5.186
1786413279 72.1 74.8 71.2 73.9 2208 950 5.254
1786413280 72.1 73.9 71.2 73.9 2208 950 5.177
1786413282 72.1 72.1 70.2 73.9 2208 950 5.133
1786413283 72.1 74.8 71.2 73.9 2208 950 5.215
1786413284 71.2 71.2 70.2 73.0 2208 950 5.191
1786413285 71.2 70.2 69.3 72.1 1008 950 5.182
1786413286 71.2 73.9 70.2 73.0 2208 950 5.201
1786413287 72.1 73.0 70.2 73.9 2208 950 5.196
1786413288 72.1 73.0 70.2 73.0 2208 950 5.167
1786413289 72.1 73.0 70.2 73.0 2208 950 5.225
1786413290 72.1 72.1 70.2 71.2 408 950 5.196
1786413291 70.2 72.1 70.2 72.1 2208 950 5.157
1786413292 71.2 71.2 69.3 72.1 2208 950 5.109
1786413294 71.2 71.2 70.2 71.2 2016 950 5.196
1786413295 72.1 72.1 70.2 73.9 2016 950 5.211
1786413296 71.2 71.2 70.2 72.1 1608 950 5.162
1786413297 71.2 72.1 70.2 71.2 1608 950 5.172
1786413298 70.2 70.2 69.3 71.2 1608 950 5.186
1786413299 72.1 73.0 71.2 72.1 1416 950 5.138
1786413300 72.1 73.9 70.2 73.0 2208 950 5.177
1786413301 71.2 71.2 70.2 73.0 2208 950 5.157
1786413302 71.2 72.1 70.2 72.1 2208 950 5.215
1786413303 72.1 73.0 71.2 72.1 1008 950 5.206
1786413304 72.1 73.0 70.2 73.0 2208 950 5.099
1786413305 71.2 73.0 70.2 71.2 1608 950 5.201
1786413307 70.2 70.2 69.3 72.1 1416 950 5.196
1786413308 71.2 71.2 69.3 71.2 1416 950 5.240
1786413309 70.2 71.2 69.3 71.2 1608 950 5.196
1786413310 71.2 72.1 70.2 71.2 1800 950 5.211
1786413311 71.2 73.0 70.2 73.0 2208 950 5.162
1786413312 71.2 72.1 70.2 71.2 1800 950 5.191
1786413313 71.2 73.9 70.2 73.9 2016 950 5.215
1786413314 71.2 72.1 70.2 72.1 2208 950 5.269
1786413315 71.2 71.2 69.3 72.1 2208 950 5.153
1786413316 70.2 71.2 69.3 71.2 2208 950 5.240
1786413317 71.2 72.1 70.2 73.9 1608 950 5.109
1786413319 72.1 73.0 70.2 71.2 2208 950 5.162
1786413320 70.2 71.2 69.3 70.2 1416 950 5.220
1786413321 70.2 71.2 69.3 70.2 1008 950 5.215
1786413322 70.2 72.1 70.2 70.2 1008 950 5.206
1786413323 71.2 72.1 70.2 72.1 2016 950 5.172
1786413324 71.2 72.1 70.2 71.2 1008 950 5.211
1786413325 70.2 70.2 69.3 71.2 1008 950 5.148
1786413326 72.1 73.0 70.2 73.9 2208 950 5.230
1786413327 71.2 73.9 70.2 72.1 2208 950 5.182
1786413328 71.2 73.9 70.2 71.2 2208 950 5.182
1786413329 71.2 71.2 70.2 71.2 2016 950 5.215
1786413331 72.1 72.1 70.2 71.2 1800 950 5.225
1786413332 71.2 73.0 70.2 72.1 2208 950 5.191
1786413333 72.1 73.0 71.2 72.1 1008 950 5.128
1786413334 71.2 73.9 70.2 72.1 1800 950 5.172
1786413335 71.2 72.1 70.2 71.2 1800 950 5.186
1786413336 72.1 73.0 70.2 73.0 2208 950 5.182
1786413337 72.1 72.1 70.2 73.0 2208 950 5.114
1786413338 73.0 73.9 71.2 72.1 1800 950 5.061
1786413339 71.2 71.2 70.2 72.1 2208 950 5.186
1786413340 72.1 72.1 70.2 71.2 2016 950 5.206
1786413341 70.2 71.2 70.2 70.2 1608 950 5.162
1786413343 72.1 73.9 70.2 73.0 1608 950 5.148
1786413344 71.2 71.2 70.2 72.1 2208 950 5.235
1786413345 72.1 72.1 70.2 72.1 1416 950 5.211
1786413346 71.2 70.2 69.3 72.1 1008 950 5.201
1786413347 72.1 73.0 70.2 72.1 2016 950 5.172
1786413348 70.2 71.2 69.3 70.2 1008 950 5.153
1786413349 71.2 73.0 70.2 73.9 2208 950 5.138
1786413350 70.2 71.2 69.3 70.2 1608 950 5.225
1786413351 71.2 73.0 70.2 71.2 2208 950 5.114
1786413352 70.2 71.2 69.3 70.2 1008 950 5.114
1786413353 71.2 73.0 70.2 73.9 2208 950 5.182
1786413355 71.2 71.2 69.3 72.1 2208 950 5.191
1786413356 71.2 72.1 70.2 72.1 2208 950 5.196
1786413357 71.2 71.2 70.2 73.0 2208 950 5.215
1786413358 72.1 73.0 70.2 72.1 2208 950 5.124
1786413359 70.2 72.1 69.3 70.2 1608 950 5.201
1786413360 72.1 73.9 70.2 72.1 2016 950 5.153
1786413361 71.2 72.1 70.2 73.9 2208 950 5.167
1786413362 72.1 73.0 71.2 71.2 1800 950 5.206
1786413363 71.2 73.0 70.2 71.2 2208 950 5.191
1786413364 70.2 71.2 69.3 70.2 1608 950 5.215
1786413365 71.2 72.1 70.2 70.2 2208 950 5.211
1786413367 70.2 72.1 69.3 72.1 2208 950 5.172
1786413368 71.2 72.1 70.2 73.9 2208 950 5.119
1786413369 71.2 71.2 69.3 71.2 2016 950 5.288
1786413370 71.2 72.1 70.2 70.2 2208 950 5.211
1786413371 72.1 73.9 71.2 73.9 2208 950 5.191
1786413372 72.1 73.0 71.2 73.9 1416 950 5.153
1786413373 71.2 73.0 70.2 71.2 2208 950 5.143
1786413374 72.1 73.0 70.2 71.2 1608 950 5.191
1786413375 71.2 73.9 70.2 73.0 2208 950 5.143
1786413376 72.1 73.9 71.2 74.8 2208 950 5.269
1786413377 72.1 73.0 71.2 73.0 1608 950 5.104
1786413379 72.1 73.0 70.2 71.2 1608 950 5.128
1786413380 72.1 72.1 70.2 73.9 2208 950 5.201
1786413381 70.2 71.2 70.2 70.2 1008 950 5.196
1786413382 71.2 72.1 70.2 71.2 1416 950 5.167
1786413383 71.2 71.2 70.2 73.0 2016 950 5.196
1786413384 71.2 72.1 70.2 71.2 1416 950 5.148
1786413385 71.2 72.1 69.3 70.2 1416 950 5.162
1786413386 72.1 72.1 70.2 73.9 2208 950 5.235
1786413387 71.2 72.1 70.2 73.0 2208 950 5.124
1786413388 72.1 72.1 70.2 73.9 1008 950 5.201
1786413389 72.1 73.0 70.2 72.1 1416 950 5.143
1786413391 70.2 70.2 69.3 70.2 1608 950 5.196
1786413392 71.2 71.2 70.2 73.0 2016 950 5.196
1786413393 71.2 73.0 70.2 73.0 2208 950 5.172
1786413394 70.2 72.1 69.3 71.2 2208 950 5.119
1786413395 70.2 72.1 69.3 72.1 2208 950 5.157
1786413396 71.2 72.1 70.2 72.1 2208 950 5.191
1786413397 71.2 71.2 70.2 73.0 2016 950 5.220
1786413398 72.1 73.9 71.2 72.1 2208 950 5.167
1786413399 72.1 72.1 70.2 73.0 408 950 5.235
1786413400 71.2 71.2 69.3 73.9 2208 950 5.182
1786413401 70.2 70.2 69.3 71.2 1008 950 5.201
1786413402 70.2 70.2 69.3 72.1 2208 950 5.157
1786413404 72.1 73.0 70.2 71.2 1608 950 5.167
1786413405 71.2 73.0 70.2 70.2 2208 950 5.220
1786413406 71.2 71.2 70.2 72.1 1416 950 5.244
1786413407 71.2 72.1 70.2 71.2 1008 950 5.215
1786413408 71.2 73.9 70.2 71.2 2208 950 5.182
1786413409 70.2 73.0 70.2 72.1 2208 950 5.211
1786413410 70.2 72.1 69.3 70.2 2208 950 5.177
1786413411 72.1 73.9 70.2 73.9 2208 950 5.196
1786413412 72.1 73.0 70.2 72.1 2208 950 5.191
1786413413 72.1 73.0 70.2 71.2 2208 950 5.191
1786413414 72.1 73.0 71.2 72.1 1008 950 5.215
1786413416 71.2 72.1 70.2 70.2 2208 950 5.186
1786413417 73.0 73.9 71.2 72.1 1608 950 5.235
1786413418 72.1 73.9 71.2 73.0 2208 950 5.215
1786413419 71.2 71.2 70.2 73.9 2208 950 5.182
1786413420 71.2 72.1 70.2 72.1 2016 950 5.196
1786413421 71.2 71.2 69.3 72.1 2208 950 5.138
1786413422 70.2 70.2 69.3 73.0 1800 950 5.254
1786413423 71.2 72.1 70.2 73.0 2208 950 5.157
1786413424 72.1 73.0 71.2 73.0 2208 950 5.119
1786413425 71.2 72.1 70.2 73.0 2208 950 5.186
1786413426 72.1 73.0 70.2 72.1 408 950 5.124
1786413428 72.1 72.1 70.2 72.1 1008 950 5.157
1786413429 72.1 71.2 70.2 72.1 1008 950 5.157
1786413430 72.1 73.0 71.2 72.1 2208 950 5.177
1786413431 72.1 71.2 70.2 73.9 2208 950 5.148
1786413432 71.2 73.0 70.2 72.1 2208 950 5.211
1786413433 71.2 73.0 70.2 72.1 2016 950 5.225
1786413434 70.2 69.3 69.3 70.2 1008 950 5.162
1786413435 71.2 72.1 70.2 72.1 1608 950 5.138
1786413436 72.1 72.1 70.2 72.1 1416 950 5.215
1786413437 73.0 73.9 71.2 72.1 1800 950 5.177
1786413438 72.1 73.0 70.2 73.0 2208 950 5.235
1786413439 72.1 72.1 70.2 73.9 1416 950 5.283
1786413441 73.0 73.9 71.2 73.0 1800 950 5.138
1786413442 72.1 73.9 70.2 73.0 2016 950 5.177
1786413443 72.1 73.0 70.2 73.9 2208 950 5.128
1786413444 72.1 73.0 70.2 71.2 1416 950 5.196
1786413445 72.1 72.1 70.2 71.2 1416 950 5.225
1786413446 72.1 73.9 71.2 73.9 1608 950 5.109
1786413447 71.2 72.1 70.2 71.2 1800 950 5.186
1786413448 71.2 73.0 70.2 73.0 2208 950 5.162
1786413449 72.1 72.1 70.2 71.2 1608 950 5.196
1786413450 71.2 73.0 70.2 70.2 1800 950 5.186
1786413451 71.2 73.0 70.2 70.2 2208 950 5.186
1786413453 71.2 73.0 70.2 73.0 2208 950 5.244
1786413454 72.1 73.0 71.2 73.9 408 950 5.220
1786413455 72.1 73.0 71.2 71.2 1608 950 5.240
1786413456 71.2 72.1 70.2 71.2 1608 950 5.206
1786413457 71.2 73.0 70.2 72.1 2208 950 5.124
1786413458 72.1 73.0 70.2 73.9 2208 950 5.138
1786413459 71.2 71.2 70.2 71.2 1800 950 5.162
1786413460 72.1 73.0 71.2 73.0 2016 950 5.225
1786413461 72.1 73.0 71.2 72.1 1416 950 5.133
1786413462 71.2 73.0 70.2 73.0 2208 950 5.254
1786413463 71.2 71.2 70.2 73.0 1608 950 5.215
1786413465 71.2 72.1 70.2 71.2 2208 950 5.196
1786413466 70.2 71.2 69.3 70.2 1416 950 5.177
1786413467 73.0 73.0 71.2 74.8 1608 950 5.177
1786413468 72.1 74.8 71.2 73.0 2208 950 5.177
1786413469 71.2 73.0 70.2 71.2 2208 950 5.172
1786413470 72.1 73.9 70.2 73.9 2208 950 5.186
1786413471 71.2 71.2 70.2 72.1 1608 950 5.182
1786413472 71.2 73.9 70.2 73.0 2208 950 5.167
1786413473 71.2 71.2 70.2 72.1 2208 950 5.254
1786413474 72.1 73.0 70.2 72.1 1416 950 5.162
1786413475 71.2 73.0 70.2 72.1 2208 950 5.177
1786413477 70.2 73.0 70.2 71.2 2208 950 5.138
1786413478 72.1 73.0 70.2 73.0 2208 950 5.177
1786413479 71.2 71.2 70.2 73.0 1416 950 5.172
1786413480 72.1 73.9 71.2 72.1 2208 950 5.167
1786413481 71.2 71.2 70.2 73.0 1008 950 5.191
1786413482 71.2 71.2 70.2 71.2 1800 950 5.211
1786413483 72.1 74.8 71.2 73.0 2208 950 5.206
1786413484 72.1 72.1 70.2 71.2 1608 950 5.206
1786413485 71.2 73.0 70.2 73.0 2208 950 5.128
1786413486 71.2 73.0 70.2 73.9 2208 950 5.201
1786413487 72.1 73.0 70.2 72.1 2208 950 5.172
1786413489 71.2 73.0 70.2 71.2 2208 950 5.196
1786413490 73.0 73.0 72.1 73.0 1800 950 5.191
1786413491 72.1 73.0 71.2 72.1 2208 950 5.240
1786413492 72.1 73.9 71.2 73.9 2208 950 5.090
1786413493 72.1 73.0 70.2 72.1 2208 950 5.075
1786413494 72.1 73.0 70.2 73.0 2208 950 5.172
1786413495 71.2 71.2 70.2 73.0 2208 950 5.196
1786413496 71.2 71.2 70.2 73.0 1416 950 5.186
1786413497 71.2 71.2 70.2 72.1 408 950 5.191
1786413498 72.1 72.1 70.2 70.2 2208 950 5.211
1786413499 73.0 73.9 71.2 73.9 2208 950 5.172
1786413500 72.1 73.0 71.2 73.0 2208 950 5.235
1786413502 73.0 73.0 71.2 74.8 1008 950 5.201
1786413503 72.1 72.1 70.2 71.2 1416 950 5.196
1786413504 72.1 73.0 71.2 72.1 1608 950 5.211
1786413505 70.2 70.2 69.3 71.2 1608 950 5.186
1786413506 73.0 73.0 71.2 72.1 1008 950 5.215
1786413507 71.2 73.0 70.2 70.2 2208 950 5.201
1786413508 71.2 73.0 70.2 73.9 2208 950 5.201
1786413509 71.2 71.2 70.2 72.1 1608 950 5.162
1786413510 72.1 73.0 70.2 72.1 2208 950 5.162
1786413511 73.0 73.0 71.2 73.9 2016 950 5.157
1786413512 71.2 73.0 70.2 72.1 2208 950 5.109
1786413514 71.2 72.1 70.2 73.9 2016 950 5.128
1786413515 71.2 71.2 69.3 72.1 2208 950 5.244
1786413516 71.2 71.2 70.2 73.0 2208 950 5.119
1786413517 71.2 72.1 70.2 71.2 1008 950 5.211
1786413518 72.1 73.0 71.2 72.1 2208 950 5.153
1786413519 72.1 73.0 70.2 73.0 2208 950 5.177
1786413520 70.2 73.0 70.2 72.1 2208 950 5.133
1786413521 71.2 73.9 70.2 72.1 2208 950 5.230
1786413522 71.2 71.2 69.3 72.1 1800 950 5.157
1786413523 72.1 73.0 70.2 73.9 2208 950 5.167
1786413524 71.2 72.1 70.2 72.1 2208 950 5.177
1786413526 71.2 72.1 70.2 70.2 1416 950 5.225
1786413527 72.1 73.0 71.2 74.8 2208 950 5.133
1786413528 73.0 73.9 71.2 73.0 2016 950 5.046
1786413529 73.0 73.9 71.2 72.1 1800 950 5.211
1786413530 72.1 73.9 70.2 73.9 2208 950 5.157
1786413531 72.1 72.1 70.2 72.1 1416 950 5.172
1786413532 72.1 72.1 70.2 73.0 2208 950 5.167
1786413533 72.1 73.0 70.2 73.0 2208 950 5.225
1786413534 71.2 73.0 70.2 72.1 2016 950 5.201
1786413535 72.1 73.0 70.2 71.2 1608 950 5.186
1786413536 72.1 73.9 71.2 72.1 2016 950 5.211
1786413537 72.1 72.1 70.2 73.9 2208 950 5.264
1786413539 71.2 73.9 70.2 72.1 1800 950 5.264
1786413540 72.1 73.0 70.2 71.2 1416 950 5.211
1786413541 72.1 73.0 70.2 73.0 2016 950 5.124
1786413542 71.2 73.0 70.2 70.2 1008 950 5.186
1786413543 72.1 73.9 70.2 73.0 2208 950 5.182
1786413544 72.1 72.1 70.2 72.1 1800 950 5.191
1786413545 72.1 73.0 70.2 72.1 1008 950 5.148
1786413546 71.2 73.0 70.2 71.2 1800 950 5.206
1786413547 72.1 73.0 71.2 73.9 2208 950 5.186
1786413548 72.1 73.0 70.2 73.9 2208 950 5.157
1786413549 72.1 73.0 71.2 72.1 2208 950 5.157
1786413551 73.9 74.8 72.1 73.0 1608 950 5.157
1786413552 72.1 73.0 70.2 71.2 2208 950 5.182
1786413553 72.1 74.8 71.2 73.0 2208 950 5.186
1786413554 72.1 71.2 70.2 73.9 1008 950 5.196
1786413555 70.2 72.1 70.2 70.2 1608 950 5.244
1786413556 70.2 72.1 69.3 70.2 1008 950 5.196
1786413557 72.1 72.1 70.2 73.0 2208 950 5.206
1786413558 72.1 73.9 71.2 73.0 2208 950 5.124
1786413559 70.2 73.0 70.2 71.2 2208 950 5.220
1786413560 71.2 73.0 70.2 71.2 2208 950 5.196
1786413562 72.1 73.9 71.2 73.9 2208 950 5.095
1786413563 71.2 71.2 70.2 72.1 2016 950 5.186
1786413564 72.1 73.0 71.2 72.1 1416 950 5.172
1786413565 71.2 73.0 70.2 71.2 2208 950 5.186
1786413566 71.2 71.2 70.2 71.2 2208 950 5.182
1786413567 71.2 71.2 70.2 72.1 1416 950 5.206
1786413568 72.1 73.9 72.1 72.1 2208 950 5.196
1786413569 72.1 72.1 70.2 73.0 1008 950 5.196
1786413570 73.0 73.9 72.1 73.9 2208 950 5.148
1786413571 71.2 71.2 70.2 72.1 408 950 5.191
1786413572 71.2 71.2 70.2 71.2 2016 950 5.128
1786413574 71.2 72.1 70.2 71.2 1416 950 5.182
1786413575 71.2 73.9 70.2 72.1 2208 950 5.153
1786413576 71.2 73.0 70.2 73.0 2208 950 5.172
1786413577 72.1 73.0 70.2 72.1 2208 950 5.148
1786413578 72.1 73.9 71.2 73.0 1800 950 5.119
1786413579 70.2 72.1 70.2 70.2 2016 950 5.124
1786413580 71.2 73.9 70.2 71.2 2208 950 5.186
1786413581 72.1 73.9 71.2 73.9 1800 950 5.186
1786413582 71.2 71.2 69.3 73.0 2016 950 5.244
1786413583 71.2 71.2 70.2 72.1 1800 950 5.230
1786413584 71.2 73.0 70.2 73.9 2208 950 5.182
1786413586 72.1 73.0 70.2 72.1 1608 950 5.186
1786413587 72.1 72.1 71.2 72.1 1416 950 5.153
1786413588 72.1 73.0 70.2 73.0 2208 950 5.211
1786413589 72.1 73.0 71.2 73.0 2208 950 5.191
1786413590 70.2 71.2 69.3 71.2 1608 950 5.153
1786413591 72.1 73.0 70.2 73.0 1608 950 5.254
1786413592 72.1 73.0 71.2 72.1 1800 950 5.215
1786413593 72.1 73.9 70.2 73.9 2208 950 5.211
1786413594 71.2 72.1 70.2 71.2 2208 950 5.095
1786413595 73.0 73.0 72.1 73.0 1800 950 5.143
1786413596 72.1 73.9 71.2 73.0 2016 950 5.215
1786413598 72.1 73.0 70.2 73.9 2208 950 5.186
1786413599 71.2 71.2 70.2 73.9 1800 950 5.201
1786413600 71.2 71.2 70.2 71.2 1416 950 5.201
1786413601 71.2 72.1 70.2 73.9 2208 950 5.244
1786413602 72.1 73.0 70.2 71.2 1416 950 5.182
1786413603 72.1 73.9 70.2 73.0 2208 950 5.196
1786413604 71.2 71.2 70.2 73.9 2208 950 5.157
1786413605 72.1 72.1 70.2 73.0 2208 950 5.235
1786413606 71.2 72.1 70.2 73.0 1008 950 5.157
1786413607 71.2 72.1 70.2 72.1 2208 950 5.211
1786413608 72.1 73.0 70.2 71.2 2208 950 5.201
1786413610 72.1 73.9 71.2 73.0 2208 950 5.235
1786413611 72.1 73.0 70.2 73.0 2016 950 5.186
1786413612 72.1 72.1 70.2 72.1 1416 950 5.143
1786413613 71.2 72.1 70.2 71.2 1416 950 5.186
1786413614 72.1 73.9 70.2 73.9 2208 950 5.167
1786413615 71.2 71.2 70.2 71.2 1008 950 5.269
1786413616 71.2 70.2 69.3 72.1 1008 950 5.206
1786413617 71.2 71.2 69.3 71.2 1608 950 5.191
1786413618 71.2 72.1 70.2 73.9 2208 950 5.191
1786413619 72.1 72.1 70.2 72.1 1608 950 5.172
1786413620 70.2 70.2 69.3 71.2 408 950 5.191
1786413622 71.2 72.1 70.2 70.2 1608 950 5.186
1786413623 71.2 73.0 70.2 72.1 2208 950 5.186
1786413624 70.2 72.1 70.2 72.1 2208 950 5.182
1786413625 72.1 73.0 70.2 73.9 2208 950 5.186
1786413626 71.2 73.0 70.2 73.0 2208 950 5.157
1786413627 71.2 72.1 70.2 72.1 1800 950 5.138
1786413628 71.2 72.1 70.2 71.2 1008 950 5.114
1786413629 71.2 73.9 70.2 71.2 2208 950 5.182
1786413630 72.1 73.0 70.2 71.2 2016 950 5.206
1786413631 71.2 73.0 70.2 71.2 2208 950 5.206
1786413632 72.1 73.0 70.2 71.2 1608 950 5.153
1786413633 72.1 71.2 70.2 72.1 1008 950 5.162
1786413635 71.2 71.2 70.2 72.1 1008 950 5.235
1786413636 72.1 74.8 71.2 73.9 2016 950 5.196
1786413637 71.2 72.1 70.2 73.9 2016 950 5.138
1786413638 70.2 70.2 69.3 73.0 2208 950 5.172
1786413639 72.1 73.0 71.2 73.0 1008 950 5.196
1786413640 71.2 73.0 70.2 71.2 2208 950 5.191
1786413641 72.1 73.0 70.2 73.0 2208 950 5.206
1786413642 72.1 73.0 71.2 72.1 2208 950 5.220
1786413643 73.0 73.9 71.2 73.0 2016 950 5.143
1786413644 71.2 73.0 70.2 73.0 2208 950 5.235
1786413645 72.1 73.0 71.2 74.8 2208 950 5.206
1786413647 71.2 73.0 70.2 73.9 1800 950 5.172
1786413648 71.2 71.2 70.2 72.1 1800 950 5.215
1786413649 72.1 72.1 70.2 73.0 2016 950 5.143
1786413650 71.2 72.1 70.2 72.1 2208 950 5.191
1786413651 71.2 72.1 70.2 73.0 1008 950 5.186
1786413652 71.2 71.2 69.3 73.0 2016 950 5.157
1786413653 70.2 70.2 70.2 72.1 1008 950 5.148
1786413654 71.2 72.1 69.3 73.0 2016 950 5.215
1786413655 71.2 70.2 69.3 73.0 1008 950 5.153
1786413656 72.1 74.8 71.2 72.1 2208 950 5.215
1786413657 71.2 73.9 70.2 73.0 2208 950 5.235
1786413659 71.2 73.0 70.2 73.9 1800 950 5.215
1786413660 73.0 73.9 72.1 73.0 2208 950 5.143
1786413661 71.2 71.2 70.2 72.1 2016 950 5.230
1786413662 72.1 72.1 70.2 73.0 1008 950 5.215
1786413663 72.1 73.0 70.2 71.2 1800 950 5.177
1786413664 73.0 73.9 72.1 73.0 2208 950 5.162
1786413665 72.1 73.0 70.2 73.9 2208 950 5.191
1786413666 71.2 71.2 70.2 70.2 1008 950 5.143
1786413667 70.2 70.2 69.3 73.0 2208 950 5.244
1786413668 72.1 73.0 70.2 71.2 1608 950 5.196
1786413669 72.1 73.9 71.2 72.1 2208 950 5.211
1786413671 71.2 73.0 70.2 71.2 2208 950 5.215
1786413672 72.1 73.0 71.2 72.1 1008 950 5.157
1786413673 72.1 73.9 71.2 74.8 2208 950 5.264
1786413674 72.1 73.9 71.2 73.9 2208 950 5.124
1786413675 72.1 72.1 70.2 73.0 1008 950 5.138
1786413676 71.2 71.2 70.2 71.2 1008 950 5.138
1786413677 73.0 73.0 71.2 73.9 2208 950 5.186
1786413678 71.2 71.2 69.3 72.1 2208 950 5.182
1786413679 72.1 73.9 71.2 74.8 2208 950 5.293
1786413680 71.2 71.2 70.2 72.1 1008 950 5.249
1786413681 71.2 72.1 70.2 71.2 1416 950 5.235
1786413683 72.1 73.0 71.2 72.1 1608 950 5.162
1786413684 72.1 73.9 71.2 73.0 2208 950 5.186
1786413685 73.0 74.8 72.1 73.9 1800 950 5.196
1786413686 71.2 72.1 70.2 73.0 2016 950 5.138
1786413687 72.1 73.9 70.2 72.1 2208 950 5.206
1786413688 72.1 73.0 70.2 71.2 1608 950 5.211
1786413689 72.1 72.1 70.2 73.0 2208 950 5.211
1786413690 72.1 73.0 71.2 74.8 2208 950 5.153
1786413691 72.1 73.0 71.2 72.1 1800 950 5.201
1786413692 71.2 71.2 70.2 71.2 1608 950 5.235
1786413693 72.1 72.1 70.2 71.2 1416 950 5.186
1786413695 72.1 73.0 70.2 73.9 2208 950 5.128
1786413696 71.2 73.0 70.2 72.1 2208 950 5.244
1786413697 71.2 72.1 70.2 72.1 2208 950 5.264
1786413698 71.2 72.1 70.2 71.2 2016 950 5.157
1786413699 72.1 73.0 71.2 73.9 2208 950 5.167
1786413700 71.2 73.0 70.2 71.2 2208 950 5.196
1786413701 71.2 73.0 70.2 71.2 1800 950 5.206
1786413702 72.1 73.9 71.2 73.0 2016 950 5.157
1786413703 72.1 73.0 71.2 72.1 2208 950 5.196
1786413704 71.2 73.0 70.2 72.1 2208 950 5.249
1786413705 72.1 73.0 70.2 73.0 2208 950 5.206
1786413707 71.2 71.2 70.2 72.1 1416 950 5.172
1786413708 72.1 73.0 70.2 73.9 2208 950 5.235
1786413709 72.1 73.0 71.2 73.9 1008 950 5.148
1786413710 73.0 73.9 71.2 72.1 2016 950 5.157
1786413711 72.1 73.9 71.2 73.0 2208 950 5.230
1786413712 71.2 73.0 70.2 73.0 2208 950 5.114
1786413713 72.1 73.0 70.2 73.0 1608 950 5.206
1786413714 73.0 73.9 71.2 73.0 2208 950 5.143
1786413715 71.2 73.0 70.2 71.2 2208 950 5.191
1786413716 73.0 73.0 71.2 73.9 1008 950 5.254
1786413717 71.2 71.2 70.2 73.0 1008 950 5.201
1786413719 71.2 71.2 69.3 73.9 1416 950 5.244
1786413720 72.1 73.0 70.2 71.2 1800 950 5.211
1786413721 72.1 73.9 71.2 72.1 1416 950 5.157
1786413722 72.1 73.0 70.2 72.1 2208 950 5.196
1786413723 71.2 71.2 70.2 72.1 1416 950 5.153
1786413724 71.2 73.0 70.2 72.1 2208 950 5.095
1786413725 71.2 71.2 70.2 73.0 2208 950 5.259
1786413726 72.1 73.9 71.2 74.8 2016 950 5.177
1786413727 72.1 73.9 71.2 73.9 2208 950 5.177
1786413728 72.1 73.9 71.2 72.1 2208 950 5.167
1786413729 71.2 73.0 70.2 73.9 2208 950 5.273
1786413731 73.0 73.0 71.2 73.9 1416 950 5.273
1786413732 72.1 73.0 71.2 73.0 1008 950 5.167
1786413733 72.1 72.1 70.2 72.1 1416 950 5.225
1786413734 71.2 72.1 70.2 71.2 1416 950 5.172
1786413735 70.2 70.2 69.3 70.2 1416 950 5.167
1786413736 70.2 71.2 69.3 71.2 1416 950 5.148
1786413737 71.2 72.1 70.2 70.2 1008 950 5.264
1786413738 71.2 73.0 70.2 71.2 2016 950 5.186
1786413739 71.2 73.0 70.2 71.2 2208 950 5.196
1786413740 72.1 73.0 70.2 72.1 2208 950 5.138
1786413741 72.1 73.0 71.2 73.9 1800 950 5.230
1786413743 73.0 73.9 72.1 73.9 1608 950 5.215
1786413744 72.1 71.2 70.2 72.1 1800 950 5.225
1786413745 71.2 72.1 70.2 72.1 1608 950 5.215
1786413746 72.1 73.9 71.2 73.0 2208 950 5.167
1786413747 71.2 72.1 70.2 71.2 2208 950 5.070
1786413748 73.0 73.0 71.2 73.9 2208 950 5.206
1786413749 71.2 73.0 70.2 73.0 2208 950 5.153
1786413750 72.1 73.0 70.2 73.0 2208 950 5.240
1786413751 71.2 73.0 70.2 73.0 2208 950 5.172
1786413752 72.1 73.0 71.2 71.2 1608 950 5.206
1786413753 73.0 73.9 71.2 74.8 2016 950 5.128
1786413755 72.1 72.1 70.2 72.1 1608 950 5.182
1786413756 72.1 72.1 70.2 71.2 1416 950 5.133
1786413757 71.2 73.0 70.2 73.9 2208 950 5.191
1786413758 72.1 73.0 70.2 72.1 2208 950 5.182
1786413759 72.1 72.1 70.2 73.0 1008 950 5.235
1786413760 71.2 73.0 70.2 71.2 2208 950 5.167
1786413761 71.2 71.2 70.2 73.0 2208 950 5.206
1786413762 71.2 73.0 70.2 73.0 2208 950 5.172
1786413763 72.1 72.1 70.2 71.2 1008 950 5.211
1786413764 72.1 72.1 70.2 72.1 2016 950 5.254
1786413765 72.1 72.1 70.2 72.1 1008 950 5.143
1786413767 72.1 72.1 70.2 71.2 1008 950 5.211
1786413768 72.1 74.8 70.2 73.0 2208 950 5.182
1786413769 71.2 73.0 70.2 73.9 2208 950 5.186
1786413770 73.0 74.8 71.2 73.9 2208 950 5.157
1786413771 72.1 72.1 70.2 73.9 2208 950 5.235
1786413772 71.2 71.2 70.2 72.1 2016 950 5.201
1786413773 72.1 72.1 70.2 72.1 408 950 5.167
1786413774 71.2 71.2 70.2 72.1 1608 950 5.196
1786413775 72.1 73.0 71.2 72.1 2016 950 5.172
1786413776 72.1 73.0 71.2 74.8 2208 950 5.225
1786413777 72.1 72.1 70.2 72.1 1800 950 5.283
1786413778 72.1 72.1 70.2 72.1 1800 950 5.196
1786413780 71.2 72.1 70.2 71.2 2016 950 5.201
1786413781 72.1 74.8 71.2 73.0 2208 950 5.206
1786413782 71.2 73.9 70.2 72.1 2208 950 5.211
1786413783 72.1 73.0 71.2 72.1 2208 950 5.186
1786413784 71.2 71.2 70.2 73.9 2208 950 5.167
1786413785 71.2 72.1 70.2 70.2 1800 950 5.249
1786413786 73.0 73.0 71.2 72.1 2208 950 5.211
1786413787 72.1 73.9 71.2 73.0 2208 950 5.211
1786413788 72.1 72.1 70.2 72.1 1608 950 5.172
1786413789 71.2 72.1 70.2 72.1 1008 950 5.167
1786413790 70.2 71.2 70.2 71.2 1608 950 5.254
1786413792 71.2 73.9 71.2 73.0 2208 950 5.215
1786413793 72.1 72.1 70.2 72.1 2208 950 5.196
1786413794 72.1 72.1 71.2 72.1 1608 950 5.186
1786413795 72.1 73.0 71.2 71.2 2208 950 5.138
1786413796 71.2 73.0 70.2 72.1 2208 950 5.167
1786413797 71.2 71.2 70.2 72.1 2016 950 5.249
1786413798 73.0 73.9 71.2 74.8 2208 950 5.259
1786413799 72.1 74.8 71.2 73.0 2208 950 5.225
1786413800 71.2 72.1 70.2 73.0 2208 950 5.177
1786413801 72.1 73.9 71.2 72.1 2208 950 5.225
1786413802 71.2 72.1 70.2 70.2 1800 950 5.186
1786413804 73.0 73.9 71.2 75.8 2208 950 5.235
1786413805 70.2 73.0 70.2 72.1 1800 950 5.206
1786413806 72.1 73.0 71.2 71.2 2208 950 5.201
1786413807 71.2 72.1 70.2 72.1 2208 950 5.182
1786413808 71.2 72.1 70.2 73.9 2208 950 5.206
1786413809 71.2 72.1 70.2 72.1 1416 950 5.230
1786413810 72.1 73.9 71.2 73.0 2208 950 5.230
1786413811 71.2 73.0 70.2 71.2 2208 950 5.182
1786413812 71.2 72.1 70.2 71.2 1608 950 5.075
1786413813 70.2 71.2 70.2 70.2 1008 950 5.196
1786413814 72.1 74.8 71.2 73.9 2208 950 5.215
1786413816 72.1 72.1 70.2 73.9 1608 950 5.114
1786413817 71.2 72.1 70.2 73.9 1608 950 5.196
1786413818 72.1 73.0 71.2 73.9 1608 950 5.138
1786413819 71.2 72.1 70.2 73.0 1800 950 5.215
1786413820 72.1 73.0 71.2 71.2 2208 950 5.177
1786413821 71.2 73.0 70.2 73.0 2016 950 5.177
1786413822 72.1 73.0 71.2 72.1 1008 950 5.133
1786413823 73.0 73.9 71.2 72.1 2208 950 5.211
1786413824 72.1 73.0 71.2 73.9 2016 950 5.138
1786413825 72.1 72.1 70.2 73.0 1416 950 5.240
1786413826 73.0 73.9 72.1 73.0 408 950 5.075
1786413827 72.1 73.9 71.2 72.1 2208 950 5.157
1786413829 71.2 73.0 70.2 71.2 2208 950 5.201
1786413830 72.1 73.0 71.2 71.2 1608 950 5.196
1786413831 72.1 73.0 70.2 73.0 2208 950 5.215
1786413832 71.2 73.0 70.2 72.1 1008 950 5.138
1786413833 71.2 72.1 70.2 71.2 1608 950 5.196
1786413834 70.2 71.2 70.2 71.2 1008 950 5.206
1786413835 61.9 61.0 61.0 61.9 1416 950 5.273
1786413836 59.2 58.2 58.2 59.2 1008 950 5.278
1786413837 58.2 56.4 57.3 57.3 1416 950 5.230
1786413838 56.4 55.5 55.5 56.4 1416 950 5.254
1786413839 55.5 53.6 54.5 55.5 1008 950 5.312
1786413841 54.5 53.6 53.6 54.5 1608 950 5.283
1786413842 53.6 52.7 52.7 53.6 1416 950 5.302
1786413843 53.6 51.8 51.8 53.6 1008 950 5.264
1786413844 52.7 50.8 51.8 52.7 1608 950 5.307
1786413845 51.8 50.8 50.8 51.8 1416 950 5.317
1786413846 51.8 50.8 50.8 51.8 1416 950 5.264
1786413847 50.8 49.9 49.9 50.8 2016 950 5.249
1786413848 50.8 49.0 49.9 50.8 1416 950 5.264
1786413849 49.9 49.0 49.0 49.9 1008 950 5.302
1786413850 49.9 49.0 49.0 49.9 1416 950 5.298
1786413852 49.9 48.1 48.1 49.9 1008 950 5.264
1786413853 49.0 48.1 48.1 49.9 1416 950 5.283
1786413854 49.0 47.2 48.1 49.0 1416 950 5.273
1786413855 48.1 47.2 47.2 48.1 1416 950 5.249
1786413856 48.1 47.2 47.2 48.1 1416 950 5.273
1786413857 48.1 47.2 47.2 48.1 1800 950 5.293
1786413858 48.1 46.2 46.2 48.1 1608 950 5.288
1786413859 48.1 46.2 46.2 47.2 1008 950 5.312
1786413860 47.2 46.2 46.2 47.2 1416 950 5.273
1786413861 47.2 45.3 46.2 47.2 1008 950 5.264
1786413863 46.2 45.3 45.3 46.2 1008 950 5.327
1786413864 46.2 45.3 45.3 46.2 1008 950 5.278
1786413865 46.2 45.3 45.3 46.2 1008 950 5.307
1786413866 46.2 44.4 45.3 45.3 408 950 5.254
1786413867 46.2 44.4 44.4 45.3 1008 950 5.249
1786413868 46.2 44.4 44.4 46.2 1008 950 5.288
1786413869 45.3 44.4 44.4 45.3 1008 950 5.288
1786413870 45.3 43.5 44.4 44.4 1416 950 5.259
1786413871 45.3 43.5 44.4 44.4 1416 950 5.269
1786413872 45.3 43.5 44.4 44.4 1416 950 5.317
1786413874 44.4 43.5 44.4 44.4 1608 950 5.283
1786413875 44.4 43.5 43.5 44.4 1008 950 5.307
1786413876 44.4 43.5 43.5 44.4 1800 950 5.264
1786413877 44.4 42.5 43.5 44.4 1416 950 5.293
1786413878 44.4 43.5 43.5 45.3 1608 950 5.302
1786413879 44.4 43.5 43.5 43.5 1416 950 5.249
1786413880 43.5 42.5 42.5 43.5 1416 950 5.269
1786413881 43.5 42.5 42.5 43.5 1008 950 5.312
1786413882 43.5 42.5 42.5 43.5 1008 950 5.244
1786413883 43.5 42.5 42.5 43.5 1416 950 5.288
1786413885 43.5 42.5 42.5 43.5 1008 950 5.293
1786413886 43.5 42.5 42.5 43.5 1008 950 5.249
1786413887 43.5 41.6 42.5 42.5 1008 950 5.288
1786413888 43.5 41.6 42.5 43.5 1416 950 5.264
1786413889 42.5 41.6 41.6 42.5 1416 950 5.273
1786413890 42.5 41.6 41.6 42.5 1416 950 5.302
1786413891 42.5 41.6 41.6 42.5 1008 950 5.293
1786413892 42.5 40.7 41.6 42.5 1800 950 5.264
1786413893 42.5 41.6 41.6 42.5 1416 950 5.249
1786413894 42.5 40.7 40.7 42.5 1008 950 5.244
1786413896 42.5 41.6 41.6 42.5 1008 950 5.249
1786413897 42.5 40.7 41.6 42.5 1008 950 5.312
1786413898 41.6 40.7 40.7 41.6 1608 950 5.264
1786413899 42.5 40.7 40.7 41.6 1416 950 5.293
1786413900 41.6 40.7 40.7 41.6 1008 950 5.273
1786413901 41.6 40.7 40.7 41.6 1008 950 5.322
1786413902 41.6 40.7 40.7 41.6 1416 950 5.288
1786413903 41.6 40.7 40.7 41.6 1008 950 5.307
1786413904 41.6 39.8 40.7 41.6 1008 950 5.312
1786413905 41.6 40.7 40.7 40.7 1008 950 5.254
1786413907 41.6 40.7 40.7 41.6 1608 950 5.278
1786413908 41.6 40.7 40.7 41.6 1008 950 5.293
1786413909 41.6 39.8 40.7 40.7 1416 950 5.317
1786413910 41.6 39.8 40.7 41.6 1416 950 5.254
1786413911 41.6 39.8 40.7 40.7 1416 950 5.244
1786413912 40.7 39.8 40.7 40.7 1416 950 5.302
1786413913 40.7 39.8 40.7 40.7 408 950 5.278
1786413914 40.7 39.8 39.8 40.7 1416 950 5.259
1786413915 40.7 39.8 39.8 40.7 1416 950 5.254
1786413916 40.7 39.8 39.8 40.7 1008 950 5.249
1786413918 40.7 39.8 39.8 40.7 1416 950 5.269
1786413919 40.7 39.8 39.8 40.7 1008 950 5.249
1786413920 40.7 39.8 39.8 40.7 1008 950 5.293
1786413921 40.7 38.8 39.8 40.7 1608 950 5.322
1786413922 40.7 39.8 39.8 40.7 1608 950 5.293
1786413923 40.7 39.8 39.8 40.7 1608 950 5.322
1786413924 40.7 39.8 39.8 40.7 1608 950 5.269
1786413925 40.7 38.8 39.8 40.7 408 950 5.293
1786413926 40.7 38.8 38.8 40.7 1608 950 5.317
1786413927 40.7 38.8 38.8 39.8 1008 950 5.317
1786413929 40.7 38.8 38.8 39.8 408 950 5.283
1786413930 40.7 38.8 38.8 39.8 1008 950 5.283
1786413931 40.7 38.8 38.8 39.8 1608 950 5.312
1786413932 39.8 38.8 38.8 39.8 1008 950 5.293
1786413933 40.7 38.8 38.8 39.8 1608 950 5.254
1786413934 39.8 38.8 38.8 39.8 1416 950 5.269
1786413935 39.8 38.8 38.8 39.8 1608 950 5.273
1786413936 40.7 38.8 38.8 39.8 1008 950 5.273
1786413937 39.8 38.8 38.8 39.8 1416 950 5.278
1786413938 39.8 37.9 38.8 39.8 1608 950 5.269
1786413940 39.8 37.9 38.8 39.8 1416 950 5.317
1786413941 39.8 37.9 38.8 39.8 1416 950 5.298
1786413942 39.8 37.9 37.9 39.8 1608 950 5.264
