모델      : /home/pi/npuforge-rknn-test/yolov8n-fp16.rknn (9645065 bytes)
입력      : 1228800 bytes
스레드    : 8
지속      : 900초

 elapsed      total      inf/s      err
     10s        759       75.9        0
     20s       1544       78.5        0
     30s       2318       77.4        0
     40s       3089       77.1        0
     50s       3865       77.6        0
     60s       4632       76.7        0
     70s       5418       78.6        0
     80s       6190       77.2        0
     90s       6969       77.9        0
    100s       7730       76.1        0
    110s       8509       77.9        0
    120s       9278       76.9        0
    130s      10053       77.5        0
    140s      10849       79.6        0
    150s      11630       78.1        0
    160s      12410       78.0        0
    170s      13192       78.2        0
    180s      13967       77.5        0
    190s      14764       79.7        0
    200s      15541       77.7        0
    210s      16319       77.8        0
    220s      17107       78.8        0
    230s      17881       77.4        0
    240s      18645       76.4        0
    250s      19424       77.9        0
    260s      20211       78.7        0
    270s      20995       78.4        0
    280s      21775       78.0        0
    290s      22590       81.5        0
    300s      23384       79.4        0
    310s      24169       78.5        0
    320s      24950       78.1        0
    330s      25733       78.3        0
    340s      26516       78.3        0
    350s      27296       78.0        0
    360s      28057       76.1        0
    370s      28834       77.7        0
    380s      29593       75.9        0
    390s      30353       76.0        0
    400s      31127       77.4        0
    410s      31903       77.6        0
    420s      32667       76.4        0
    430s      33443       77.6        0
    440s      34209       76.6        0
    450s      34992       78.3        0
    460s      35751       75.9        0
    470s      36528       77.7        0
    480s      37304       77.6        0
    490s      38082       77.8        0
    500s      38860       77.8        0
    510s      39657       79.7        0
    520s      40432       77.5        0
    530s      41208       77.6        0
    540s      41990       78.2        0
    550s      42784       79.4        0
    560s      43566       78.2        0
    570s      44340       77.4        0
    580s      45105       76.5        0
    590s      45869       76.4        0
    600s      46656       78.7        0
    610s      47438       78.2        0
    620s      48232       79.4        0
    630s      49009       77.7        0
    640s      49787       77.8        0
    650s      50552       76.5        0
    660s      51337       78.5        0
    670s      52125       78.8        0
    680s      52903       77.8        0
    690s      53665       76.2        0
    700s      54437       77.2        0
    710s      55228       79.1        0
    720s      56011       78.3        0
    730s      56800       78.9        0
    740s      57581       78.1        0
    750s      58377       79.6        0
    760s      59154       77.7        0
    770s      59920       76.6        0
    780s      60700       78.0        0
    790s      61471       77.1        0
    800s      62259       78.8        0
    810s      63037       77.8        0
    820s      63806       76.9        0
    830s      64592       78.6        0
    840s      65366       77.4        0
    850s      66148       78.2        0
    860s      66928       78.0        0
    870s      67719       79.1        0
    880s      68487       76.8        0
    890s      69268       78.1        0
    900s      70041       77.3        0

================ 요약 ================
경과 시간      : 900.2초
총 추론        : 70049
처리량         : 77.8 inf/s
평균 지연      : 102770 us
오류           : 0
