epoch soc_c npu_c ddr_c bigcore_c cpu_mhz npu_mhz volt_v
1786412928 37.0 37.0 36.1 37.9 1608 950 5.230
1786412929 37.0 37.0 36.1 37.0 1800 950 5.264
1786412930 37.0 37.0 36.1 37.0 1416 950 5.254
1786412931 37.0 37.0 36.1 37.0 1416 950 5.331
1786412932 37.0 37.0 36.1 37.0 1008 950 5.278
1786412933 37.9 37.0 37.0 38.8 2208 950 5.288
1786412934 46.2 48.1 45.3 46.2 1800 950 5.148
1786412935 49.9 52.7 49.0 51.8 2208 950 5.235
1786412936 51.8 54.5 50.8 53.6 1416 950 5.191
1786412937 52.7 55.5 51.8 53.6 2208 950 5.157
1786412938 52.7 54.5 51.8 53.6 1800 950 5.157
1786412940 54.5 56.4 52.7 55.5 1800 950 5.240
1786412941 55.5 58.2 54.5 57.3 2208 950 5.157
1786412942 55.5 57.3 54.5 55.5 2208 950 5.196
1786412943 56.4 58.2 55.5 56.4 1416 950 5.157
1786412944 56.4 58.2 55.5 58.2 2208 950 5.220
1786412945 58.2 61.0 57.3 59.2 2208 950 5.220
1786412946 58.2 60.1 57.3 58.2 1800 950 5.157
1786412947 58.2 60.1 57.3 60.1 2208 950 5.172
1786412948 59.2 61.0 57.3 60.1 1416 950 5.215
1786412949 58.2 60.1 57.3 60.1 1800 950 5.225
1786412950 60.1 61.0 58.2 60.1 2208 950 5.153
1786412952 60.1 61.0 58.2 60.1 1008 950 5.133
1786412953 59.2 62.8 58.2 59.2 2208 950 5.148
1786412954 60.1 62.8 58.2 61.9 2208 950 5.249
1786412955 60.1 61.0 59.2 60.1 1800 950 5.177
1786412956 61.9 62.8 60.1 61.0 2208 950 5.206
1786412957 61.9 62.8 60.1 62.8 1800 950 5.225
1786412958 61.9 63.8 61.0 62.8 2208 950 5.215
1786412959 62.8 64.7 61.0 61.9 2208 950 5.167
1786412960 61.0 61.9 60.1 61.9 1800 950 5.201
1786412961 62.8 65.6 61.9 64.7 2208 950 5.211
1786412962 61.9 63.8 61.0 61.9 1416 950 5.196
1786412963 62.8 64.7 61.9 62.8 1008 950 5.273
1786412965 63.8 64.7 61.9 64.7 2208 950 5.206
1786412966 63.8 65.6 62.8 64.7 2016 950 5.124
1786412967 63.8 66.5 62.8 64.7 2208 950 5.201
1786412968 62.8 63.8 61.9 63.8 1800 950 5.201
1786412969 63.8 65.6 61.9 64.7 2208 950 5.148
1786412970 63.8 64.7 61.9 63.8 1608 950 5.206
1786412971 63.8 65.6 62.8 62.8 1416 950 5.182
1786412972 63.8 64.7 61.9 63.8 1008 950 5.128
1786412973 64.7 66.5 63.8 64.7 1800 950 5.167
1786412974 64.7 66.5 63.8 65.6 2016 950 5.109
1786412975 65.6 68.4 64.7 67.5 2208 950 5.215
1786412977 64.7 66.5 63.8 65.6 2208 950 5.138
1786412978 64.7 66.5 63.8 64.7 2208 950 5.186
1786412979 64.7 66.5 63.8 64.7 1416 950 5.206
1786412980 66.5 68.4 65.6 66.5 1608 950 5.191
1786412981 65.6 69.3 64.7 66.5 1608 950 5.206
1786412982 65.6 66.5 64.7 65.6 1416 950 5.182
1786412983 66.5 68.4 65.6 67.5 1416 950 5.148
1786412984 65.6 68.4 64.7 65.6 2208 950 5.157
1786412985 65.6 67.5 64.7 65.6 1608 950 5.201
1786412986 65.6 67.5 64.7 67.5 2016 950 5.157
1786412987 66.5 68.4 64.7 67.5 2208 950 5.182
1786412989 65.6 66.5 64.7 65.6 1008 950 5.215
1786412990 66.5 69.3 64.7 66.5 2208 950 5.167
1786412991 66.5 69.3 65.6 67.5 2208 950 5.215
1786412992 66.5 68.4 65.6 68.4 2208 950 5.157
1786412993 65.6 68.4 65.6 65.6 2208 950 5.167
1786412994 66.5 67.5 64.7 66.5 1800 950 5.240
1786412995 66.5 68.4 65.6 67.5 2208 950 5.104
1786412996 66.5 68.4 65.6 65.6 1416 950 5.201
1786412997 66.5 69.3 65.6 68.4 2208 950 5.138
1786412998 66.5 70.2 65.6 67.5 2208 950 5.090
1786412999 66.5 69.3 65.6 66.5 2208 950 5.235
1786413001 66.5 67.5 64.7 67.5 2208 950 5.177
1786413002 66.5 68.4 65.6 65.6 1008 950 5.244
1786413003 67.5 69.3 65.6 67.5 1416 950 5.186
1786413004 66.5 68.4 65.6 69.3 2208 950 5.293
1786413005 68.4 69.3 66.5 69.3 2208 950 5.225
1786413006 67.5 69.3 66.5 67.5 1416 950 5.157
1786413007 68.4 70.2 67.5 69.3 2016 950 5.230
1786413008 68.4 70.2 66.5 67.5 1800 950 5.157
1786413009 68.4 71.2 67.5 68.4 1416 950 5.148
1786413010 67.5 70.2 66.5 69.3 2208 950 5.177
1786413011 67.5 68.4 65.6 66.5 2208 950 5.230
1786413013 67.5 69.3 66.5 69.3 1800 950 5.133
1786413014 68.4 70.2 66.5 67.5 1608 950 5.215
1786413015 68.4 70.2 67.5 70.2 2208 950 5.162
1786413016 67.5 68.4 66.5 67.5 1608 950 5.138
1786413017 67.5 70.2 66.5 67.5 2208 950 5.162
1786413018 67.5 68.4 65.6 67.5 2208 950 5.235
1786413019 68.4 70.2 67.5 67.5 1416 950 5.196
1786413020 68.4 71.2 67.5 70.2 1800 950 5.244
1786413021 69.3 71.2 67.5 70.2 2208 950 5.191
1786413022 68.4 71.2 67.5 69.3 2208 950 5.133
1786413023 68.4 69.3 67.5 69.3 1608 950 5.220
1786413025 68.4 70.2 67.5 68.4 2208 950 5.162
1786413026 68.4 69.3 67.5 69.3 1608 950 5.196
1786413027 68.4 70.2 67.5 68.4 1608 950 5.225
1786413028 68.4 70.2 67.5 69.3 2208 950 5.128
1786413029 69.3 71.2 68.4 68.4 1608 950 5.201
1786413030 69.3 71.2 68.4 70.2 2208 950 5.201
1786413031 68.4 69.3 66.5 70.2 1008 950 5.254
1786413032 68.4 70.2 67.5 68.4 2208 950 5.080
1786413033 69.3 71.2 67.5 70.2 1800 950 5.215
1786413034 68.4 70.2 67.5 68.4 1416 950 5.172
1786413035 68.4 71.2 67.5 69.3 2208 950 5.124
1786413036 69.3 71.2 68.4 68.4 2016 950 5.061
1786413038 70.2 73.0 68.4 71.2 2016 950 5.186
1786413039 69.3 72.1 68.4 71.2 2208 950 5.148
1786413040 68.4 69.3 67.5 69.3 1800 950 5.196
1786413041 69.3 71.2 68.4 71.2 2208 950 5.186
1786413042 68.4 69.3 67.5 67.5 2208 950 5.177
1786413043 68.4 72.1 67.5 68.4 2208 950 5.206
1786413044 68.4 70.2 67.5 70.2 2016 950 5.191
1786413045 68.4 71.2 67.5 69.3 2208 950 5.172
1786413046 69.3 71.2 67.5 70.2 1800 950 5.172
1786413047 69.3 72.1 68.4 69.3 2208 950 5.206
1786413048 69.3 72.1 68.4 72.1 2208 950 5.182
1786413050 70.2 73.0 68.4 72.1 2208 950 5.162
1786413051 69.3 71.2 68.4 70.2 1800 950 5.211
1786413052 70.2 72.1 68.4 69.3 2208 950 5.157
1786413053 69.3 70.2 67.5 69.3 1800 950 5.191
1786413054 69.3 70.2 68.4 71.2 1608 950 5.162
1786413055 68.4 71.2 67.5 68.4 1008 950 5.235
1786413056 69.3 72.1 68.4 69.3 2208 950 5.148
1786413057 68.4 69.3 67.5 70.2 2208 950 5.211
1786413058 69.3 70.2 68.4 69.3 1608 950 5.191
1786413059 69.3 71.2 68.4 69.3 1800 950 5.177
1786413060 69.3 71.2 68.4 70.2 1008 950 5.220
1786413062 70.2 73.0 68.4 72.1 2208 950 5.230
1786413063 68.4 70.2 67.5 68.4 2208 950 5.143
1786413064 68.4 72.1 67.5 69.3 2208 950 5.157
1786413065 69.3 71.2 68.4 70.2 1416 950 5.196
1786413066 69.3 71.2 68.4 71.2 1800 950 5.235
1786413067 69.3 70.2 67.5 68.4 1008 950 5.211
1786413068 69.3 72.1 68.4 70.2 2208 950 5.119
1786413069 69.3 71.2 67.5 71.2 2208 950 5.201
1786413070 69.3 72.1 68.4 70.2 2208 950 5.167
1786413071 70.2 72.1 69.3 70.2 2208 950 5.148
1786413072 70.2 72.1 68.4 72.1 2208 950 5.225
1786413074 69.3 72.1 69.3 69.3 2208 950 5.119
1786413075 69.3 71.2 68.4 70.2 2208 950 5.201
1786413076 70.2 72.1 68.4 71.2 2208 950 5.254
1786413077 69.3 72.1 68.4 70.2 2208 950 5.182
1786413078 70.2 71.2 69.3 70.2 1416 950 5.172
1786413079 70.2 73.0 69.3 69.3 2208 950 5.109
1786413080 71.2 72.1 69.3 70.2 1416 950 5.186
1786413081 70.2 72.1 69.3 73.0 2208 950 5.148
1786413082 70.2 72.1 69.3 69.3 1608 950 5.162
1786413083 69.3 73.0 68.4 71.2 1800 950 5.211
1786413084 70.2 73.0 69.3 70.2 2208 950 5.162
1786413086 70.2 72.1 69.3 70.2 1008 950 5.157
1786413087 70.2 71.2 69.3 72.1 1800 950 5.182
1786413088 70.2 71.2 69.3 70.2 1608 950 5.215
1786413089 70.2 73.0 69.3 72.1 2208 950 5.191
1786413090 69.3 70.2 68.4 70.2 2016 950 5.225
1786413091 70.2 71.2 68.4 71.2 2208 950 5.201
1786413092 69.3 70.2 67.5 69.3 1416 950 5.153
1786413093 70.2 71.2 68.4 71.2 2208 950 5.249
1786413094 69.3 71.2 68.4 70.2 1008 950 5.215
1786413095 69.3 72.1 68.4 69.3 2208 950 5.153
1786413096 71.2 72.1 69.3 70.2 1416 950 5.167
1786413097 70.2 71.2 69.3 70.2 1416 950 5.162
1786413099 70.2 73.0 69.3 71.2 2208 950 5.240
1786413100 70.2 70.2 68.4 71.2 1008 950 5.148
1786413101 70.2 72.1 69.3 71.2 1608 950 5.172
1786413102 70.2 73.0 69.3 70.2 2208 950 5.191
1786413103 70.2 72.1 68.4 71.2 2208 950 5.249
1786413104 70.2 73.0 69.3 72.1 2208 950 5.167
1786413105 70.2 71.2 69.3 70.2 1008 950 5.153
1786413106 71.2 73.0 70.2 71.2 1008 950 5.186
1786413107 69.3 73.0 69.3 71.2 2208 950 5.148
1786413108 70.2 72.1 69.3 69.3 2208 950 5.215
1786413109 69.3 72.1 68.4 70.2 2208 950 5.157
1786413111 70.2 71.2 68.4 71.2 1008 950 5.211
1786413112 70.2 72.1 69.3 70.2 2208 950 5.157
1786413113 70.2 73.0 69.3 71.2 1416 950 5.148
1786413114 69.3 71.2 68.4 72.1 1800 950 5.191
1786413115 70.2 73.0 69.3 73.0 2208 950 5.153
1786413116 70.2 72.1 69.3 70.2 2208 950 5.162
1786413117 71.2 73.9 70.2 73.9 2016 950 5.230
1786413118 71.2 73.9 70.2 73.9 2208 950 5.240
1786413119 72.1 73.9 70.2 72.1 1800 950 5.186
1786413120 71.2 73.0 70.2 73.0 2208 950 5.148
1786413121 72.1 73.9 70.2 72.1 2208 950 5.182
1786413123 71.2 73.9 70.2 73.0 2208 950 5.172
1786413124 71.2 72.1 69.3 71.2 1608 950 5.167
1786413125 70.2 71.2 69.3 71.2 1008 950 5.167
1786413126 69.3 71.2 68.4 69.3 1800 950 5.182
1786413127 71.2 73.0 70.2 70.2 408 950 5.148
1786413128 69.3 71.2 68.4 69.3 2208 950 5.138
1786413129 70.2 72.1 69.3 70.2 1008 950 5.148
1786413130 70.2 72.1 69.3 73.0 2208 950 5.201
1786413131 70.2 73.0 69.3 71.2 2208 950 5.177
1786413132 70.2 71.2 69.3 71.2 1008 950 5.162
1786413133 70.2 72.1 69.3 69.3 1608 950 5.225
1786413135 70.2 72.1 69.3 73.0 1608 950 5.143
1786413136 72.1 73.9 70.2 73.0 2208 950 5.191
1786413137 71.2 73.9 70.2 72.1 2208 950 5.225
1786413138 70.2 73.0 69.3 72.1 2208 950 5.167
1786413139 70.2 71.2 69.3 73.0 2016 950 5.138
1786413140 71.2 73.0 70.2 71.2 1608 950 5.264
1786413141 70.2 73.0 69.3 71.2 2208 950 5.220
1786413142 70.2 72.1 69.3 70.2 1416 950 5.138
1786413143 70.2 73.0 69.3 71.2 2208 950 5.124
1786413144 70.2 71.2 69.3 71.2 1608 950 5.196
1786413145 70.2 73.0 69.3 72.1 2208 950 5.186
1786413147 70.2 71.2 69.3 70.2 1608 950 5.148
1786413148 70.2 72.1 69.3 69.3 1800 950 5.215
1786413149 70.2 71.2 69.3 71.2 2208 950 5.244
1786413150 70.2 72.1 69.3 70.2 1800 950 5.191
1786413151 71.2 73.0 70.2 73.0 2208 950 5.191
1786413152 72.1 73.9 71.2 72.1 1608 950 5.162
1786413153 70.2 73.0 69.3 71.2 2208 950 5.182
1786413154 70.2 72.1 69.3 71.2 2208 950 5.215
1786413155 70.2 72.1 69.3 70.2 1608 950 5.172
1786413156 71.2 73.0 70.2 73.0 2208 950 5.230
1786413157 70.2 72.1 69.3 69.3 1608 950 5.201
1786413159 70.2 73.0 69.3 70.2 2208 950 5.148
1786413160 70.2 72.1 69.3 70.2 1416 950 5.172
1786413161 71.2 73.0 69.3 72.1 2208 950 5.191
1786413162 70.2 72.1 69.3 71.2 1008 950 5.201
1786413163 70.2 72.1 69.3 70.2 1608 950 5.124
1786413164 71.2 73.0 70.2 73.0 2208 950 5.191
1786413165 71.2 73.0 69.3 72.1 1416 950 5.191
1786413166 70.2 72.1 69.3 71.2 1608 950 5.133
1786413167 71.2 73.0 69.3 73.0 2208 950 5.182
1786413168 70.2 72.1 69.3 71.2 1008 950 5.119
1786413169 71.2 73.0 69.3 73.0 1800 950 5.220
1786413171 70.2 73.0 69.3 70.2 2208 950 5.186
1786413172 71.2 73.0 70.2 71.2 1608 950 5.201
1786413173 71.2 73.9 70.2 72.1 2208 950 5.182
1786413174 70.2 72.1 69.3 71.2 1008 950 5.196
1786413175 71.2 73.9 70.2 73.9 2208 950 5.235
1786413176 71.2 73.9 70.2 71.2 2016 950 5.177
1786413177 71.2 71.2 69.3 73.0 2208 950 5.220
1786413178 70.2 73.0 69.3 70.2 2208 950 5.186
1786413179 72.1 73.9 70.2 71.2 2016 950 5.220
1786413180 72.1 73.9 71.2 72.1 1800 950 5.167
1786413181 71.2 73.0 70.2 72.1 2208 950 5.162
1786413183 71.2 73.0 70.2 71.2 1608 950 5.143
1786413184 70.2 73.9 69.3 72.1 2208 950 5.124
1786413185 71.2 73.0 70.2 71.2 2208 950 5.177
1786413186 71.2 73.9 70.2 71.2 2016 950 5.133
1786413187 72.1 73.0 70.2 73.0 1008 950 5.215
1786413188 70.2 72.1 69.3 70.2 2016 950 5.133
1786413189 71.2 73.0 70.2 72.1 2208 950 5.167
1786413190 71.2 73.0 70.2 71.2 1608 950 5.162
1786413191 71.2 73.0 70.2 73.0 2016 950 5.211
1786413192 71.2 73.0 69.3 70.2 1800 950 5.206
1786413193 71.2 73.0 69.3 72.1 2208 950 5.191
1786413195 71.2 73.0 70.2 72.1 1800 950 5.138
1786413196 71.2 73.9 70.2 73.0 2208 950 5.206
1786413197 70.2 72.1 69.3 72.1 1800 950 5.191
1786413198 71.2 73.0 70.2 71.2 2208 950 5.186
1786413199 70.2 71.2 69.3 71.2 1008 950 5.230
1786413200 70.2 72.1 69.3 70.2 1608 950 5.244
1786413201 72.1 74.8 70.2 73.0 2208 950 5.177
1786413202 71.2 73.0 70.2 73.0 1608 950 5.206
1786413203 70.2 72.1 69.3 70.2 1416 950 5.153
1786413204 71.2 74.8 70.2 72.1 2208 950 5.186
1786413205 70.2 71.2 69.3 71.2 1800 950 5.211
1786413207 71.2 73.0 70.2 72.1 1608 950 5.196
1786413208 71.2 73.9 70.2 72.1 2208 950 5.191
1786413209 71.2 72.1 69.3 73.0 2208 950 5.225
1786413210 70.2 71.2 69.3 71.2 1008 950 5.225
1786413211 70.2 72.1 69.3 70.2 2016 950 5.172
1786413212 70.2 73.0 69.3 72.1 2208 950 5.215
1786413213 70.2 73.0 69.3 73.0 2208 950 5.201
1786413214 70.2 71.2 69.3 72.1 1416 950 5.201
1786413215 71.2 73.0 70.2 72.1 1608 950 5.157
1786413216 69.3 72.1 69.3 70.2 2208 950 5.153
1786413217 71.2 72.1 69.3 71.2 1608 950 5.167
1786413218 70.2 73.0 69.3 71.2 2208 950 5.182
1786413220 71.2 73.0 70.2 73.9 2016 950 5.206
1786413221 71.2 72.1 69.3 70.2 2208 950 5.191
1786413222 71.2 73.0 70.2 72.1 1008 950 5.124
1786413223 71.2 73.0 70.2 72.1 1800 950 5.215
1786413224 70.2 71.2 69.3 70.2 1008 950 5.104
1786413225 71.2 72.1 69.3 72.1 1608 950 5.182
1786413226 69.3 70.2 68.4 71.2 1608 950 5.157
1786413227 70.2 73.0 69.3 72.1 2208 950 5.201
1786413228 71.2 73.0 70.2 71.2 1416 950 5.182
1786413229 70.2 73.9 70.2 72.1 2208 950 5.172
1786413230 70.2 72.1 69.3 70.2 1008 950 5.153
1786413232 70.2 72.1 69.3 69.3 2208 950 5.201
1786413233 70.2 73.0 69.3 72.1 2208 950 5.196
1786413234 70.2 71.2 69.3 72.1 2016 950 5.211
1786413235 71.2 74.8 70.2 72.1 2208 950 5.162
1786413236 71.2 73.0 70.2 70.2 2208 950 5.162
1786413237 71.2 73.0 70.2 73.0 2208 950 5.254
1786413238 70.2 72.1 69.3 70.2 1608 950 5.220
1786413239 70.2 73.0 69.3 71.2 2208 950 5.133
1786413240 70.2 71.2 69.3 71.2 1416 950 5.206
1786413241 71.2 73.0 70.2 71.2 2208 950 5.167
1786413242 71.2 73.0 70.2 73.0 2208 950 5.230
1786413244 71.2 74.8 71.2 73.0 2208 950 5.244
1786413245 71.2 73.0 70.2 71.2 2016 950 5.211
1786413246 70.2 72.1 69.3 72.1 2208 950 5.215
1786413247 71.2 72.1 69.3 72.1 1608 950 5.133
1786413248 71.2 73.9 70.2 73.0 2208 950 5.225
1786413249 71.2 73.0 70.2 71.2 1608 950 5.080
1786413250 70.2 71.2 69.3 71.2 2208 950 5.215
1786413251 71.2 73.0 70.2 71.2 2208 950 5.162
1786413252 71.2 73.9 70.2 71.2 2208 950 5.157
1786413253 70.2 73.0 69.3 72.1 2208 950 5.264
1786413254 70.2 73.0 69.3 70.2 2208 950 5.153
1786413256 70.2 73.0 69.3 72.1 2208 950 5.215
1786413257 70.2 71.2 69.3 70.2 408 950 5.211
1786413258 69.3 70.2 68.4 69.3 1008 950 5.157
1786413259 70.2 72.1 69.3 70.2 2208 950 5.206
1786413260 70.2 72.1 69.3 71.2 1416 950 5.191
1786413261 70.2 72.1 69.3 70.2 2208 950 5.138
1786413262 71.2 73.9 70.2 72.1 2208 950 5.196
1786413263 70.2 71.2 69.3 70.2 1800 950 5.196
1786413264 70.2 71.2 69.3 71.2 1800 950 5.148
1786413265 71.2 73.0 70.2 70.2 2208 950 5.148
1786413266 71.2 72.1 70.2 72.1 1416 950 5.191
1786413268 72.1 73.9 70.2 72.1 1800 950 5.104
1786413269 70.2 71.2 69.3 71.2 1008 950 5.196
1786413270 70.2 71.2 69.3 71.2 1800 950 5.211
1786413271 70.2 73.0 69.3 72.1 2208 950 5.220
1786413272 70.2 73.0 69.3 72.1 2208 950 5.215
1786413273 70.2 71.2 69.3 71.2 2208 950 5.138
1786413274 70.2 72.1 69.3 70.2 2016 950 5.133
1786413275 71.2 71.2 69.3 73.0 2016 950 5.153
1786413276 70.2 72.1 69.3 69.3 1416 950 5.153
1786413277 70.2 73.0 69.3 71.2 2208 950 5.153
1786413278 71.2 72.1 69.3 73.0 2016 950 5.191
1786413280 70.2 73.0 69.3 72.1 2208 950 5.182
1786413281 71.2 73.0 70.2 72.1 2208 950 5.211
1786413282 71.2 72.1 69.3 72.1 1608 950 5.211
1786413283 71.2 73.0 70.2 72.1 2208 950 5.162
1786413284 71.2 73.0 70.2 70.2 2208 950 5.167
1786413285 70.2 73.0 69.3 73.0 2208 950 5.211
1786413286 72.1 73.0 70.2 71.2 1608 950 5.215
1786413287 71.2 74.8 70.2 73.0 2016 950 5.244
1786413288 70.2 73.0 69.3 71.2 2208 950 5.080
1786413289 71.2 72.1 69.3 70.2 2016 950 5.148
1786413290 70.2 71.2 69.3 72.1 1800 950 5.148
1786413292 70.2 72.1 69.3 73.0 1416 950 5.182
1786413293 71.2 73.0 70.2 71.2 1608 950 5.085
1786413294 71.2 72.1 69.3 70.2 1800 950 5.254
1786413295 70.2 72.1 69.3 70.2 2208 950 5.119
1786413296 71.2 73.0 70.2 73.0 2208 950 5.143
1786413297 71.2 73.0 70.2 71.2 2208 950 5.143
1786413298 70.2 71.2 69.3 70.2 1008 950 5.201
1786413299 72.1 73.9 70.2 73.0 2208 950 5.206
1786413300 70.2 71.2 69.3 71.2 2016 950 5.201
1786413301 71.2 73.9 70.2 73.0 2208 950 5.225
1786413302 71.2 73.9 70.2 71.2 2208 950 5.133
1786413304 71.2 72.1 70.2 71.2 1800 950 5.201
1786413305 72.1 73.9 70.2 71.2 1800 950 5.153
1786413306 71.2 73.0 70.2 73.0 2208 950 5.119
1786413307 71.2 73.0 70.2 72.1 1608 950 5.244
1786413308 70.2 73.0 69.3 71.2 2208 950 5.119
1786413309 71.2 73.0 69.3 73.0 2208 950 5.196
1786413310 70.2 72.1 69.3 70.2 2208 950 5.153
1786413311 72.1 73.0 70.2 71.2 1608 950 5.148
1786413312 70.2 72.1 69.3 69.3 1416 950 5.215
1786413313 70.2 72.1 69.3 69.3 1800 950 5.186
1786413314 70.2 71.2 69.3 72.1 1008 950 5.230
1786413316 72.1 73.9 71.2 72.1 1608 950 5.172
1786413317 71.2 71.2 70.2 71.2 1608 950 5.220
1786413318 72.1 73.9 70.2 72.1 2208 950 5.201
1786413319 72.1 73.9 70.2 71.2 2016 950 5.172
1786413320 71.2 73.0 69.3 72.1 2208 950 5.157
1786413321 72.1 73.0 70.2 71.2 1008 950 5.196
1786413322 70.2 71.2 69.3 71.2 1416 950 5.148
1786413323 71.2 74.8 70.2 73.0 1800 950 5.215
1786413324 71.2 73.9 70.2 72.1 1416 950 5.128
1786413325 71.2 73.9 69.3 72.1 2208 950 5.196
1786413326 71.2 72.1 69.3 70.2 1800 950 5.206
1786413328 71.2 73.9 70.2 71.2 2208 950 5.206
1786413329 72.1 73.0 71.2 72.1 1800 950 5.119
1786413330 70.2 73.9 70.2 71.2 2208 950 5.128
1786413331 71.2 73.0 70.2 73.0 2208 950 5.182
1786413332 72.1 73.0 71.2 73.0 1608 950 5.182
1786413333 70.2 71.2 69.3 69.3 1008 950 5.196
1786413334 71.2 73.0 70.2 72.1 2208 950 5.157
1786413335 70.2 72.1 69.3 70.2 1008 950 5.240
1786413336 70.2 73.9 69.3 72.1 2208 950 5.177
1786413337 70.2 72.1 69.3 71.2 1008 950 5.157
1786413338 70.2 71.2 69.3 71.2 1008 950 5.211
1786413340 71.2 73.9 70.2 71.2 2016 950 5.133
1786413341 70.2 71.2 69.3 72.1 2208 950 5.157
1786413342 71.2 73.0 70.2 72.1 1608 950 5.220
1786413343 71.2 72.1 69.3 72.1 408 950 5.182
1786413344 71.2 73.0 70.2 73.0 2208 950 5.201
1786413345 71.2 72.1 70.2 70.2 1008 950 5.162
1786413346 71.2 73.0 69.3 71.2 2208 950 5.157
1786413347 71.2 72.1 69.3 73.0 2208 950 5.235
1786413348 70.2 72.1 69.3 73.0 1800 950 5.167
1786413349 71.2 73.0 69.3 70.2 1800 950 5.191
1786413350 71.2 72.1 70.2 72.1 2208 950 5.138
1786413351 71.2 73.9 70.2 72.1 2208 950 5.109
1786413353 72.1 73.9 70.2 72.1 1800 950 5.240
1786413354 71.2 73.9 70.2 72.1 2208 950 5.225
1786413355 70.2 73.9 70.2 72.1 2208 950 5.167
1786413356 70.2 72.1 69.3 71.2 1608 950 5.196
1786413357 70.2 72.1 69.3 69.3 1800 950 5.148
1786413358 71.2 72.1 69.3 70.2 1416 950 5.220
1786413359 71.2 73.0 70.2 73.0 2208 950 5.167
1786413360 71.2 73.0 70.2 73.0 2208 950 5.206
1786413361 70.2 72.1 69.3 71.2 1800 950 5.186
1786413362 71.2 73.0 69.3 70.2 2208 950 5.186
1786413363 71.2 73.9 69.3 73.0 2208 950 5.172
1786413365 71.2 73.0 70.2 71.2 1008 950 5.191
1786413366 71.2 73.9 70.2 71.2 2208 950 5.215
1786413367 71.2 72.1 69.3 72.1 2208 950 5.138
1786413368 71.2 73.0 70.2 71.2 2208 950 5.138
1786413369 71.2 73.9 70.2 73.0 2208 950 5.225
1786413370 72.1 73.9 71.2 72.1 2208 950 5.162
1786413371 71.2 72.1 70.2 72.1 1416 950 5.220
1786413372 71.2 73.9 70.2 71.2 2208 950 5.201
1786413373 71.2 73.9 70.2 72.1 2208 950 5.167
1786413374 71.2 73.0 69.3 70.2 2208 950 5.143
1786413375 71.2 73.0 70.2 73.0 2208 950 5.196
1786413377 69.3 71.2 68.4 70.2 2016 950 5.191
1786413378 71.2 73.0 70.2 72.1 2208 950 5.220
1786413379 71.2 72.1 69.3 72.1 2016 950 5.196
1786413380 71.2 73.0 69.3 71.2 2208 950 5.191
1786413381 72.1 73.0 70.2 72.1 2016 950 5.167
1786413382 71.2 73.9 70.2 73.0 2208 950 5.244
1786413383 72.1 73.9 71.2 72.1 1608 950 5.143
1786413384 71.2 73.9 70.2 72.1 2208 950 5.225
1786413385 71.2 73.0 70.2 70.2 2208 950 5.211
1786413386 71.2 71.2 69.3 73.0 1800 950 5.138
1786413387 72.1 74.8 71.2 73.9 2208 950 5.215
1786413389 72.1 74.8 70.2 73.0 2208 950 5.220
1786413390 72.1 73.9 71.2 71.2 2208 950 5.157
1786413391 71.2 72.1 69.3 73.0 2208 950 5.133
1786413392 70.2 72.1 69.3 70.2 2208 950 5.153
1786413393 72.1 73.9 70.2 72.1 1416 950 5.167
1786413394 71.2 73.9 70.2 72.1 2208 950 5.167
1786413395 71.2 73.0 69.3 71.2 2208 950 5.172
1786413396 72.1 73.0 70.2 73.0 1800 950 5.090
1786413397 70.2 73.0 69.3 71.2 2208 950 5.186
1786413398 70.2 71.2 69.3 71.2 1800 950 5.215
1786413399 71.2 73.9 70.2 72.1 2208 950 5.153
1786413401 71.2 73.9 70.2 73.0 2208 950 5.225
1786413402 71.2 71.2 69.3 72.1 1800 950 5.206
1786413403 71.2 73.0 70.2 71.2 2208 950 5.157
1786413404 70.2 73.0 69.3 71.2 2208 950 5.095
1786413405 70.2 71.2 69.3 72.1 1608 950 5.177
1786413406 70.2 73.9 69.3 70.2 2208 950 5.162
1786413407 72.1 73.0 70.2 72.1 1800 950 5.148
1786413408 71.2 72.1 69.3 73.0 2208 950 5.196
1786413409 71.2 73.0 70.2 71.2 2208 950 5.114
1786413410 71.2 72.1 70.2 73.0 2208 950 5.201
1786413411 72.1 74.8 71.2 72.1 2208 950 5.191
1786413412 71.2 73.9 70.2 71.2 2208 950 5.133
1786413414 71.2 73.0 69.3 72.1 1416 950 5.162
1786413415 71.2 72.1 69.3 73.0 2208 950 5.220
1786413416 70.2 72.1 69.3 70.2 1008 950 5.172
1786413417 70.2 72.1 69.3 72.1 2208 950 5.191
1786413418 70.2 71.2 69.3 71.2 1800 950 5.153
1786413419 71.2 72.1 70.2 70.2 1800 950 5.182
1786413420 71.2 73.0 70.2 72.1 1416 950 5.230
1786413421 70.2 72.1 69.3 70.2 1800 950 5.177
1786413422 71.2 73.9 70.2 71.2 2208 950 5.230
1786413423 70.2 73.9 69.3 72.1 2208 950 5.177
1786413425 71.2 73.9 70.2 71.2 2208 950 5.157
1786413426 71.2 73.0 70.2 72.1 1416 950 5.128
1786413427 71.2 72.1 69.3 70.2 2016 950 5.206
1786413428 72.1 73.9 71.2 72.1 1416 950 5.138
1786413429 71.2 73.0 70.2 73.0 2208 950 5.095
1786413430 72.1 73.9 70.2 71.2 2016 950 5.143
1786413431 71.2 72.1 70.2 72.1 2016 950 5.143
1786413432 71.2 72.1 69.3 71.2 1800 950 5.206
1786413433 71.2 73.9 70.2 73.0 2208 950 5.244
1786413434 70.2 72.1 69.3 70.2 1800 950 5.186
1786413435 71.2 72.1 69.3 73.0 2208 950 5.186
1786413437 72.1 74.8 71.2 73.9 2208 950 5.177
1786413438 72.1 73.0 70.2 72.1 1800 950 5.167
1786413439 71.2 73.0 70.2 73.0 2016 950 5.153
1786413440 71.2 73.9 71.2 73.0 2208 950 5.225
1786413441 71.2 73.0 70.2 72.1 1008 950 5.172
1786413442 71.2 73.9 70.2 72.1 2016 950 5.157
1786413443 71.2 73.0 70.2 70.2 2208 950 5.148
1786413444 72.1 73.9 71.2 73.0 1416 950 5.240
1786413445 72.1 73.0 70.2 73.0 2208 950 5.215
1786413446 70.2 72.1 70.2 71.2 1416 950 5.240
1786413447 71.2 72.1 69.3 70.2 1008 950 5.211
1786413449 70.2 73.0 69.3 73.0 2208 950 5.220
1786413450 71.2 71.2 69.3 72.1 1608 950 5.220
1786413451 71.2 74.8 70.2 73.9 2208 950 5.182
1786413452 71.2 73.0 70.2 71.2 2208 950 5.157
1786413453 70.2 73.9 69.3 72.1 2208 950 5.172
1786413454 72.1 73.0 70.2 72.1 1416 950 5.191
1786413455 71.2 73.9 70.2 73.9 2208 950 5.211
1786413456 71.2 73.9 70.2 72.1 2016 950 5.157
1786413457 72.1 73.9 70.2 73.9 2016 950 5.177
1786413458 71.2 74.8 70.2 72.1 2208 950 5.153
1786413460 71.2 72.1 69.3 72.1 2208 950 5.201
1786413461 72.1 74.8 71.2 72.1 2208 950 5.206
1786413462 72.1 73.0 70.2 71.2 1008 950 5.206
1786413463 71.2 73.0 70.2 72.1 2208 950 5.172
1786413464 72.1 73.0 70.2 71.2 1608 950 5.157
1786413465 71.2 72.1 69.3 73.0 1800 950 5.191
1786413466 71.2 73.9 70.2 71.2 1416 950 5.148
1786413467 71.2 73.0 70.2 71.2 1008 950 5.162
1786413468 71.2 73.9 70.2 70.2 2208 950 5.148
1786413469 72.1 73.9 71.2 73.0 1008 950 5.259
1786413470 72.1 74.8 71.2 72.1 2208 950 5.138
1786413471 71.2 72.1 70.2 71.2 1008 950 5.225
1786413473 72.1 74.8 71.2 73.0 2208 950 5.177
1786413474 71.2 72.1 69.3 71.2 1608 950 5.201
1786413475 70.2 72.1 69.3 70.2 1416 950 5.167
1786413476 70.2 72.1 69.3 70.2 1416 950 5.191
1786413477 70.2 73.0 69.3 70.2 2208 950 5.157
1786413478 71.2 73.9 70.2 71.2 2208 950 5.133
1786413479 71.2 73.0 70.2 71.2 1800 950 5.201
1786413480 71.2 73.0 70.2 73.0 1608 950 5.143
1786413481 71.2 73.0 70.2 71.2 2208 950 5.167
1786413482 72.1 73.9 71.2 73.0 2208 950 5.201
1786413483 71.2 72.1 69.3 73.0 2208 950 5.235
1786413485 72.1 73.9 70.2 72.1 2208 950 5.230
1786413486 71.2 73.9 70.2 72.1 2208 950 5.235
1786413487 72.1 73.9 70.2 72.1 1800 950 5.196
1786413488 72.1 73.9 70.2 73.9 2208 950 5.167
1786413489 72.1 73.9 70.2 73.0 2208 950 5.220
1786413490 71.2 73.0 70.2 71.2 1608 950 5.182
1786413491 72.1 74.8 70.2 73.0 2208 950 5.211
1786413492 71.2 73.0 70.2 71.2 1608 950 5.201
1786413493 71.2 72.1 69.3 73.0 1008 950 5.240
1786413494 70.2 71.2 69.3 71.2 1008 950 5.201
1786413495 71.2 73.0 70.2 71.2 1608 950 5.138
1786413497 71.2 73.9 70.2 71.2 2208 950 5.182
1786413498 72.1 73.9 71.2 73.0 1608 950 5.249
1786413499 71.2 73.0 70.2 71.2 1800 950 5.211
1786413500 71.2 73.9 70.2 73.0 2208 950 5.201
1786413501 71.2 73.0 70.2 71.2 1608 950 5.196
1786413502 71.2 73.0 70.2 72.1 2208 950 5.157
1786413503 70.2 72.1 69.3 71.2 1800 950 5.191
1786413504 70.2 73.0 69.3 70.2 1608 950 5.191
1786413505 70.2 71.2 69.3 72.1 1008 950 5.177
1786413506 72.1 73.9 70.2 73.0 2208 950 5.220
1786413507 71.2 73.0 70.2 70.2 1800 950 5.206
1786413509 71.2 73.9 70.2 72.1 2208 950 5.143
1786413510 71.2 72.1 69.3 72.1 408 950 5.172
1786413511 71.2 73.9 70.2 71.2 2208 950 5.070
1786413512 72.1 73.9 70.2 71.2 2016 950 5.157
1786413513 71.2 73.9 69.3 73.0 1800 950 5.254
1786413514 70.2 72.1 69.3 70.2 1800 950 5.157
1786413515 70.2 71.2 69.3 71.2 2016 950 5.264
1786413516 72.1 73.9 71.2 73.0 2208 950 5.196
1786413517 72.1 73.9 71.2 73.0 2208 950 5.215
1786413518 71.2 73.9 70.2 73.0 2208 950 5.128
1786413519 72.1 74.8 71.2 73.0 2208 950 5.172
1786413521 72.1 74.8 71.2 72.1 1800 950 5.215
1786413522 71.2 73.9 70.2 73.0 2208 950 5.206
1786413523 72.1 73.9 71.2 73.0 2208 950 5.133
1786413524 71.2 72.1 69.3 72.1 2016 950 5.196
1786413525 72.1 73.9 70.2 73.0 2208 950 5.211
1786413526 71.2 73.0 70.2 70.2 1608 950 5.191
1786413527 72.1 73.9 70.2 71.2 2208 950 5.220
1786413528 72.1 73.0 70.2 71.2 1416 950 5.186
1786413529 72.1 73.9 71.2 72.1 2016 950 5.177
1786413530 71.2 73.9 70.2 72.1 2208 950 5.104
1786413532 72.1 73.9 71.2 72.1 1416 950 5.235
1786413533 72.1 73.9 70.2 73.9 1416 950 5.172
1786413534 71.2 73.0 70.2 71.2 2208 950 5.138
1786413535 71.2 72.1 70.2 72.1 2016 950 5.143
1786413536 71.2 72.1 69.3 70.2 1608 950 5.186
1786413537 71.2 73.9 70.2 73.0 2208 950 5.201
1786413538 70.2 72.1 69.3 70.2 1800 950 5.177
1786413539 72.1 73.9 70.2 73.9 2208 950 5.206
1786413540 70.2 72.1 69.3 72.1 2208 950 5.273
1786413541 70.2 71.2 69.3 72.1 2208 950 5.196
1786413542 72.1 73.9 70.2 73.0 2208 950 5.157
1786413543 71.2 73.0 70.2 71.2 2208 950 5.143
1786413545 70.2 73.9 69.3 70.2 2208 950 5.119
1786413546 70.2 71.2 69.3 72.1 1800 950 5.172
1786413547 70.2 71.2 69.3 70.2 1008 950 5.186
1786413548 71.2 74.8 70.2 73.0 2208 950 5.167
1786413549 71.2 73.0 70.2 70.2 1416 950 5.138
1786413550 71.2 73.0 70.2 73.0 2208 950 5.186
1786413551 72.1 73.9 70.2 73.9 2208 950 5.148
1786413552 72.1 74.8 71.2 73.0 2208 950 5.191
1786413553 71.2 73.0 70.2 73.9 2208 950 5.191
1786413554 71.2 73.0 69.3 70.2 1008 950 5.220
1786413555 72.1 73.9 70.2 72.1 2208 950 5.196
1786413557 72.1 74.8 71.2 73.0 1800 950 5.080
1786413558 72.1 73.9 70.2 73.0 1416 950 5.206
1786413559 70.2 71.2 69.3 70.2 1416 950 5.157
1786413560 72.1 73.0 70.2 72.1 2208 950 5.215
1786413561 72.1 73.0 70.2 72.1 2016 950 5.191
1786413562 70.2 73.0 69.3 70.2 1608 950 5.225
1786413563 71.2 73.9 70.2 71.2 2208 950 5.196
1786413564 70.2 72.1 69.3 72.1 2208 950 5.143
1786413565 70.2 72.1 69.3 70.2 1608 950 5.215
1786413566 70.2 73.0 69.3 72.1 2208 950 5.157
1786413567 71.2 73.0 70.2 71.2 1800 950 5.215
1786413568 71.2 73.0 70.2 72.1 1608 950 5.206
1786413570 71.2 74.8 70.2 72.1 2208 950 5.186
1786413571 72.1 73.9 71.2 73.0 1608 950 5.162
1786413572 70.2 70.2 69.3 71.2 1416 950 5.167
1786413573 71.2 72.1 69.3 71.2 1416 950 5.133
1786413574 70.2 72.1 69.3 72.1 2208 950 5.273
1786413575 71.2 73.0 70.2 71.2 1416 950 5.186
1786413576 71.2 73.0 70.2 73.0 2208 950 5.240
1786413577 72.1 73.0 70.2 72.1 2016 950 5.133
1786413578 71.2 73.9 70.2 72.1 2208 950 5.157
1786413579 71.2 72.1 70.2 71.2 1608 950 5.157
1786413580 72.1 74.8 71.2 74.8 2208 950 5.172
1786413582 70.2 71.2 69.3 71.2 1008 950 5.240
1786413583 72.1 74.8 71.2 73.0 2208 950 5.172
1786413584 72.1 73.9 71.2 72.1 1800 950 5.095
1786413585 72.1 74.8 71.2 73.9 2208 950 5.177
1786413586 72.1 73.9 70.2 73.9 2208 950 5.201
1786413587 72.1 73.9 70.2 71.2 2208 950 5.196
1786413588 72.1 73.9 70.2 73.0 2208 950 5.182
1786413589 72.1 73.9 71.2 72.1 1608 950 5.172
1786413590 71.2 72.1 70.2 72.1 1608 950 5.143
1786413591 72.1 74.8 70.2 72.1 2208 950 5.191
1786413592 71.2 72.1 70.2 72.1 1008 950 5.172
1786413594 71.2 73.0 70.2 70.2 2208 950 5.070
1786413595 71.2 72.1 70.2 72.1 1608 950 5.182
1786413596 72.1 73.9 71.2 71.2 1416 950 5.182
1786413597 71.2 73.0 70.2 73.0 1800 950 5.167
1786413598 71.2 73.0 70.2 70.2 2208 950 5.172
1786413599 72.1 74.8 71.2 73.0 2208 950 5.085
1786413600 72.1 73.9 71.2 72.1 2208 950 5.230
1786413601 70.2 72.1 69.3 71.2 2208 950 5.138
1786413602 72.1 73.0 70.2 73.0 2016 950 5.220
1786413603 72.1 73.9 70.2 73.0 2016 950 5.196
1786413604 71.2 73.9 70.2 71.2 2208 950 5.206
1786413606 72.1 74.8 71.2 72.1 1800 950 5.109
1786413607 72.1 73.9 70.2 71.2 2208 950 5.186
1786413608 72.1 73.0 70.2 73.0 1416 950 5.186
1786413609 71.2 73.0 70.2 70.2 2208 950 5.220
1786413610 71.2 73.9 70.2 71.2 2208 950 5.172
1786413611 71.2 72.1 70.2 71.2 1416 950 5.162
1786413612 71.2 73.0 69.3 71.2 1800 950 5.182
1786413613 71.2 73.9 70.2 72.1 2208 950 5.254
1786413614 72.1 74.8 71.2 73.0 2208 950 5.172
1786413615 71.2 73.0 70.2 72.1 1608 950 5.109
1786413616 73.0 74.8 71.2 74.8 2208 950 5.124
1786413618 71.2 72.1 70.2 71.2 1008 950 5.186
1786413619 72.1 73.9 70.2 72.1 2208 950 5.230
1786413620 71.2 72.1 70.2 70.2 1416 950 5.124
1786413621 72.1 74.8 71.2 72.1 2208 950 5.157
1786413622 72.1 73.9 70.2 71.2 1800 950 5.186
1786413623 71.2 73.0 70.2 71.2 2016 950 5.201
1786413624 70.2 72.1 69.3 70.2 2208 950 5.196
1786413625 71.2 72.1 70.2 72.1 1008 950 5.196
1786413626 71.2 73.9 70.2 72.1 2208 950 5.186
1786413627 71.2 73.0 70.2 71.2 2208 950 5.172
1786413628 71.2 73.9 70.2 73.0 2208 950 5.162
1786413630 72.1 73.9 70.2 71.2 1416 950 5.215
1786413631 71.2 73.9 70.2 71.2 2208 950 5.186
1786413632 71.2 72.1 69.3 72.1 1800 950 5.201
1786413633 71.2 73.9 70.2 73.0 2208 950 5.124
1786413634 71.2 73.9 70.2 72.1 1608 950 5.182
1786413635 72.1 73.9 71.2 73.9 2208 950 5.167
1786413636 72.1 73.0 71.2 72.1 1008 950 5.099
1786413637 71.2 72.1 70.2 71.2 408 950 5.220
1786413638 72.1 73.9 71.2 72.1 1608 950 5.109
1786413639 72.1 73.9 71.2 73.0 2208 950 5.220
1786413640 71.2 71.2 69.3 71.2 2016 950 5.119
1786413642 72.1 73.0 70.2 71.2 1416 950 5.191
1786413643 72.1 73.0 70.2 71.2 1608 950 5.124
1786413644 70.2 73.0 69.3 70.2 2208 950 5.206
1786413645 71.2 72.1 69.3 71.2 2208 950 5.220
1786413646 72.1 74.8 70.2 71.2 2016 950 5.143
1786413647 71.2 73.9 70.2 73.0 2208 950 5.201
1786413648 72.1 73.9 71.2 73.0 2208 950 5.133
1786413649 71.2 73.9 70.2 70.2 1800 950 5.148
1786413650 71.2 73.0 70.2 71.2 1416 950 5.240
1786413651 71.2 73.0 70.2 72.1 2208 950 5.128
1786413652 71.2 72.1 70.2 72.1 2016 950 5.215
1786413654 71.2 73.0 70.2 70.2 1416 950 5.191
1786413655 71.2 73.9 70.2 71.2 2208 950 5.133
1786413656 71.2 72.1 70.2 73.9 1416 950 5.162
1786413657 71.2 72.1 69.3 71.2 2208 950 5.177
1786413658 72.1 73.9 70.2 73.0 1800 950 5.240
1786413659 72.1 73.9 71.2 73.0 2208 950 5.191
1786413660 71.2 72.1 69.3 73.0 2208 950 5.206
1786413661 71.2 73.9 70.2 72.1 2208 950 5.148
1786413662 70.2 71.2 69.3 72.1 2016 950 5.206
1786413663 71.2 73.9 70.2 71.2 2208 950 5.099
1786413664 70.2 73.0 69.3 71.2 2208 950 5.235
1786413665 71.2 73.0 69.3 70.2 1608 950 5.230
1786413667 71.2 73.0 70.2 73.0 1416 950 5.172
1786413668 71.2 73.9 70.2 72.1 2208 950 5.109
1786413669 71.2 73.0 70.2 72.1 2208 950 5.182
1786413670 72.1 73.9 70.2 73.9 2208 950 5.206
1786413671 71.2 73.0 70.2 71.2 2208 950 5.148
1786413672 70.2 72.1 69.3 72.1 1608 950 5.138
1786413673 71.2 73.9 70.2 73.0 2208 950 5.230
1786413674 71.2 72.1 69.3 72.1 2016 950 5.186
1786413675 71.2 73.9 70.2 73.9 2208 950 5.191
1786413676 71.2 73.0 70.2 71.2 2016 950 5.235
1786413677 71.2 73.0 70.2 73.0 2208 950 5.254
1786413679 71.2 73.0 70.2 71.2 2208 950 5.157
1786413680 71.2 73.0 70.2 71.2 1608 950 5.138
1786413681 71.2 72.1 69.3 73.0 1608 950 5.215
1786413682 71.2 72.1 70.2 72.1 1608 950 5.206
1786413683 71.2 73.0 70.2 71.2 2208 950 5.177
1786413684 71.2 73.0 70.2 72.1 2208 950 5.157
1786413685 72.1 73.9 71.2 73.0 1416 950 5.119
1786413686 71.2 73.9 70.2 71.2 2208 950 5.157
1786413687 72.1 73.0 71.2 73.0 2016 950 5.157
1786413688 72.1 73.9 70.2 73.9 2208 950 5.206
1786413689 72.1 73.9 71.2 72.1 2208 950 5.172
1786413691 71.2 73.0 70.2 71.2 1416 950 5.186
1786413692 71.2 73.9 70.2 72.1 2208 950 5.211
1786413693 72.1 73.9 71.2 72.1 2208 950 5.162
1786413694 70.2 72.1 69.3 72.1 2208 950 5.167
1786413695 71.2 73.0 70.2 72.1 1608 950 5.230
1786413696 72.1 74.8 71.2 73.9 2208 950 5.220
1786413697 70.2 71.2 69.3 72.1 2208 950 5.177
1786413698 71.2 73.0 70.2 72.1 2208 950 5.138
1786413699 71.2 73.0 70.2 72.1 1608 950 5.138
1786413700 72.1 73.9 71.2 74.8 1800 950 5.201
1786413701 70.2 72.1 69.3 70.2 1416 950 5.211
1786413703 70.2 73.0 70.2 72.1 2208 950 5.167
1786413704 71.2 73.0 70.2 72.1 2208 950 5.211
1786413705 70.2 73.9 69.3 73.0 2016 950 5.186
1786413706 71.2 73.9 70.2 72.1 2208 950 5.172
1786413707 71.2 73.9 70.2 73.0 2208 950 5.182
1786413708 72.1 74.8 71.2 73.0 2208 950 5.138
1786413709 71.2 72.1 70.2 73.0 1416 950 5.196
1786413710 72.1 73.9 70.2 72.1 408 950 5.162
1786413711 71.2 72.1 69.3 72.1 2208 950 5.244
1786413712 72.1 73.9 70.2 71.2 1800 950 5.114
1786413713 71.2 72.1 70.2 73.0 2016 950 5.201
1786413715 71.2 72.1 69.3 70.2 1416 950 5.215
1786413716 71.2 72.1 69.3 71.2 1608 950 5.172
1786413717 71.2 73.0 70.2 70.2 1800 950 5.143
1786413718 71.2 73.0 70.2 72.1 1008 950 5.186
1786413719 71.2 73.9 70.2 71.2 2208 950 5.157
1786413720 72.1 73.0 70.2 72.1 2016 950 5.124
1786413721 71.2 73.0 70.2 72.1 1008 950 5.215
1786413722 72.1 74.8 71.2 72.1 2208 950 5.172
1786413723 71.2 73.0 70.2 72.1 2208 950 5.167
1786413724 71.2 73.0 70.2 72.1 2208 950 5.215
1786413725 71.2 72.1 70.2 71.2 1608 950 5.148
1786413726 71.2 73.9 70.2 72.1 2208 950 5.201
1786413728 72.1 73.0 70.2 71.2 1416 950 5.172
1786413729 71.2 73.0 70.2 71.2 2208 950 5.143
1786413730 72.1 73.9 71.2 71.2 2208 950 5.206
1786413731 72.1 73.0 70.2 73.9 2208 950 5.138
1786413732 71.2 73.0 70.2 71.2 2208 950 5.215
1786413733 71.2 73.0 70.2 73.9 1416 950 5.293
1786413734 71.2 73.9 70.2 71.2 2208 950 5.138
1786413735 71.2 73.0 70.2 71.2 1008 950 5.201
1786413736 70.2 73.0 69.3 71.2 2208 950 5.128
1786413737 71.2 73.0 70.2 71.2 2208 950 5.167
1786413738 70.2 71.2 69.3 72.1 1416 950 5.235
1786413740 71.2 73.9 71.2 71.2 1800 950 5.235
1786413741 71.2 73.0 70.2 73.0 2208 950 5.215
1786413742 71.2 73.9 70.2 71.2 1608 950 5.201
1786413743 70.2 73.0 69.3 70.2 2208 950 5.090
1786413744 71.2 72.1 69.3 72.1 1008 950 5.235
1786413745 72.1 73.9 70.2 71.2 2016 950 5.177
1786413746 70.2 72.1 69.3 72.1 2208 950 5.196
1786413747 72.1 73.9 70.2 73.0 2208 950 5.191
1786413748 72.1 73.9 71.2 73.0 2208 950 5.143
1786413749 72.1 73.9 71.2 72.1 2016 950 5.114
1786413750 71.2 73.0 70.2 73.0 2016 950 5.196
1786413752 71.2 73.0 70.2 71.2 1416 950 5.186
1786413753 72.1 73.9 71.2 73.9 2208 950 5.235
1786413754 70.2 71.2 69.3 72.1 2208 950 5.201
1786413755 72.1 74.8 71.2 73.9 2208 950 5.133
1786413756 72.1 73.0 70.2 73.0 1416 950 5.182
1786413757 71.2 73.0 70.2 72.1 2208 950 5.143
1786413758 71.2 73.0 70.2 72.1 2208 950 5.119
1786413759 71.2 73.0 70.2 71.2 1416 950 5.230
1786413760 71.2 73.0 69.3 73.0 2208 950 5.201
1786413761 70.2 72.1 69.3 72.1 1800 950 5.153
1786413762 70.2 71.2 69.3 70.2 1416 950 5.235
1786413764 71.2 73.0 70.2 73.9 2208 950 5.143
1786413765 70.2 71.2 69.3 71.2 1608 950 5.153
1786413766 71.2 73.9 70.2 72.1 2208 950 5.182
1786413767 71.2 73.9 70.2 73.0 2208 950 5.138
1786413768 71.2 73.0 70.2 73.0 1416 950 5.114
1786413769 71.2 73.9 70.2 71.2 2016 950 5.153
1786413770 71.2 73.9 70.2 72.1 2208 950 5.201
1786413771 70.2 71.2 69.3 72.1 2208 950 5.177
1786413772 71.2 73.0 70.2 70.2 2208 950 5.220
1786413773 71.2 73.0 70.2 73.0 2208 950 5.109
1786413774 71.2 72.1 69.3 73.0 2208 950 5.215
1786413776 72.1 73.9 70.2 73.0 2208 950 5.133
1786413777 71.2 72.1 70.2 73.0 1416 950 5.215
1786413778 71.2 73.0 70.2 71.2 2016 950 5.128
1786413779 70.2 71.2 69.3 71.2 2208 950 5.191
1786413780 70.2 71.2 69.3 71.2 1800 950 5.138
1786413781 71.2 72.1 69.3 71.2 1608 950 5.182
1786413782 70.2 73.0 69.3 71.2 2208 950 5.090
1786413783 71.2 73.0 70.2 72.1 1800 950 5.182
1786413784 71.2 73.0 70.2 72.1 2208 950 5.182
1786413785 71.2 72.1 69.3 72.1 2208 950 5.254
1786413786 72.1 73.9 70.2 71.2 2208 950 5.211
1786413787 72.1 73.0 70.2 73.0 1416 950 5.162
1786413789 71.2 73.0 70.2 71.2 1416 950 5.182
1786413790 72.1 73.0 70.2 72.1 1608 950 5.206
1786413791 72.1 73.9 70.2 72.1 1008 950 5.162
1786413792 72.1 75.8 71.2 73.0 2208 950 5.225
1786413793 71.2 73.0 70.2 71.2 1608 950 5.143
1786413794 71.2 73.0 70.2 72.1 1008 950 5.196
1786413795 71.2 73.0 70.2 73.0 2208 950 5.220
1786413796 72.1 73.9 71.2 72.1 2208 950 5.211
1786413797 71.2 73.9 70.2 73.0 2208 950 5.191
1786413798 72.1 73.9 71.2 72.1 1608 950 5.114
1786413799 72.1 73.9 71.2 73.0 1608 950 5.138
1786413801 71.2 73.9 70.2 71.2 1608 950 5.211
1786413802 72.1 72.1 70.2 72.1 1008 950 5.191
1786413803 71.2 73.9 70.2 72.1 2208 950 5.196
1786413804 70.2 72.1 69.3 73.0 2016 950 5.182
1786413805 71.2 73.0 70.2 73.0 2208 950 5.240
1786413806 72.1 73.0 70.2 71.2 2208 950 5.148
1786413807 71.2 73.0 70.2 73.0 1800 950 5.201
1786413808 72.1 74.8 71.2 73.0 2208 950 5.143
1786413809 71.2 71.2 69.3 72.1 1608 950 5.220
1786413810 71.2 73.0 70.2 70.2 1008 950 5.186
1786413811 70.2 72.1 69.3 72.1 2208 950 5.201
1786413813 71.2 73.9 70.2 72.1 2208 950 5.215
1786413814 71.2 73.9 70.2 72.1 2208 950 5.128
1786413815 71.2 72.1 69.3 71.2 1008 950 5.215
1786413816 71.2 73.0 70.2 72.1 2208 950 5.240
1786413817 72.1 73.9 71.2 72.1 2208 950 5.196
1786413818 70.2 71.2 69.3 71.2 2016 950 5.264
1786413819 71.2 73.0 69.3 70.2 1608 950 5.201
1786413820 71.2 73.0 70.2 73.0 1608 950 5.220
1786413821 72.1 74.8 70.2 73.0 2208 950 5.172
1786413822 71.2 72.1 69.3 73.0 2208 950 5.186
1786413823 71.2 73.0 70.2 72.1 1608 950 5.143
1786413825 70.2 73.0 69.3 71.2 2016 950 5.201
1786413826 71.2 73.9 69.3 72.1 2208 950 5.114
1786413827 71.2 72.1 69.3 71.2 1416 950 5.167
1786413828 72.1 73.0 70.2 72.1 1800 950 5.124
1786413829 71.2 73.0 70.2 71.2 2208 950 5.182
1786413830 71.2 72.1 70.2 71.2 2208 950 5.196
1786413831 72.1 73.9 70.2 71.2 2208 950 5.191
1786413832 72.1 73.0 70.2 72.1 2208 950 5.201
1786413833 67.5 67.5 66.5 67.5 1008 950 5.273
1786413834 61.0 60.1 60.1 60.1 1416 950 5.288
1786413835 58.2 58.2 57.3 58.2 1008 950 5.235
1786413837 56.4 56.4 55.5 56.4 1416 950 5.230
1786413838 55.5 55.5 54.5 55.5 1008 950 5.220
1786413839 54.5 53.6 53.6 54.5 1608 950 5.244
1786413840 53.6 52.7 52.7 53.6 1416 950 5.235
1786413841 52.7 52.7 51.8 52.7 1608 950 5.235
1786413842 52.7 51.8 50.8 52.7 1416 950 5.264
1786413843 51.8 50.8 50.8 51.8 1416 950 5.220
1786413844 51.8 50.8 49.9 50.8 1008 950 5.230
1786413845 50.8 49.9 49.9 50.8 1008 950 5.288
1786413846 49.9 49.9 49.0 49.9 1008 950 5.312
1786413848 49.9 49.0 49.0 49.0 1416 950 5.220
1786413849 49.0 49.0 48.1 49.0 1008 950 5.235
1786413850 49.0 48.1 48.1 49.0 1416 950 5.254
1786413851 49.0 48.1 48.1 48.1 1008 950 5.215
1786413852 48.1 48.1 47.2 48.1 1800 950 5.317
1786413853 48.1 48.1 47.2 48.1 1008 950 5.288
1786413854 47.2 47.2 47.2 47.2 1008 950 5.278
1786413855 47.2 46.2 46.2 47.2 1800 950 5.312
1786413856 47.2 46.2 46.2 47.2 1008 950 5.273
1786413857 46.2 46.2 45.3 46.2 1416 950 5.278
1786413859 46.2 46.2 45.3 46.2 1008 950 5.273
1786413860 46.2 46.2 45.3 46.2 1608 950 5.288
1786413861 46.2 46.2 44.4 45.3 1608 950 5.293
1786413862 45.3 45.3 44.4 46.2 1608 950 5.302
1786413863 45.3 45.3 44.4 45.3 1608 950 5.249
1786413864 45.3 45.3 44.4 45.3 1608 950 5.293
1786413865 45.3 44.4 44.4 45.3 1416 950 5.249
1786413866 45.3 45.3 44.4 45.3 1608 950 5.264
1786413867 44.4 44.4 44.4 44.4 1608 950 5.264
1786413868 44.4 44.4 43.5 44.4 1416 950 5.269
1786413869 44.4 44.4 43.5 44.4 1608 950 5.293
1786413871 44.4 44.4 43.5 44.4 1008 950 5.312
1786413872 44.4 44.4 43.5 44.4 1008 950 5.259
1786413873 44.4 43.5 43.5 43.5 1008 950 5.317
1786413874 43.5 43.5 42.5 43.5 1008 950 5.298
1786413875 43.5 43.5 42.5 43.5 1008 950 5.244
1786413876 44.4 43.5 42.5 44.4 1800 950 5.269
1786413877 43.5 43.5 42.5 43.5 1008 950 5.240
1786413878 43.5 42.5 42.5 42.5 1008 950 5.240
1786413879 42.5 42.5 41.6 42.5 1008 950 5.283
1786413880 42.5 42.5 41.6 42.5 1416 950 5.254
1786413882 42.5 42.5 41.6 42.5 1608 950 5.254
1786413883 42.5 42.5 41.6 42.5 1416 950 5.293
1786413884 42.5 42.5 41.6 42.5 1008 950 5.220
1786413885 42.5 41.6 41.6 42.5 1416 950 5.269
1786413886 42.5 41.6 41.6 41.6 1416 950 5.264
1786413887 42.5 41.6 41.6 42.5 1008 950 5.240
1786413888 42.5 41.6 41.6 42.5 1800 950 5.283
1786413889 41.6 41.6 40.7 41.6 1008 950 5.283
1786413890 41.6 41.6 40.7 41.6 1800 950 5.293
1786413891 41.6 41.6 40.7 41.6 1008 950 5.215
1786413892 41.6 41.6 40.7 41.6 1608 950 5.230
1786413894 41.6 40.7 40.7 41.6 1008 950 5.249
1786413895 41.6 40.7 40.7 41.6 1608 950 5.298
1786413896 41.6 40.7 40.7 41.6 1008 950 5.273
1786413897 41.6 40.7 40.7 40.7 1008 950 5.244
1786413898 41.6 40.7 40.7 41.6 1416 950 5.322
1786413899 40.7 40.7 40.7 40.7 1008 950 5.278
1786413900 41.6 40.7 39.8 40.7 1416 950 5.273
1786413901 40.7 40.7 39.8 40.7 1416 950 5.259
1786413902 40.7 40.7 39.8 40.7 2016 950 5.264
1786413903 40.7 40.7 39.8 40.7 1416 950 5.293
1786413905 40.7 40.7 39.8 40.7 1416 950 5.278
1786413906 40.7 40.7 39.8 40.7 1008 950 5.327
1786413907 40.7 40.7 39.8 40.7 408 950 5.298
1786413908 40.7 40.7 39.8 40.7 1608 950 5.244
1786413909 40.7 40.7 39.8 40.7 1008 950 5.235
1786413910 40.7 39.8 39.8 40.7 1008 950 5.220
1786413911 40.7 39.8 38.8 40.7 1008 950 5.259
1786413912 40.7 39.8 38.8 39.8 1416 950 5.293
1786413913 40.7 39.8 38.8 39.8 1608 950 5.307
1786413914 40.7 39.8 38.8 39.8 1416 950 5.225
1786413915 39.8 39.8 38.8 39.8 1608 950 5.249
1786413917 39.8 39.8 38.8 39.8 1416 950 5.264
1786413918 40.7 39.8 38.8 39.8 1800 950 5.244
1786413919 39.8 39.8 38.8 39.8 1416 950 5.244
1786413920 39.8 39.8 38.8 39.8 1800 950 5.264
1786413921 39.8 38.8 38.8 39.8 1416 950 5.225
1786413922 39.8 39.8 38.8 39.8 1008 950 5.259
1786413923 39.8 38.8 38.8 39.8 1608 950 5.283
1786413924 39.8 39.8 38.8 38.8 408 950 5.273
1786413925 39.8 38.8 38.8 39.8 1008 950 5.273
1786413926 39.8 38.8 38.8 38.8 1416 950 5.249
1786413928 39.8 38.8 38.8 38.8 1416 950 5.259
1786413929 39.8 38.8 38.8 38.8 1008 950 5.317
1786413930 38.8 38.8 37.9 38.8 1416 950 5.240
1786413931 38.8 38.8 38.8 38.8 1008 950 5.215
1786413932 38.8 38.8 38.8 38.8 1800 950 5.302
1786413933 39.8 38.8 38.8 38.8 1416 950 5.273
1786413934 38.8 38.8 38.8 38.8 1416 950 5.269
1786413935 38.8 38.8 37.9 39.8 1608 950 5.235
1786413936 38.8 38.8 37.9 38.8 1008 950 5.244
1786413937 38.8 38.8 38.8 38.8 1416 950 5.269
1786413938 39.8 38.8 37.9 39.8 1800 950 5.249
