모델      : /home/pi/npuforge-rknn-test/yolov8n-fp16.rknn (9645065 bytes)
입력      : 1228800 bytes
스레드    : 8
지속      : 900초

 elapsed      total      inf/s      err
     10s        796       79.6        0
     20s       1603       80.7        0
     30s       2421       81.8        0
     40s       3229       80.8        0
     50s       4067       83.8        0
     60s       4875       80.8        0
     70s       5669       79.4        0
     80s       6480       81.1        0
     90s       7292       81.2        0
    100s       8094       80.2        0
    110s       8894       80.0        0
    120s       9705       81.1        0
    130s      10490       78.5        0
    140s      11288       79.8        0
    150s      12089       80.1        0
    160s      12886       79.7        0
    170s      13682       79.6        0
    180s      14494       81.2        0
    190s      15322       82.8        0
    200s      16125       80.3        0
    210s      16933       80.8        0
    220s      17742       80.9        0
    230s      18524       78.2        0
    240s      19336       81.2        0
    250s      20157       82.1        0
    260s      20963       80.6        0
    270s      21761       79.8        0
    280s      22554       79.3        0
    290s      23363       80.9        0
    300s      24148       78.5        0
    310s      24952       80.4        0
    320s      25755       80.3        0
    330s      26552       79.7        0
    340s      27349       79.7        0
    350s      28160       81.1        0
    360s      28960       80.0        0
    370s      29766       80.6        0
    380s      30558       79.2        0
    390s      31378       82.0        0
    400s      32187       80.9        0
    410s      32981       79.4        0
    420s      33796       81.5        0
    430s      34593       79.7        0
    440s      35397       80.4        0
    450s      36203       80.6        0
    460s      37013       81.0        0
    470s      37806       79.3        0
    480s      38610       80.4        0
    490s      39404       79.4        0
    500s      40202       79.8        0
    510s      41014       81.2        0
    520s      41819       80.5        0
    530s      42630       81.1        0
    540s      43443       81.3        0
    550s      44244       80.1        0
    560s      45060       81.6        0
    570s      45853       79.3        0
    580s      46660       80.7        0
    590s      47488       82.8        0
    600s      48297       80.9        0
    610s      49090       79.3        0
    620s      49889       79.9        0
    630s      50681       79.2        0
    640s      51477       79.6        0
    650s      52287       81.0        0
    660s      53104       81.7        0
    670s      53924       82.0        0
    680s      54734       81.0        0
    690s      55553       81.9        0
    700s      56359       80.6        0
    710s      57180       82.1        0
    720s      57986       80.6        0
    730s      58786       80.0        0
    740s      59592       80.6        0
    750s      60401       80.9        0
    760s      61217       81.6        0
    770s      62014       79.7        0
    780s      62822       80.8        0
    790s      63628       80.6        0
    800s      64427       79.9        0
    810s      65233       80.6        0
    820s      66041       80.8        0
    830s      66833       79.2        0
    840s      67643       81.0        0
    850s      68431       78.8        0
    860s      69258       82.7        0
    870s      70077       81.9        0
    880s      70876       79.9        0
    890s      71680       80.4        0
    900s      72473       79.3        0

================ 요약 ================
경과 시간      : 900.2초
총 추론        : 72481
처리량         : 80.5 inf/s
평균 지연      : 99322 us
오류           : 0
