epoch soc_c npu_c ddr_c bigcore_c cpu_mhz npu_mhz volt_v
1786412929 36.1 35.2 35.2 36.1 1008 950 5.273
1786412930 35.2 35.2 34.2 35.2 1800 950 5.351
1786412931 36.1 35.2 34.2 35.2 1008 950 5.254
1786412932 35.2 35.2 34.2 36.1 1416 950 5.264
1786412933 36.1 35.2 34.2 36.1 1608 950 5.269
1786412934 43.5 45.3 42.5 45.3 2208 950 5.172
1786412935 46.2 48.1 45.3 47.2 2208 950 5.196
1786412936 48.1 49.0 47.2 49.9 2016 950 5.225
1786412938 50.8 52.7 49.0 51.8 2208 950 5.206
1786412939 50.8 51.8 49.0 50.8 1608 950 5.201
1786412940 50.8 51.8 49.9 51.8 2208 950 5.225
1786412941 52.7 53.6 50.8 51.8 1416 950 5.254
1786412942 51.8 53.6 50.8 50.8 2208 950 5.235
1786412943 52.7 55.5 51.8 54.5 2208 950 5.215
1786412944 52.7 54.5 51.8 52.7 2208 950 5.172
1786412945 53.6 55.5 52.7 54.5 2208 950 5.269
1786412946 53.6 56.4 52.7 54.5 2208 950 5.215
1786412947 54.5 55.5 52.7 54.5 2016 950 5.186
1786412948 54.5 56.4 53.6 55.5 2208 950 5.191
1786412950 56.4 58.2 55.5 55.5 1608 950 5.138
1786412951 55.5 55.5 54.5 58.2 2208 950 5.240
1786412952 56.4 58.2 55.5 56.4 2208 950 5.230
1786412953 56.4 58.2 55.5 56.4 2208 950 5.191
1786412954 57.3 58.2 56.4 56.4 1008 950 5.133
1786412955 58.2 60.1 56.4 58.2 2208 950 5.259
1786412956 57.3 57.3 56.4 58.2 1608 950 5.278
1786412957 56.4 58.2 56.4 56.4 1800 950 5.215
1786412958 57.3 59.2 56.4 56.4 1800 950 5.206
1786412959 58.2 61.0 56.4 58.2 2208 950 5.133
1786412960 58.2 60.1 56.4 58.2 2208 950 5.157
1786412961 58.2 60.1 57.3 59.2 2208 950 5.225
1786412963 59.2 61.0 58.2 61.0 2208 950 5.182
1786412964 58.2 60.1 57.3 59.2 2208 950 5.196
1786412965 58.2 60.1 57.3 57.3 1608 950 5.215
1786412966 58.2 61.9 57.3 60.1 2208 950 5.230
1786412967 59.2 59.2 57.3 59.2 1416 950 5.172
1786412968 58.2 59.2 57.3 59.2 2208 950 5.162
1786412969 59.2 61.9 58.2 60.1 1800 950 5.235
1786412970 59.2 60.1 58.2 61.9 2208 950 5.269
1786412971 59.2 60.1 58.2 61.0 2208 950 5.182
1786412972 59.2 61.0 58.2 60.1 1800 950 5.206
1786412973 60.1 61.9 59.2 61.0 2208 950 5.254
1786412975 60.1 60.1 58.2 61.0 1800 950 5.211
1786412976 60.1 62.8 59.2 61.9 2208 950 5.215
1786412977 60.1 61.9 59.2 62.8 2208 950 5.264
1786412978 61.0 63.8 60.1 62.8 2016 950 5.235
1786412979 60.1 61.0 59.2 61.0 408 950 5.211
1786412980 61.0 61.9 59.2 61.9 1416 950 5.211
1786412981 60.1 61.0 59.2 61.0 2208 950 5.201
1786412982 60.1 61.0 59.2 61.9 2208 950 5.196
1786412983 61.0 63.8 60.1 61.9 2016 950 5.220
1786412984 61.0 62.8 60.1 61.9 2208 950 5.215
1786412985 61.0 62.8 60.1 61.9 2208 950 5.259
1786412986 61.0 62.8 60.1 61.0 1416 950 5.220
1786412988 61.9 62.8 61.0 62.8 1008 950 5.235
1786412989 61.0 61.9 60.1 61.9 408 950 5.278
1786412990 61.0 61.0 60.1 62.8 2208 950 5.240
1786412991 61.0 61.9 60.1 61.9 1008 950 5.220
1786412992 61.0 61.9 60.1 61.9 1800 950 5.211
1786412993 62.8 64.7 61.9 64.7 1608 950 5.215
1786412994 61.0 62.8 60.1 61.0 1416 950 5.182
1786412995 61.9 62.8 60.1 61.0 1608 950 5.240
1786412996 62.8 64.7 61.9 64.7 1800 950 5.225
1786412997 61.9 63.8 61.0 61.9 1608 950 5.269
1786412998 62.8 65.6 61.0 64.7 2208 950 5.220
1786413000 62.8 65.6 62.8 62.8 2208 950 5.186
1786413001 62.8 65.6 61.9 64.7 2208 950 5.215
1786413002 62.8 64.7 61.9 62.8 2016 950 5.162
1786413003 62.8 64.7 61.9 61.9 1608 950 5.191
1786413004 62.8 65.6 61.9 62.8 2208 950 5.206
1786413005 62.8 62.8 61.0 63.8 2016 950 5.211
1786413006 62.8 63.8 61.0 62.8 1416 950 5.206
1786413007 62.8 63.8 61.9 62.8 1608 950 5.269
1786413008 61.9 63.8 61.0 61.9 2208 950 5.196
1786413009 62.8 64.7 61.9 63.8 2208 950 5.235
1786413010 62.8 64.7 61.9 62.8 2208 950 5.177
1786413012 63.8 64.7 61.9 65.6 1608 950 5.215
1786413013 61.9 63.8 61.0 63.8 2208 950 5.240
1786413014 63.8 64.7 61.9 65.6 2208 950 5.254
1786413015 62.8 63.8 61.0 63.8 2208 950 5.249
1786413016 62.8 64.7 61.9 64.7 2208 950 5.273
1786413017 62.8 64.7 61.9 65.6 2208 950 5.230
1786413018 62.8 63.8 61.9 62.8 1008 950 5.283
1786413019 62.8 63.8 61.9 62.8 408 950 5.172
1786413020 63.8 65.6 62.8 63.8 2208 950 5.215
1786413021 62.8 65.6 61.9 63.8 2208 950 5.211
1786413022 63.8 65.6 61.9 65.6 2208 950 5.220
1786413024 62.8 64.7 61.9 63.8 1008 950 5.196
1786413025 63.8 65.6 62.8 62.8 1416 950 5.259
1786413026 62.8 65.6 62.8 62.8 1008 950 5.196
1786413027 63.8 64.7 62.8 64.7 1008 950 5.206
1786413028 63.8 65.6 62.8 63.8 2208 950 5.206
1786413029 62.8 65.6 61.9 63.8 2208 950 5.186
1786413030 63.8 64.7 62.8 63.8 1008 950 5.206
1786413031 63.8 63.8 61.9 65.6 2016 950 5.264
1786413032 63.8 64.7 62.8 64.7 2016 950 5.211
1786413033 63.8 65.6 62.8 63.8 2208 950 5.206
1786413034 63.8 65.6 62.8 64.7 2208 950 5.162
1786413036 63.8 64.7 62.8 64.7 1008 950 5.211
1786413037 64.7 67.5 63.8 65.6 2208 950 5.244
1786413038 63.8 65.6 62.8 63.8 2208 950 5.211
1786413039 63.8 66.5 62.8 66.5 2208 950 5.186
1786413040 63.8 65.6 62.8 65.6 2208 950 5.206
1786413041 63.8 64.7 62.8 64.7 1608 950 5.269
1786413042 63.8 65.6 62.8 62.8 1608 950 5.206
1786413043 63.8 64.7 62.8 63.8 408 950 5.249
1786413044 62.8 65.6 61.9 62.8 2208 950 5.201
1786413045 63.8 66.5 62.8 64.7 2208 950 5.206
1786413046 64.7 67.5 63.8 65.6 2208 950 5.201
1786413048 63.8 64.7 62.8 63.8 1008 950 5.206
1786413049 63.8 65.6 62.8 63.8 1008 950 5.211
1786413050 63.8 63.8 61.9 65.6 1608 950 5.278
1786413051 63.8 64.7 62.8 64.7 1416 950 5.201
1786413052 64.7 66.5 63.8 63.8 2208 950 5.186
1786413053 63.8 66.5 62.8 66.5 2208 950 5.215
1786413054 63.8 65.6 62.8 64.7 2208 950 5.278
1786413055 64.7 67.5 63.8 64.7 2208 950 5.235
1786413056 64.7 65.6 62.8 65.6 2208 950 5.235
1786413057 64.7 64.7 62.8 65.6 2208 950 5.240
1786413058 65.6 67.5 64.7 65.6 2016 950 5.211
1786413059 64.7 66.5 63.8 66.5 1800 950 5.201
1786413061 63.8 66.5 63.8 63.8 2016 950 5.206
1786413062 65.6 67.5 63.8 67.5 2208 950 5.196
1786413063 65.6 66.5 64.7 67.5 1608 950 5.240
1786413064 65.6 67.5 64.7 65.6 1008 950 5.269
1786413065 64.7 66.5 63.8 66.5 2208 950 5.167
1786413066 64.7 64.7 63.8 65.6 1608 950 5.249
1786413067 65.6 67.5 64.7 65.6 1008 950 5.206
1786413068 63.8 65.6 63.8 64.7 1008 950 5.211
1786413069 64.7 66.5 63.8 63.8 1800 950 5.211
1786413070 65.6 66.5 63.8 67.5 1416 950 5.201
1786413071 65.6 67.5 64.7 66.5 1608 950 5.259
1786413073 64.7 65.6 63.8 65.6 2208 950 5.206
1786413074 63.8 64.7 62.8 65.6 1800 950 5.196
1786413075 64.7 66.5 63.8 64.7 2208 950 5.230
1786413076 64.7 67.5 63.8 66.5 2208 950 5.162
1786413077 64.7 65.6 63.8 66.5 2208 950 5.191
1786413078 64.7 67.5 63.8 66.5 1800 950 5.215
1786413079 63.8 65.6 62.8 64.7 1008 950 5.264
1786413080 65.6 66.5 63.8 64.7 2208 950 5.254
1786413081 64.7 67.5 63.8 65.6 2208 950 5.225
1786413082 64.7 65.6 63.8 65.6 1416 950 5.273
1786413083 64.7 66.5 63.8 64.7 1008 950 5.230
1786413085 66.5 68.4 64.7 66.5 2016 950 5.215
1786413086 65.6 66.5 63.8 64.7 1008 950 5.317
1786413087 63.8 65.6 62.8 64.7 1608 950 5.186
1786413088 65.6 67.5 64.7 64.7 1416 950 5.220
1786413089 64.7 66.5 63.8 64.7 1608 950 5.220
1786413090 64.7 66.5 63.8 64.7 1008 950 5.201
1786413091 64.7 66.5 63.8 64.7 2208 950 5.220
1786413092 63.8 64.7 62.8 64.7 1008 950 5.196
1786413093 64.7 65.6 63.8 64.7 1008 950 5.172
1786413094 63.8 65.6 62.8 63.8 408 950 5.206
1786413095 63.8 66.5 62.8 64.7 2208 950 5.196
1786413097 63.8 66.5 62.8 64.7 2208 950 5.225
1786413098 64.7 65.6 62.8 65.6 2208 950 5.235
1786413099 63.8 64.7 62.8 64.7 2208 950 5.220
1786413100 63.8 65.6 62.8 64.7 1608 950 5.162
1786413101 64.7 65.6 62.8 64.7 1008 950 5.186
1786413102 64.7 67.5 63.8 65.6 2208 950 5.162
1786413103 64.7 67.5 63.8 65.6 2208 950 5.230
1786413104 64.7 67.5 63.8 67.5 2208 950 5.254
1786413105 63.8 64.7 62.8 65.6 1800 950 5.196
1786413106 64.7 65.6 62.8 64.7 1008 950 5.225
1786413107 64.7 65.6 62.8 63.8 1008 950 5.201
1786413109 64.7 67.5 63.8 64.7 2208 950 5.148
1786413110 65.6 65.6 63.8 65.6 2016 950 5.240
1786413111 64.7 66.5 63.8 65.6 2208 950 5.240
1786413112 64.7 65.6 63.8 65.6 2016 950 5.201
1786413113 64.7 67.5 63.8 64.7 1608 950 5.201
1786413114 64.7 65.6 63.8 66.5 1008 950 5.191
1786413115 63.8 64.7 63.8 63.8 1800 950 5.211
1786413116 64.7 65.6 62.8 64.7 1608 950 5.235
1786413117 64.7 66.5 63.8 64.7 2208 950 5.143
1786413118 64.7 66.5 63.8 64.7 1608 950 5.196
1786413119 64.7 66.5 63.8 64.7 1416 950 5.162
1786413120 65.6 68.4 64.7 65.6 2208 950 5.220
1786413122 64.7 65.6 62.8 66.5 2208 950 5.186
1786413123 64.7 65.6 63.8 66.5 1416 950 5.186
1786413124 64.7 66.5 63.8 66.5 2208 950 5.215
1786413125 64.7 65.6 63.8 65.6 1608 950 5.191
1786413126 63.8 64.7 62.8 64.7 1008 950 5.201
1786413127 63.8 65.6 62.8 63.8 1608 950 5.211
1786413128 64.7 67.5 63.8 64.7 2016 950 5.196
1786413129 64.7 67.5 63.8 65.6 2208 950 5.235
1786413130 65.6 66.5 63.8 66.5 2208 950 5.278
1786413131 64.7 67.5 63.8 66.5 2208 950 5.215
1786413132 63.8 67.5 63.8 63.8 2208 950 5.201
1786413133 65.6 67.5 64.7 65.6 2208 950 5.235
1786413135 64.7 66.5 63.8 66.5 1800 950 5.172
1786413136 65.6 66.5 63.8 66.5 1416 950 5.148
1786413137 64.7 64.7 62.8 66.5 2016 950 5.191
1786413138 65.6 67.5 64.7 65.6 2208 950 5.201
1786413139 63.8 66.5 63.8 65.6 2208 950 5.201
1786413140 65.6 66.5 63.8 67.5 2208 950 5.206
1786413141 63.8 66.5 62.8 65.6 1800 950 5.283
1786413142 65.6 67.5 64.7 65.6 1800 950 5.196
1786413143 64.7 67.5 63.8 66.5 2208 950 5.254
1786413144 64.7 66.5 63.8 65.6 2208 950 5.220
1786413145 64.7 65.6 63.8 64.7 1416 950 5.157
1786413147 65.6 67.5 64.7 68.4 2016 950 5.264
1786413148 66.5 68.4 65.6 67.5 2016 950 5.225
1786413149 65.6 67.5 64.7 65.6 1416 950 5.177
1786413150 65.6 66.5 64.7 66.5 1416 950 5.230
1786413151 66.5 68.4 65.6 66.5 1416 950 5.211
1786413152 65.6 67.5 64.7 66.5 1608 950 5.220
1786413153 66.5 68.4 65.6 69.3 2016 950 5.230
1786413154 65.6 65.6 63.8 66.5 1608 950 5.240
1786413155 65.6 66.5 63.8 66.5 2208 950 5.220
1786413156 65.6 66.5 64.7 67.5 2208 950 5.264
1786413157 65.6 67.5 63.8 66.5 2016 950 5.215
1786413159 65.6 66.5 64.7 65.6 2208 950 5.225
1786413160 64.7 66.5 63.8 65.6 1416 950 5.133
1786413161 65.6 68.4 64.7 66.5 2208 950 5.230
1786413162 65.6 67.5 64.7 65.6 1008 950 5.211
1786413163 66.5 69.3 65.6 68.4 2208 950 5.220
1786413164 65.6 66.5 64.7 66.5 1608 950 5.182
1786413165 65.6 67.5 64.7 66.5 1416 950 5.162
1786413166 65.6 67.5 64.7 67.5 2208 950 5.220
1786413167 65.6 67.5 64.7 65.6 2208 950 5.225
1786413168 65.6 66.5 64.7 64.7 1608 950 5.124
1786413169 65.6 68.4 65.6 67.5 2208 950 5.249
1786413171 65.6 67.5 64.7 67.5 2016 950 5.220
1786413172 64.7 66.5 63.8 64.7 1800 950 5.167
1786413173 65.6 68.4 64.7 65.6 2208 950 5.211
1786413174 65.6 67.5 64.7 66.5 2208 950 5.254
1786413175 65.6 66.5 64.7 65.6 1008 950 5.196
1786413176 65.6 67.5 64.7 66.5 1608 950 5.240
1786413177 65.6 65.6 63.8 66.5 1416 950 5.206
1786413178 65.6 68.4 64.7 65.6 2208 950 5.264
1786413179 65.6 67.5 64.7 65.6 1608 950 5.220
1786413180 65.6 68.4 64.7 66.5 2208 950 5.157
1786413181 65.6 66.5 64.7 66.5 1800 950 5.206
1786413183 65.6 65.6 63.8 66.5 1416 950 5.206
1786413184 66.5 68.4 65.6 67.5 2016 950 5.191
1786413185 64.7 66.5 63.8 66.5 1416 950 5.177
1786413186 64.7 68.4 63.8 66.5 1800 950 5.240
1786413187 65.6 67.5 64.7 64.7 1608 950 5.206
1786413188 66.5 69.3 65.6 68.4 1800 950 5.235
1786413189 65.6 65.6 63.8 66.5 2016 950 5.201
1786413190 65.6 66.5 64.7 64.7 1800 950 5.220
1786413191 64.7 65.6 63.8 67.5 2208 950 5.196
1786413192 65.6 66.5 64.7 65.6 408 950 5.206
1786413193 64.7 65.6 63.8 64.7 1416 950 5.220
1786413195 64.7 65.6 63.8 66.5 2208 950 5.177
1786413196 64.7 65.6 63.8 64.7 1416 950 5.153
1786413197 64.7 67.5 63.8 66.5 2208 950 5.201
1786413198 65.6 67.5 64.7 65.6 1800 950 5.148
1786413199 64.7 67.5 63.8 65.6 2208 950 5.220
1786413200 64.7 67.5 63.8 66.5 2208 950 5.172
1786413201 64.7 65.6 63.8 65.6 2016 950 5.215
1786413202 64.7 64.7 62.8 65.6 1416 950 5.240
1786413203 64.7 65.6 63.8 65.6 1416 950 5.186
1786413204 64.7 65.6 63.8 63.8 1008 950 5.133
1786413205 64.7 66.5 63.8 63.8 1416 950 5.206
1786413207 64.7 66.5 63.8 67.5 2208 950 5.186
1786413208 64.7 65.6 63.8 66.5 2208 950 5.172
1786413209 65.6 67.5 64.7 65.6 2208 950 5.220
1786413210 65.6 67.5 63.8 66.5 2016 950 5.264
1786413211 65.6 69.3 64.7 67.5 2208 950 5.186
1786413212 65.6 67.5 64.7 65.6 1608 950 5.191
1786413213 64.7 66.5 63.8 64.7 2208 950 5.128
1786413214 65.6 68.4 64.7 66.5 2208 950 5.225
1786413215 65.6 66.5 64.7 66.5 1800 950 5.244
1786413216 64.7 66.5 63.8 64.7 1008 950 5.235
1786413217 65.6 66.5 64.7 65.6 408 950 5.148
1786413219 66.5 67.5 64.7 68.4 2208 950 5.220
1786413220 66.5 68.4 65.6 65.6 1416 950 5.143
1786413221 66.5 68.4 64.7 68.4 2208 950 5.273
1786413222 66.5 69.3 65.6 68.4 2016 950 5.215
1786413223 66.5 68.4 65.6 67.5 2016 950 5.225
1786413224 65.6 67.5 64.7 65.6 2208 950 5.153
1786413225 65.6 68.4 64.7 67.5 2208 950 5.269
1786413226 66.5 67.5 64.7 67.5 2016 950 5.283
1786413227 64.7 67.5 63.8 65.6 2208 950 5.191
1786413228 65.6 67.5 64.7 66.5 2208 950 5.167
1786413229 65.6 67.5 63.8 64.7 2208 950 5.201
1786413231 65.6 67.5 64.7 67.5 2208 950 5.215
1786413232 66.5 67.5 65.6 65.6 1008 950 5.235
1786413233 65.6 68.4 64.7 66.5 2208 950 5.196
1786413234 65.6 66.5 64.7 66.5 1800 950 5.128
1786413235 65.6 67.5 64.7 65.6 1608 950 5.182
1786413236 65.6 66.5 63.8 64.7 408 950 5.225
1786413237 66.5 69.3 65.6 67.5 2208 950 5.235
1786413238 65.6 65.6 63.8 66.5 1608 950 5.211
1786413239 64.7 65.6 63.8 66.5 1608 950 5.167
1786413240 65.6 66.5 64.7 64.7 2208 950 5.211
1786413241 65.6 66.5 64.7 64.7 1608 950 5.220
1786413243 65.6 67.5 64.7 67.5 1416 950 5.186
1786413244 64.7 65.6 63.8 65.6 1008 950 5.240
1786413245 65.6 66.5 64.7 66.5 2016 950 5.230
1786413246 64.7 65.6 63.8 66.5 1008 950 5.182
1786413247 64.7 65.6 63.8 64.7 1608 950 5.196
1786413248 64.7 65.6 63.8 64.7 1008 950 5.215
1786413249 63.8 66.5 63.8 63.8 1800 950 5.215
1786413250 64.7 66.5 63.8 64.7 2208 950 5.162
1786413251 65.6 67.5 64.7 65.6 1800 950 5.196
1786413252 66.5 69.3 65.6 67.5 2208 950 5.153
1786413253 65.6 66.5 63.8 66.5 2208 950 5.167
1786413255 66.5 66.5 64.7 65.6 1008 950 5.225
1786413256 65.6 68.4 64.7 65.6 1416 950 5.220
1786413257 66.5 68.4 65.6 66.5 2208 950 5.177
1786413258 65.6 67.5 64.7 67.5 2208 950 5.220
1786413259 64.7 66.5 64.7 65.6 1008 950 5.206
1786413260 65.6 67.5 64.7 65.6 2208 950 5.220
1786413261 65.6 66.5 64.7 65.6 2208 950 5.186
1786413262 66.5 68.4 65.6 65.6 1800 950 5.211
1786413263 65.6 67.5 64.7 65.6 1800 950 5.201
1786413264 66.5 68.4 65.6 67.5 2208 950 5.220
1786413265 65.6 67.5 64.7 65.6 2208 950 5.153
1786413267 67.5 70.2 66.5 69.3 2208 950 5.201
1786413268 66.5 67.5 64.7 65.6 1608 950 5.201
1786413269 66.5 68.4 65.6 67.5 2208 950 5.235
1786413270 65.6 65.6 63.8 66.5 2208 950 5.273
1786413271 65.6 66.5 64.7 67.5 2016 950 5.215
1786413272 65.6 65.6 63.8 67.5 1416 950 5.230
1786413273 65.6 67.5 64.7 67.5 2208 950 5.211
1786413274 65.6 68.4 64.7 67.5 2208 950 5.167
1786413275 65.6 68.4 64.7 67.5 2208 950 5.172
1786413276 65.6 68.4 64.7 66.5 2208 950 5.254
1786413277 65.6 67.5 64.7 66.5 2208 950 5.235
1786413278 65.6 67.5 64.7 65.6 1800 950 5.206
1786413280 65.6 66.5 64.7 64.7 1008 950 5.167
1786413281 65.6 68.4 65.6 66.5 2208 950 5.172
1786413282 66.5 66.5 64.7 67.5 2016 950 5.186
1786413283 66.5 67.5 64.7 66.5 1608 950 5.215
1786413284 65.6 66.5 64.7 66.5 2208 950 5.225
1786413285 64.7 67.5 64.7 66.5 2208 950 5.220
1786413286 65.6 65.6 64.7 65.6 1008 950 5.215
1786413287 65.6 66.5 64.7 64.7 1008 950 5.215
1786413288 65.6 69.3 64.7 65.6 2208 950 5.162
1786413289 65.6 66.5 64.7 65.6 1416 950 5.220
1786413290 67.5 68.4 65.6 68.4 2208 950 5.191
1786413292 65.6 66.5 63.8 65.6 1008 950 5.249
1786413293 65.6 66.5 64.7 65.6 2016 950 5.191
1786413294 65.6 68.4 64.7 67.5 2208 950 5.206
1786413295 65.6 66.5 63.8 68.4 2016 950 5.191
1786413296 65.6 66.5 63.8 65.6 1416 950 5.186
1786413297 66.5 69.3 65.6 68.4 2208 950 5.278
1786413298 66.5 68.4 65.6 65.6 2208 950 5.215
1786413299 67.5 69.3 66.5 67.5 2016 950 5.201
1786413300 65.6 68.4 64.7 66.5 2208 950 5.211
1786413301 65.6 67.5 64.7 67.5 1800 950 5.220
1786413302 67.5 69.3 65.6 66.5 1608 950 5.172
1786413304 66.5 69.3 65.6 66.5 2208 950 5.259
1786413305 67.5 68.4 65.6 66.5 1416 950 5.167
1786413306 65.6 66.5 64.7 65.6 1416 950 5.186
1786413307 64.7 66.5 63.8 64.7 1008 950 5.206
1786413308 65.6 68.4 64.7 66.5 2208 950 5.153
1786413309 65.6 67.5 64.7 67.5 2208 950 5.124
1786413310 67.5 68.4 65.6 65.6 1608 950 5.220
1786413311 65.6 67.5 64.7 67.5 2208 950 5.157
1786413312 64.7 66.5 63.8 64.7 2208 950 5.128
1786413313 66.5 68.4 65.6 66.5 1608 950 5.235
1786413314 64.7 66.5 63.8 67.5 2016 950 5.196
1786413316 65.6 67.5 64.7 67.5 1608 950 5.167
1786413317 65.6 67.5 63.8 67.5 2208 950 5.211
1786413318 66.5 69.3 65.6 67.5 1416 950 5.235
1786413319 65.6 68.4 64.7 66.5 2208 950 5.215
1786413320 65.6 68.4 64.7 68.4 2208 950 5.220
1786413321 65.6 66.5 63.8 66.5 2016 950 5.254
1786413322 65.6 65.6 63.8 65.6 1416 950 5.235
1786413323 65.6 67.5 64.7 65.6 1608 950 5.201
1786413324 65.6 67.5 64.7 66.5 2016 950 5.215
1786413325 65.6 67.5 63.8 67.5 1800 950 5.090
1786413326 65.6 66.5 64.7 64.7 408 950 5.240
1786413328 65.6 67.5 64.7 65.6 1800 950 5.220
1786413329 65.6 67.5 64.7 66.5 1008 950 5.177
1786413330 65.6 68.4 64.7 67.5 2208 950 5.215
1786413331 65.6 66.5 63.8 64.7 1800 950 5.157
1786413332 65.6 68.4 65.6 67.5 2208 950 5.225
1786413333 65.6 68.4 64.7 66.5 2208 950 5.114
1786413334 65.6 66.5 64.7 65.6 2208 950 5.182
1786413335 64.7 66.5 64.7 64.7 1608 950 5.211
1786413336 65.6 68.4 64.7 65.6 2208 950 5.196
1786413337 65.6 67.5 64.7 66.5 2016 950 5.235
1786413338 65.6 67.5 64.7 65.6 2208 950 5.186
1786413340 65.6 67.5 64.7 67.5 2208 950 5.254
1786413341 65.6 68.4 64.7 66.5 2208 950 5.201
1786413342 65.6 68.4 64.7 67.5 2208 950 5.191
1786413343 65.6 65.6 64.7 66.5 2016 950 5.191
1786413344 66.5 68.4 64.7 67.5 2208 950 5.220
1786413345 65.6 68.4 64.7 67.5 2208 950 5.211
1786413346 65.6 66.5 63.8 68.4 2208 950 5.264
1786413347 67.5 70.2 65.6 68.4 2208 950 5.201
1786413348 65.6 66.5 64.7 66.5 2208 950 5.191
1786413349 65.6 66.5 63.8 65.6 1800 950 5.211
1786413350 66.5 67.5 64.7 68.4 2208 950 5.215
1786413352 66.5 68.4 65.6 65.6 1608 950 5.196
1786413353 65.6 67.5 64.7 65.6 2208 950 5.244
1786413354 65.6 67.5 64.7 68.4 2208 950 5.269
1786413355 65.6 65.6 64.7 65.6 1416 950 5.288
1786413356 65.6 67.5 64.7 65.6 1008 950 5.283
1786413357 65.6 66.5 64.7 64.7 1416 950 5.215
1786413358 65.6 67.5 64.7 64.7 2208 950 5.186
1786413359 64.7 65.6 63.8 64.7 1008 950 5.186
1786413360 64.7 66.5 64.7 64.7 1800 950 5.182
1786413361 65.6 67.5 64.7 64.7 2208 950 5.186
1786413362 65.6 66.5 64.7 66.5 2016 950 5.240
1786413364 65.6 65.6 63.8 65.6 1416 950 5.211
1786413365 65.6 67.5 64.7 67.5 1800 950 5.153
1786413366 65.6 66.5 64.7 65.6 1416 950 5.211
1786413367 65.6 67.5 63.8 64.7 2208 950 5.201
1786413368 66.5 67.5 64.7 66.5 1008 950 5.298
1786413369 65.6 67.5 64.7 66.5 1008 950 5.269
1786413370 66.5 68.4 65.6 67.5 2208 950 5.162
1786413371 66.5 66.5 64.7 66.5 2208 950 5.211
1786413372 65.6 66.5 64.7 66.5 408 950 5.235
1786413373 67.5 69.3 65.6 66.5 1800 950 5.201
1786413374 65.6 68.4 64.7 67.5 2208 950 5.157
1786413376 66.5 67.5 64.7 67.5 1608 950 5.215
1786413377 65.6 66.5 64.7 64.7 1608 950 5.254
1786413378 66.5 68.4 65.6 67.5 1608 950 5.215
1786413379 65.6 69.3 64.7 65.6 2208 950 5.225
1786413380 65.6 67.5 64.7 65.6 1608 950 5.215
1786413381 65.6 67.5 64.7 66.5 1800 950 5.191
1786413382 67.5 69.3 65.6 69.3 1608 950 5.220
1786413383 65.6 67.5 64.7 67.5 2016 950 5.211
1786413384 65.6 66.5 64.7 67.5 2016 950 5.225
1786413385 66.5 68.4 64.7 66.5 2208 950 5.162
1786413386 66.5 68.4 65.6 67.5 2208 950 5.269
1786413388 65.6 66.5 64.7 67.5 1008 950 5.172
1786413389 65.6 66.5 64.7 66.5 1008 950 5.293
1786413390 66.5 68.4 65.6 68.4 1800 950 5.191
1786413391 66.5 68.4 65.6 66.5 2208 950 5.220
1786413392 65.6 68.4 64.7 68.4 2208 950 5.186
1786413393 66.5 69.3 65.6 66.5 1008 950 5.225
1786413394 67.5 69.3 65.6 67.5 2016 950 5.206
1786413395 65.6 67.5 64.7 65.6 1416 950 5.235
1786413396 66.5 69.3 65.6 66.5 2208 950 5.206
1786413397 65.6 68.4 64.7 67.5 2208 950 5.249
1786413398 65.6 67.5 64.7 66.5 2208 950 5.211
1786413399 65.6 66.5 64.7 67.5 2208 950 5.206
1786413401 65.6 67.5 64.7 67.5 1800 950 5.172
1786413402 66.5 67.5 65.6 67.5 1800 950 5.211
1786413403 65.6 66.5 64.7 65.6 1608 950 5.235
1786413404 66.5 67.5 64.7 68.4 1800 950 5.278
1786413405 65.6 67.5 64.7 65.6 1800 950 5.201
1786413406 65.6 68.4 64.7 67.5 2208 950 5.186
1786413407 66.5 69.3 65.6 66.5 2208 950 5.182
1786413408 65.6 67.5 64.7 65.6 2208 950 5.240
1786413409 65.6 66.5 64.7 66.5 1608 950 5.215
1786413410 65.6 67.5 64.7 64.7 2208 950 5.206
1786413411 66.5 67.5 64.7 66.5 1608 950 5.230
1786413413 65.6 65.6 64.7 66.5 1416 950 5.273
1786413414 66.5 68.4 65.6 65.6 1800 950 5.225
1786413415 64.7 66.5 64.7 64.7 2016 950 5.191
1786413416 66.5 68.4 65.6 65.6 1608 950 5.240
1786413417 65.6 66.5 64.7 65.6 1800 950 5.235
1786413418 66.5 69.3 64.7 68.4 2208 950 5.220
1786413419 66.5 67.5 64.7 67.5 1608 950 5.191
1786413420 67.5 69.3 66.5 67.5 1800 950 5.162
1786413421 66.5 67.5 65.6 67.5 2208 950 5.182
1786413422 65.6 67.5 64.7 65.6 1416 950 5.182
1786413423 65.6 68.4 64.7 67.5 2208 950 5.148
1786413425 67.5 69.3 66.5 66.5 1608 950 5.215
1786413426 67.5 70.2 65.6 69.3 2016 950 5.220
1786413427 66.5 68.4 65.6 68.4 2208 950 5.201
1786413428 67.5 68.4 65.6 66.5 1008 950 5.201
1786413429 65.6 68.4 64.7 65.6 1608 950 5.148
1786413430 65.6 67.5 64.7 65.6 2016 950 5.191
1786413431 66.5 67.5 65.6 67.5 2208 950 5.191
1786413432 66.5 67.5 65.6 66.5 1608 950 5.186
1786413433 66.5 68.4 65.6 65.6 2208 950 5.153
1786413434 66.5 68.4 65.6 66.5 2208 950 5.235
1786413435 66.5 68.4 65.6 65.6 1416 950 5.225
1786413436 66.5 69.3 65.6 68.4 2208 950 5.201
1786413438 65.6 67.5 64.7 67.5 2016 950 5.225
1786413439 66.5 66.5 64.7 66.5 1008 950 5.225
1786413440 65.6 68.4 64.7 65.6 2208 950 5.206
1786413441 64.7 67.5 63.8 64.7 2208 950 5.240
1786413442 67.5 69.3 65.6 68.4 2208 950 5.254
1786413443 66.5 68.4 65.6 65.6 1608 950 5.211
1786413444 66.5 67.5 64.7 65.6 1416 950 5.206
1786413445 66.5 69.3 65.6 67.5 2208 950 5.191
1786413446 65.6 66.5 64.7 66.5 1008 950 5.211
1786413447 65.6 66.5 64.7 65.6 1608 950 5.206
1786413448 65.6 67.5 64.7 64.7 2208 950 5.240
1786413450 66.5 69.3 65.6 68.4 2208 950 5.264
1786413451 67.5 68.4 65.6 67.5 1008 950 5.133
1786413452 65.6 68.4 64.7 65.6 1416 950 5.191
1786413453 65.6 67.5 64.7 67.5 2208 950 5.201
1786413454 66.5 68.4 65.6 66.5 2208 950 5.186
1786413455 65.6 68.4 65.6 65.6 2208 950 5.215
1786413456 65.6 66.5 64.7 65.6 408 950 5.225
1786413457 66.5 69.3 64.7 68.4 2016 950 5.215
1786413458 67.5 67.5 65.6 67.5 1416 950 5.172
1786413459 65.6 65.6 64.7 65.6 1008 950 5.230
1786413460 65.6 66.5 64.7 64.7 1416 950 5.225
1786413462 65.6 67.5 64.7 66.5 2016 950 5.254
1786413463 65.6 67.5 64.7 66.5 1608 950 5.172
1786413464 66.5 68.4 65.6 67.5 2208 950 5.244
1786413465 65.6 66.5 64.7 65.6 1416 950 5.278
1786413466 65.6 67.5 64.7 64.7 1416 950 5.215
1786413467 65.6 67.5 64.7 67.5 2016 950 5.230
1786413468 64.7 65.6 64.7 65.6 1608 950 5.186
1786413469 65.6 66.5 64.7 65.6 1008 950 5.230
1786413470 66.5 67.5 64.7 66.5 2016 950 5.191
1786413471 65.6 67.5 64.7 68.4 2208 950 5.259
1786413472 64.7 65.6 63.8 65.6 1608 950 5.182
1786413473 64.7 66.5 63.8 66.5 1608 950 5.215
1786413475 64.7 65.6 63.8 65.6 2208 950 5.182
1786413476 65.6 66.5 64.7 64.7 1008 950 5.244
1786413477 64.7 65.6 63.8 65.6 1416 950 5.138
1786413478 65.6 67.5 63.8 66.5 1800 950 5.215
1786413479 65.6 66.5 64.7 67.5 1008 950 5.264
1786413480 66.5 69.3 64.7 67.5 2208 950 5.235
1786413481 66.5 67.5 65.6 67.5 1008 950 5.240
1786413482 64.7 65.6 64.7 65.6 1008 950 5.244
1786413483 66.5 69.3 64.7 67.5 2208 950 5.201
1786413484 65.6 66.5 64.7 67.5 2208 950 5.249
1786413485 66.5 67.5 64.7 65.6 1416 950 5.215
1786413486 65.6 67.5 64.7 65.6 2208 950 5.177
1786413488 65.6 66.5 64.7 66.5 1008 950 5.167
1786413489 64.7 65.6 63.8 67.5 1008 950 5.211
1786413490 65.6 67.5 64.7 66.5 1008 950 5.240
1786413491 65.6 67.5 64.7 68.4 2208 950 5.196
1786413492 65.6 68.4 64.7 65.6 1416 950 5.167
1786413493 66.5 68.4 65.6 68.4 2208 950 5.254
1786413494 66.5 68.4 65.6 67.5 1008 950 5.220
1786413495 64.7 66.5 64.7 64.7 2208 950 5.240
1786413496 65.6 68.4 64.7 66.5 2208 950 5.196
1786413497 65.6 66.5 64.7 65.6 1008 950 5.186
1786413498 65.6 68.4 64.7 65.6 2208 950 5.201
1786413500 65.6 67.5 64.7 64.7 2208 950 5.215
1786413501 65.6 68.4 64.7 65.6 2208 950 5.215
1786413502 65.6 68.4 64.7 67.5 1800 950 5.191
1786413503 64.7 65.6 63.8 65.6 1800 950 5.298
1786413504 64.7 65.6 63.8 65.6 2016 950 5.244
1786413505 66.5 68.4 64.7 65.6 1800 950 5.196
1786413506 65.6 67.5 64.7 67.5 2208 950 5.186
1786413507 66.5 66.5 64.7 66.5 1800 950 5.162
1786413508 65.6 67.5 64.7 65.6 1008 950 5.201
1786413509 65.6 67.5 64.7 66.5 2208 950 5.191
1786413510 65.6 66.5 64.7 65.6 2016 950 5.177
1786413512 67.5 69.3 65.6 68.4 2208 950 5.240
1786413513 65.6 66.5 64.7 65.6 1416 950 5.191
1786413514 65.6 67.5 64.7 65.6 2208 950 5.220
1786413515 66.5 67.5 65.6 67.5 2016 950 5.186
1786413516 64.7 65.6 63.8 66.5 2208 950 5.196
1786413517 64.7 66.5 63.8 66.5 1008 950 5.196
1786413518 64.7 65.6 63.8 66.5 2208 950 5.225
1786413519 64.7 67.5 63.8 67.5 2208 950 5.249
1786413520 65.6 66.5 63.8 66.5 1800 950 5.196
1786413521 65.6 67.5 64.7 64.7 408 950 5.211
1786413522 66.5 68.4 65.6 67.5 1800 950 5.182
1786413523 65.6 65.6 63.8 65.6 1008 950 5.230
1786413525 65.6 66.5 63.8 66.5 2208 950 5.254
1786413526 65.6 66.5 63.8 66.5 2208 950 5.215
1786413527 65.6 66.5 64.7 66.5 1608 950 5.235
1786413528 65.6 68.4 64.7 67.5 2208 950 5.211
1786413529 66.5 69.3 65.6 68.4 2208 950 5.225
1786413530 65.6 66.5 64.7 65.6 1008 950 5.196
1786413531 66.5 68.4 65.6 68.4 2208 950 5.254
1786413532 65.6 68.4 64.7 65.6 2208 950 5.196
1786413533 65.6 68.4 64.7 67.5 2208 950 5.215
1786413534 65.6 68.4 64.7 65.6 1800 950 5.196
1786413535 64.7 66.5 63.8 63.8 1008 950 5.235
1786413537 65.6 68.4 65.6 65.6 2208 950 5.259
1786413538 64.7 65.6 63.8 64.7 1800 950 5.177
1786413539 65.6 66.5 64.7 65.6 2208 950 5.143
1786413540 65.6 67.5 64.7 66.5 1008 950 5.191
1786413541 66.5 68.4 65.6 66.5 2208 950 5.215
1786413542 65.6 67.5 64.7 66.5 2208 950 5.153
1786413543 65.6 67.5 64.7 65.6 2208 950 5.182
1786413544 65.6 68.4 64.7 68.4 2016 950 5.225
1786413545 65.6 68.4 64.7 67.5 2208 950 5.172
1786413546 66.5 67.5 65.6 66.5 1608 950 5.235
1786413547 66.5 68.4 65.6 67.5 2208 950 5.211
1786413549 65.6 67.5 64.7 67.5 1608 950 5.128
1786413550 65.6 65.6 64.7 65.6 1416 950 5.186
1786413551 65.6 67.5 64.7 66.5 1800 950 5.225
1786413552 64.7 65.6 63.8 65.6 408 950 5.196
1786413553 65.6 65.6 63.8 67.5 1416 950 5.162
1786413554 65.6 67.5 64.7 65.6 1608 950 5.215
1786413555 65.6 68.4 65.6 67.5 2208 950 5.191
1786413556 66.5 68.4 65.6 65.6 1416 950 5.235
1786413557 65.6 67.5 64.7 67.5 2208 950 5.196
1786413558 65.6 67.5 65.6 65.6 408 950 5.235
1786413559 65.6 67.5 64.7 65.6 1608 950 5.220
1786413561 66.5 69.3 65.6 67.5 2208 950 5.225
1786413562 65.6 66.5 65.6 66.5 1008 950 5.211
1786413563 65.6 67.5 64.7 65.6 2208 950 5.215
1786413564 65.6 67.5 64.7 65.6 2208 950 5.206
1786413565 65.6 66.5 64.7 67.5 408 950 5.211
1786413566 64.7 66.5 64.7 64.7 1416 950 5.201
1786413567 66.5 68.4 65.6 66.5 1608 950 5.162
1786413568 64.7 66.5 63.8 64.7 1608 950 5.191
1786413569 64.7 65.6 63.8 64.7 1008 950 5.157
1786413570 64.7 67.5 64.7 64.7 2016 950 5.230
1786413571 65.6 67.5 64.7 65.6 2208 950 5.124
1786413573 65.6 67.5 64.7 67.5 2208 950 5.157
1786413574 65.6 67.5 63.8 68.4 1800 950 5.235
1786413575 65.6 66.5 64.7 65.6 1608 950 5.206
1786413576 66.5 69.3 65.6 68.4 2208 950 5.230
1786413577 66.5 68.4 65.6 65.6 2208 950 5.211
1786413578 65.6 67.5 64.7 66.5 2208 950 5.133
1786413579 65.6 68.4 64.7 67.5 2208 950 5.235
1786413580 66.5 68.4 65.6 66.5 408 950 5.157
1786413581 65.6 69.3 65.6 68.4 1416 950 5.244
1786413582 65.6 66.5 64.7 67.5 2208 950 5.167
1786413583 65.6 67.5 64.7 64.7 1608 950 5.244
1786413584 66.5 67.5 64.7 67.5 2208 950 5.259
1786413586 65.6 66.5 63.8 67.5 2208 950 5.220
1786413587 65.6 66.5 63.8 67.5 1416 950 5.182
1786413588 66.5 68.4 65.6 68.4 2208 950 5.235
1786413589 66.5 67.5 64.7 67.5 1416 950 5.196
1786413590 65.6 68.4 64.7 66.5 2016 950 5.148
1786413591 65.6 67.5 64.7 65.6 1800 950 5.157
1786413592 65.6 66.5 64.7 65.6 1416 950 5.225
1786413593 65.6 67.5 64.7 66.5 2208 950 5.162
1786413594 65.6 66.5 64.7 67.5 1008 950 5.244
1786413595 65.6 68.4 64.7 66.5 2208 950 5.206
1786413596 65.6 68.4 64.7 67.5 2208 950 5.317
1786413598 66.5 68.4 65.6 68.4 2208 950 5.259
1786413599 66.5 68.4 65.6 65.6 1608 950 5.201
1786413600 66.5 68.4 64.7 66.5 1800 950 5.259
1786413601 66.5 69.3 65.6 67.5 2208 950 5.244
1786413602 66.5 68.4 65.6 67.5 2208 950 5.177
1786413603 65.6 68.4 64.7 64.7 1800 950 5.249
1786413604 65.6 67.5 64.7 67.5 2208 950 5.235
1786413605 65.6 66.5 64.7 65.6 1800 950 5.177
1786413606 65.6 68.4 64.7 65.6 1608 950 5.240
1786413607 65.6 68.4 65.6 66.5 2208 950 5.201
1786413608 65.6 68.4 65.6 69.3 2208 950 5.196
1786413610 64.7 67.5 63.8 65.6 2208 950 5.153
1786413611 65.6 67.5 65.6 66.5 1008 950 5.278
1786413612 64.7 65.6 63.8 64.7 1608 950 5.153
1786413613 64.7 66.5 64.7 64.7 1416 950 5.196
1786413614 65.6 68.4 64.7 65.6 2208 950 5.162
1786413615 65.6 67.5 64.7 67.5 2016 950 5.230
1786413616 65.6 66.5 63.8 65.6 1416 950 5.172
1786413617 65.6 67.5 64.7 64.7 2016 950 5.220
1786413618 65.6 67.5 64.7 67.5 1800 950 5.264
1786413619 65.6 66.5 64.7 65.6 1416 950 5.172
1786413620 66.5 69.3 65.6 67.5 2208 950 5.259
1786413622 65.6 66.5 64.7 66.5 1800 950 5.157
1786413623 65.6 65.6 64.7 67.5 2208 950 5.278
1786413624 65.6 66.5 63.8 67.5 2208 950 5.206
1786413625 66.5 68.4 64.7 65.6 1416 950 5.230
1786413626 65.6 66.5 63.8 67.5 2208 950 5.186
1786413627 65.6 68.4 64.7 67.5 2208 950 5.157
1786413628 64.7 66.5 63.8 64.7 1608 950 5.191
1786413629 65.6 67.5 64.7 65.6 2016 950 5.153
1786413630 65.6 67.5 64.7 64.7 1416 950 5.201
1786413631 65.6 67.5 64.7 65.6 2208 950 5.196
1786413632 65.6 67.5 64.7 66.5 2208 950 5.235
1786413633 65.6 66.5 63.8 64.7 1608 950 5.201
1786413635 65.6 68.4 64.7 67.5 2208 950 5.196
1786413636 65.6 65.6 63.8 66.5 2208 950 5.307
1786413637 65.6 67.5 64.7 65.6 2208 950 5.211
1786413638 64.7 67.5 63.8 66.5 2208 950 5.254
1786413639 64.7 65.6 63.8 66.5 2016 950 5.298
1786413640 65.6 66.5 64.7 64.7 2208 950 5.109
1786413641 65.6 67.5 64.7 68.4 2208 950 5.167
1786413642 65.6 66.5 64.7 64.7 1416 950 5.211
1786413643 65.6 67.5 64.7 65.6 2208 950 5.196
1786413644 65.6 67.5 63.8 66.5 2016 950 5.235
1786413646 65.6 66.5 64.7 67.5 2208 950 5.206
1786413647 65.6 66.5 63.8 65.6 408 950 5.235
1786413648 65.6 66.5 63.8 65.6 2208 950 5.215
1786413649 66.5 68.4 65.6 66.5 2208 950 5.172
1786413650 64.7 66.5 63.8 64.7 1608 950 5.191
1786413651 65.6 66.5 63.8 66.5 2016 950 5.254
1786413652 65.6 68.4 65.6 68.4 2208 950 5.225
1786413653 65.6 66.5 64.7 66.5 1416 950 5.312
1786413654 64.7 68.4 63.8 65.6 2208 950 5.206
1786413655 66.5 68.4 65.6 67.5 2208 950 5.143
1786413656 65.6 69.3 64.7 67.5 2208 950 5.220
1786413657 64.7 66.5 63.8 64.7 1008 950 5.211
1786413659 65.6 67.5 64.7 66.5 2208 950 5.172
1786413660 64.7 65.6 63.8 64.7 1416 950 5.196
1786413661 64.7 66.5 63.8 64.7 1416 950 5.167
1786413662 66.5 67.5 64.7 67.5 2208 950 5.230
1786413663 64.7 65.6 63.8 63.8 2208 950 5.196
1786413664 65.6 68.4 64.7 68.4 2208 950 5.220
1786413665 65.6 65.6 63.8 67.5 2208 950 5.273
1786413666 64.7 65.6 63.8 65.6 408 950 5.235
1786413667 64.7 66.5 63.8 64.7 1008 950 5.211
1786413668 65.6 68.4 64.7 65.6 2208 950 5.196
1786413669 64.7 66.5 63.8 64.7 2208 950 5.230
1786413671 66.5 68.4 65.6 68.4 2208 950 5.240
1786413672 65.6 66.5 63.8 67.5 2208 950 5.206
1786413673 64.7 66.5 64.7 66.5 1608 950 5.206
1786413674 64.7 67.5 63.8 65.6 2208 950 5.201
1786413675 65.6 67.5 64.7 67.5 1416 950 5.128
1786413676 65.6 66.5 64.7 65.6 1416 950 5.230
1786413677 65.6 66.5 64.7 64.7 408 950 5.211
1786413678 65.6 67.5 64.7 65.6 1800 950 5.162
1786413679 66.5 68.4 65.6 66.5 2208 950 5.177
1786413680 66.5 68.4 65.6 69.3 1800 950 5.235
1786413682 65.6 65.6 63.8 66.5 2208 950 5.172
1786413683 66.5 68.4 65.6 66.5 1416 950 5.249
1786413684 64.7 67.5 64.7 64.7 1608 950 5.215
1786413685 64.7 67.5 63.8 65.6 2208 950 5.167
1786413686 65.6 69.3 64.7 68.4 2016 950 5.249
1786413687 65.6 66.5 63.8 66.5 2208 950 5.186
1786413688 65.6 66.5 63.8 67.5 1416 950 5.220
1786413689 66.5 68.4 65.6 66.5 2208 950 5.167
1786413690 66.5 68.4 65.6 66.5 1008 950 5.133
1786413691 65.6 69.3 65.6 68.4 2208 950 5.182
1786413692 65.6 68.4 65.6 66.5 2208 950 5.244
1786413693 66.5 69.3 65.6 68.4 2208 950 5.215
1786413695 66.5 68.4 65.6 65.6 1608 950 5.215
1786413696 66.5 67.5 65.6 67.5 1608 950 5.225
1786413697 66.5 69.3 65.6 69.3 2208 950 5.148
1786413698 65.6 67.5 64.7 68.4 2208 950 5.186
1786413699 65.6 67.5 64.7 65.6 1608 950 5.225
1786413700 65.6 67.5 64.7 64.7 2016 950 5.230
1786413701 66.5 67.5 64.7 68.4 1800 950 5.177
1786413702 66.5 68.4 65.6 69.3 2208 950 5.201
1786413703 65.6 68.4 64.7 65.6 2208 950 5.162
1786413704 66.5 68.4 64.7 67.5 2208 950 5.244
1786413705 65.6 66.5 63.8 65.6 2208 950 5.235
1786413707 65.6 66.5 64.7 65.6 1008 950 5.259
1786413708 65.6 67.5 64.7 64.7 1008 950 5.215
1786413709 67.5 70.2 65.6 68.4 2208 950 5.225
1786413710 65.6 68.4 64.7 67.5 2208 950 5.191
1786413711 66.5 66.5 64.7 66.5 408 950 5.186
1786413712 65.6 67.5 64.7 66.5 1608 950 5.259
1786413713 66.5 68.4 65.6 65.6 1608 950 5.215
1786413714 65.6 68.4 64.7 65.6 2016 950 5.201
1786413715 65.6 67.5 64.7 67.5 2208 950 5.138
1786413716 65.6 65.6 63.8 66.5 1416 950 5.201
1786413717 65.6 66.5 64.7 65.6 1416 950 5.211
1786413719 64.7 65.6 63.8 66.5 1608 950 5.157
1786413720 65.6 66.5 64.7 64.7 2208 950 5.182
1786413721 66.5 67.5 65.6 66.5 408 950 5.196
1786413722 65.6 67.5 64.7 66.5 2208 950 5.201
1786413723 65.6 68.4 64.7 67.5 1008 950 5.215
1786413724 67.5 69.3 66.5 68.4 2208 950 5.230
1786413725 67.5 69.3 66.5 67.5 2208 950 5.157
1786413726 66.5 68.4 65.6 68.4 2208 950 5.283
1786413727 65.6 68.4 64.7 67.5 2208 950 5.215
1786413728 65.6 67.5 64.7 65.6 1416 950 5.211
1786413729 66.5 67.5 64.7 67.5 2016 950 5.167
1786413731 65.6 66.5 63.8 66.5 2208 950 5.215
1786413732 65.6 67.5 63.8 65.6 2208 950 5.167
1786413733 65.6 66.5 64.7 66.5 2208 950 5.273
1786413734 65.6 66.5 64.7 65.6 1608 950 5.215
1786413735 66.5 68.4 65.6 68.4 2016 950 5.215
1786413736 65.6 67.5 64.7 65.6 1008 950 5.230
1786413737 66.5 69.3 64.7 66.5 2208 950 5.225
1786413738 65.6 66.5 64.7 65.6 1608 950 5.201
1786413739 65.6 65.6 63.8 65.6 1008 950 5.215
1786413740 66.5 68.4 65.6 65.6 1800 950 5.240
1786413741 65.6 67.5 64.7 66.5 2208 950 5.206
1786413742 66.5 68.4 65.6 65.6 1608 950 5.167
1786413744 65.6 68.4 64.7 64.7 2016 950 5.215
1786413745 66.5 69.3 65.6 67.5 2208 950 5.172
1786413746 65.6 68.4 64.7 65.6 2016 950 5.240
1786413747 65.6 67.5 64.7 66.5 1008 950 5.215
1786413748 66.5 69.3 65.6 68.4 2208 950 5.143
1786413749 65.6 69.3 64.7 65.6 2208 950 5.196
1786413750 66.5 67.5 65.6 66.5 1008 950 5.273
1786413751 66.5 69.3 66.5 69.3 2208 950 5.225
1786413752 65.6 67.5 64.7 66.5 1608 950 5.211
1786413753 65.6 67.5 64.7 65.6 2208 950 5.172
1786413754 65.6 67.5 64.7 66.5 2208 950 5.162
1786413755 65.6 68.4 64.7 67.5 2208 950 5.240
1786413757 65.6 66.5 64.7 67.5 1608 950 5.191
1786413758 64.7 65.6 63.8 65.6 1008 950 5.240
1786413759 65.6 67.5 64.7 64.7 1416 950 5.225
1786413760 65.6 68.4 64.7 67.5 2208 950 5.220
1786413761 65.6 66.5 63.8 66.5 2208 950 5.177
1786413762 66.5 67.5 65.6 66.5 2208 950 5.186
1786413763 65.6 67.5 64.7 65.6 1608 950 5.211
1786413764 65.6 68.4 64.7 66.5 1608 950 5.215
1786413765 66.5 67.5 64.7 68.4 2208 950 5.215
1786413766 65.6 67.5 64.7 64.7 2208 950 5.235
1786413767 65.6 67.5 64.7 65.6 1800 950 5.186
1786413769 65.6 67.5 64.7 66.5 2208 950 5.220
1786413770 66.5 67.5 65.6 65.6 1608 950 5.254
1786413771 66.5 67.5 64.7 68.4 2208 950 5.186
1786413772 65.6 68.4 64.7 67.5 2208 950 5.240
1786413773 65.6 67.5 64.7 67.5 2208 950 5.269
1786413774 66.5 68.4 65.6 66.5 1608 950 5.167
1786413775 65.6 67.5 64.7 65.6 1008 950 5.196
1786413776 66.5 69.3 65.6 68.4 2208 950 5.235
1786413777 64.7 67.5 64.7 66.5 2208 950 5.220
1786413778 65.6 65.6 64.7 66.5 1800 950 5.153
1786413779 65.6 67.5 64.7 66.5 1608 950 5.254
1786413780 65.6 67.5 65.6 65.6 1416 950 5.182
1786413782 65.6 67.5 64.7 67.5 2208 950 5.215
1786413783 66.5 68.4 65.6 66.5 2016 950 5.230
1786413784 65.6 68.4 64.7 66.5 2208 950 5.220
1786413785 65.6 68.4 64.7 67.5 2016 950 5.206
1786413786 65.6 68.4 64.7 65.6 1608 950 5.196
1786413787 65.6 68.4 64.7 66.5 2208 950 5.182
1786413788 65.6 67.5 64.7 66.5 1800 950 5.220
1786413789 65.6 67.5 64.7 66.5 2208 950 5.211
1786413790 66.5 68.4 65.6 67.5 1416 950 5.230
1786413791 65.6 66.5 64.7 65.6 1608 950 5.230
1786413792 65.6 67.5 64.7 65.6 1608 950 5.259
1786413794 65.6 65.6 63.8 65.6 1416 950 5.259
1786413795 66.5 69.3 65.6 68.4 2208 950 5.215
1786413796 65.6 65.6 64.7 67.5 1608 950 5.191
1786413797 66.5 67.5 65.6 65.6 1608 950 5.220
1786413798 65.6 68.4 64.7 65.6 2208 950 5.191
1786413799 67.5 69.3 65.6 66.5 2208 950 5.225
1786413800 65.6 69.3 64.7 67.5 2208 950 5.225
1786413801 65.6 66.5 64.7 67.5 1608 950 5.215
1786413802 66.5 68.4 65.6 66.5 2208 950 5.225
1786413803 66.5 68.4 65.6 67.5 2208 950 5.172
1786413804 65.6 67.5 64.7 67.5 2208 950 5.225
1786413806 66.5 68.4 65.6 65.6 2208 950 5.220
1786413807 66.5 69.3 64.7 68.4 2208 950 5.191
1786413808 66.5 67.5 65.6 66.5 2208 950 5.230
1786413809 65.6 68.4 64.7 67.5 2208 950 5.162
1786413810 65.6 67.5 64.7 67.5 1608 950 5.215
1786413811 65.6 65.6 64.7 65.6 1008 950 5.177
1786413812 65.6 66.5 63.8 65.6 2208 950 5.201
1786413813 64.7 65.6 63.8 63.8 1008 950 5.215
1786413814 66.5 67.5 64.7 68.4 2208 950 5.215
1786413815 64.7 67.5 64.7 66.5 2208 950 5.196
1786413816 66.5 69.3 65.6 67.5 2208 950 5.269
1786413818 66.5 68.4 65.6 67.5 2208 950 5.133
1786413819 65.6 66.5 64.7 65.6 1608 950 5.196
1786413820 66.5 68.4 65.6 65.6 2208 950 5.215
1786413821 65.6 67.5 64.7 65.6 2208 950 5.196
1786413822 66.5 68.4 64.7 68.4 2208 950 5.225
1786413823 66.5 67.5 65.6 65.6 1416 950 5.157
1786413824 66.5 66.5 64.7 67.5 1608 950 5.264
1786413825 67.5 69.3 66.5 66.5 1800 950 5.157
1786413826 65.6 66.5 63.8 64.7 1008 950 5.293
1786413827 65.6 66.5 64.7 64.7 1608 950 5.240
1786413828 65.6 67.5 64.7 67.5 2016 950 5.153
1786413829 66.5 69.3 65.6 67.5 2208 950 5.167
1786413831 66.5 68.4 65.6 66.5 1008 950 5.191
1786413832 66.5 69.3 65.6 67.5 1608 950 5.240
1786413833 66.5 68.4 64.7 66.5 1608 950 5.206
1786413834 61.9 61.0 60.1 61.0 1416 950 5.288
1786413835 55.5 55.5 54.5 55.5 1008 950 5.322
1786413836 53.6 53.6 52.7 53.6 1008 950 5.302
1786413837 52.7 51.8 51.8 51.8 1008 950 5.312
1786413838 51.8 50.8 49.9 50.8 408 950 5.264
1786413839 49.9 49.9 49.9 49.9 1608 950 5.273
1786413840 49.9 49.9 49.0 49.9 1008 950 5.278
1786413842 49.0 49.0 48.1 49.0 1008 950 5.288
1786413843 48.1 48.1 47.2 48.1 1608 950 5.273
1786413844 48.1 47.2 47.2 48.1 1008 950 5.273
1786413845 47.2 47.2 47.2 47.2 1008 950 5.322
1786413846 47.2 47.2 46.2 47.2 1800 950 5.283
1786413847 46.2 46.2 45.3 46.2 1008 950 5.302
1786413848 46.2 46.2 45.3 46.2 1008 950 5.293
1786413849 46.2 45.3 45.3 46.2 1008 950 5.283
1786413850 46.2 45.3 44.4 45.3 1008 950 5.293
1786413851 45.3 44.4 44.4 45.3 408 950 5.269
1786413853 45.3 44.4 44.4 45.3 1416 950 5.302
1786413854 44.4 44.4 43.5 44.4 1416 950 5.298
1786413855 44.4 43.5 43.5 44.4 1608 950 5.273
1786413856 44.4 43.5 43.5 43.5 1008 950 5.302
1786413857 43.5 43.5 43.5 43.5 1800 950 5.312
1786413858 43.5 43.5 42.5 43.5 1800 950 5.288
1786413859 43.5 43.5 42.5 43.5 408 950 5.293
1786413860 43.5 42.5 42.5 43.5 1008 950 5.302
1786413861 42.5 42.5 41.6 42.5 1008 950 5.264
1786413862 42.5 42.5 41.6 42.5 1800 950 5.225
1786413864 42.5 42.5 41.6 42.5 1416 950 5.322
1786413865 42.5 41.6 41.6 42.5 1008 950 5.264
1786413866 42.5 41.6 41.6 41.6 1008 950 5.293
1786413867 42.5 41.6 40.7 41.6 1008 950 5.283
1786413868 41.6 41.6 40.7 41.6 1416 950 5.269
1786413869 41.6 41.6 40.7 41.6 1008 950 5.322
1786413870 41.6 40.7 40.7 41.6 1416 950 5.331
1786413871 41.6 40.7 39.8 41.6 1008 950 5.317
1786413872 41.6 40.7 39.8 40.7 408 950 5.298
1786413873 40.7 40.7 39.8 40.7 1416 950 5.327
1786413875 40.7 40.7 39.8 40.7 1416 950 5.273
1786413876 40.7 40.7 39.8 40.7 1416 950 5.322
1786413877 40.7 39.8 39.8 40.7 1416 950 5.317
1786413878 40.7 39.8 39.8 40.7 1416 950 5.220
1786413879 40.7 39.8 39.8 40.7 1008 950 5.327
1786413880 40.7 39.8 39.8 40.7 1416 950 5.264
1786413881 40.7 39.8 39.8 39.8 1416 950 5.278
1786413882 40.7 39.8 39.8 39.8 1608 950 5.312
1786413883 39.8 39.8 39.8 39.8 1608 950 5.298
1786413884 39.8 39.8 38.8 39.8 1416 950 5.327
1786413886 39.8 39.8 38.8 39.8 1416 950 5.254
1786413887 39.8 39.8 38.8 39.8 1608 950 5.264
1786413888 39.8 39.8 38.8 39.8 1008 950 5.302
1786413889 39.8 38.8 38.8 39.8 1008 950 5.259
1786413890 39.8 38.8 38.8 38.8 1608 950 5.293
1786413891 39.8 38.8 37.9 38.8 1008 950 5.293
1786413892 39.8 38.8 38.8 39.8 1608 950 5.293
1786413893 38.8 38.8 38.8 38.8 1416 950 5.302
1786413894 39.8 38.8 37.9 38.8 1608 950 5.322
1786413895 38.8 38.8 37.9 39.8 1416 950 5.244
1786413896 38.8 38.8 37.9 38.8 1416 950 5.302
1786413898 38.8 38.8 37.9 38.8 1008 950 5.293
1786413899 38.8 38.8 37.9 38.8 1416 950 5.331
1786413900 38.8 38.8 37.9 38.8 1008 950 5.278
1786413901 38.8 37.9 37.9 38.8 1608 950 5.322
1786413902 38.8 38.8 37.9 38.8 1008 950 5.302
1786413903 38.8 37.9 37.9 38.8 1008 950 5.269
1786413904 38.8 38.8 37.9 38.8 1416 950 5.288
1786413905 38.8 37.9 37.9 38.8 1608 950 5.273
1786413906 38.8 37.9 37.9 38.8 1416 950 5.312
1786413907 38.8 37.9 37.9 37.9 1800 950 5.322
1786413909 38.8 37.9 37.9 37.9 1416 950 5.283
1786413910 38.8 37.9 37.0 37.9 1008 950 5.240
1786413911 37.9 37.9 37.0 38.8 1416 950 5.298
1786413912 38.8 37.9 37.0 37.9 1008 950 5.273
1786413913 37.9 37.9 37.9 37.9 408 950 5.269
1786413914 38.8 37.9 37.0 37.9 408 950 5.327
1786413915 37.9 37.9 37.0 37.9 1008 950 5.312
1786413916 37.9 37.9 37.0 37.9 1008 950 5.307
1786413917 37.9 37.9 37.0 37.9 1416 950 5.327
1786413919 37.9 37.0 37.0 37.9 1416 950 5.327
1786413920 37.9 37.9 37.0 37.9 1608 950 5.302
1786413921 37.9 37.0 37.0 37.9 1800 950 5.341
1786413922 37.9 37.0 37.0 37.9 1008 950 5.317
1786413923 37.9 37.0 37.0 37.9 1008 950 5.278
1786413924 37.9 37.0 37.0 37.9 408 950 5.293
1786413925 37.9 37.0 37.0 37.9 1608 950 5.293
1786413926 37.9 37.9 37.0 37.9 1608 950 5.317
1786413927 37.9 37.0 37.0 37.0 1608 950 5.225
1786413928 37.9 37.0 37.0 37.9 1008 950 5.293
1786413930 37.9 37.9 37.0 37.9 1008 950 5.259
1786413931 37.0 37.0 37.0 37.0 1416 950 5.327
1786413932 37.0 37.0 36.1 37.0 1008 950 5.302
1786413933 37.9 37.0 36.1 37.0 1416 950 5.317
1786413934 37.0 37.0 37.0 37.0 1416 950 5.269
1786413935 37.0 37.0 36.1 37.9 1416 950 5.331
1786413936 37.0 37.0 36.1 37.0 1608 950 5.293
1786413937 37.0 37.0 36.1 37.0 1608 950 5.307
1786413938 37.0 37.0 37.0 37.0 1416 950 5.331
1786413939 37.0 37.0 36.1 37.0 1008 950 5.288
