모델      : /home/pi/npuforge-rknn-test/yolov8n-fp16.rknn (9645065 bytes)
입력      : 1228800 bytes
스레드    : 8
지속      : 900초

 elapsed      total      inf/s      err
     10s        751       75.1        0
     20s       1541       79.0        0
     30s       2317       77.6        0
     40s       3068       75.1        0
     50s       3840       77.2        0
     60s       4615       77.5        0
     70s       5391       77.6        0
     80s       6159       76.8        0
     90s       6922       76.3        0
    100s       7699       77.7        0
    110s       8474       77.5        0
    120s       9232       75.8        0
    130s      10025       79.3        0
    140s      10808       78.3        0
    150s      11578       77.0        0
    160s      12355       77.7        0
    170s      13108       75.3        0
    180s      13887       77.9        0
    190s      14649       76.2        0
    200s      15418       76.9        0
    210s      16191       77.3        0
    220s      16996       80.5        0
    230s      17790       79.4        0
    240s      18564       77.4        0
    250s      19347       78.3        0
    260s      20114       76.7        0
    270s      20879       76.5        0
    280s      21656       77.7        0
    290s      22456       80.0        0
    300s      23229       77.3        0
    310s      24002       77.3        0
    320s      24768       76.6        0
    330s      25559       79.1        0
    340s      26358       79.9        0
    350s      27138       78.0        0
    360s      27910       77.2        0
    370s      28707       79.7        0
    380s      29478       77.1        0
    390s      30240       76.2        0
    400s      30993       75.3        0
    410s      31776       78.3        0
    420s      32555       77.9        0
    430s      33320       76.5        0
    440s      34106       78.6        0
    450s      34899       79.3        0
    460s      35693       79.4        0
    470s      36462       76.9        0
    480s      37247       78.5        0
    490s      38040       79.3        0
    500s      38831       79.1        0
    510s      39613       78.2        0
    520s      40391       77.8        0
    530s      41166       77.5        0
    540s      41924       75.8        0
    550s      42696       77.2        0
    560s      43482       78.6        0
    570s      44245       76.3        0
    580s      45037       79.2        0
    590s      45804       76.7        0
    600s      46574       77.0        0
    610s      47358       78.4        0
    620s      48135       77.7        0
    630s      48911       77.6        0
    640s      49677       76.6        0
    650s      50468       79.1        0
    660s      51241       77.3        0
    670s      52037       79.6        0
    680s      52795       75.8        0
    690s      53565       77.0        0
    700s      54340       77.5        0
    710s      55109       76.9        0
    720s      55884       77.5        0
    730s      56649       76.5        0
    740s      57419       77.0        0
    750s      58200       78.1        0
    760s      58973       77.3        0
    770s      59777       80.4        0
    780s      60551       77.4        0
    790s      61329       77.8        0
    800s      62107       77.8        0
    810s      62892       78.5        0
    820s      63680       78.8        0
    830s      64453       77.3        0
    840s      65228       77.5        0
    850s      66016       78.8        0
    860s      66793       77.7        0
    870s      67591       79.8        0
    880s      68357       76.6        0
    890s      69138       78.1        0
    900s      69920       78.2        0

================ 요약 ================
경과 시간      : 900.3초
총 추론        : 69928
처리량         : 77.7 inf/s
평균 지연      : 102947 us
오류           : 0
