=== S3.8 optimized scale-out (freeze b75f8ec, 2 conn/node, 3회) ===
--- rep 1 · 1노드 (커넥션 2/node = 2 total) ---
  노드 검증 OK — expected=1 observed=1 (king)
  rep1  1N c8   -> 1,120.1,64.08,95.25,110.55,144.11,0.0000,0.00
  rep1  1N c12  -> 1,135.9,86.13,119.49,140.11,200.11,0.0000,0.00
  rep1  1N c16  -> 1,137.2,112.57,177.62,208.54,301.43,0.0000,0.00
  rep1  1N c20  -> 1,134.5,143.52,247.26,289.83,432.69,0.0000,0.00
--- rep 1 · 2노드 (커넥션 2/node = 4 total) ---
  노드 검증 OK — expected=2 observed=2 (king,queen)
  rep1  2N c16  -> 2,240.2,63.55,95.04,110.38,176.69,0.0000,0.01
  rep1  2N c24  -> 2,262.3,86.45,142.55,173.75,239.89,0.0000,0.01
  rep1  2N c32  -> 2,261.4,104.62,239.80,310.13,489.59,0.0000,0.01
  rep1  2N c40  -> 2,259.4,110.73,360.24,454.02,611.52,0.0000,0.01
--- rep 1 · 3노드 (커넥션 2/node = 6 total) ---
  노드 검증 OK — expected=3 observed=3 (jack,king,queen)
  rep1  3N c24  -> 3,353.5,63.87,98.28,116.58,198.32,0.0000,0.00
  rep1  3N c36  -> 3,389.3,86.31,147.25,193.75,379.39,0.0000,0.00
  rep1  3N c48  -> 3,385.8,96.48,283.18,364.89,581.95,0.0000,0.00
  rep1  3N c60  -> 3,383.1,110.10,398.80,544.16,956.61,0.0000,0.00
--- rep 2 · 2노드 (커넥션 2/node = 4 total) ---
  노드 검증 OK — expected=2 observed=2 (king,queen)
  rep2  2N c40  -> 2,262.3,114.43,346.98,434.63,620.79,0.0000,0.00
  rep2  2N c32  -> 2,264.1,104.02,234.70,295.51,386.72,0.0000,0.01
  rep2  2N c24  -> 2,263.6,86.31,140.23,173.17,303.97,0.0000,0.01
  rep2  2N c16  -> 2,240.1,63.62,95.69,114.39,154.22,0.0000,0.01
--- rep 2 · 3노드 (커넥션 2/node = 6 total) ---
  노드 검증 OK — expected=3 observed=3 (jack,king,queen)
  rep2  3N c60  -> 3,389.1,110.87,379.75,507.74,735.50,0.0000,0.00
  rep2  3N c48  -> 3,382.7,95.00,296.26,379.64,597.12,0.0000,0.00
  rep2  3N c36  -> 3,385.2,85.84,154.61,211.53,352.74,0.0000,0.00
  rep2  3N c24  -> 3,354.9,63.78,98.22,116.42,159.06,0.0000,0.00
--- rep 2 · 1노드 (커넥션 2/node = 2 total) ---
  노드 검증 OK — expected=1 observed=1 (king)
  rep2  1N c20  -> 1,135.7,141.53,242.69,280.38,389.18,0.0000,0.00
  rep2  1N c16  -> 1,137.3,112.34,175.47,207.73,278.23,0.0000,0.00
  rep2  1N c12  -> 1,135.5,86.20,121.10,140.10,196.41,0.0000,0.00
  rep2  1N c8   -> 1,119.7,64.52,94.79,112.31,155.27,0.0000,0.00
--- rep 3 · 3노드 (커넥션 2/node = 6 total) ---
  노드 검증 OK — expected=3 observed=3 (jack,king,queen)
  rep3  3N c24  -> 3,354.6,63.77,98.44,115.26,185.14,0.0000,0.00
  rep3  3N c36  -> 3,387.2,86.14,151.43,199.54,310.88,0.0000,0.00
  rep3  3N c48  -> 3,386.6,96.22,286.69,381.96,593.74,0.0000,0.00
  rep3  3N c60  -> 3,385.2,100.25,443.26,569.25,859.48,0.0000,0.00
--- rep 3 · 1노드 (커넥션 2/node = 2 total) ---
  노드 검증 OK — expected=1 observed=1 (king)
  rep3  1N c8   -> 1,120.8,64.04,92.80,108.02,134.91,0.0000,0.00
  rep3  1N c12  -> 1,135.1,86.37,121.38,142.70,190.48,0.0000,0.00
  rep3  1N c16  -> 1,137.6,112.51,174.19,204.56,276.19,0.0000,0.00
  rep3  1N c20  -> 1,134.4,144.35,245.10,287.60,375.58,0.0000,0.00
--- rep 3 · 2노드 (커넥션 2/node = 4 total) ---
  노드 검증 OK — expected=2 observed=2 (king,queen)
  rep3  2N c16  -> 2,239.4,63.65,95.88,113.36,196.43,0.0000,0.00
  rep3  2N c24  -> 2,263.9,86.06,139.32,171.24,294.45,0.0000,0.00
  rep3  2N c32  -> 2,262.1,104.03,236.49,293.10,435.80,0.0000,0.00
  rep3  2N c40  -> 2,260.1,118.02,341.83,426.27,627.75,0.0000,0.01
--- 원상복구 (3노드, 기본 설정) ---
  npuforge-k       running
  npuforge-q       running
  npuforge-j       running

====================================================================================================
S3.8  optimized gRPC scale-out — 각 노드 수의 운영점에서 비교
====================================================================================================
  (지연은 run-level percentile 의 run 간 평균 — pooled 아님)

── 1노드 (커넥션 2/node = 2 total) ──────────────────────────────────────────────────────────
  conc  n      throughput      p50      p95      p99       max  balance     err
----------------------------------------------------------------------------------------------------
     8  3    120.2±0.6       64.2     94.3    110.3     144.8     0.0%p  0.0000
    12  3    135.5±0.4       86.2    120.7    141.0     195.7     0.0%p  0.0000
    16  3    137.4±0.2      112.5    175.8    206.9     285.3     0.0%p  0.0000
    20  3    134.9±0.7      143.1    245.0    285.9     399.1     0.0%p  0.0000

── 2노드 (커넥션 2/node = 4 total) ──────────────────────────────────────────────────────────
  conc  n      throughput      p50      p95      p99       max  balance     err
----------------------------------------------------------------------------------------------------
    16  3    239.9±0.4       63.6     95.5    112.7     175.8     0.0%p  0.0000
    24  3    263.3±0.9       86.3    140.7    172.7     279.4     0.0%p  0.0000
    32  3    262.5±1.4      104.2    237.0    299.6     437.4     0.0%p  0.0000
    40  3    260.6±1.5      114.4    349.7    438.3     620.0     0.0%p  0.0000

── 3노드 (커넥션 2/node = 6 total) ──────────────────────────────────────────────────────────
  conc  n      throughput      p50      p95      p99       max  balance     err
----------------------------------------------------------------------------------------------------
    24  3    354.3±0.7       63.8     98.3    116.1     180.8     0.0%p  0.0000
    36  3    387.2±2.1       86.1    151.1    201.6     347.7     0.0%p  0.0000
    48  3    385.0±2.1       95.9    288.7    375.5     590.9     0.0%p  0.0000
    60  3    385.8±3.0      107.1    407.3    540.4     850.5     0.0%p  0.0000

────────────────────────────────────────────────────────────────────────────────────────────────────
운영점 (peak 의 98% 이상을 내는 가장 낮은 concurrency)
────────────────────────────────────────────────────────────────────────────────────────────────────
 Nodes  Tot.conn  Op.conc   Throughput      p95      p99   Scaling  Efficiency
----------------------------------------------------------------------------------------------------
     1         2       12        135.5    120.7    141.0     1.00x     100.0%
     2         4       24        263.3    140.7    172.7     1.94x      97.1%
     3         6       36        387.2    151.1    201.6     2.86x      95.3%

  총 오류율 합계: 0.0000   (0 이 아니면 결과를 신뢰하지 않는다)

────────────────────────────────────────────────────────────────────────────────────────────────────
포화 판정
────────────────────────────────────────────────────────────────────────────────────────────────────
  1N: peak c16, 운영점 c12 → 범위 안에서 포화 확인.
  2N: peak c24, 운영점 c24 → 범위 안에서 포화 확인.
  3N: peak c36, 운영점 c36 → 범위 안에서 포화 확인.

────────────────────────────────────────────────────────────────────────────────────────────────────
해석
────────────────────────────────────────────────────────────────────────────────────────────────────
  3노드에서 scaling 2.86x, efficiency 95.3%
  이상적 3N = 406.5 inf/s, 실제 387.2 (차이 -19.3)
  → near-linear 유지. 노드당 전송 최적화가 scale-out 을 해치지 않았다.

  최대 노드 간 분배 편차: 0.0%p (0 에 가까울수록 균등)
결과: results/scaleout-optimized-20260820/
