epoch soc_c npu_c ddr_c bigcore_c cpu_mhz npu_mhz volt_v
1787285520 38.8 37.9 37.9 39.8 2208 950 5.298
1787285521 43.5 41.6 42.5 43.5 2208 950 5.191
1787285523 46.2 46.2 45.3 48.1 2208 950 5.206
1787285524 47.2 47.2 46.2 48.1 2208 950 5.211
1787285525 48.1 47.2 47.2 48.1 2208 950 5.235
1787285526 47.2 47.2 47.2 48.1 2208 950 5.244
1787285527 48.1 48.1 48.1 49.9 2208 950 5.206
1787285528 49.9 49.0 48.1 49.9 2208 950 5.215
1787285529 49.9 49.0 48.1 49.9 2208 950 5.206
1787285530 49.9 49.9 49.0 50.8 2208 950 5.215
1787285532 49.9 49.9 49.9 51.8 2208 950 5.302
1787285533 49.9 49.0 49.0 50.8 2208 950 5.215
1787285534 49.9 49.9 49.9 51.8 2208 950 5.249
1787285535 49.9 49.9 49.9 51.8 2208 950 5.235
1787285536 50.8 50.8 49.9 51.8 2208 950 5.211
1787285537 50.8 50.8 50.8 52.7 2208 950 5.230
1787285538 51.8 50.8 50.8 51.8 2208 950 5.186
1787285539 51.8 50.8 50.8 52.7 2208 950 5.240
1787285541 51.8 50.8 50.8 51.8 2208 950 5.278
1787285542 51.8 50.8 50.8 52.7 2208 950 5.182
1787285543 51.8 50.8 50.8 51.8 2208 950 5.215
1787285544 51.8 50.8 50.8 52.7 2208 950 5.244
1787285545 52.7 51.8 51.8 53.6 2208 950 5.244
1787285546 52.7 51.8 51.8 53.6 2208 950 5.220
1787285547 52.7 51.8 51.8 52.7 2208 950 5.162
1787285548 52.7 51.8 51.8 53.6 2208 950 5.244
1787285549 52.7 51.8 51.8 52.7 2208 950 5.157
1787285551 53.6 52.7 52.7 54.5 2208 950 5.244
1787285552 52.7 52.7 52.7 53.6 2208 950 5.196
1787285553 53.6 52.7 52.7 54.5 2208 950 5.215
1787285554 52.7 52.7 51.8 53.6 2208 950 5.167
1787285555 52.7 52.7 51.8 53.6 2208 950 5.182
1787285556 53.6 52.7 52.7 53.6 2208 950 5.235
1787285557 52.7 51.8 51.8 53.6 2208 950 5.230
1787285559 53.6 52.7 52.7 54.5 2208 950 5.240
1787285560 53.6 52.7 52.7 54.5 2208 950 5.230
1787285561 52.7 52.7 51.8 53.6 2208 950 5.196
1787285562 53.6 52.7 52.7 54.5 2208 950 5.196
1787285563 53.6 53.6 52.7 54.5 2208 950 5.235
1787285564 52.7 52.7 52.7 54.5 2208 950 5.259
1787285565 53.6 52.7 52.7 54.5 2208 950 5.206
1787285566 53.6 53.6 52.7 54.5 2208 950 5.196
1787285567 54.5 53.6 53.6 54.5 2208 950 5.162
1787285569 53.6 52.7 52.7 54.5 2208 950 5.225
1787285570 53.6 53.6 52.7 54.5 2208 950 5.206
1787285571 53.6 53.6 53.6 55.5 2208 950 5.191
1787285572 53.6 53.6 53.6 55.5 2208 950 5.215
1787285573 54.5 53.6 53.6 54.5 2208 950 5.191
1787285574 53.6 53.6 53.6 54.5 2208 950 5.254
1787285575 53.6 53.6 53.6 55.5 2208 950 5.191
1787285577 53.6 52.7 52.7 54.5 2208 950 5.235
1787285578 53.6 52.7 52.7 54.5 2208 950 5.186
1787285579 54.5 53.6 53.6 55.5 2208 950 5.235
1787285580 54.5 53.6 53.6 55.5 2208 950 5.249
1787285581 53.6 52.7 52.7 54.5 2208 950 5.249
1787285582 52.7 52.7 51.8 53.6 2208 950 5.230
1787285583 52.7 52.7 51.8 53.6 2208 950 5.211
1787285584 52.7 52.7 52.7 53.6 2208 950 5.264
1787285585 53.6 52.7 52.7 54.5 2208 950 5.215
1787285587 53.6 52.7 52.7 54.5 2208 950 5.153
1787285588 54.5 53.6 53.6 55.5 2208 950 5.244
1787285589 53.6 53.6 52.7 54.5 2208 950 5.225
1787285590 53.6 53.6 53.6 55.5 2208 950 5.215
1787285591 53.6 52.7 53.6 54.5 2208 950 5.230
1787285592 53.6 53.6 53.6 55.5 2208 950 5.254
1787285593 53.6 52.7 52.7 54.5 2208 950 5.138
1787285594 54.5 54.5 53.6 56.4 2208 950 5.177
1787285596 53.6 53.6 52.7 54.5 2208 950 5.230
1787285597 54.5 54.5 53.6 56.4 2208 950 5.191
1787285598 54.5 53.6 53.6 55.5 2208 950 5.196
1787285599 54.5 53.6 53.6 54.5 2208 950 5.201
1787285600 54.5 53.6 53.6 54.5 2208 950 5.206
1787285601 53.6 54.5 53.6 54.5 2208 950 5.206
1787285602 53.6 53.6 53.6 55.5 2208 950 5.283
1787285603 53.6 53.6 53.6 55.5 2208 950 5.186
1787285605 52.7 52.7 52.7 54.5 2208 950 5.157
1787285606 53.6 53.6 53.6 55.5 2208 950 5.206
1787285607 53.6 53.6 53.6 55.5 2208 950 5.225
1787285608 54.5 53.6 53.6 55.5 2208 950 5.206
1787285609 53.6 52.7 53.6 54.5 2208 950 5.225
1787285610 54.5 53.6 53.6 55.5 2208 950 5.211
1787285611 54.5 53.6 54.5 55.5 2208 950 5.235
1787285613 54.5 54.5 53.6 55.5 2208 950 5.215
1787285614 54.5 54.5 54.5 56.4 2208 950 5.259
1787285615 54.5 54.5 54.5 56.4 2208 950 5.211
1787285616 55.5 54.5 54.5 55.5 2208 950 5.162
1787285617 54.5 54.5 53.6 55.5 2208 950 5.167
1787285618 54.5 53.6 53.6 55.5 2208 950 5.191
1787285619 54.5 54.5 54.5 55.5 2208 950 5.186
1787285621 54.5 54.5 53.6 56.4 2208 950 5.225
1787285622 54.5 54.5 53.6 55.5 2208 950 5.235
1787285623 53.6 53.6 53.6 55.5 2208 950 5.191
1787285624 54.5 53.6 53.6 55.5 2208 950 5.225
1787285625 55.5 54.5 53.6 56.4 2208 950 5.215
1787285626 55.5 54.5 54.5 55.5 2208 950 5.206
1787285627 54.5 54.5 53.6 55.5 2208 950 5.201
1787285629 54.5 54.5 53.6 55.5 2208 950 5.177
1787285630 54.5 54.5 53.6 55.5 2208 950 5.220
1787285631 54.5 54.5 53.6 55.5 2208 950 5.177
1787285632 54.5 53.6 53.6 55.5 2208 950 5.240
1787285633 54.5 54.5 53.6 55.5 2208 950 5.225
1787285634 54.5 53.6 53.6 55.5 2208 950 5.186
1787285635 53.6 53.6 53.6 55.5 2208 950 5.230
1787285636 54.5 53.6 53.6 55.5 2208 950 5.215
1787285638 54.5 54.5 53.6 56.4 2208 950 5.215
1787285639 55.5 54.5 54.5 55.5 2208 950 5.235
1787285640 54.5 54.5 54.5 56.4 2208 950 5.244
1787285641 54.5 53.6 53.6 55.5 2208 950 5.172
1787285642 54.5 54.5 53.6 56.4 2208 950 5.235
1787285643 51.8 52.7 51.8 53.6 2208 950 5.264
1787285644 53.6 53.6 52.7 54.5 2208 950 5.172
1787285645 53.6 53.6 53.6 55.5 2208 950 5.215
1787285647 54.5 53.6 53.6 55.5 2208 950 5.230
1787285648 54.5 54.5 53.6 56.4 2208 950 5.254
1787285649 54.5 54.5 53.6 55.5 2208 950 5.230
1787285650 54.5 54.5 53.6 55.5 2208 950 5.220
1787285651 54.5 54.5 53.6 55.5 2208 950 5.211
1787285652 54.5 53.6 53.6 54.5 2208 950 5.215
1787285653 54.5 53.6 53.6 56.4 2208 950 5.172
1787285655 54.5 53.6 53.6 55.5 2208 950 5.206
1787285656 55.5 54.5 54.5 57.3 2208 950 5.153
1787285657 55.5 55.5 54.5 55.5 2208 950 5.235
1787285658 55.5 54.5 54.5 57.3 2208 950 5.191
1787285659 54.5 54.5 53.6 55.5 2208 950 5.225
1787285660 55.5 54.5 53.6 56.4 2208 950 5.244
1787285661 54.5 54.5 53.6 55.5 2208 950 5.220
1787285663 54.5 54.5 53.6 55.5 2208 950 5.201
1787285664 55.5 54.5 54.5 55.5 2208 950 5.186
1787285665 54.5 53.6 53.6 55.5 2208 950 5.215
1787285666 55.5 54.5 54.5 57.3 2208 950 5.235
1787285667 54.5 54.5 54.5 55.5 2208 950 5.201
1787285668 54.5 53.6 53.6 55.5 2208 950 5.240
1787285669 54.5 53.6 53.6 55.5 2208 950 5.215
1787285670 54.5 54.5 54.5 56.4 2208 950 5.177
1787285672 54.5 54.5 54.5 55.5 2208 950 5.264
1787285673 54.5 54.5 53.6 55.5 2208 950 5.235
1787285674 55.5 54.5 54.5 56.4 2208 950 5.240
1787285675 54.5 53.6 54.5 56.4 2208 950 5.211
1787285676 54.5 54.5 53.6 56.4 2208 950 5.240
1787285677 54.5 54.5 54.5 55.5 2208 950 5.235
1787285678 54.5 54.5 53.6 56.4 2208 950 5.206
1787285679 55.5 54.5 54.5 55.5 2208 950 5.254
1787285681 53.6 53.6 53.6 55.5 2208 950 5.249
1787285682 55.5 54.5 54.5 56.4 2208 950 5.196
1787285683 54.5 53.6 53.6 55.5 2208 950 5.186
1787285684 54.5 54.5 53.6 55.5 2208 950 5.220
1787285685 55.5 54.5 54.5 56.4 2208 950 5.206
1787285686 55.5 54.5 54.5 56.4 2208 950 5.220
1787285687 54.5 53.6 53.6 55.5 2208 950 5.264
1787285688 54.5 54.5 53.6 55.5 2208 950 5.182
1787285690 54.5 54.5 54.5 56.4 2208 950 5.157
1787285691 54.5 53.6 53.6 55.5 2208 950 5.259
1787285692 54.5 54.5 53.6 55.5 2208 950 5.235
1787285693 54.5 53.6 53.6 54.5 2208 950 5.215
1787285694 55.5 54.5 54.5 56.4 2208 950 5.211
1787285695 54.5 53.6 53.6 54.5 2208 950 5.196
1787285696 55.5 54.5 54.5 56.4 2208 950 5.293
1787285698 54.5 54.5 54.5 56.4 2208 950 5.254
1787285699 53.6 52.7 53.6 54.5 2208 950 5.235
1787285700 53.6 53.6 53.6 55.5 2208 950 5.201
1787285701 54.5 54.5 54.5 56.4 2208 950 5.206
1787285702 54.5 54.5 54.5 56.4 2208 950 5.225
1787285703 54.5 54.5 54.5 56.4 2208 950 5.220
1787285704 51.8 51.8 51.8 52.7 2208 950 5.220
1787285705 53.6 53.6 53.6 55.5 2208 950 5.211
1787285707 54.5 54.5 53.6 55.5 2208 950 5.225
1787285708 54.5 53.6 53.6 55.5 2208 950 5.196
1787285709 54.5 53.6 53.6 55.5 2208 950 5.225
1787285710 53.6 52.7 52.7 54.5 2208 950 5.167
1787285711 54.5 53.6 53.6 55.5 2208 950 5.225
1787285712 53.6 53.6 53.6 55.5 2208 950 5.215
1787285713 53.6 53.6 53.6 54.5 2208 950 5.191
1787285715 53.6 52.7 52.7 54.5 2208 950 5.191
1787285716 53.6 52.7 53.6 55.5 2208 950 5.240
1787285717 54.5 53.6 53.6 55.5 2208 950 5.235
1787285718 55.5 53.6 53.6 55.5 2208 950 5.182
1787285719 54.5 54.5 53.6 56.4 2208 950 5.206
1787285720 54.5 54.5 54.5 56.4 2208 950 5.225
1787285721 54.5 53.6 53.6 55.5 2208 950 5.196
1787285722 54.5 53.6 53.6 54.5 2208 950 5.225
1787285723 54.5 54.5 54.5 56.4 2208 950 5.225
1787285725 54.5 54.5 54.5 56.4 2208 950 5.215
1787285726 55.5 54.5 54.5 56.4 2208 950 5.254
1787285727 54.5 54.5 54.5 56.4 2208 950 5.157
1787285728 54.5 54.5 53.6 55.5 2208 950 5.244
1787285729 55.5 54.5 54.5 57.3 2208 950 5.196
1787285730 54.5 54.5 53.6 55.5 2208 950 5.206
1787285732 54.5 54.5 54.5 56.4 2208 950 5.220
1787285733 54.5 54.5 54.5 55.5 2208 950 5.191
1787285734 54.5 54.5 54.5 55.5 2208 950 5.220
1787285735 55.5 54.5 54.5 56.4 2208 950 5.201
1787285736 55.5 54.5 54.5 55.5 2208 950 5.211
1787285737 55.5 53.6 54.5 55.5 2208 950 5.215
1787285738 54.5 54.5 54.5 56.4 2208 950 5.201
1787285739 54.5 54.5 54.5 56.4 2208 950 5.215
1787285741 55.5 54.5 54.5 57.3 2208 950 5.244
1787285742 55.5 53.6 53.6 55.5 2208 950 5.235
1787285743 54.5 54.5 54.5 56.4 2208 950 5.273
1787285744 55.5 54.5 54.5 56.4 2208 950 5.254
1787285745 54.5 54.5 54.5 55.5 2208 950 5.244
1787285746 55.5 54.5 54.5 57.3 2208 950 5.215
1787285747 55.5 54.5 54.5 56.4 2208 950 5.244
1787285749 54.5 53.6 53.6 55.5 2208 950 5.220
1787285750 55.5 54.5 54.5 57.3 2208 950 5.249
1787285751 55.5 54.5 54.5 55.5 2208 950 5.230
1787285752 54.5 54.5 54.5 56.4 2208 950 5.215
1787285753 55.5 54.5 54.5 56.4 2208 950 5.230
1787285754 55.5 54.5 54.5 56.4 2208 950 5.220
1787285755 54.5 53.6 54.5 55.5 2208 950 5.215
1787285756 55.5 54.5 54.5 56.4 2208 950 5.201
1787285758 55.5 54.5 54.5 56.4 2208 950 5.211
1787285759 54.5 54.5 54.5 55.5 2208 950 5.211
1787285760 54.5 53.6 53.6 55.5 2208 950 5.172
1787285761 54.5 53.6 53.6 55.5 2208 950 5.240
1787285762 54.5 52.7 53.6 54.5 2208 950 5.211
1787285763 54.5 53.6 53.6 55.5 2208 950 5.215
1787285764 54.5 53.6 53.6 55.5 2208 950 5.206
1787285765 51.8 51.8 51.8 53.6 2208 950 5.225
1787285766 53.6 53.6 53.6 55.5 2208 950 5.220
1787285768 53.6 53.6 53.6 55.5 2208 950 5.215
1787285769 54.5 53.6 53.6 56.4 2208 950 5.211
1787285770 53.6 53.6 53.6 56.4 2208 950 5.235
1787285771 55.5 54.5 53.6 55.5 2208 950 5.191
1787285772 54.5 53.6 53.6 55.5 2208 950 5.153
1787285773 54.5 54.5 53.6 55.5 2208 950 5.215
1787285774 54.5 54.5 53.6 55.5 2208 950 5.206
1787285776 54.5 53.6 53.6 55.5 2208 950 5.211
1787285777 54.5 54.5 53.6 55.5 2208 950 5.211
1787285778 54.5 54.5 53.6 55.5 2208 950 5.254
1787285779 53.6 53.6 53.6 55.5 2208 950 5.215
1787285780 53.6 52.7 52.7 54.5 2208 950 5.196
1787285781 54.5 54.5 53.6 55.5 2208 950 5.206
1787285782 54.5 53.6 53.6 55.5 2208 950 5.230
1787285784 54.5 54.5 53.6 55.5 2208 950 5.206
1787285785 53.6 53.6 53.6 55.5 2208 950 5.225
1787285786 54.5 53.6 54.5 55.5 2208 950 5.206
1787285787 55.5 53.6 54.5 55.5 2208 950 5.235
1787285788 53.6 53.6 53.6 54.5 2208 950 5.230
1787285789 54.5 53.6 53.6 56.4 2208 950 5.240
1787285790 54.5 54.5 54.5 56.4 2208 950 5.215
1787285791 54.5 53.6 53.6 55.5 2208 950 5.211
1787285792 55.5 53.6 53.6 55.5 2208 950 5.215
1787285794 54.5 53.6 53.6 55.5 2208 950 5.240
1787285795 53.6 53.6 53.6 55.5 2208 950 5.196
1787285796 54.5 53.6 53.6 54.5 2208 950 5.244
1787285797 53.6 53.6 53.6 55.5 2208 950 5.206
1787285798 54.5 54.5 53.6 55.5 2208 950 5.244
1787285799 54.5 54.5 53.6 55.5 2208 950 5.191
1787285800 54.5 53.6 53.6 55.5 2208 950 5.235
1787285801 54.5 53.6 53.6 55.5 2208 950 5.167
1787285803 54.5 53.6 53.6 55.5 2208 950 5.215
1787285804 54.5 53.6 53.6 54.5 2208 950 5.225
1787285805 54.5 54.5 53.6 56.4 2208 950 5.196
1787285806 54.5 54.5 54.5 56.4 2208 950 5.177
1787285807 54.5 54.5 54.5 55.5 2208 950 5.249
1787285808 54.5 53.6 53.6 55.5 2208 950 5.230
1787285809 54.5 53.6 53.6 55.5 2208 950 5.206
1787285810 54.5 53.6 53.6 55.5 2208 950 5.244
1787285812 54.5 53.6 53.6 55.5 2208 950 5.302
1787285813 54.5 53.6 53.6 55.5 2208 950 5.201
1787285814 54.5 53.6 53.6 55.5 2208 950 5.244
1787285815 54.5 54.5 53.6 56.4 2208 950 5.225
1787285816 54.5 53.6 53.6 55.5 2208 950 5.235
1787285817 54.5 53.6 53.6 54.5 2208 950 5.235
1787285818 54.5 54.5 53.6 55.5 2208 950 5.230
1787285819 54.5 53.6 53.6 55.5 2208 950 5.215
1787285821 54.5 53.6 53.6 55.5 2208 950 5.254
1787285822 54.5 53.6 53.6 55.5 2208 950 5.215
1787285823 54.5 53.6 53.6 55.5 2208 950 5.211
1787285824 54.5 53.6 53.6 55.5 2208 950 5.225
1787285825 54.5 54.5 53.6 56.4 2208 950 5.240
1787285826 49.0 47.2 48.1 49.0 2208 950 5.298
1787285827 47.2 45.3 46.2 47.2 2208 950 5.298
1787285828 50.8 50.8 49.9 52.7 2208 950 5.177
1787285829 51.8 51.8 51.8 52.7 2208 950 5.211
1787285830 52.7 52.7 52.7 54.5 2208 950 5.225
1787285832 52.7 52.7 51.8 54.5 2208 950 5.172
1787285833 53.6 52.7 52.7 54.5 2208 950 5.191
1787285834 54.5 53.6 52.7 54.5 2208 950 5.206
1787285835 53.6 52.7 52.7 54.5 2208 950 5.215
1787285836 54.5 54.5 53.6 55.5 2208 950 5.206
1787285837 54.5 53.6 53.6 54.5 2208 950 5.206
1787285838 54.5 54.5 53.6 55.5 2208 950 5.240
1787285840 54.5 53.6 53.6 56.4 2208 950 5.211
1787285841 53.6 53.6 53.6 55.5 2208 950 5.211
1787285842 54.5 54.5 53.6 55.5 2208 950 5.206
1787285843 53.6 53.6 53.6 54.5 2208 950 5.215
1787285844 54.5 54.5 53.6 55.5 2208 950 5.235
1787285845 53.6 53.6 52.7 54.5 2208 950 5.196
1787285846 53.6 53.6 52.7 54.5 2208 950 5.177
1787285847 54.5 53.6 53.6 56.4 2208 950 5.235
1787285848 54.5 53.6 53.6 55.5 2208 950 5.220
1787285850 54.5 54.5 53.6 55.5 2208 950 5.206
1787285851 54.5 53.6 53.6 55.5 2208 950 5.196
1787285852 54.5 54.5 54.5 55.5 2208 950 5.211
1787285853 55.5 54.5 54.5 56.4 2208 950 5.244
1787285854 54.5 53.6 53.6 55.5 2208 950 5.269
1787285855 53.6 53.6 53.6 55.5 2208 950 5.235
1787285856 54.5 54.5 54.5 55.5 2208 950 5.215
1787285858 54.5 53.6 53.6 55.5 2208 950 5.191
1787285859 54.5 53.6 53.6 55.5 2208 950 5.206
1787285860 54.5 53.6 53.6 55.5 2208 950 5.249
1787285861 53.6 53.6 53.6 54.5 2208 950 5.138
1787285862 53.6 53.6 53.6 54.5 2208 950 5.177
1787285863 54.5 53.6 53.6 54.5 2208 950 5.215
1787285864 54.5 53.6 54.5 55.5 2208 950 5.215
1787285865 54.5 53.6 53.6 54.5 2208 950 5.240
1787285866 54.5 54.5 53.6 55.5 2208 950 5.225
1787285868 54.5 53.6 53.6 55.5 2208 950 5.235
1787285869 54.5 53.6 53.6 54.5 2208 950 5.211
1787285870 54.5 53.6 53.6 54.5 2208 950 5.215
1787285871 54.5 53.6 53.6 55.5 2208 950 5.186
1787285872 54.5 53.6 53.6 54.5 2208 950 5.177
1787285873 54.5 54.5 53.6 56.4 2208 950 5.157
1787285874 54.5 54.5 54.5 56.4 2208 950 5.191
1787285875 54.5 53.6 53.6 54.5 2208 950 5.244
1787285876 54.5 54.5 53.6 56.4 2208 950 5.182
1787285878 55.5 54.5 54.5 56.4 2208 950 5.211
1787285879 54.5 54.5 53.6 55.5 2208 950 5.244
1787285880 54.5 53.6 53.6 55.5 2208 950 5.206
1787285881 54.5 53.6 53.6 55.5 2208 950 5.298
1787285882 54.5 54.5 53.6 55.5 2208 950 5.196
1787285883 55.5 54.5 54.5 56.4 2208 950 5.293
1787285884 53.6 53.6 53.6 54.5 2208 950 5.220
1787285885 54.5 53.6 53.6 56.4 2208 950 5.215
1787285887 54.5 53.6 53.6 55.5 2208 950 5.215
1787285888 54.5 54.5 54.5 55.5 2208 950 5.196
1787285889 48.1 46.2 47.2 48.1 2208 950 5.269
1787285890 46.2 44.4 45.3 46.2 2208 950 5.244
1787285891 44.4 43.5 44.4 45.3 2208 950 5.312
1787285892 44.4 42.5 43.5 44.4 2208 950 5.298
1787285893 43.5 41.6 42.5 43.5 2208 950 5.249
1787285894 42.5 41.6 41.6 42.5 2208 950 5.244
1787285895 41.6 40.7 40.7 42.5 2208 950 5.302
1787285896 41.6 39.8 40.7 41.6 2208 950 5.298
1787285897 41.6 39.8 40.7 41.6 2208 950 5.307
1787285898 40.7 38.8 39.8 40.7 2208 950 5.317
1787285899 39.8 38.8 39.8 40.7 2208 950 5.273
1787285901 39.8 38.8 38.8 39.8 2208 950 5.254
1787285902 39.8 37.9 38.8 40.7 2208 950 5.293
1787285903 39.8 37.9 37.9 39.8 2208 950 5.312
1787285904 38.8 37.9 37.9 38.8 2208 950 5.254
1787285905 38.8 37.0 37.9 39.8 2208 950 5.240
1787285906 44.4 43.5 43.5 44.4 2208 950 5.177
1787285907 48.1 47.2 46.2 49.0 2208 950 5.206
1787285908 48.1 47.2 47.2 49.0 2208 950 5.211
1787285909 49.0 48.1 48.1 49.0 2208 950 5.191
1787285910 49.9 49.9 49.0 51.8 2208 950 5.225
1787285912 50.8 49.9 49.9 51.8 2208 950 5.220
1787285913 49.9 49.9 49.9 50.8 2208 950 5.215
1787285914 51.8 50.8 50.8 51.8 2208 950 5.215
1787285915 50.8 50.8 50.8 52.7 2208 950 5.211
1787285916 51.8 51.8 50.8 52.7 2208 950 5.215
1787285917 51.8 51.8 51.8 53.6 2208 950 5.225
1787285918 51.8 51.8 51.8 53.6 2208 950 5.206
1787285919 52.7 51.8 51.8 53.6 2208 950 5.230
1787285921 52.7 51.8 51.8 52.7 2208 950 5.191
1787285922 52.7 51.8 51.8 53.6 2208 950 5.211
1787285923 52.7 52.7 52.7 54.5 2208 950 5.215
1787285924 52.7 52.7 52.7 54.5 2208 950 5.273
1787285925 53.6 52.7 52.7 54.5 2208 950 5.153
1787285926 52.7 52.7 51.8 53.6 2208 950 5.215
1787285927 53.6 52.7 52.7 53.6 2208 950 5.177
1787285929 53.6 52.7 52.7 54.5 2208 950 5.215
1787285930 53.6 52.7 52.7 54.5 2208 950 5.206
1787285931 53.6 53.6 52.7 55.5 2208 950 5.211
1787285932 53.6 53.6 52.7 54.5 2208 950 5.211
1787285933 53.6 53.6 53.6 54.5 2208 950 5.143
1787285934 52.7 52.7 52.7 54.5 2208 950 5.230
1787285935 53.6 53.6 52.7 54.5 2208 950 5.211
1787285937 53.6 53.6 52.7 54.5 2208 950 5.264
1787285938 53.6 53.6 53.6 55.5 2208 950 5.215
1787285939 53.6 53.6 53.6 55.5 2208 950 5.206
1787285940 53.6 53.6 53.6 54.5 2208 950 5.211
1787285941 54.5 54.5 53.6 55.5 2208 950 5.215
1787285942 53.6 53.6 53.6 54.5 2208 950 5.220
1787285943 54.5 53.6 53.6 55.5 2208 950 5.269
1787285944 53.6 53.6 53.6 54.5 2208 950 5.273
1787285946 54.5 53.6 53.6 54.5 2208 950 5.220
1787285947 54.5 53.6 53.6 54.5 2208 950 5.215
1787285948 53.6 53.6 53.6 55.5 2208 950 5.244
1787285949 53.6 53.6 53.6 54.5 2208 950 5.249
1787285950 54.5 54.5 53.6 55.5 2208 950 5.220
1787285951 55.5 54.5 54.5 56.4 2208 950 5.191
1787285952 53.6 52.7 52.7 54.5 2208 950 5.230
1787285954 54.5 54.5 53.6 56.4 2208 950 5.220
1787285955 54.5 53.6 53.6 54.5 2208 950 5.225
1787285956 54.5 54.5 53.6 55.5 2208 950 5.220
1787285957 54.5 54.5 53.6 56.4 2208 950 5.215
1787285958 54.5 53.6 53.6 54.5 2208 950 5.201
1787285959 54.5 54.5 53.6 56.4 2208 950 5.215
1787285960 53.6 53.6 53.6 56.4 2208 950 5.201
1787285962 54.5 54.5 53.6 55.5 2208 950 5.269
1787285963 54.5 54.5 54.5 56.4 2208 950 5.186
1787285964 54.5 53.6 53.6 55.5 2208 950 5.230
1787285965 54.5 54.5 54.5 55.5 2208 950 5.240
1787285966 50.8 49.0 49.9 50.8 2208 950 5.259
1787285967 47.2 45.3 46.2 48.1 2208 950 5.288
1787285968 45.3 43.5 44.4 45.3 2208 950 5.312
1787285969 44.4 42.5 43.5 44.4 2208 950 5.244
1787285970 43.5 41.6 42.5 43.5 2208 950 5.293
1787285971 42.5 40.7 41.6 42.5 2208 950 5.269
1787285973 41.6 40.7 40.7 41.6 2208 950 5.288
1787285974 41.6 39.8 40.7 41.6 2208 950 5.293
1787285975 40.7 39.8 39.8 40.7 2208 950 5.244
1787285976 40.7 38.8 39.8 40.7 2208 950 5.240
1787285977 40.7 38.8 38.8 40.7 2208 950 5.264
1787285978 39.8 38.8 38.8 39.8 2208 950 5.307
1787285979 39.8 37.9 38.8 39.8 2208 950 5.317
1787285980 39.8 37.9 38.8 39.8 2208 950 5.269
1787285981 38.8 37.9 37.9 38.8 2208 950 5.249
1787285982 38.8 37.9 37.9 39.8 2208 950 5.288
1787285983 41.6 40.7 40.7 41.6 2208 950 5.298
1787285984 43.5 42.5 42.5 43.5 2208 950 5.249
1787285985 44.4 44.4 43.5 44.4 2208 950 5.254
1787285986 44.4 44.4 44.4 46.2 2208 950 5.235
1787285987 45.3 45.3 44.4 46.2 2208 950 5.273
1787285989 46.2 45.3 45.3 46.2 2208 950 5.249
1787285990 46.2 45.3 45.3 46.2 2208 950 5.215
1787285991 45.3 45.3 45.3 45.3 2208 950 5.249
1787285992 46.2 45.3 45.3 46.2 2208 950 5.230
1787285993 46.2 45.3 45.3 47.2 2208 950 5.235
1787285994 42.5 41.6 41.6 43.5 2208 950 5.302
1787285995 41.6 39.8 39.8 41.6 2208 950 5.254
1787285996 44.4 43.5 43.5 45.3 2208 950 5.235
1787285997 47.2 47.2 47.2 48.1 2208 950 5.230
1787285998 49.9 49.0 49.0 50.8 2208 950 5.249
1787285999 49.9 49.0 49.0 50.8 2208 950 5.215
1787286001 49.0 49.0 48.1 49.9 2208 950 5.264
1787286002 50.8 50.8 49.9 51.8 2208 950 5.211
1787286003 49.9 49.9 49.0 51.8 2208 950 5.196
1787286004 51.8 50.8 50.8 52.7 2208 950 5.220
1787286005 50.8 50.8 50.8 52.7 2208 950 5.172
1787286006 51.8 50.8 50.8 52.7 2208 950 5.206
1787286007 51.8 51.8 51.8 53.6 2208 950 5.240
1787286009 52.7 51.8 51.8 53.6 2208 950 5.211
1787286010 51.8 51.8 51.8 52.7 2208 950 5.269
1787286011 51.8 51.8 50.8 53.6 2208 950 5.225
1787286012 52.7 51.8 51.8 53.6 2208 950 5.215
1787286013 52.7 52.7 51.8 53.6 2208 950 5.240
1787286014 52.7 51.8 51.8 53.6 2208 950 5.215
1787286015 52.7 51.8 51.8 53.6 2208 950 5.240
1787286016 53.6 52.7 51.8 54.5 2208 950 5.206
1787286018 53.6 52.7 52.7 53.6 2208 950 5.225
1787286019 52.7 51.8 51.8 53.6 2208 950 5.244
1787286020 53.6 52.7 52.7 54.5 2208 950 5.244
1787286021 53.6 52.7 52.7 54.5 2208 950 5.182
1787286022 53.6 52.7 52.7 54.5 2208 950 5.240
1787286023 53.6 52.7 52.7 54.5 2208 950 5.249
1787286024 52.7 52.7 52.7 54.5 2208 950 5.230
1787286026 53.6 53.6 53.6 55.5 2208 950 5.244
1787286027 53.6 53.6 52.7 54.5 2208 950 5.196
1787286028 53.6 52.7 52.7 54.5 2208 950 5.172
1787286029 53.6 52.7 52.7 54.5 2208 950 5.220
1787286030 52.7 52.7 52.7 54.5 2208 950 5.201
1787286031 53.6 53.6 53.6 54.5 2208 950 5.249
1787286032 53.6 53.6 53.6 55.5 2208 950 5.259
1787286033 53.6 53.6 53.6 55.5 2208 950 5.206
1787286035 53.6 53.6 52.7 54.5 2208 950 5.215
1787286036 53.6 53.6 53.6 54.5 2208 950 5.201
1787286037 53.6 52.7 52.7 54.5 2208 950 5.215
1787286038 53.6 52.7 53.6 54.5 2208 950 5.167
1787286039 53.6 53.6 53.6 54.5 2208 950 5.215
1787286040 53.6 53.6 53.6 55.5 2208 950 5.249
1787286041 54.5 53.6 53.6 55.5 2208 950 5.235
1787286043 54.5 53.6 53.6 54.5 2208 950 5.211
1787286044 53.6 53.6 53.6 54.5 2208 950 5.230
1787286045 53.6 53.6 53.6 55.5 2208 950 5.211
1787286046 53.6 52.7 53.6 55.5 2208 950 5.211
1787286047 54.5 53.6 53.6 55.5 2208 950 5.220
1787286048 54.5 53.6 53.6 55.5 2208 950 5.230
1787286049 54.5 53.6 53.6 55.5 2208 950 5.230
1787286051 53.6 53.6 53.6 55.5 2208 950 5.240
1787286052 54.5 53.6 53.6 55.5 2208 950 5.215
1787286053 54.5 53.6 53.6 55.5 2208 950 5.225
1787286054 53.6 53.6 52.7 54.5 2208 950 5.225
1787286055 53.6 52.7 53.6 54.5 2208 950 5.211
1787286056 53.6 53.6 53.6 55.5 2208 950 5.206
1787286057 48.1 46.2 47.2 48.1 2208 950 5.298
1787286058 46.2 44.4 45.3 47.2 2208 950 5.264
1787286059 44.4 43.5 43.5 44.4 2208 950 5.298
1787286060 44.4 42.5 42.5 44.4 2208 950 5.240
1787286061 43.5 41.6 41.6 43.5 2208 950 5.307
1787286063 42.5 40.7 41.6 42.5 2208 950 5.327
1787286064 41.6 40.7 40.7 42.5 2208 950 5.264
1787286065 41.6 39.8 40.7 41.6 2208 950 5.293
1787286066 40.7 39.8 39.8 40.7 2208 950 5.278
1787286067 40.7 38.8 39.8 40.7 2208 950 5.302
1787286068 40.7 38.8 38.8 39.8 2208 950 5.288
1787286069 39.8 38.8 38.8 40.7 2208 950 5.312
1787286070 39.8 37.9 38.8 39.8 2208 950 5.244
1787286071 38.8 37.9 37.9 38.8 2208 950 5.293
1787286072 38.8 37.9 37.9 38.8 2208 950 5.327
1787286073 38.8 37.9 37.9 38.8 2208 950 5.264
1787286074 38.8 37.0 37.0 38.8 2208 950 5.278
1787286075 38.8 37.0 37.0 37.9 2208 950 5.244
1787286076 37.9 37.0 37.0 37.9 2208 950 5.288
1787286078 37.9 37.0 37.0 37.9 2208 950 5.269
1787286079 37.9 36.1 37.0 37.9 2208 950 5.220
1787286080 37.9 36.1 37.0 37.9 2208 950 5.322
1787286081 38.8 37.9 37.9 39.8 2208 950 5.235
1787286082 44.4 45.3 44.4 46.2 2208 950 5.230
1787286083 47.2 47.2 46.2 48.1 2208 950 5.240
1787286084 48.1 47.2 47.2 49.0 2208 950 5.211
1787286085 48.1 47.2 47.2 49.0 2208 950 5.206
1787286086 49.0 49.0 48.1 49.9 2208 950 5.201
1787286088 49.9 49.0 49.0 50.8 2208 950 5.254
1787286089 49.9 49.0 49.0 50.8 2208 950 5.215
1787286090 50.8 49.9 49.9 51.8 2208 950 5.240
1787286091 50.8 50.8 49.9 51.8 2208 950 5.201
1787286092 50.8 49.9 49.9 51.8 2208 950 5.240
1787286093 50.8 50.8 50.8 52.7 2208 950 5.235
1787286094 51.8 50.8 50.8 51.8 2208 950 5.191
1787286096 51.8 51.8 50.8 52.7 2208 950 5.196
1787286097 51.8 51.8 50.8 53.6 2208 950 5.201
1787286098 52.7 51.8 51.8 53.6 2208 950 5.240
1787286099 52.7 52.7 51.8 53.6 2208 950 5.215
1787286100 51.8 51.8 51.8 53.6 2208 950 5.206
1787286101 52.7 51.8 51.8 53.6 2208 950 5.244
1787286102 52.7 51.8 51.8 53.6 2208 950 5.215
1787286103 52.7 51.8 51.8 53.6 2208 950 5.283
1787286105 52.7 52.7 51.8 53.6 2208 950 5.264
1787286106 53.6 52.7 52.7 54.5 2208 950 5.201
1787286107 53.6 51.8 52.7 54.5 2208 950 5.244
1787286108 53.6 52.7 52.7 54.5 2208 950 5.206
1787286109 53.6 52.7 51.8 54.5 2208 950 5.225
1787286110 52.7 52.7 52.7 53.6 2208 950 5.225
1787286111 53.6 52.7 52.7 54.5 2208 950 5.211
1787286112 52.7 52.7 51.8 53.6 2208 950 5.215
1787286114 53.6 52.7 52.7 54.5 2208 950 5.220
1787286115 53.6 52.7 52.7 54.5 2208 950 5.143
1787286116 53.6 53.6 52.7 54.5 2208 950 5.225
1787286117 53.6 52.7 52.7 54.5 2208 950 5.206
1787286118 53.6 53.6 53.6 55.5 2208 950 5.249
1787286119 53.6 52.7 52.7 54.5 2208 950 5.249
1787286120 53.6 52.7 52.7 54.5 2208 950 5.211
1787286121 53.6 53.6 52.7 55.5 2208 950 5.220
1787286123 54.5 53.6 53.6 55.5 2208 950 5.225
1787286124 54.5 53.6 53.6 55.5 2208 950 5.269
1787286125 53.6 53.6 53.6 55.5 2208 950 5.191
1787286126 53.6 54.5 53.6 54.5 2208 950 5.249
1787286127 54.5 53.6 53.6 54.5 2208 950 5.225
1787286128 54.5 53.6 53.6 55.5 2208 950 5.220
1787286129 53.6 53.6 53.6 55.5 2208 950 5.220
1787286130 53.6 53.6 53.6 54.5 2208 950 5.225
1787286132 54.5 53.6 53.6 54.5 2208 950 5.230
1787286133 54.5 53.6 53.6 55.5 2208 950 5.230
1787286134 54.5 54.5 53.6 55.5 2208 950 5.215
1787286135 54.5 54.5 53.6 55.5 2208 950 5.235
1787286136 54.5 54.5 53.6 55.5 2208 950 5.182
1787286137 54.5 54.5 53.6 56.4 2208 950 5.215
1787286138 55.5 54.5 53.6 56.4 2208 950 5.153
1787286140 54.5 54.5 54.5 56.4 2208 950 5.215
1787286141 54.5 54.5 53.6 56.4 2208 950 5.215
1787286142 49.0 47.2 48.1 49.9 2208 950 5.312
1787286143 47.2 45.3 46.2 48.1 2208 950 5.278
1787286144 45.3 43.5 44.4 45.3 2208 950 5.264
1787286145 44.4 42.5 42.5 44.4 2208 950 5.322
1787286146 43.5 41.6 42.5 43.5 2208 950 5.302
1787286147 43.5 41.6 41.6 42.5 2208 950 5.273
1787286148 41.6 40.7 40.7 41.6 2208 950 5.302
1787286149 41.6 40.7 40.7 41.6 2208 950 5.249
1787286150 41.6 39.8 39.8 41.6 2208 950 5.273
1787286151 40.7 39.8 39.8 40.7 2208 950 5.293
1787286152 40.7 38.8 39.8 40.7 2208 950 5.307
1787286154 40.7 38.8 39.8 40.7 2208 950 5.302
1787286155 39.8 38.8 38.8 40.7 2208 950 5.302
1787286156 39.8 38.8 38.8 39.8 2208 950 5.264
1787286157 39.8 37.9 38.8 39.8 2208 950 5.307
1787286158 39.8 37.9 37.9 39.8 2208 950 5.235
1787286159 42.5 41.6 41.6 42.5 2208 950 5.235
1787286160 44.4 43.5 43.5 44.4 2208 950 5.264
1787286161 44.4 44.4 44.4 45.3 2208 950 5.230
1787286162 44.4 44.4 44.4 44.4 2208 950 5.254
1787286163 45.3 44.4 44.4 46.2 2208 950 5.235
1787286164 45.3 45.3 45.3 46.2 2208 950 5.254
1787286165 45.3 44.4 44.4 45.3 2208 950 5.288
1787286166 45.3 45.3 45.3 46.2 2208 950 5.182
1787286167 46.2 45.3 44.4 46.2 2208 950 5.244
1787286168 46.2 46.2 45.3 46.2 2208 950 5.235
1787286170 42.5 41.6 41.6 42.5 2208 950 5.288
1787286171 41.6 39.8 40.7 42.5 2208 950 5.254
1787286172 47.2 46.2 45.3 47.2 2208 950 5.244
1787286173 49.0 49.0 48.1 49.9 2208 950 5.201
1787286174 49.9 49.0 49.0 50.8 2208 950 5.182
1787286175 49.9 49.9 49.0 50.8 2208 950 5.167
1787286176 50.8 50.8 49.9 51.8 2208 950 5.177
1787286177 50.8 49.9 49.9 51.8 2208 950 5.254
1787286178 51.8 51.8 50.8 53.6 2208 950 5.215
1787286180 51.8 51.8 50.8 53.6 2208 950 5.206
1787286181 51.8 50.8 50.8 52.7 2208 950 5.244
1787286182 51.8 51.8 51.8 53.6 2208 950 5.220
1787286183 51.8 52.7 51.8 53.6 2208 950 5.215
1787286184 51.8 51.8 51.8 52.7 2208 950 5.215
1787286185 52.7 51.8 51.8 53.6 2208 950 5.215
1787286186 52.7 52.7 51.8 53.6 2208 950 5.186
1787286188 53.6 52.7 52.7 54.5 2208 950 5.215
1787286189 53.6 52.7 52.7 54.5 2208 950 5.225
1787286190 52.7 52.7 51.8 54.5 2208 950 5.220
1787286191 52.7 52.7 51.8 53.6 2208 950 5.220
1787286192 51.8 51.8 51.8 53.6 2208 950 5.186
1787286193 53.6 52.7 52.7 54.5 2208 950 5.177
1787286194 53.6 53.6 52.7 54.5 2208 950 5.235
1787286195 53.6 53.6 53.6 54.5 2208 950 5.167
1787286197 53.6 52.7 52.7 54.5 2208 950 5.215
1787286198 53.6 53.6 53.6 54.5 2208 950 5.235
1787286199 54.5 53.6 52.7 54.5 2208 950 5.244
1787286200 54.5 53.6 53.6 55.5 2208 950 5.153
1787286201 53.6 52.7 52.7 54.5 2208 950 5.254
1787286202 54.5 53.6 53.6 55.5 2208 950 5.254
1787286203 53.6 52.7 52.7 54.5 2208 950 5.186
1787286204 53.6 53.6 52.7 54.5 2208 950 5.240
1787286205 54.5 53.6 53.6 55.5 2208 950 5.172
1787286207 54.5 53.6 53.6 55.5 2208 950 5.230
1787286208 54.5 53.6 53.6 55.5 2208 950 5.196
1787286209 54.5 53.6 53.6 54.5 2208 950 5.215
1787286210 54.5 53.6 53.6 54.5 2208 950 5.244
1787286211 53.6 53.6 53.6 55.5 2208 950 5.264
1787286212 54.5 54.5 53.6 55.5 2208 950 5.211
1787286213 54.5 54.5 53.6 55.5 2208 950 5.235
1787286214 54.5 54.5 53.6 55.5 2208 950 5.182
1787286216 54.5 53.6 53.6 55.5 2208 950 5.162
1787286217 54.5 54.5 53.6 56.4 2208 950 5.191
1787286218 55.5 54.5 53.6 56.4 2208 950 5.201
1787286219 54.5 54.5 53.6 55.5 2208 950 5.201
1787286220 55.5 54.5 54.5 56.4 2208 950 5.230
1787286221 55.5 54.5 54.5 56.4 2208 950 5.167
1787286222 55.5 54.5 54.5 56.4 2208 950 5.201
1787286224 55.5 54.5 54.5 56.4 2208 950 5.249
1787286225 55.5 54.5 54.5 56.4 2208 950 5.215
1787286226 55.5 54.5 54.5 56.4 2208 950 5.191
1787286227 54.5 54.5 53.6 55.5 2208 950 5.211
1787286228 55.5 54.5 54.5 55.5 2208 950 5.215
1787286229 55.5 55.5 55.5 57.3 2208 950 5.211
1787286230 55.5 55.5 54.5 55.5 2208 950 5.269
1787286232 55.5 54.5 54.5 56.4 2208 950 5.211
1787286233 48.1 47.2 47.2 49.0 2208 950 5.293
1787286234 47.2 45.3 45.3 47.2 2208 950 5.220
1787286235 45.3 43.5 44.4 45.3 2208 950 5.269
1787286236 44.4 42.5 43.5 44.4 2208 950 5.288
1787286237 43.5 41.6 42.5 43.5 2208 950 5.264
1787286238 42.5 41.6 41.6 43.5 2208 950 5.327
1787286239 42.5 40.7 41.6 42.5 2208 950 5.327
1787286240 41.6 40.7 40.7 42.5 2208 950 5.273
1787286241 41.6 39.8 40.7 41.6 2208 950 5.298
1787286242 40.7 39.8 39.8 41.6 2208 950 5.278
1787286243 40.7 39.8 39.8 40.7 2208 950 5.312
1787286244 40.7 38.8 39.8 40.7 2208 950 5.254
1787286245 40.7 38.8 39.8 40.7 2208 950 5.249
1787286247 39.8 38.8 38.8 39.8 2208 950 5.307
1787286248 39.8 38.8 38.8 39.8 2208 950 5.293
1787286249 39.8 37.9 37.9 39.8 2208 950 5.312
1787286250 38.8 37.9 37.9 39.8 2208 950 5.312
1787286251 38.8 37.9 37.9 39.8 2208 950 5.254
1787286252 39.8 37.9 37.9 39.8 2208 950 5.235
1787286253 38.8 37.9 37.9 38.8 2208 950 5.235
1787286254 38.8 37.9 37.9 39.8 2208 950 5.327
1787286255 38.8 37.9 37.9 38.8 2208 950 5.298
1787286256 44.4 44.4 44.4 46.2 2208 950 5.283
1787286257 47.2 47.2 46.2 49.0 2208 950 5.206
1787286258 49.0 49.0 48.1 50.8 2208 950 5.206
1787286260 49.9 49.9 49.0 50.8 2208 950 5.206
1787286261 49.9 49.9 49.9 51.8 2208 950 5.215
1787286262 50.8 49.9 49.9 50.8 2208 950 5.196
1787286263 51.8 50.8 50.8 52.7 2208 950 5.196
1787286264 51.8 51.8 51.8 53.6 2208 950 5.230
1787286265 52.7 52.7 51.8 53.6 2208 950 5.254
1787286266 52.7 52.7 51.8 53.6 2208 950 5.215
1787286267 52.7 52.7 51.8 53.6 2208 950 5.201
1787286269 53.6 52.7 52.7 54.5 2208 950 5.143
1787286270 53.6 53.6 52.7 55.5 2208 950 5.162
1787286271 54.5 53.6 53.6 55.5 2208 950 5.167
1787286272 54.5 53.6 53.6 54.5 2208 950 5.157
1787286273 55.5 54.5 54.5 56.4 2208 950 5.215
1787286274 54.5 55.5 54.5 56.4 2208 950 5.191
1787286275 54.5 54.5 53.6 55.5 2208 950 5.211
1787286277 55.5 54.5 54.5 56.4 2208 950 5.201
1787286278 55.5 55.5 54.5 57.3 2208 950 5.196
1787286279 55.5 54.5 54.5 56.4 2208 950 5.220
1787286280 55.5 54.5 54.5 56.4 2208 950 5.220
1787286281 55.5 54.5 54.5 56.4 2208 950 5.220
1787286282 55.5 55.5 54.5 57.3 2208 950 5.177
1787286283 56.4 55.5 54.5 57.3 2208 950 5.162
1787286285 55.5 54.5 54.5 57.3 2208 950 5.215
1787286286 56.4 55.5 55.5 57.3 2208 950 5.201
1787286287 55.5 55.5 54.5 56.4 2208 950 5.186
1787286288 56.4 55.5 55.5 57.3 2208 950 5.225
1787286289 57.3 56.4 56.4 58.2 2208 950 5.230
1787286290 56.4 56.4 55.5 58.2 2208 950 5.211
1787286291 56.4 56.4 55.5 57.3 2208 950 5.215
1787286293 57.3 56.4 55.5 58.2 2208 950 5.225
1787286294 57.3 57.3 56.4 58.2 2208 950 5.235
1787286295 57.3 56.4 55.5 58.2 2208 950 5.186
1787286296 57.3 57.3 56.4 58.2 2208 950 5.230
1787286297 57.3 57.3 56.4 58.2 2208 950 5.206
1787286298 57.3 56.4 56.4 57.3 2208 950 5.191
1787286299 57.3 57.3 57.3 59.2 2208 950 5.254
1787286300 58.2 58.2 57.3 59.2 2208 950 5.235
1787286302 57.3 57.3 56.4 58.2 2208 950 5.264
1787286303 58.2 57.3 57.3 59.2 2208 950 5.196
1787286304 59.2 58.2 57.3 60.1 2208 950 5.269
1787286305 59.2 58.2 57.3 59.2 2208 950 5.211
1787286306 59.2 58.2 58.2 60.1 2208 950 5.254
1787286307 59.2 59.2 58.2 59.2 2208 950 5.249
1787286308 58.2 57.3 57.3 59.2 2208 950 5.244
1787286309 59.2 58.2 58.2 60.1 2208 950 5.254
1787286310 58.2 58.2 58.2 60.1 2208 950 5.215
1787286312 59.2 58.2 58.2 60.1 2208 950 5.225
1787286313 59.2 59.2 58.2 60.1 2208 950 5.201
1787286314 59.2 59.2 58.2 60.1 2208 950 5.172
1787286315 59.2 58.2 58.2 60.1 2208 950 5.225
1787286316 59.2 59.2 59.2 61.0 2208 950 5.211
1787286317 51.8 49.9 50.8 51.8 2208 950 5.230
1787286318 49.9 49.0 49.0 49.9 2208 950 5.327
1787286319 48.1 47.2 48.1 49.0 2208 950 5.259
1787286320 48.1 46.2 47.2 48.1 2208 950 5.293
1787286322 47.2 45.3 46.2 47.2 2208 950 5.293
1787286323 46.2 45.3 45.3 47.2 2208 950 5.307
1787286324 46.2 44.4 44.4 45.3 2208 950 5.322
1787286325 45.3 43.5 44.4 45.3 2208 950 5.269
1787286326 44.4 43.5 43.5 44.4 2208 950 5.322
1787286327 44.4 42.5 43.5 44.4 2208 950 5.322
1787286328 44.4 42.5 42.5 44.4 2208 950 5.264
1787286329 43.5 42.5 42.5 43.5 2208 950 5.264
1787286330 43.5 41.6 41.6 42.5 2208 950 5.322
1787286331 42.5 41.6 41.6 42.5 2208 950 5.249
1787286332 42.5 41.6 41.6 42.5 2208 950 5.322
1787286333 42.5 40.7 41.6 42.5 2208 950 5.312
1787286334 46.2 46.2 45.3 46.2 2208 950 5.269
1787286335 47.2 47.2 46.2 48.1 2208 950 5.215
1787286336 47.2 47.2 47.2 48.1 2208 950 5.230
1787286338 48.1 48.1 47.2 48.1 2208 950 5.249
1787286339 48.1 48.1 48.1 49.0 2208 950 5.240
1787286340 48.1 47.2 47.2 48.1 2208 950 5.225
1787286341 48.1 48.1 48.1 49.9 2208 950 5.225
1787286342 49.9 49.9 49.0 49.9 2208 950 5.225
1787286343 49.9 49.0 49.0 49.9 2208 950 5.230
1787286344 47.2 46.2 47.2 48.1 2208 950 5.240
1787286345 45.3 43.5 44.4 45.3 2208 950 5.269
1787286346 44.4 43.5 43.5 44.4 2208 950 5.322
1787286347 49.9 49.9 49.0 50.8 2208 950 5.211
1787286348 51.8 51.8 51.8 52.7 2208 950 5.215
1787286349 52.7 52.7 51.8 53.6 2208 950 5.235
1787286351 53.6 52.7 51.8 53.6 2208 950 5.235
1787286352 53.6 53.6 53.6 55.5 2208 950 5.235
1787286353 54.5 53.6 53.6 55.5 2208 950 5.244
1787286354 54.5 53.6 53.6 54.5 2208 950 5.235
1787286355 53.6 53.6 53.6 55.5 2208 950 5.172
1787286356 54.5 54.5 53.6 55.5 2208 950 5.254
1787286357 54.5 54.5 54.5 56.4 2208 950 5.196
1787286358 55.5 54.5 54.5 56.4 2208 950 5.215
1787286360 55.5 53.6 53.6 55.5 2208 950 5.230
1787286361 56.4 56.4 55.5 57.3 2208 950 5.273
1787286362 56.4 55.5 55.5 57.3 2208 950 5.244
1787286363 57.3 57.3 56.4 59.2 2208 950 5.240
1787286364 57.3 57.3 57.3 59.2 2208 950 5.215
1787286365 57.3 57.3 57.3 59.2 2208 950 5.254
1787286366 58.2 58.2 57.3 60.1 2208 950 5.273
1787286367 59.2 59.2 58.2 60.1 2208 950 5.225
1787286369 59.2 58.2 58.2 60.1 2208 950 5.273
1787286370 60.1 59.2 59.2 60.1 2208 950 5.254
1787286371 60.1 59.2 59.2 60.1 2208 950 5.254
1787286372 60.1 60.1 59.2 61.9 2208 950 5.157
1787286373 61.0 60.1 60.1 61.9 2208 950 5.254
1787286374 61.0 60.1 60.1 61.9 2208 950 5.259
1787286375 61.0 61.0 60.1 62.8 2208 950 5.240
1787286376 61.9 61.0 61.0 62.8 2208 950 5.215
1787286378 61.9 61.9 61.0 62.8 2208 950 5.235
1787286379 61.9 61.0 61.0 61.9 2208 950 5.249
1787286380 61.9 61.9 61.9 62.8 2208 950 5.240
1787286381 61.9 61.0 61.0 62.8 2208 950 5.225
1787286382 61.9 61.9 61.9 62.8 2208 950 5.283
1787286383 61.9 61.9 61.0 62.8 2208 950 5.230
1787286384 62.8 61.9 61.9 64.7 2208 950 5.172
1787286386 61.0 61.0 60.1 62.8 2208 950 5.249
1787286387 61.0 61.0 61.0 62.8 2208 950 5.273
1787286388 61.9 61.0 61.0 62.8 2208 950 5.215
1787286389 61.9 61.9 61.0 62.8 2208 950 5.201
1787286390 61.9 61.9 61.0 62.8 2208 950 5.278
1787286391 61.9 61.0 61.0 62.8 2208 950 5.225
1787286392 61.9 61.9 61.0 63.8 2208 950 5.259
1787286393 61.9 61.9 61.0 62.8 2208 950 5.278
1787286395 62.8 61.9 61.0 62.8 2208 950 5.211
1787286396 61.9 61.0 60.1 61.9 2208 950 5.215
1787286397 61.9 61.9 61.0 62.8 2208 950 5.215
1787286398 61.9 61.9 61.9 63.8 2208 950 5.235
1787286399 61.9 61.9 61.0 62.8 2208 950 5.215
1787286400 62.8 61.0 61.0 62.8 2208 950 5.225
1787286401 61.9 61.9 61.0 62.8 2208 950 5.230
1787286403 62.8 61.9 61.9 62.8 2208 950 5.269
1787286404 62.8 61.9 61.9 63.8 2208 950 5.249
1787286405 62.8 62.8 61.9 63.8 2208 950 5.240
1787286406 62.8 61.9 61.9 63.8 2208 950 5.259
1787286407 61.0 59.2 59.2 60.1 2208 950 5.317
1787286408 55.5 53.6 53.6 55.5 2208 950 5.244
1787286409 53.6 51.8 52.7 53.6 2208 950 5.264
1787286410 53.6 51.8 52.7 54.5 2208 950 5.273
1787286411 51.8 49.9 50.8 51.8 2208 950 5.312
1787286412 51.8 49.9 49.9 50.8 2208 950 5.273
1787286413 49.9 49.0 49.0 50.8 2208 950 5.298
1787286415 49.9 48.1 49.0 49.9 2208 950 5.312
1787286416 49.0 48.1 48.1 49.0 2208 950 5.249
1787286417 49.0 48.1 48.1 49.0 2208 950 5.302
1787286418 48.1 47.2 48.1 49.0 2208 950 5.293
1787286419 48.1 47.2 47.2 48.1 2208 950 5.293
1787286420 48.1 46.2 47.2 48.1 2208 950 5.278
1787286421 47.2 46.2 46.2 47.2 2208 950 5.249
1787286422 47.2 45.3 45.3 47.2 2208 950 5.269
1787286423 46.2 45.3 45.3 46.2 2208 950 5.293
1787286424 46.2 45.3 45.3 46.2 2208 950 5.322
1787286425 46.2 44.4 44.4 46.2 2208 950 5.278
1787286426 45.3 44.4 44.4 45.3 2208 950 5.259
1787286427 45.3 43.5 44.4 46.2 2208 950 5.312
1787286428 45.3 43.5 44.4 46.2 2208 950 5.283
1787286429 44.4 43.5 43.5 45.3 2208 950 5.264
1787286431 44.4 43.5 43.5 44.4 2208 950 5.312
1787286432 49.0 48.1 48.1 49.0 2208 950 5.206
1787286433 53.6 52.7 52.7 54.5 2208 950 5.201
1787286434 53.6 53.6 53.6 54.5 2208 950 5.235
1787286435 55.5 54.5 54.5 55.5 2208 950 5.230
1787286436 55.5 55.5 54.5 56.4 2208 950 5.225
1787286437 55.5 55.5 54.5 56.4 2208 950 5.244
1787286438 56.4 56.4 55.5 57.3 2208 950 5.240
1787286440 56.4 56.4 55.5 58.2 2208 950 5.264
1787286441 57.3 56.4 56.4 58.2 2208 950 5.244
1787286442 56.4 56.4 55.5 57.3 2208 950 5.225
1787286443 57.3 57.3 56.4 58.2 2208 950 5.235
1787286444 58.2 57.3 57.3 59.2 2208 950 5.240
1787286445 57.3 57.3 57.3 59.2 2208 950 5.249
1787286446 58.2 57.3 57.3 59.2 2208 950 5.235
1787286448 58.2 58.2 57.3 59.2 2208 950 5.220
1787286449 58.2 58.2 58.2 59.2 2208 950 5.235
1787286450 59.2 58.2 58.2 60.1 2208 950 5.230
1787286451 59.2 58.2 58.2 60.1 2208 950 5.230
1787286452 59.2 59.2 59.2 60.1 2208 950 5.244
1787286453 59.2 59.2 58.2 60.1 2208 950 5.220
1787286454 59.2 58.2 58.2 60.1 2208 950 5.191
1787286456 59.2 59.2 58.2 61.0 2208 950 5.220
1787286457 59.2 59.2 58.2 60.1 2208 950 5.240
1787286458 59.2 59.2 58.2 59.2 2208 950 5.220
1787286459 59.2 59.2 58.2 60.1 2208 950 5.235
1787286460 59.2 59.2 58.2 61.0 2208 950 5.225
1787286461 59.2 59.2 58.2 60.1 2208 950 5.244
1787286462 59.2 59.2 58.2 60.1 2208 950 5.249
1787286463 59.2 59.2 58.2 61.0 2208 950 5.244
1787286465 60.1 60.1 59.2 61.0 2208 950 5.201
1787286466 59.2 59.2 58.2 61.0 2208 950 5.206
1787286467 60.1 60.1 59.2 61.0 2208 950 5.225
1787286468 59.2 59.2 58.2 61.0 2208 950 5.244
1787286469 60.1 60.1 59.2 61.0 2208 950 5.230
1787286470 59.2 59.2 58.2 60.1 2208 950 5.215
1787286471 60.1 60.1 59.2 61.0 2208 950 5.215
1787286473 60.1 60.1 59.2 60.1 2208 950 5.244
1787286474 60.1 59.2 59.2 61.0 2208 950 5.211
1787286475 59.2 59.2 58.2 60.1 2208 950 5.196
1787286476 60.1 60.1 59.2 61.0 2208 950 5.244
1787286477 60.1 60.1 59.2 61.0 2208 950 5.249
1787286478 60.1 59.2 59.2 61.0 2208 950 5.215
1787286479 60.1 60.1 59.2 61.9 2208 950 5.206
1787286481 60.1 60.1 59.2 61.0 2208 950 5.201
1787286482 60.1 60.1 59.2 61.0 2208 950 5.230
1787286483 60.1 60.1 59.2 61.0 2208 950 5.249
1787286484 59.2 60.1 59.2 61.0 2208 950 5.254
1787286485 60.1 60.1 59.2 61.9 2208 950 5.211
1787286486 60.1 60.1 59.2 61.0 2208 950 5.196
1787286488 59.2 60.1 59.2 61.0 2208 950 5.249
1787286489 60.1 59.2 59.2 61.0 2208 950 5.220
1787286490 61.0 60.1 59.2 61.9 2208 950 5.206
1787286491 60.1 60.1 59.2 60.1 2208 950 5.215
1787286492 54.5 53.6 53.6 54.5 2208 950 5.298
1787286493 52.7 50.8 50.8 51.8 2208 950 5.302
1787286494 49.9 49.0 49.0 50.8 2208 950 5.293
1787286495 49.0 48.1 48.1 49.0 2208 950 5.312
1787286496 48.1 47.2 47.2 48.1 2208 950 5.312
1787286497 47.2 46.2 46.2 48.1 2208 950 5.302
1787286498 47.2 46.2 45.3 47.2 2208 950 5.215
1787286500 46.2 45.3 45.3 46.2 2208 950 5.293
1787286501 46.2 44.4 44.4 46.2 2208 950 5.302
1787286502 45.3 43.5 44.4 45.3 2208 950 5.317
1787286503 45.3 43.5 44.4 45.3 2208 950 5.293
1787286504 44.4 43.5 43.5 44.4 2208 950 5.317
1787286505 44.4 43.5 43.5 44.4 2208 950 5.249
1787286506 44.4 42.5 43.5 44.4 2208 950 5.298
1787286507 43.5 42.5 42.5 44.4 2208 950 5.293
1787286508 43.5 42.5 42.5 43.5 2208 950 5.327
1787286509 46.2 45.3 44.4 46.2 2208 950 5.249
1787286510 48.1 48.1 48.1 49.0 2208 950 5.254
1787286511 49.0 48.1 48.1 49.0 2208 950 5.244
1787286512 49.0 49.0 48.1 49.9 2208 950 5.249
1787286513 49.9 49.0 49.0 49.9 2208 950 5.196
1787286514 49.0 48.1 49.0 49.9 2208 950 5.264
1787286516 49.0 49.0 48.1 49.9 2208 950 5.230
1787286517 49.9 49.0 49.0 49.9 2208 950 5.235
1787286518 49.9 49.0 49.0 49.9 2208 950 5.215
1787286519 49.9 49.9 49.0 49.9 2208 950 5.230
1787286520 46.2 45.3 45.3 46.2 2208 950 5.298
1787286521 45.3 44.4 44.4 45.3 2208 950 5.312
1787286522 49.0 48.1 48.1 49.0 2208 950 5.215
1787286523 51.8 51.8 50.8 53.6 2208 950 5.215
1787286524 52.7 52.7 52.7 54.5 2208 950 5.230
1787286525 53.6 53.6 53.6 54.5 2208 950 5.196
1787286526 54.5 53.6 53.6 55.5 2208 950 5.225
1787286528 54.5 54.5 54.5 56.4 2208 950 5.254
1787286529 54.5 54.5 54.5 56.4 2208 950 5.240
1787286530 55.5 55.5 54.5 56.4 2208 950 5.240
1787286531 55.5 55.5 54.5 56.4 2208 950 5.201
1787286532 56.4 56.4 55.5 57.3 2208 950 5.196
1787286533 56.4 56.4 55.5 56.4 2208 950 5.215
1787286534 56.4 56.4 55.5 57.3 2208 950 5.235
1787286536 56.4 56.4 55.5 57.3 2208 950 5.249
1787286537 57.3 56.4 56.4 58.2 2208 950 5.191
1787286538 56.4 56.4 55.5 57.3 2208 950 5.244
1787286539 56.4 55.5 55.5 57.3 2208 950 5.235
1787286540 57.3 57.3 56.4 58.2 2208 950 5.249
1787286541 56.4 56.4 55.5 57.3 2208 950 5.186
1787286542 57.3 56.4 55.5 58.2 2208 950 5.211
1787286544 58.2 58.2 57.3 59.2 2208 950 5.215
1787286545 57.3 56.4 56.4 58.2 2208 950 5.162
1787286546 57.3 57.3 56.4 59.2 2208 950 5.215
1787286547 57.3 57.3 56.4 58.2 2208 950 5.225
1787286548 58.2 57.3 57.3 59.2 2208 950 5.264
1787286549 57.3 56.4 56.4 58.2 2208 950 5.249
1787286550 58.2 58.2 57.3 59.2 2208 950 5.215
1787286551 58.2 58.2 57.3 59.2 2208 950 5.259
1787286553 58.2 58.2 57.3 60.1 2208 950 5.235
1787286554 58.2 58.2 57.3 59.2 2208 950 5.249
1787286555 58.2 58.2 57.3 59.2 2208 950 5.230
1787286556 58.2 57.3 57.3 59.2 2208 950 5.211
1787286557 57.3 58.2 57.3 59.2 2208 950 5.230
1787286558 58.2 58.2 58.2 60.1 2208 950 5.215
1787286559 58.2 58.2 57.3 59.2 2208 950 5.235
1787286561 58.2 57.3 57.3 60.1 2208 950 5.220
1787286562 58.2 58.2 58.2 59.2 2208 950 5.191
1787286563 58.2 57.3 57.3 59.2 2208 950 5.230
1787286564 58.2 58.2 57.3 59.2 2208 950 5.177
1787286565 58.2 57.3 57.3 59.2 2208 950 5.240
1787286566 58.2 58.2 57.3 59.2 2208 950 5.225
1787286567 58.2 58.2 57.3 59.2 2208 950 5.235
1787286568 58.2 58.2 57.3 59.2 2208 950 5.196
1787286570 58.2 58.2 57.3 59.2 2208 950 5.215
1787286571 58.2 58.2 57.3 60.1 2208 950 5.244
1787286572 58.2 58.2 57.3 59.2 2208 950 5.254
1787286573 59.2 58.2 57.3 60.1 2208 950 5.235
1787286574 59.2 59.2 58.2 60.1 2208 950 5.206
1787286575 59.2 58.2 57.3 60.1 2208 950 5.235
1787286576 58.2 58.2 57.3 59.2 2208 950 5.201
1787286577 59.2 58.2 58.2 61.0 2208 950 5.225
1787286579 59.2 59.2 59.2 61.0 2208 950 5.201
1787286580 60.1 59.2 59.2 61.0 2208 950 5.211
1787286581 59.2 59.2 58.2 59.2 2208 950 5.249
1787286582 58.2 58.2 57.3 60.1 2208 950 5.254
1787286583 51.8 49.9 50.8 51.8 2208 950 5.293
1787286584 49.9 49.0 49.0 49.9 2208 950 5.302
1787286585 49.0 47.2 48.1 50.8 2208 950 5.273
1787286586 48.1 47.2 47.2 48.1 2208 950 5.317
1787286587 47.2 46.2 46.2 48.1 2208 950 5.249
1787286589 47.2 45.3 45.3 46.2 2208 950 5.283
1787286590 45.3 44.4 44.4 46.2 2208 950 5.288
1787286591 45.3 44.4 44.4 45.3 2208 950 5.230
1787286592 45.3 43.5 44.4 45.3 2208 950 5.312
1787286593 44.4 43.5 43.5 44.4 2208 950 5.298
1787286594 44.4 43.5 43.5 44.4 2208 950 5.312
1787286595 43.5 42.5 42.5 44.4 2208 950 5.244
1787286596 43.5 42.5 42.5 43.5 2208 950 5.264
1787286597 42.5 41.6 42.5 43.5 2208 950 5.254
1787286598 43.5 41.6 41.6 43.5 2208 950 5.298
1787286599 42.5 41.6 41.6 42.5 2208 950 5.259
1787286600 42.5 40.7 41.6 42.5 2208 950 5.249
1787286601 42.5 40.7 40.7 42.5 2208 950 5.244
1787286602 42.5 40.7 40.7 41.6 2208 950 5.312
1787286603 42.5 40.7 40.7 41.6 2208 950 5.278
1787286605 41.6 39.8 40.7 41.6 2208 950 5.283
1787286606 41.6 39.8 39.8 41.6 2208 950 5.317
1787286607 47.2 46.2 46.2 47.2 2208 950 5.264
1787286608 49.9 49.0 49.0 50.8 2208 950 5.211
1787286609 50.8 50.8 50.8 51.8 2208 950 5.215
1787286610 52.7 50.8 50.8 52.7 2208 950 5.235
1787286611 51.8 51.8 51.8 53.6 2208 950 5.182
1787286612 52.7 52.7 52.7 54.5 2208 950 5.196
1787286614 53.6 53.6 52.7 54.5 2208 950 5.254
1787286615 54.5 53.6 53.6 55.5 2208 950 5.196
1787286616 54.5 53.6 53.6 54.5 2208 950 5.240
1787286617 54.5 53.6 53.6 55.5 2208 950 5.220
1787286618 55.5 54.5 54.5 55.5 2208 950 5.220
1787286619 54.5 54.5 53.6 55.5 2208 950 5.201
1787286620 55.5 55.5 54.5 56.4 2208 950 5.206
1787286621 55.5 55.5 54.5 56.4 2208 950 5.215
1787286623 55.5 54.5 54.5 56.4 2208 950 5.269
1787286624 55.5 55.5 54.5 56.4 2208 950 5.220
1787286625 56.4 56.4 55.5 57.3 2208 950 5.240
1787286626 57.3 57.3 55.5 57.3 2208 950 5.254
1787286627 55.5 55.5 55.5 56.4 2208 950 5.240
1787286628 56.4 56.4 55.5 58.2 2208 950 5.220
1787286629 56.4 56.4 55.5 58.2 2208 950 5.244
1787286630 57.3 56.4 56.4 58.2 2208 950 5.215
1787286632 57.3 57.3 56.4 57.3 2208 950 5.206
1787286633 57.3 56.4 56.4 58.2 2208 950 5.240
1787286634 57.3 57.3 56.4 58.2 2208 950 5.278
1787286635 57.3 57.3 56.4 58.2 2208 950 5.196
1787286636 57.3 57.3 56.4 58.2 2208 950 5.225
1787286637 57.3 57.3 57.3 58.2 2208 950 5.302
1787286638 57.3 57.3 56.4 59.2 2208 950 5.225
1787286640 58.2 57.3 57.3 59.2 2208 950 5.254
1787286641 58.2 57.3 56.4 59.2 2208 950 5.211
1787286642 57.3 57.3 57.3 59.2 2208 950 5.244
1787286643 58.2 57.3 57.3 59.2 2208 950 5.211
1787286644 58.2 57.3 57.3 59.2 2208 950 5.235
1787286645 58.2 58.2 57.3 60.1 2208 950 5.215
1787286646 58.2 57.3 56.4 58.2 2208 950 5.264
1787286647 58.2 57.3 57.3 60.1 2208 950 5.211
1787286649 58.2 58.2 58.2 60.1 2208 950 5.196
1787286650 58.2 58.2 57.3 59.2 2208 950 5.235
1787286651 58.2 58.2 58.2 59.2 2208 950 5.244
1787286652 58.2 58.2 57.3 59.2 2208 950 5.254
1787286653 59.2 58.2 58.2 60.1 2208 950 5.249
1787286654 59.2 59.2 58.2 60.1 2208 950 5.215
1787286655 58.2 58.2 58.2 60.1 2208 950 5.254
1787286657 59.2 58.2 58.2 60.1 2208 950 5.254
1787286658 59.2 58.2 58.2 60.1 2208 950 5.201
1787286659 59.2 58.2 58.2 60.1 2208 950 5.215
1787286660 59.2 58.2 58.2 60.1 2208 950 5.235
1787286661 59.2 58.2 58.2 60.1 2208 950 5.215
1787286662 59.2 58.2 58.2 59.2 2208 950 5.215
1787286663 58.2 57.3 57.3 59.2 2208 950 5.196
1787286664 58.2 58.2 58.2 60.1 2208 950 5.220
1787286666 58.2 58.2 57.3 59.2 2208 950 5.215
1787286667 59.2 58.2 57.3 59.2 2208 950 5.235
1787286668 50.8 49.9 49.9 51.8 2208 950 5.288
1787286669 49.9 49.0 49.0 49.9 2208 950 5.259
1787286670 49.0 47.2 47.2 49.0 2208 950 5.327
1787286671 48.1 46.2 47.2 48.1 2208 950 5.298
1787286672 47.2 45.3 46.2 47.2 2208 950 5.288
1787286673 46.2 45.3 45.3 46.2 2208 950 5.302
1787286674 46.2 44.4 44.4 46.2 2208 950 5.298
1787286675 45.3 43.5 44.4 46.2 2208 950 5.293
1787286676 44.4 43.5 43.5 44.4 2208 950 5.269
1787286678 44.4 43.5 43.5 44.4 2208 950 5.317
1787286679 44.4 42.5 43.5 44.4 2208 950 5.298
1787286680 43.5 42.5 42.5 43.5 2208 950 5.312
1787286681 43.5 41.6 42.5 43.5 2208 950 5.273
1787286682 43.5 41.6 42.5 43.5 2208 950 5.307
1787286683 42.5 41.6 41.6 43.5 2208 950 5.254
1787286684 42.5 41.6 41.6 42.5 2208 950 5.264
1787286685 46.2 45.3 45.3 47.2 2208 950 5.264
1787286686 48.1 47.2 47.2 48.1 2208 950 5.269
1787286687 48.1 48.1 48.1 48.1 2208 950 5.244
1787286688 48.1 48.1 48.1 49.9 2208 950 5.244
1787286689 48.1 48.1 48.1 48.1 2208 950 5.211
1787286690 48.1 49.0 48.1 49.0 2208 950 5.249
1787286691 49.0 49.0 48.1 49.9 2208 950 5.230
1787286693 49.0 49.0 48.1 49.0 2208 950 5.273
1787286694 49.0 48.1 48.1 49.9 2208 950 5.264
1787286695 48.1 46.2 47.2 47.2 2208 950 5.322
1787286696 45.3 43.5 44.4 45.3 2208 950 5.298
1787286697 45.3 43.5 43.5 45.3 2208 950 5.288
1787286698 49.9 49.0 48.1 49.9 2208 950 5.211
1787286699 51.8 50.8 50.8 52.7 2208 950 5.201
1787286700 52.7 52.7 51.8 54.5 2208 950 5.230
1787286701 53.6 53.6 52.7 54.5 2208 950 5.215
1787286702 54.5 54.5 53.6 55.5 2208 950 5.235
1787286703 54.5 53.6 53.6 55.5 2208 950 5.215
1787286705 54.5 54.5 53.6 56.4 2208 950 5.235
1787286706 55.5 54.5 54.5 56.4 2208 950 5.249
1787286707 55.5 55.5 54.5 57.3 2208 950 5.240
1787286708 55.5 55.5 54.5 57.3 2208 950 5.211
1787286709 56.4 55.5 54.5 57.3 2208 950 5.220
1787286710 56.4 56.4 55.5 57.3 2208 950 5.230
1787286711 56.4 55.5 54.5 57.3 2208 950 5.220
1787286713 55.5 54.5 54.5 56.4 2208 950 5.201
1787286714 55.5 55.5 55.5 56.4 2208 950 5.215
1787286715 57.3 56.4 55.5 58.2 2208 950 5.211
1787286716 56.4 56.4 55.5 58.2 2208 950 5.215
1787286717 57.3 56.4 56.4 58.2 2208 950 5.191
1787286718 57.3 57.3 56.4 58.2 2208 950 5.244
1787286719 57.3 57.3 56.4 58.2 2208 950 5.215
1787286720 57.3 57.3 56.4 58.2 2208 950 5.259
1787286722 57.3 57.3 56.4 58.2 2208 950 5.225
1787286723 58.2 57.3 56.4 59.2 2208 950 5.230
1787286724 58.2 57.3 57.3 59.2 2208 950 5.215
1787286725 58.2 57.3 57.3 59.2 2208 950 5.211
1787286726 57.3 57.3 56.4 58.2 2208 950 5.172
1787286727 57.3 57.3 56.4 59.2 2208 950 5.240
1787286728 57.3 56.4 56.4 58.2 2208 950 5.211
1787286729 58.2 58.2 57.3 60.1 2208 950 5.249
1787286731 59.2 58.2 58.2 60.1 2208 950 5.215
1787286732 58.2 58.2 57.3 59.2 2208 950 5.230
1787286733 59.2 58.2 58.2 60.1 2208 950 5.225
1787286734 58.2 57.3 57.3 59.2 2208 950 5.172
1787286735 57.3 57.3 56.4 59.2 2208 950 5.288
1787286736 58.2 58.2 57.3 59.2 2208 950 5.230
1787286737 59.2 58.2 57.3 59.2 2208 950 5.235
1787286738 59.2 58.2 57.3 60.1 2208 950 5.220
1787286740 58.2 57.3 57.3 59.2 2208 950 5.249
1787286741 58.2 58.2 57.3 59.2 2208 950 5.230
1787286742 58.2 58.2 58.2 59.2 2208 950 5.215
1787286743 58.2 58.2 57.3 58.2 2208 950 5.211
1787286744 58.2 57.3 57.3 58.2 2208 950 5.225
1787286745 58.2 57.3 57.3 59.2 2208 950 5.307
1787286746 59.2 58.2 58.2 60.1 2208 950 5.201
1787286748 59.2 58.2 58.2 59.2 2208 950 5.254
1787286749 58.2 58.2 57.3 59.2 2208 950 5.167
1787286750 58.2 58.2 57.3 59.2 2208 950 5.211
1787286751 59.2 58.2 58.2 60.1 2208 950 5.235
1787286752 59.2 58.2 57.3 60.1 2208 950 5.230
1787286753 58.2 58.2 58.2 60.1 2208 950 5.259
1787286754 59.2 58.2 58.2 60.1 2208 950 5.225
1787286756 59.2 59.2 58.2 60.1 2208 950 5.225
1787286757 59.2 58.2 58.2 60.1 2208 950 5.186
1787286758 54.5 52.7 53.6 53.6 2208 950 5.317
1787286759 50.8 49.0 49.9 50.8 2208 950 5.249
1787286760 49.9 48.1 48.1 49.0 2208 950 5.264
1787286761 49.0 47.2 48.1 49.0 2208 950 5.235
1787286762 48.1 46.2 46.2 48.1 2208 950 5.298
1787286763 47.2 45.3 45.3 47.2 2208 950 5.317
1787286764 46.2 44.4 44.4 46.2 2208 950 5.283
1787286765 45.3 44.4 44.4 45.3 2208 950 5.302
1787286766 45.3 43.5 44.4 45.3 2208 950 5.283
1787286767 44.4 43.5 43.5 44.4 2208 950 5.293
1787286769 44.4 42.5 43.5 44.4 2208 950 5.244
1787286770 43.5 42.5 42.5 44.4 2208 950 5.278
1787286771 43.5 42.5 42.5 43.5 2208 950 5.312
1787286772 43.5 41.6 42.5 43.5 2208 950 5.235
1787286773 43.5 41.6 42.5 42.5 2208 950 5.293
1787286774 42.5 41.6 41.6 42.5 2208 950 5.312
1787286775 42.5 41.6 41.6 42.5 2208 950 5.254
1787286776 42.5 40.7 40.7 42.5 2208 950 5.278
1787286777 41.6 40.7 40.7 41.6 2208 950 5.288
1787286778 41.6 40.7 40.7 42.5 2208 950 5.283
1787286779 41.6 39.8 40.7 41.6 2208 950 5.317
1787286780 41.6 39.8 40.7 41.6 2208 950 5.259
1787286781 40.7 39.8 39.8 41.6 2208 950 5.302
1787286782 46.2 46.2 46.2 48.1 2208 950 5.230
1787286784 49.0 49.0 48.1 49.9 2208 950 5.196
1787286785 51.8 50.8 49.9 51.8 2208 950 5.191
1787286786 51.8 50.8 50.8 51.8 2208 950 5.240
1787286787 52.7 51.8 51.8 53.6 2208 950 5.230
1787286788 52.7 51.8 51.8 54.5 2208 950 5.235
1787286789 53.6 52.7 52.7 54.5 2208 950 5.240
1787286790 54.5 53.6 52.7 54.5 2208 950 5.240
1787286792 53.6 54.5 53.6 55.5 2208 950 5.225
1787286793 53.6 53.6 52.7 54.5 2208 950 5.215
1787286794 54.5 54.5 53.6 54.5 2208 950 5.191
1787286795 54.5 53.6 53.6 54.5 2208 950 5.249
1787286796 55.5 55.5 54.5 56.4 2208 950 5.283
1787286797 56.4 55.5 54.5 57.3 2208 950 5.225
1787286798 55.5 54.5 53.6 55.5 2208 950 5.215
1787286799 55.5 55.5 54.5 56.4 2208 950 5.215
1787286800 55.5 56.4 55.5 57.3 2208 950 5.230
1787286802 56.4 56.4 55.5 58.2 2208 950 5.235
1787286803 55.5 54.5 54.5 55.5 2208 950 5.240
1787286804 56.4 56.4 55.5 58.2 2208 950 5.177
1787286805 57.3 56.4 56.4 58.2 2208 950 5.220
1787286806 56.4 56.4 55.5 57.3 2208 950 5.206
1787286807 57.3 56.4 56.4 58.2 2208 950 5.196
1787286808 56.4 56.4 55.5 58.2 2208 950 5.230
1787286810 57.3 56.4 55.5 58.2 2208 950 5.215
1787286811 57.3 56.4 56.4 58.2 2208 950 5.244
1787286812 57.3 57.3 56.4 58.2 2208 950 5.215
1787286813 57.3 57.3 56.4 58.2 2208 950 5.254
1787286814 57.3 57.3 56.4 59.2 2208 950 5.225
1787286815 57.3 56.4 56.4 57.3 2208 950 5.225
1787286816 57.3 57.3 56.4 58.2 2208 950 5.215
1787286817 57.3 57.3 56.4 59.2 2208 950 5.254
1787286819 58.2 58.2 56.4 59.2 2208 950 5.235
1787286820 57.3 56.4 56.4 58.2 2208 950 5.254
1787286821 58.2 57.3 57.3 59.2 2208 950 5.312
1787286822 58.2 57.3 56.4 58.2 2208 950 5.220
1787286823 58.2 58.2 57.3 59.2 2208 950 5.225
1787286824 58.2 58.2 57.3 59.2 2208 950 5.283
1787286825 58.2 58.2 57.3 59.2 2208 950 5.244
1787286826 58.2 58.2 57.3 59.2 2208 950 5.201
1787286828 58.2 58.2 57.3 60.1 2208 950 5.215
1787286829 58.2 58.2 57.3 60.1 2208 950 5.264
1787286830 58.2 57.3 57.3 59.2 2208 950 5.196
1787286831 58.2 58.2 58.2 59.2 2208 950 5.211
1787286832 58.2 58.2 57.3 60.1 2208 950 5.191
1787286833 59.2 58.2 58.2 59.2 2208 950 5.240
1787286834 58.2 58.2 57.3 59.2 2208 950 5.235
1787286836 59.2 58.2 58.2 59.2 2208 950 5.196
1787286837 58.2 58.2 58.2 59.2 2208 950 5.225
1787286838 58.2 57.3 57.3 59.2 2208 950 5.235
1787286839 59.2 58.2 58.2 60.1 2208 950 5.278
1787286840 58.2 58.2 58.2 60.1 2208 950 5.235
1787286841 59.2 58.2 58.2 59.2 2208 950 5.230
1787286842 59.2 59.2 58.2 60.1 2208 950 5.249
1787286843 51.8 50.8 50.8 51.8 2208 950 5.322
1787286845 49.9 48.1 49.0 49.9 2208 950 5.317
1787286846 49.0 47.2 48.1 48.1 2208 950 5.293
1787286847 48.1 46.2 47.2 48.1 2208 950 5.322
1787286848 47.2 45.3 46.2 47.2 2208 950 5.322
1787286849 46.2 45.3 45.3 46.2 2208 950 5.244
1787286850 45.3 44.4 44.4 45.3 2208 950 5.288
1787286851 45.3 43.5 44.4 45.3 2208 950 5.244
1787286852 45.3 43.5 43.5 44.4 2208 950 5.273
1787286853 44.4 43.5 43.5 44.4 2208 950 5.264
1787286854 44.4 42.5 42.5 44.4 2208 950 5.254
1787286855 43.5 42.5 42.5 43.5 2208 950 5.322
1787286856 43.5 41.6 42.5 43.5 2208 950 5.283
1787286857 43.5 41.6 41.6 43.5 2208 950 5.327
1787286858 42.5 41.6 41.6 43.5 2208 950 5.215
1787286860 42.5 40.7 41.6 42.5 2208 950 5.249
1787286861 46.2 45.3 45.3 46.2 2208 950 5.196
1787286862 48.1 47.2 47.2 48.1 2208 950 5.225
1787286863 48.1 47.2 47.2 48.1 2208 950 5.269
1787286864 48.1 48.1 48.1 49.0 2208 950 5.254
1787286865 49.0 48.1 48.1 49.0 2208 950 5.254
1787286866 49.0 49.0 48.1 49.9 2208 950 5.283
1787286867 49.0 49.0 48.1 49.0 2208 950 5.206
1787286868 49.0 49.0 48.1 49.9 2208 950 5.254
1787286869 49.0 49.0 49.0 49.9 2208 950 5.283
1787286870 49.9 49.0 49.0 49.9 2208 950 5.298
1787286871 45.3 44.4 44.4 45.3 2208 950 5.283
1787286872 45.3 43.5 44.4 45.3 2208 950 5.317
1787286873 49.9 49.9 49.9 50.8 2208 950 5.206
1787286875 51.8 51.8 51.8 53.6 2208 950 5.230
1787286876 52.7 52.7 51.8 53.6 2208 950 5.240
1787286877 53.6 52.7 52.7 54.5 2208 950 5.244
1787286878 53.6 53.6 52.7 54.5 2208 950 5.230
1787286879 54.5 54.5 53.6 55.5 2208 950 5.201
1787286880 53.6 53.6 53.6 54.5 2208 950 5.254
1787286881 55.5 54.5 54.5 55.5 2208 950 5.215
1787286882 54.5 53.6 53.6 55.5 2208 950 5.215
1787286883 55.5 54.5 54.5 56.4 2208 950 5.215
1787286885 56.4 55.5 55.5 57.3 2208 950 5.215
1787286886 56.4 56.4 55.5 57.3 2208 950 5.254
1787286887 55.5 55.5 54.5 56.4 2208 950 5.244
1787286888 55.5 55.5 54.5 57.3 2208 950 5.211
1787286889 57.3 56.4 55.5 58.2 2208 950 5.254
1787286890 56.4 56.4 55.5 58.2 2208 950 5.235
1787286891 56.4 56.4 55.5 58.2 2208 950 5.244
1787286893 55.5 55.5 55.5 56.4 2208 950 5.235
1787286894 56.4 55.5 55.5 57.3 2208 950 5.215
1787286895 56.4 55.5 55.5 57.3 2208 950 5.240
1787286896 56.4 56.4 55.5 57.3 2208 950 5.244
1787286897 56.4 56.4 55.5 57.3 2208 950 5.191
1787286898 57.3 56.4 56.4 59.2 2208 950 5.230
1787286899 57.3 57.3 57.3 59.2 2208 950 5.201
1787286900 57.3 56.4 56.4 59.2 2208 950 5.273
1787286902 57.3 57.3 56.4 58.2 2208 950 5.249
1787286903 58.2 57.3 57.3 59.2 2208 950 5.235
1787286904 57.3 57.3 56.4 58.2 2208 950 5.225
1787286905 57.3 57.3 56.4 58.2 2208 950 5.201
1787286906 57.3 57.3 56.4 59.2 2208 950 5.244
1787286907 57.3 56.4 56.4 58.2 2208 950 5.215
1787286908 57.3 56.4 56.4 58.2 2208 950 5.220
1787286909 58.2 57.3 57.3 59.2 2208 950 5.244
1787286911 57.3 56.4 56.4 58.2 2208 950 5.225
1787286912 58.2 58.2 57.3 59.2 2208 950 5.230
1787286913 58.2 57.3 57.3 59.2 2208 950 5.264
1787286914 58.2 58.2 57.3 60.1 2208 950 5.215
1787286915 58.2 58.2 57.3 59.2 2208 950 5.211
1787286916 58.2 58.2 57.3 60.1 2208 950 5.206
1787286917 58.2 58.2 57.3 59.2 2208 950 5.196
1787286919 58.2 57.3 57.3 59.2 2208 950 5.196
1787286920 58.2 58.2 57.3 59.2 2208 950 5.196
1787286921 58.2 58.2 57.3 59.2 2208 950 5.244
1787286922 58.2 57.3 57.3 59.2 2208 950 5.186
1787286923 59.2 59.2 58.2 61.0 2208 950 5.211
1787286924 58.2 58.2 57.3 59.2 2208 950 5.244
1787286925 58.2 58.2 57.3 59.2 2208 950 5.211
1787286926 58.2 58.2 58.2 59.2 2208 950 5.225
1787286928 58.2 58.2 57.3 59.2 2208 950 5.215
1787286929 58.2 58.2 57.3 60.1 2208 950 5.196
1787286930 59.2 58.2 58.2 59.2 2208 950 5.215
1787286931 59.2 58.2 58.2 60.1 2208 950 5.206
1787286932 57.3 57.3 57.3 59.2 2208 950 5.215
1787286933 59.2 58.2 58.2 60.1 2208 950 5.220
1787286934 50.8 49.9 49.9 50.8 2208 950 5.244
1787286935 49.9 48.1 48.1 49.9 2208 950 5.307
1787286936 49.0 47.2 47.2 48.1 2208 950 5.312
1787286937 48.1 46.2 47.2 48.1 2208 950 5.244
1787286939 47.2 45.3 46.2 48.1 2208 950 5.244
1787286940 46.2 45.3 45.3 46.2 2208 950 5.264
1787286941 45.3 44.4 44.4 45.3 2208 950 5.264
1787286942 45.3 43.5 44.4 45.3 2208 950 5.327
1787286943 44.4 43.5 43.5 45.3 2208 950 5.293
1787286944 44.4 43.5 43.5 44.4 2208 950 5.293
1787286945 43.5 42.5 42.5 43.5 2208 950 5.264
1787286946 43.5 42.5 42.5 43.5 2208 950 5.288
1787286947 43.5 41.6 41.6 43.5 2208 950 5.302
1787286948 42.5 41.6 41.6 42.5 2208 950 5.283
1787286949 42.5 41.6 41.6 42.5 2208 950 5.322
1787286950 42.5 40.7 41.6 41.6 2208 950 5.269
1787286951 42.5 40.7 41.6 42.5 2208 950 5.307
1787286952 42.5 40.7 40.7 42.5 2208 950 5.288
1787286953 41.6 40.7 40.7 41.6 2208 950 5.298
1787286955 41.6 39.8 39.8 41.6 2208 950 5.307
1787286956 40.7 39.8 39.8 41.6 2208 950 5.215
1787286957 41.6 39.8 39.8 41.6 2208 950 5.327
1787286958 45.3 45.3 45.3 47.2 2208 950 5.264
1787286959 49.0 49.0 49.0 50.8 2208 950 5.215
1787286960 50.8 50.8 49.9 51.8 2208 950 5.220
1787286961 52.7 52.7 51.8 53.6 2208 950 5.191
1787286962 52.7 51.8 51.8 53.6 2208 950 5.215
1787286964 52.7 52.7 52.7 54.5 2208 950 5.220
1787286965 53.6 52.7 52.7 54.5 2208 950 5.244
1787286966 54.5 53.6 53.6 55.5 2208 950 5.196
1787286967 54.5 53.6 53.6 55.5 2208 950 5.254
1787286968 54.5 53.6 53.6 54.5 2208 950 5.235
1787286969 54.5 54.5 53.6 55.5 2208 950 5.240
1787286970 55.5 54.5 54.5 55.5 2208 950 5.225
1787286971 55.5 55.5 54.5 56.4 2208 950 5.225
1787286973 55.5 55.5 54.5 57.3 2208 950 5.225
1787286974 55.5 55.5 54.5 56.4 2208 950 5.225
1787286975 55.5 55.5 54.5 56.4 2208 950 5.215
1787286976 55.5 55.5 55.5 57.3 2208 950 5.230
1787286977 55.5 54.5 54.5 56.4 2208 950 5.244
1787286978 55.5 55.5 54.5 57.3 2208 950 5.215
1787286979 56.4 56.4 55.5 57.3 2208 950 5.269
1787286981 56.4 56.4 55.5 58.2 2208 950 5.196
1787286982 56.4 56.4 55.5 57.3 2208 950 5.240
1787286983 57.3 56.4 56.4 59.2 2208 950 5.249
1787286984 57.3 57.3 56.4 58.2 2208 950 5.211
1787286985 57.3 57.3 57.3 59.2 2208 950 5.225
1787286986 57.3 56.4 55.5 57.3 2208 950 5.220
1787286987 57.3 56.4 55.5 58.2 2208 950 5.148
1787286988 57.3 57.3 56.4 58.2 2208 950 5.249
1787286990 57.3 56.4 56.4 57.3 2208 950 5.220
1787286991 57.3 56.4 56.4 58.2 2208 950 5.206
1787286992 57.3 57.3 57.3 59.2 2208 950 5.211
1787286993 57.3 57.3 57.3 58.2 2208 950 5.206
1787286994 58.2 58.2 57.3 58.2 2208 950 5.196
1787286995 58.2 58.2 57.3 60.1 2208 950 5.235
1787286996 59.2 58.2 57.3 60.1 2208 950 5.201
1787286998 57.3 57.3 56.4 58.2 2208 950 5.244
1787286999 58.2 58.2 57.3 59.2 2208 950 5.230
1787287000 57.3 56.4 56.4 58.2 2208 950 5.235
1787287001 57.3 58.2 57.3 59.2 2208 950 5.206
1787287002 58.2 57.3 57.3 58.2 2208 950 5.235
1787287003 57.3 57.3 56.4 59.2 2208 950 5.254
1787287004 59.2 58.2 58.2 59.2 2208 950 5.220
1787287005 59.2 58.2 58.2 60.1 2208 950 5.225
1787287007 58.2 58.2 57.3 59.2 2208 950 5.225
1787287008 58.2 58.2 57.3 60.1 2208 950 5.220
1787287009 58.2 58.2 57.3 59.2 2208 950 5.191
1787287010 58.2 58.2 57.3 60.1 2208 950 5.240
1787287011 59.2 59.2 58.2 60.1 2208 950 5.259
1787287012 58.2 58.2 57.3 60.1 2208 950 5.244
1787287013 59.2 59.2 58.2 60.1 2208 950 5.254
1787287015 58.2 58.2 57.3 60.1 2208 950 5.240
1787287016 58.2 57.3 57.3 58.2 2208 950 5.206
1787287017 59.2 58.2 58.2 60.1 2208 950 5.201
1787287018 58.2 58.2 58.2 59.2 2208 950 5.249
1787287019 51.8 49.9 49.9 51.8 2208 950 5.293
1787287020 49.9 48.1 49.0 49.9 2208 950 5.317
1787287021 48.1 47.2 47.2 48.1 2208 950 5.302
1787287022 47.2 46.2 46.2 47.2 2208 950 5.302
1787287023 46.2 45.3 45.3 47.2 2208 950 5.240
1787287024 46.2 45.3 45.3 46.2 2208 950 5.235
1787287026 45.3 44.4 44.4 45.3 2208 950 5.312
1787287027 45.3 43.5 43.5 45.3 2208 950 5.322
1787287028 44.4 43.5 43.5 44.4 2208 950 5.273
1787287029 44.4 42.5 42.5 44.4 2208 950 5.244
1787287030 43.5 42.5 42.5 44.4 2208 950 5.283
1787287031 43.5 42.5 42.5 43.5 2208 950 5.244
1787287032 43.5 41.6 42.5 43.5 2208 950 5.273
1787287033 43.5 41.6 41.6 43.5 2208 950 5.302
1787287034 42.5 41.6 41.6 42.5 2208 950 5.322
1787287035 42.5 40.7 41.6 42.5 2208 950 5.322
1787287036 46.2 46.2 45.3 47.2 2208 950 5.264
1787287037 47.2 46.2 46.2 48.1 2208 950 5.254
1787287038 48.1 48.1 48.1 49.0 2208 950 5.278
1787287039 49.0 48.1 48.1 49.0 2208 950 5.259
1787287040 48.1 49.0 48.1 49.0 2208 950 5.269
1787287042 49.0 48.1 48.1 49.0 2208 950 5.240
1787287043 49.9 49.9 49.0 49.9 2208 950 5.259
1787287044 49.0 49.0 48.1 49.0 2208 950 5.273
1787287045 49.0 49.0 48.1 49.9 2208 950 5.235
1787287046 47.2 46.2 46.2 48.1 2208 950 5.278
1787287047 45.3 43.5 44.4 45.3 2208 950 5.269
1787287048 44.4 43.5 43.5 44.4 2208 950 5.273
1787287049 50.8 50.8 49.9 52.7 2208 950 5.220
1787287050 52.7 52.7 51.8 53.6 2208 950 5.196
1787287051 52.7 52.7 51.8 54.5 2208 950 5.206
1787287052 53.6 52.7 52.7 53.6 2208 950 5.269
1787287054 54.5 53.6 53.6 55.5 2208 950 5.240
1787287055 54.5 54.5 53.6 54.5 2208 950 5.249
1787287056 54.5 54.5 53.6 55.5 2208 950 5.206
1787287057 54.5 54.5 53.6 55.5 2208 950 5.206
1787287058 55.5 55.5 54.5 56.4 2208 950 5.191
1787287059 55.5 55.5 54.5 57.3 2208 950 5.244
1787287060 54.5 54.5 54.5 55.5 2208 950 5.225
1787287061 55.5 54.5 54.5 56.4 2208 950 5.244
1787287063 55.5 55.5 55.5 57.3 2208 950 5.215
1787287064 55.5 55.5 54.5 57.3 2208 950 5.264
1787287065 56.4 56.4 55.5 57.3 2208 950 5.244
1787287066 56.4 55.5 55.5 57.3 2208 950 5.235
1787287067 57.3 56.4 55.5 58.2 2208 950 5.220
1787287068 56.4 56.4 55.5 57.3 2208 950 5.235
1787287069 57.3 56.4 56.4 57.3 2208 950 5.196
1787287070 56.4 55.5 55.5 57.3 2208 950 5.235
1787287072 56.4 56.4 56.4 57.3 2208 950 5.230
1787287073 57.3 57.3 56.4 58.2 2208 950 5.215
1787287074 57.3 56.4 56.4 58.2 2208 950 5.225
1787287075 57.3 57.3 56.4 59.2 2208 950 5.196
1787287076 57.3 57.3 56.4 58.2 2208 950 5.215
1787287077 57.3 57.3 56.4 58.2 2208 950 5.211
1787287078 58.2 57.3 57.3 59.2 2208 950 5.269
1787287080 57.3 57.3 56.4 59.2 2208 950 5.230
1787287081 58.2 57.3 57.3 59.2 2208 950 5.264
1787287082 57.3 57.3 57.3 59.2 2208 950 5.264
1787287083 57.3 57.3 57.3 59.2 2208 950 5.220
1787287084 57.3 57.3 57.3 58.2 2208 950 5.244
1787287085 58.2 58.2 57.3 59.2 2208 950 5.206
1787287086 57.3 57.3 57.3 59.2 2208 950 5.244
1787287087 57.3 56.4 56.4 58.2 2208 950 5.254
1787287089 58.2 57.3 57.3 59.2 2208 950 5.230
1787287090 58.2 57.3 57.3 58.2 2208 950 5.225
1787287091 57.3 57.3 56.4 58.2 2208 950 5.196
1787287092 58.2 57.3 57.3 59.2 2208 950 5.235
1787287093 57.3 57.3 57.3 59.2 2208 950 5.244
1787287094 58.2 58.2 57.3 59.2 2208 950 5.235
1787287095 57.3 57.3 57.3 59.2 2208 950 5.206
1787287096 58.2 58.2 57.3 59.2 2208 950 5.186
1787287098 57.3 57.3 56.4 58.2 2208 950 5.235
1787287099 58.2 58.2 57.3 60.1 2208 950 5.244
1787287100 58.2 57.3 57.3 59.2 2208 950 5.235
1787287101 58.2 58.2 57.3 59.2 2208 950 5.215
1787287102 58.2 58.2 57.3 59.2 2208 950 5.264
1787287103 58.2 58.2 57.3 60.1 2208 950 5.211
1787287104 59.2 59.2 58.2 60.1 2208 950 5.235
1787287105 58.2 58.2 58.2 59.2 2208 950 5.240
1787287107 58.2 58.2 57.3 59.2 2208 950 5.211
1787287108 58.2 58.2 58.2 59.2 2208 950 5.225
1787287109 54.5 52.7 53.6 54.5 2208 950 5.327
1787287110 50.8 49.0 49.9 50.8 2208 950 5.322
1787287111 49.0 48.1 48.1 49.9 2208 950 5.322
1787287112 49.0 47.2 48.1 49.0 2208 950 5.273
1787287113 48.1 46.2 46.2 48.1 2208 950 5.312
1787287114 46.2 45.3 45.3 46.2 2208 950 5.254
1787287115 46.2 44.4 45.3 46.2 2208 950 5.244
1787287116 45.3 44.4 44.4 45.3 2208 950 5.312
1787287117 45.3 43.5 44.4 45.3 2208 950 5.322
1787287118 44.4 43.5 43.5 44.4 2208 950 5.298
1787287120 44.4 42.5 43.5 44.4 2208 950 5.307
1787287121 44.4 42.5 42.5 44.4 2208 950 5.312
1787287122 43.5 42.5 42.5 43.5 2208 950 5.298
1787287123 43.5 42.5 42.5 43.5 2208 950 5.244
1787287124 43.5 41.6 41.6 43.5 2208 950 5.278
1787287125 42.5 41.6 41.6 42.5 2208 950 5.307
1787287126 42.5 40.7 41.6 43.5 2208 950 5.298
1787287127 42.5 40.7 41.6 42.5 2208 950 5.322
1787287128 42.5 40.7 40.7 42.5 2208 950 5.249
1787287129 41.6 40.7 40.7 42.5 2208 950 5.327
1787287130 41.6 40.7 40.7 41.6 2208 950 5.317
1787287131 41.6 40.7 40.7 41.6 2208 950 5.269
1787287132 41.6 39.8 40.7 40.7 2208 950 5.249
1787287133 46.2 45.3 45.3 47.2 2208 950 5.240
1787287135 49.9 49.9 49.9 51.8 2208 950 5.201
1787287136 51.8 51.8 50.8 52.7 2208 950 5.172
1787287137 51.8 51.8 50.8 52.7 2208 950 5.283
1787287138 53.6 52.7 51.8 54.5 2208 950 5.225
1787287139 53.6 53.6 52.7 54.5 2208 950 5.206
1787287140 53.6 53.6 53.6 55.5 2208 950 5.211
1787287141 54.5 53.6 53.6 54.5 2208 950 5.191
1787287143 54.5 54.5 53.6 56.4 2208 950 5.206
1787287144 54.5 53.6 53.6 55.5 2208 950 5.215
1787287145 54.5 54.5 54.5 55.5 2208 950 5.278
1787287146 54.5 54.5 53.6 55.5 2208 950 5.240
1787287147 55.5 55.5 54.5 57.3 2208 950 5.259
1787287148 56.4 56.4 55.5 58.2 2208 950 5.206
1787287149 56.4 55.5 55.5 57.3 2208 950 5.220
1787287150 55.5 55.5 55.5 57.3 2208 950 5.206
1787287152 56.4 56.4 55.5 57.3 2208 950 5.211
1787287153 55.5 55.5 54.5 56.4 2208 950 5.220
1787287154 57.3 56.4 55.5 57.3 2208 950 5.249
1787287155 56.4 56.4 55.5 57.3 2208 950 5.186
1787287156 56.4 56.4 55.5 57.3 2208 950 5.254
1787287157 56.4 56.4 55.5 57.3 2208 950 5.244
1787287158 57.3 56.4 56.4 57.3 2208 950 5.244
1787287160 57.3 56.4 55.5 57.3 2208 950 5.215
1787287161 57.3 56.4 56.4 58.2 2208 950 5.191
1787287162 57.3 57.3 56.4 58.2 2208 950 5.211
1787287163 57.3 56.4 56.4 58.2 2208 950 5.259
1787287164 57.3 56.4 56.4 58.2 2208 950 5.225
1787287165 57.3 57.3 57.3 59.2 2208 950 5.215
1787287166 57.3 57.3 56.4 58.2 2208 950 5.186
1787287167 57.3 57.3 56.4 59.2 2208 950 5.235
1787287169 58.2 58.2 58.2 59.2 2208 950 5.278
1787287170 58.2 58.2 57.3 59.2 2208 950 5.196
1787287171 58.2 58.2 57.3 59.2 2208 950 5.215
1787287172 58.2 58.2 57.3 59.2 2208 950 5.235
1787287173 58.2 58.2 57.3 59.2 2208 950 5.230
1787287174 58.2 58.2 57.3 59.2 2208 950 5.264
1787287175 58.2 57.3 57.3 59.2 2208 950 5.240
1787287177 58.2 58.2 57.3 58.2 2208 950 5.283
1787287178 57.3 57.3 56.4 58.2 2208 950 5.215
1787287179 58.2 58.2 58.2 59.2 2208 950 5.215
1787287180 58.2 57.3 57.3 59.2 2208 950 5.240
1787287181 59.2 58.2 58.2 61.0 2208 950 5.244
1787287182 59.2 59.2 58.2 60.1 2208 950 5.273
1787287183 59.2 59.2 58.2 60.1 2208 950 5.249
1787287184 59.2 58.2 58.2 59.2 2208 950 5.225
1787287186 59.2 58.2 58.2 59.2 2208 950 5.278
1787287187 58.2 57.3 57.3 59.2 2208 950 5.235
1787287188 58.2 58.2 57.3 59.2 2208 950 5.254
1787287189 59.2 59.2 58.2 60.1 2208 950 5.254
1787287190 58.2 57.3 57.3 59.2 2208 950 5.244
1787287191 58.2 58.2 57.3 59.2 2208 950 5.225
1787287192 59.2 58.2 58.2 60.1 2208 950 5.196
1787287193 58.2 57.3 57.3 59.2 2208 950 5.225
1787287194 51.8 50.8 50.8 51.8 2208 950 5.288
1787287195 49.9 49.0 49.0 49.9 2208 950 5.273
1787287197 49.0 47.2 47.2 49.0 2208 950 5.273
1787287198 48.1 46.2 46.2 48.1 2208 950 5.312
1787287199 47.2 45.3 46.2 47.2 2208 950 5.312
1787287200 46.2 45.3 45.3 46.2 2208 950 5.288
1787287201 46.2 44.4 45.3 46.2 2208 950 5.293
1787287202 45.3 44.4 44.4 45.3 2208 950 5.293
1787287203 45.3 43.5 43.5 45.3 2208 950 5.244
1787287204 44.4 43.5 43.5 44.4 2208 950 5.312
1787287205 44.4 42.5 43.5 44.4 2208 950 5.269
1787287206 44.4 42.5 42.5 43.5 2208 950 5.293
1787287207 43.5 42.5 42.5 43.5 2208 950 5.240
1787287208 43.5 41.6 41.6 43.5 2208 950 5.327
1787287209 43.5 41.6 42.5 42.5 2208 950 5.302
1787287210 42.5 41.6 41.6 42.5 2208 950 5.259
1787287212 47.2 46.2 46.2 47.2 2208 950 5.293
1787287213 48.1 47.2 47.2 49.0 2208 950 5.235
1787287214 49.0 49.0 48.1 49.0 2208 950 5.244
1787287215 48.1 48.1 48.1 49.9 2208 950 5.249
1787287216 49.0 49.0 48.1 49.9 2208 950 5.264
1787287217 49.0 48.1 48.1 49.9 2208 950 5.215
1787287218 49.9 49.0 49.0 49.9 2208 950 5.259
1787287219 49.9 49.0 49.0 49.9 2208 950 5.264
1787287220 49.9 49.0 49.0 49.9 2208 950 5.211
1787287221 48.1 47.2 47.2 48.1 2208 950 5.254
1787287222 45.3 43.5 44.4 45.3 2208 950 5.302
1787287223 44.4 43.5 43.5 44.4 2208 950 5.196
1787287224 50.8 49.9 49.9 51.8 2208 950 5.215
1787287226 52.7 52.7 51.8 53.6 2208 950 5.225
1787287227 53.6 52.7 52.7 54.5 2208 950 5.254
1787287228 54.5 54.5 53.6 54.5 2208 950 5.269
1787287229 54.5 53.6 53.6 55.5 2208 950 5.196
1787287230 54.5 53.6 53.6 55.5 2208 950 5.206
1787287231 54.5 54.5 53.6 56.4 2208 950 5.244
1787287232 55.5 54.5 54.5 56.4 2208 950 5.225
1787287233 55.5 54.5 54.5 56.4 2208 950 5.269
1787287235 55.5 55.5 55.5 57.3 2208 950 5.244
1787287236 55.5 55.5 55.5 57.3 2208 950 5.259
1787287237 56.4 55.5 55.5 57.3 2208 950 5.215
1787287238 55.5 54.5 54.5 56.4 2208 950 5.249
1787287239 56.4 56.4 55.5 57.3 2208 950 5.196
1787287240 56.4 56.4 55.5 57.3 2208 950 5.215
1787287241 57.3 57.3 56.4 58.2 2208 950 5.244
1787287242 57.3 57.3 56.4 58.2 2208 950 5.230
1787287244 57.3 56.4 56.4 58.2 2208 950 5.230
1787287245 57.3 57.3 57.3 59.2 2208 950 5.225
1787287246 57.3 56.4 56.4 59.2 2208 950 5.206
1787287247 57.3 57.3 56.4 59.2 2208 950 5.201
1787287248 57.3 57.3 56.4 57.3 2208 950 5.201
1787287249 57.3 57.3 56.4 58.2 2208 950 5.244
1787287250 57.3 57.3 57.3 59.2 2208 950 5.186
1787287252 57.3 57.3 57.3 58.2 2208 950 5.225
1787287253 57.3 57.3 57.3 58.2 2208 950 5.230
1787287254 58.2 57.3 57.3 59.2 2208 950 5.259
1787287255 57.3 57.3 57.3 59.2 2208 950 5.230
1787287256 58.2 57.3 56.4 58.2 2208 950 5.235
1787287257 57.3 57.3 56.4 58.2 2208 950 5.220
1787287258 57.3 57.3 57.3 59.2 2208 950 5.235
1787287259 58.2 58.2 57.3 59.2 2208 950 5.230
