epoch soc_c npu_c ddr_c bigcore_c cpu_mhz npu_mhz volt_v
1787285519 39.8 39.8 38.8 40.7 2208 950 5.322
1787285520 38.8 37.9 37.0 37.9 2208 950 5.278
1787285521 42.5 43.5 42.5 43.5 2208 950 5.186
1787285523 46.2 46.2 44.4 46.2 2208 950 5.220
1787285524 47.2 47.2 46.2 48.1 2208 950 5.230
1787285525 48.1 48.1 46.2 49.0 2208 950 5.220
1787285526 47.2 47.2 46.2 48.1 2208 950 5.259
1787285527 49.0 49.0 48.1 49.9 2208 950 5.225
1787285528 49.0 49.0 48.1 49.9 2208 950 5.196
1787285529 49.0 49.9 48.1 49.9 2208 950 5.235
1787285530 49.9 50.8 49.0 50.8 2208 950 5.211
1787285532 49.9 50.8 49.0 51.8 2208 950 5.211
1787285533 49.9 50.8 49.9 50.8 2208 950 5.215
1787285534 50.8 51.8 49.9 51.8 2208 950 5.225
1787285535 50.8 51.8 50.8 51.8 2208 950 5.220
1787285536 50.8 50.8 49.9 51.8 2208 950 5.201
1787285537 51.8 52.7 50.8 52.7 2208 950 5.215
1787285538 51.8 51.8 49.9 51.8 2208 950 5.230
1787285539 51.8 51.8 50.8 52.7 2208 950 5.249
1787285541 51.8 52.7 51.8 53.6 2208 950 5.201
1787285542 52.7 52.7 51.8 53.6 2208 950 5.206
1787285543 51.8 52.7 51.8 53.6 2208 950 5.211
1787285544 52.7 53.6 51.8 52.7 2208 950 5.211
1787285545 52.7 53.6 52.7 54.5 2208 950 5.206
1787285546 52.7 54.5 52.7 53.6 2208 950 5.167
1787285547 53.6 53.6 52.7 54.5 2208 950 5.215
1787285548 52.7 53.6 52.7 54.5 2208 950 5.206
1787285550 52.7 52.7 51.8 53.6 2208 950 5.186
1787285551 53.6 54.5 53.6 54.5 2208 950 5.225
1787285552 53.6 54.5 53.6 55.5 2208 950 5.211
1787285553 53.6 54.5 53.6 55.5 2208 950 5.167
1787285554 53.6 54.5 53.6 55.5 2208 950 5.220
1787285555 53.6 55.5 53.6 55.5 2208 950 5.182
1787285556 53.6 54.5 52.7 54.5 2208 950 5.215
1787285558 53.6 54.5 52.7 54.5 2208 950 5.206
1787285559 53.6 53.6 52.7 55.5 2208 950 5.254
1787285560 54.5 53.6 52.7 54.5 2208 950 5.206
1787285561 54.5 54.5 53.6 55.5 2208 950 5.273
1787285562 54.5 55.5 53.6 55.5 2208 950 5.177
1787285563 54.5 55.5 53.6 55.5 2208 950 5.230
1787285564 54.5 55.5 53.6 55.5 2208 950 5.244
1787285565 54.5 54.5 53.6 55.5 2208 950 5.211
1787285567 54.5 55.5 53.6 55.5 2208 950 5.177
1787285568 54.5 55.5 54.5 56.4 2208 950 5.196
1787285569 54.5 54.5 53.6 54.5 2208 950 5.206
1787285570 54.5 56.4 54.5 56.4 2208 950 5.211
1787285571 55.5 56.4 54.5 57.3 2208 950 5.225
1787285572 54.5 55.5 54.5 56.4 2208 950 5.230
1787285573 54.5 55.5 54.5 56.4 2208 950 5.215
1787285575 54.5 54.5 53.6 55.5 2208 950 5.254
1787285576 55.5 55.5 54.5 55.5 2208 950 5.172
1787285577 54.5 55.5 54.5 56.4 2208 950 5.259
1787285578 54.5 55.5 54.5 56.4 2208 950 5.225
1787285579 55.5 56.4 55.5 56.4 2208 950 5.220
1787285580 55.5 56.4 54.5 57.3 2208 950 5.225
1787285581 54.5 54.5 53.6 54.5 2208 950 5.278
1787285582 52.7 52.7 51.8 52.7 2208 950 5.211
1787285584 53.6 55.5 53.6 55.5 2208 950 5.196
1787285585 54.5 55.5 54.5 55.5 2208 950 5.220
1787285586 54.5 55.5 54.5 56.4 2208 950 5.225
1787285587 55.5 55.5 54.5 56.4 2208 950 5.206
1787285588 54.5 56.4 54.5 56.4 2208 950 5.230
1787285589 54.5 55.5 54.5 55.5 2208 950 5.230
1787285590 55.5 56.4 54.5 56.4 2208 950 5.240
1787285591 55.5 56.4 54.5 56.4 2208 950 5.177
1787285592 55.5 56.4 54.5 56.4 2208 950 5.186
1787285594 55.5 56.4 54.5 56.4 2208 950 5.225
1787285595 55.5 56.4 54.5 56.4 2208 950 5.167
1787285596 55.5 56.4 55.5 57.3 2208 950 5.177
1787285597 56.4 56.4 55.5 57.3 2208 950 5.206
1787285598 56.4 56.4 55.5 57.3 2208 950 5.201
1787285599 55.5 56.4 54.5 57.3 2208 950 5.244
1787285600 54.5 55.5 54.5 56.4 2208 950 5.230
1787285602 56.4 56.4 55.5 57.3 2208 950 5.162
1787285603 55.5 56.4 55.5 56.4 2208 950 5.269
1787285604 55.5 55.5 54.5 56.4 2208 950 5.206
1787285605 55.5 55.5 54.5 56.4 2208 950 5.235
1787285606 56.4 56.4 55.5 57.3 2208 950 5.254
1787285607 55.5 55.5 54.5 56.4 2208 950 5.225
1787285608 56.4 56.4 55.5 57.3 2208 950 5.215
1787285609 56.4 56.4 55.5 56.4 2208 950 5.244
1787285611 56.4 56.4 55.5 57.3 2208 950 5.211
1787285612 56.4 56.4 55.5 56.4 2208 950 5.186
1787285613 55.5 56.4 55.5 57.3 2208 950 5.201
1787285614 56.4 56.4 55.5 57.3 2208 950 5.254
1787285615 56.4 57.3 55.5 57.3 2208 950 5.269
1787285616 55.5 56.4 55.5 57.3 2208 950 5.172
1787285617 55.5 55.5 54.5 56.4 2208 950 5.206
1787285619 56.4 56.4 55.5 58.2 2208 950 5.162
1787285620 56.4 57.3 56.4 57.3 2208 950 5.215
1787285621 56.4 57.3 55.5 57.3 2208 950 5.240
1787285622 56.4 57.3 55.5 56.4 2208 950 5.235
1787285623 56.4 56.4 55.5 56.4 2208 950 5.215
1787285624 56.4 56.4 55.5 57.3 2208 950 5.230
1787285625 57.3 57.3 56.4 57.3 2208 950 5.235
1787285626 56.4 56.4 55.5 56.4 2208 950 5.182
1787285627 56.4 56.4 55.5 57.3 2208 950 5.206
1787285629 56.4 57.3 56.4 58.2 2208 950 5.230
1787285630 56.4 57.3 55.5 57.3 2208 950 5.249
1787285631 56.4 57.3 55.5 56.4 2208 950 5.215
1787285632 56.4 56.4 55.5 57.3 2208 950 5.201
1787285633 56.4 56.4 55.5 57.3 2208 950 5.235
1787285634 56.4 57.3 56.4 57.3 2208 950 5.254
1787285635 56.4 56.4 55.5 57.3 2208 950 5.206
1787285636 55.5 55.5 54.5 56.4 2208 950 5.191
1787285638 56.4 57.3 55.5 57.3 2208 950 5.235
1787285639 56.4 57.3 56.4 58.2 2208 950 5.215
1787285640 56.4 56.4 55.5 57.3 2208 950 5.254
1787285641 57.3 57.3 56.4 57.3 2208 950 5.269
1787285642 57.3 57.3 56.4 59.2 2208 950 5.201
1787285643 55.5 55.5 54.5 56.4 2208 950 5.211
1787285644 54.5 56.4 54.5 56.4 2208 950 5.167
1787285646 56.4 56.4 55.5 57.3 2208 950 5.201
1787285647 56.4 57.3 56.4 58.2 2208 950 5.215
1787285648 56.4 57.3 55.5 58.2 2208 950 5.186
1787285649 56.4 57.3 55.5 57.3 2208 950 5.215
1787285650 56.4 56.4 55.5 57.3 2208 950 5.206
1787285651 56.4 56.4 55.5 57.3 2208 950 5.230
1787285652 55.5 56.4 55.5 57.3 2208 950 5.177
1787285654 57.3 57.3 56.4 58.2 2208 950 5.240
1787285655 56.4 56.4 55.5 57.3 2208 950 5.206
1787285656 56.4 57.3 56.4 58.2 2208 950 5.196
1787285657 56.4 57.3 56.4 57.3 2208 950 5.215
1787285658 57.3 57.3 56.4 58.2 2208 950 5.191
1787285659 56.4 56.4 55.5 57.3 2208 950 5.240
1787285660 56.4 57.3 56.4 58.2 2208 950 5.206
1787285661 55.5 55.5 54.5 56.4 2208 950 5.244
1787285662 56.4 57.3 56.4 58.2 2208 950 5.206
1787285664 56.4 57.3 56.4 58.2 2208 950 5.215
1787285665 56.4 57.3 56.4 58.2 2208 950 5.225
1787285666 56.4 56.4 55.5 57.3 2208 950 5.186
1787285667 56.4 57.3 56.4 57.3 2208 950 5.186
1787285668 56.4 57.3 55.5 58.2 2208 950 5.211
1787285669 57.3 58.2 56.4 58.2 2208 950 5.244
1787285670 56.4 56.4 55.5 56.4 2208 950 5.211
1787285671 57.3 58.2 56.4 58.2 2208 950 5.215
1787285673 57.3 57.3 56.4 58.2 2208 950 5.211
1787285674 57.3 58.2 56.4 59.2 2208 950 5.249
1787285675 57.3 57.3 56.4 58.2 2208 950 5.172
1787285676 56.4 57.3 55.5 57.3 2208 950 5.254
1787285677 57.3 57.3 56.4 58.2 2208 950 5.230
1787285678 56.4 56.4 55.5 57.3 2208 950 5.235
1787285679 57.3 57.3 56.4 58.2 2208 950 5.206
1787285681 56.4 57.3 56.4 58.2 2208 950 5.230
1787285682 57.3 58.2 56.4 58.2 2208 950 5.177
1787285683 57.3 58.2 56.4 59.2 2208 950 5.186
1787285684 55.5 56.4 55.5 57.3 2208 950 5.244
1787285685 57.3 58.2 57.3 59.2 2208 950 5.220
1787285686 57.3 57.3 56.4 57.3 2208 950 5.206
1787285687 57.3 58.2 56.4 58.2 2208 950 5.215
1787285689 56.4 57.3 56.4 58.2 2208 950 5.201
1787285690 57.3 57.3 56.4 57.3 2208 950 5.240
1787285691 57.3 57.3 56.4 58.2 2208 950 5.225
1787285692 56.4 57.3 56.4 57.3 2208 950 5.225
1787285693 57.3 58.2 56.4 58.2 2208 950 5.215
1787285694 56.4 57.3 56.4 58.2 2208 950 5.191
1787285695 57.3 58.2 56.4 58.2 2208 950 5.244
1787285697 57.3 57.3 56.4 58.2 2208 950 5.196
1787285698 56.4 57.3 56.4 58.2 2208 950 5.191
1787285699 56.4 56.4 55.5 57.3 2208 950 5.211
1787285700 56.4 57.3 56.4 58.2 2208 950 5.264
1787285701 57.3 58.2 56.4 59.2 2208 950 5.191
1787285702 57.3 58.2 56.4 58.2 2208 950 5.235
1787285703 56.4 57.3 56.4 58.2 2208 950 5.177
1787285704 54.5 55.5 54.5 55.5 2208 950 5.220
1787285706 55.5 56.4 55.5 58.2 2208 950 5.172
1787285707 56.4 56.4 55.5 57.3 2208 950 5.186
1787285708 56.4 57.3 55.5 57.3 2208 950 5.211
1787285709 56.4 56.4 55.5 57.3 2208 950 5.215
1787285710 56.4 57.3 56.4 58.2 2208 950 5.211
1787285711 57.3 58.2 56.4 59.2 2208 950 5.215
1787285712 56.4 57.3 56.4 57.3 2208 950 5.225
1787285714 56.4 57.3 56.4 57.3 2208 950 5.191
1787285715 56.4 56.4 55.5 56.4 2208 950 5.186
1787285716 56.4 56.4 55.5 57.3 2208 950 5.153
1787285717 56.4 57.3 55.5 57.3 2208 950 5.191
1787285718 56.4 57.3 56.4 57.3 2208 950 5.196
1787285719 56.4 57.3 56.4 57.3 2208 950 5.254
1787285720 56.4 56.4 56.4 57.3 2208 950 5.240
1787285721 56.4 57.3 56.4 58.2 2208 950 5.138
1787285722 56.4 57.3 56.4 57.3 2208 950 5.254
1787285724 57.3 58.2 56.4 58.2 2208 950 5.215
1787285725 57.3 58.2 57.3 58.2 2208 950 5.225
1787285726 57.3 58.2 56.4 58.2 2208 950 5.269
1787285727 56.4 57.3 56.4 58.2 2208 950 5.235
1787285728 56.4 56.4 55.5 57.3 2208 950 5.206
1787285729 56.4 56.4 55.5 57.3 2208 950 5.206
1787285730 56.4 57.3 56.4 57.3 2208 950 5.230
1787285732 57.3 58.2 56.4 58.2 2208 950 5.177
1787285733 56.4 57.3 56.4 58.2 2208 950 5.235
1787285734 56.4 57.3 56.4 58.2 2208 950 5.244
1787285735 57.3 58.2 56.4 59.2 2208 950 5.225
1787285736 56.4 57.3 56.4 58.2 2208 950 5.201
1787285737 57.3 58.2 56.4 58.2 2208 950 5.211
1787285738 56.4 57.3 56.4 58.2 2208 950 5.215
1787285739 57.3 57.3 56.4 58.2 2208 950 5.206
1787285741 57.3 57.3 56.4 58.2 2208 950 5.225
1787285742 56.4 58.2 56.4 58.2 2208 950 5.244
1787285743 57.3 58.2 56.4 58.2 2208 950 5.182
1787285744 56.4 56.4 55.5 57.3 2208 950 5.215
1787285745 57.3 58.2 56.4 58.2 2208 950 5.225
1787285746 57.3 58.2 57.3 58.2 2208 950 5.244
1787285747 56.4 57.3 56.4 58.2 2208 950 5.206
1787285748 57.3 58.2 56.4 59.2 2208 950 5.225
1787285750 57.3 58.2 56.4 59.2 2208 950 5.230
1787285751 57.3 57.3 56.4 58.2 2208 950 5.196
1787285752 57.3 57.3 56.4 58.2 2208 950 5.196
1787285753 56.4 56.4 55.5 57.3 2208 950 5.215
1787285754 58.2 58.2 57.3 59.2 2208 950 5.201
1787285755 57.3 57.3 56.4 58.2 2208 950 5.225
1787285756 57.3 58.2 57.3 59.2 2208 950 5.215
1787285758 57.3 58.2 57.3 59.2 2208 950 5.196
1787285759 57.3 57.3 56.4 58.2 2208 950 5.225
1787285760 57.3 56.4 56.4 57.3 2208 950 5.220
1787285761 56.4 57.3 55.5 58.2 2208 950 5.254
1787285762 56.4 57.3 56.4 58.2 2208 950 5.264
1787285763 56.4 57.3 56.4 58.2 2208 950 5.206
1787285764 57.3 57.3 56.4 58.2 2208 950 5.249
1787285765 54.5 55.5 54.5 56.4 2208 950 5.172
1787285767 56.4 57.3 55.5 57.3 2208 950 5.249
1787285768 57.3 57.3 56.4 58.2 2208 950 5.201
1787285769 56.4 56.4 55.5 57.3 2208 950 5.225
1787285770 56.4 57.3 56.4 58.2 2208 950 5.230
1787285771 57.3 57.3 56.4 58.2 2208 950 5.225
1787285772 57.3 57.3 56.4 58.2 2208 950 5.215
1787285773 57.3 57.3 56.4 58.2 2208 950 5.206
1787285774 57.3 57.3 56.4 57.3 2208 950 5.211
1787285776 57.3 57.3 56.4 57.3 2208 950 5.211
1787285777 57.3 57.3 56.4 58.2 2208 950 5.230
1787285778 57.3 57.3 56.4 57.3 2208 950 5.211
1787285779 56.4 57.3 56.4 57.3 2208 950 5.244
1787285780 56.4 57.3 55.5 57.3 2208 950 5.225
1787285781 57.3 57.3 56.4 58.2 2208 950 5.225
1787285782 57.3 57.3 56.4 58.2 2208 950 5.225
1787285784 56.4 56.4 55.5 57.3 2208 950 5.225
1787285785 55.5 56.4 55.5 57.3 2208 950 5.240
1787285786 56.4 57.3 56.4 57.3 2208 950 5.215
1787285787 57.3 57.3 56.4 58.2 2208 950 5.225
1787285788 56.4 56.4 55.5 56.4 2208 950 5.240
1787285789 56.4 57.3 56.4 58.2 2208 950 5.244
1787285790 56.4 57.3 56.4 57.3 2208 950 5.215
1787285791 56.4 56.4 55.5 57.3 2208 950 5.220
1787285792 56.4 57.3 56.4 58.2 2208 950 5.206
1787285794 57.3 58.2 56.4 59.2 2208 950 5.186
1787285795 56.4 56.4 56.4 58.2 2208 950 5.225
1787285796 55.5 56.4 55.5 57.3 2208 950 5.186
1787285797 57.3 58.2 56.4 59.2 2208 950 5.225
1787285798 56.4 57.3 55.5 57.3 2208 950 5.167
1787285799 56.4 57.3 56.4 57.3 2208 950 5.273
1787285800 56.4 57.3 56.4 58.2 2208 950 5.215
1787285802 56.4 56.4 55.5 57.3 2208 950 5.201
1787285803 57.3 57.3 56.4 57.3 2208 950 5.186
1787285804 56.4 56.4 55.5 57.3 2208 950 5.254
1787285805 56.4 57.3 56.4 58.2 2208 950 5.148
1787285806 57.3 58.2 56.4 59.2 2208 950 5.254
1787285807 56.4 57.3 56.4 58.2 2208 950 5.201
1787285808 56.4 57.3 56.4 58.2 2208 950 5.196
1787285809 56.4 57.3 56.4 58.2 2208 950 5.201
1787285811 56.4 56.4 55.5 57.3 2208 950 5.201
1787285812 55.5 57.3 55.5 57.3 2208 950 5.167
1787285813 56.4 56.4 55.5 57.3 2208 950 5.244
1787285814 57.3 57.3 56.4 58.2 2208 950 5.196
1787285815 56.4 57.3 56.4 58.2 2208 950 5.244
1787285816 57.3 57.3 56.4 58.2 2208 950 5.215
1787285817 56.4 57.3 55.5 58.2 2208 950 5.240
1787285818 56.4 57.3 56.4 57.3 2208 950 5.215
1787285820 56.4 57.3 56.4 58.2 2208 950 5.230
1787285821 56.4 57.3 56.4 58.2 2208 950 5.254
1787285822 56.4 56.4 55.5 56.4 2208 950 5.201
1787285823 56.4 56.4 55.5 56.4 2208 950 5.264
1787285824 56.4 57.3 56.4 57.3 2208 950 5.220
1787285825 57.3 57.3 56.4 57.3 2208 950 5.273
1787285826 51.8 50.8 50.8 52.7 2208 950 5.225
1787285827 48.1 48.1 47.2 48.1 2208 950 5.293
1787285828 53.6 54.5 52.7 53.6 2208 950 5.254
1787285829 54.5 56.4 54.5 56.4 2208 950 5.201
1787285831 54.5 55.5 54.5 55.5 2208 950 5.211
1787285832 55.5 56.4 54.5 56.4 2208 950 5.211
1787285833 55.5 56.4 54.5 57.3 2208 950 5.215
1787285834 55.5 56.4 55.5 56.4 2208 950 5.201
1787285835 56.4 56.4 54.5 56.4 2208 950 5.196
1787285836 55.5 56.4 54.5 57.3 2208 950 5.162
1787285837 56.4 57.3 56.4 58.2 2208 950 5.215
1787285839 56.4 56.4 55.5 57.3 2208 950 5.201
1787285840 56.4 57.3 55.5 57.3 2208 950 5.201
1787285841 57.3 57.3 56.4 58.2 2208 950 5.196
1787285842 56.4 57.3 56.4 57.3 2208 950 5.211
1787285843 56.4 57.3 55.5 58.2 2208 950 5.215
1787285844 56.4 57.3 56.4 57.3 2208 950 5.225
1787285845 56.4 56.4 55.5 56.4 2208 950 5.211
1787285846 55.5 56.4 55.5 57.3 2208 950 5.235
1787285848 56.4 56.4 55.5 57.3 2208 950 5.235
1787285849 56.4 57.3 56.4 58.2 2208 950 5.191
1787285850 57.3 57.3 56.4 58.2 2208 950 5.201
1787285851 56.4 57.3 56.4 58.2 2208 950 5.254
1787285852 56.4 57.3 56.4 58.2 2208 950 5.211
1787285853 56.4 57.3 55.5 57.3 2208 950 5.172
1787285854 56.4 57.3 56.4 57.3 2208 950 5.225
1787285856 57.3 57.3 56.4 58.2 2208 950 5.201
1787285857 56.4 57.3 56.4 58.2 2208 950 5.206
1787285858 56.4 56.4 55.5 57.3 2208 950 5.220
1787285859 56.4 57.3 56.4 58.2 2208 950 5.206
1787285860 56.4 56.4 55.5 56.4 2208 950 5.201
1787285861 56.4 57.3 55.5 58.2 2208 950 5.215
1787285862 56.4 56.4 55.5 57.3 2208 950 5.235
1787285863 56.4 57.3 56.4 58.2 2208 950 5.278
1787285865 57.3 57.3 56.4 58.2 2208 950 5.206
1787285866 56.4 57.3 56.4 58.2 2208 950 5.215
1787285867 56.4 57.3 56.4 57.3 2208 950 5.240
1787285868 57.3 57.3 56.4 58.2 2208 950 5.143
1787285869 57.3 57.3 56.4 57.3 2208 950 5.191
1787285870 56.4 57.3 56.4 57.3 2208 950 5.249
1787285871 56.4 56.4 56.4 57.3 2208 950 5.225
1787285872 56.4 57.3 56.4 58.2 2208 950 5.215
1787285874 57.3 57.3 56.4 58.2 2208 950 5.230
1787285875 57.3 57.3 56.4 58.2 2208 950 5.211
1787285876 56.4 56.4 55.5 57.3 2208 950 5.215
1787285877 56.4 57.3 56.4 57.3 2208 950 5.201
1787285878 56.4 56.4 55.5 57.3 2208 950 5.206
1787285879 57.3 57.3 56.4 58.2 2208 950 5.235
1787285880 56.4 56.4 55.5 57.3 2208 950 5.215
1787285881 56.4 56.4 55.5 56.4 2208 950 5.225
1787285883 56.4 57.3 55.5 57.3 2208 950 5.215
1787285884 57.3 57.3 56.4 58.2 2208 950 5.225
1787285885 57.3 57.3 56.4 58.2 2208 950 5.254
1787285886 56.4 57.3 55.5 57.3 2208 950 5.264
1787285887 56.4 57.3 56.4 58.2 2208 950 5.225
1787285888 54.5 53.6 53.6 54.5 2208 950 5.293
1787285889 49.0 49.0 48.1 49.9 2208 950 5.249
1787285890 47.2 47.2 46.2 47.2 2208 950 5.225
1787285891 46.2 45.3 45.3 46.2 2208 950 5.288
1787285892 45.3 45.3 44.4 45.3 2208 950 5.254
1787285894 44.4 44.4 44.4 44.4 2208 950 5.254
1787285895 44.4 43.5 42.5 44.4 2208 950 5.302
1787285896 43.5 42.5 42.5 43.5 2208 950 5.298
1787285897 42.5 42.5 42.5 42.5 2208 950 5.254
1787285898 42.5 42.5 41.6 42.5 2208 950 5.273
1787285899 41.6 41.6 41.6 42.5 2208 950 5.273
1787285900 41.6 41.6 40.7 41.6 2208 950 5.240
1787285901 41.6 40.7 40.7 41.6 2208 950 5.254
1787285902 41.6 40.7 40.7 41.6 2208 950 5.322
1787285903 40.7 40.7 39.8 41.6 2208 950 5.283
1787285904 40.7 40.7 39.8 40.7 2208 950 5.307
1787285905 41.6 41.6 41.6 42.5 2208 950 5.167
1787285906 49.0 49.0 48.1 49.9 2208 950 5.240
1787285908 49.9 49.9 49.0 49.9 2208 950 5.196
1787285909 49.9 50.8 49.9 51.8 2208 950 5.244
1787285910 50.8 51.8 50.8 51.8 2208 950 5.191
1787285911 50.8 51.8 50.8 52.7 2208 950 5.240
1787285912 52.7 52.7 51.8 52.7 2208 950 5.230
1787285913 51.8 52.7 51.8 52.7 2208 950 5.259
1787285914 51.8 52.7 51.8 53.6 2208 950 5.254
1787285916 52.7 54.5 52.7 54.5 2208 950 5.215
1787285917 52.7 54.5 52.7 54.5 2208 950 5.220
1787285918 53.6 54.5 52.7 55.5 2208 950 5.172
1787285919 53.6 54.5 52.7 54.5 2208 950 5.220
1787285920 54.5 54.5 53.6 55.5 2208 950 5.167
1787285921 54.5 55.5 53.6 55.5 2208 950 5.215
1787285922 54.5 55.5 53.6 56.4 2208 950 5.215
1787285924 54.5 55.5 53.6 55.5 2208 950 5.206
1787285925 54.5 54.5 53.6 55.5 2208 950 5.220
1787285926 54.5 54.5 53.6 55.5 2208 950 5.215
1787285927 54.5 55.5 53.6 55.5 2208 950 5.201
1787285928 54.5 55.5 54.5 56.4 2208 950 5.220
1787285929 54.5 54.5 53.6 55.5 2208 950 5.167
1787285930 54.5 55.5 54.5 55.5 2208 950 5.235
1787285932 55.5 55.5 54.5 55.5 2208 950 5.215
1787285933 55.5 56.4 54.5 56.4 2208 950 5.191
1787285934 55.5 56.4 54.5 56.4 2208 950 5.220
1787285935 54.5 55.5 53.6 55.5 2208 950 5.230
1787285936 54.5 55.5 54.5 56.4 2208 950 5.206
1787285937 55.5 55.5 54.5 55.5 2208 950 5.249
1787285938 55.5 56.4 54.5 56.4 2208 950 5.162
1787285939 55.5 55.5 54.5 56.4 2208 950 5.230
1787285941 55.5 56.4 54.5 56.4 2208 950 5.215
1787285942 55.5 55.5 54.5 56.4 2208 950 5.220
1787285943 56.4 56.4 55.5 56.4 2208 950 5.211
1787285944 56.4 56.4 55.5 58.2 2208 950 5.191
1787285945 56.4 56.4 55.5 56.4 2208 950 5.172
1787285946 55.5 56.4 55.5 57.3 2208 950 5.215
1787285947 56.4 56.4 55.5 57.3 2208 950 5.225
1787285948 56.4 56.4 55.5 56.4 2208 950 5.244
1787285950 55.5 56.4 55.5 57.3 2208 950 5.172
1787285951 55.5 56.4 55.5 57.3 2208 950 5.186
1787285952 56.4 56.4 55.5 57.3 2208 950 5.249
1787285953 55.5 56.4 54.5 57.3 2208 950 5.206
1787285954 56.4 56.4 55.5 57.3 2208 950 5.240
1787285955 55.5 56.4 55.5 57.3 2208 950 5.230
1787285956 55.5 56.4 55.5 56.4 2208 950 5.235
1787285957 55.5 56.4 55.5 57.3 2208 950 5.215
1787285959 55.5 56.4 55.5 57.3 2208 950 5.244
1787285960 55.5 56.4 55.5 57.3 2208 950 5.225
1787285961 56.4 57.3 55.5 58.2 2208 950 5.264
1787285962 56.4 57.3 55.5 57.3 2208 950 5.215
1787285963 56.4 57.3 55.5 56.4 2208 950 5.196
1787285964 55.5 56.4 54.5 56.4 2208 950 5.235
1787285965 56.4 56.4 55.5 57.3 2208 950 5.191
1787285967 49.9 49.0 49.0 49.9 2208 950 5.302
1787285968 47.2 46.2 46.2 47.2 2208 950 5.240
1787285969 46.2 46.2 45.3 46.2 2208 950 5.293
1787285970 45.3 44.4 44.4 45.3 2208 950 5.293
1787285971 44.4 44.4 43.5 44.4 2208 950 5.288
1787285972 43.5 43.5 42.5 43.5 2208 950 5.283
1787285973 43.5 42.5 42.5 43.5 2208 950 5.302
1787285974 42.5 42.5 41.6 42.5 2208 950 5.317
1787285975 42.5 41.6 41.6 42.5 2208 950 5.240
1787285976 41.6 41.6 40.7 42.5 2208 950 5.264
1787285977 41.6 41.6 40.7 41.6 2208 950 5.307
1787285978 41.6 40.7 40.7 41.6 2208 950 5.312
1787285979 40.7 40.7 39.8 40.7 2208 950 5.288
1787285981 40.7 40.7 39.8 40.7 2208 950 5.283
1787285982 40.7 39.8 39.8 40.7 2208 950 5.288
1787285983 39.8 39.8 38.8 39.8 2208 950 5.298
1787285984 44.4 44.4 43.5 44.4 2208 950 5.244
1787285985 45.3 46.2 45.3 45.3 2208 950 5.240
1787285986 46.2 46.2 45.3 47.2 2208 950 5.230
1787285987 46.2 46.2 46.2 46.2 2208 950 5.244
1787285988 47.2 47.2 46.2 47.2 2208 950 5.230
1787285989 47.2 48.1 46.2 47.2 2208 950 5.278
1787285990 47.2 48.1 46.2 48.1 2208 950 5.235
1787285991 48.1 48.1 47.2 48.1 2208 950 5.259
1787285992 47.2 47.2 47.2 47.2 2208 950 5.215
1787285993 46.2 45.3 45.3 45.3 2208 950 5.302
1787285994 43.5 43.5 42.5 43.5 2208 950 5.302
1787285996 42.5 41.6 41.6 42.5 2208 950 5.317
1787285997 47.2 48.1 46.2 48.1 2208 950 5.235
1787285998 49.9 49.9 49.0 49.9 2208 950 5.196
1787285999 49.9 50.8 49.0 50.8 2208 950 5.186
1787286000 50.8 51.8 49.9 51.8 2208 950 5.201
1787286001 50.8 51.8 50.8 52.7 2208 950 5.273
1787286002 51.8 51.8 50.8 52.7 2208 950 5.240
1787286003 51.8 53.6 51.8 53.6 2208 950 5.230
1787286004 52.7 52.7 51.8 52.7 2208 950 5.215
1787286006 52.7 52.7 51.8 54.5 2208 950 5.157
1787286007 52.7 52.7 51.8 54.5 2208 950 5.215
1787286008 52.7 54.5 52.7 54.5 2208 950 5.191
1787286009 53.6 54.5 52.7 54.5 2208 950 5.264
1787286010 54.5 54.5 53.6 55.5 2208 950 5.225
1787286011 53.6 54.5 52.7 54.5 2208 950 5.186
1787286012 53.6 54.5 53.6 54.5 2208 950 5.254
1787286014 53.6 53.6 52.7 54.5 2208 950 5.148
1787286015 54.5 54.5 53.6 55.5 2208 950 5.182
1787286016 54.5 55.5 54.5 55.5 2208 950 5.211
1787286017 54.5 54.5 53.6 54.5 2208 950 5.240
1787286018 54.5 54.5 53.6 55.5 2208 950 5.206
1787286019 54.5 55.5 53.6 55.5 2208 950 5.244
1787286020 54.5 54.5 53.6 55.5 2208 950 5.182
1787286021 54.5 55.5 54.5 56.4 2208 950 5.225
1787286023 54.5 55.5 53.6 55.5 2208 950 5.182
1787286024 55.5 55.5 54.5 56.4 2208 950 5.206
1787286025 54.5 55.5 54.5 55.5 2208 950 5.196
1787286026 55.5 55.5 54.5 56.4 2208 950 5.211
1787286027 54.5 55.5 54.5 55.5 2208 950 5.254
1787286028 54.5 55.5 54.5 56.4 2208 950 5.244
1787286029 54.5 55.5 54.5 56.4 2208 950 5.201
1787286030 54.5 56.4 54.5 56.4 2208 950 5.225
1787286032 55.5 56.4 55.5 57.3 2208 950 5.201
1787286033 55.5 55.5 54.5 56.4 2208 950 5.191
1787286034 55.5 56.4 55.5 56.4 2208 950 5.259
1787286035 55.5 56.4 54.5 57.3 2208 950 5.211
1787286036 55.5 56.4 54.5 56.4 2208 950 5.283
1787286037 55.5 55.5 54.5 56.4 2208 950 5.235
1787286038 55.5 55.5 54.5 56.4 2208 950 5.240
1787286039 56.4 56.4 55.5 56.4 2208 950 5.215
1787286041 55.5 55.5 54.5 56.4 2208 950 5.211
1787286042 56.4 57.3 56.4 57.3 2208 950 5.211
1787286043 55.5 56.4 55.5 57.3 2208 950 5.206
1787286044 55.5 56.4 55.5 56.4 2208 950 5.215
1787286045 55.5 55.5 54.5 56.4 2208 950 5.230
1787286046 56.4 56.4 55.5 56.4 2208 950 5.230
1787286047 56.4 56.4 55.5 58.2 2208 950 5.230
1787286049 56.4 56.4 55.5 57.3 2208 950 5.211
1787286050 56.4 57.3 55.5 57.3 2208 950 5.201
1787286051 56.4 56.4 55.5 56.4 2208 950 5.230
1787286052 56.4 56.4 55.5 57.3 2208 950 5.186
1787286053 55.5 56.4 55.5 57.3 2208 950 5.215
1787286054 55.5 56.4 55.5 56.4 2208 950 5.244
1787286055 56.4 56.4 54.5 57.3 2208 950 5.244
1787286056 55.5 56.4 54.5 56.4 2208 950 5.225
1787286058 49.0 49.0 48.1 49.0 2208 950 5.293
1787286059 47.2 46.2 46.2 48.1 2208 950 5.298
1787286060 46.2 46.2 45.3 46.2 2208 950 5.240
1787286061 45.3 44.4 43.5 45.3 2208 950 5.264
1787286062 44.4 43.5 43.5 44.4 2208 950 5.293
1787286063 43.5 43.5 42.5 43.5 2208 950 5.269
1787286064 42.5 42.5 42.5 42.5 2208 950 5.293
1787286065 42.5 41.6 41.6 42.5 2208 950 5.244
1787286066 41.6 41.6 40.7 41.6 2208 950 5.254
1787286067 41.6 40.7 40.7 41.6 2208 950 5.269
1787286068 41.6 40.7 40.7 41.6 2208 950 5.259
1787286069 40.7 40.7 39.8 40.7 2208 950 5.249
1787286070 40.7 40.7 39.8 40.7 2208 950 5.225
1787286071 40.7 40.7 39.8 40.7 2208 950 5.273
1787286072 40.7 39.8 38.8 40.7 2208 950 5.249
1787286074 39.8 39.8 38.8 39.8 2208 950 5.293
1787286075 39.8 39.8 38.8 39.8 2208 950 5.278
1787286076 39.8 38.8 38.8 39.8 2208 950 5.322
1787286077 39.8 38.8 38.8 39.8 2208 950 5.240
1787286078 38.8 38.8 37.9 38.8 2208 950 5.293
1787286079 38.8 38.8 37.9 38.8 2208 950 5.312
1787286080 38.8 38.8 37.9 38.8 2208 950 5.254
1787286081 43.5 44.4 42.5 44.4 2208 950 5.225
1787286082 46.2 47.2 45.3 48.1 2208 950 5.235
1787286083 47.2 48.1 47.2 48.1 2208 950 5.230
1787286084 49.0 49.9 49.0 49.9 2208 950 5.157
1787286086 49.9 49.9 49.0 50.8 2208 950 5.201
1787286087 50.8 50.8 49.9 51.8 2208 950 5.215
1787286088 50.8 51.8 49.9 51.8 2208 950 5.211
1787286089 50.8 51.8 50.8 52.7 2208 950 5.254
1787286090 50.8 50.8 50.8 51.8 2208 950 5.206
1787286091 52.7 52.7 50.8 52.7 2208 950 5.196
1787286092 52.7 52.7 51.8 53.6 2208 950 5.206
1787286094 53.6 53.6 52.7 54.5 2208 950 5.206
1787286095 53.6 53.6 51.8 54.5 2208 950 5.240
1787286096 53.6 53.6 52.7 54.5 2208 950 5.235
1787286097 53.6 54.5 52.7 54.5 2208 950 5.215
1787286098 53.6 54.5 53.6 55.5 2208 950 5.191
1787286099 54.5 55.5 53.6 55.5 2208 950 5.225
1787286100 53.6 54.5 53.6 55.5 2208 950 5.259
1787286102 55.5 55.5 53.6 56.4 2208 950 5.230
1787286103 54.5 54.5 53.6 55.5 2208 950 5.240
1787286104 53.6 54.5 53.6 54.5 2208 950 5.283
1787286105 54.5 55.5 53.6 56.4 2208 950 5.196
1787286106 54.5 55.5 54.5 56.4 2208 950 5.235
1787286107 53.6 54.5 53.6 54.5 2208 950 5.220
1787286108 55.5 55.5 54.5 56.4 2208 950 5.196
1787286109 55.5 55.5 54.5 56.4 2208 950 5.211
1787286111 54.5 55.5 53.6 55.5 2208 950 5.211
1787286112 54.5 55.5 53.6 55.5 2208 950 5.201
1787286113 54.5 54.5 53.6 55.5 2208 950 5.225
1787286114 55.5 55.5 54.5 56.4 2208 950 5.172
1787286115 55.5 56.4 54.5 56.4 2208 950 5.211
1787286116 55.5 56.4 55.5 56.4 2208 950 5.254
1787286117 55.5 55.5 54.5 56.4 2208 950 5.186
1787286119 55.5 56.4 55.5 56.4 2208 950 5.206
1787286120 55.5 56.4 54.5 56.4 2208 950 5.235
1787286121 54.5 55.5 54.5 56.4 2208 950 5.220
1787286122 55.5 56.4 55.5 57.3 2208 950 5.201
1787286123 56.4 56.4 55.5 57.3 2208 950 5.225
1787286124 55.5 55.5 54.5 56.4 2208 950 5.182
1787286125 55.5 55.5 54.5 56.4 2208 950 5.196
1787286126 55.5 56.4 54.5 56.4 2208 950 5.196
1787286128 55.5 55.5 54.5 56.4 2208 950 5.244
1787286129 55.5 56.4 54.5 56.4 2208 950 5.215
1787286130 56.4 56.4 55.5 57.3 2208 950 5.186
1787286131 55.5 55.5 54.5 56.4 2208 950 5.162
1787286132 55.5 56.4 55.5 57.3 2208 950 5.186
1787286133 56.4 56.4 55.5 57.3 2208 950 5.148
1787286134 56.4 56.4 55.5 56.4 2208 950 5.167
1787286135 56.4 57.3 56.4 58.2 2208 950 5.225
1787286137 56.4 57.3 56.4 57.3 2208 950 5.230
1787286138 57.3 57.3 56.4 58.2 2208 950 5.220
1787286139 56.4 57.3 55.5 57.3 2208 950 5.235
1787286140 56.4 57.3 56.4 57.3 2208 950 5.249
1787286141 56.4 57.3 56.4 57.3 2208 950 5.143
1787286142 49.0 49.0 49.0 49.0 2208 950 5.249
1787286143 47.2 47.2 46.2 48.1 2208 950 5.312
1787286144 46.2 45.3 45.3 46.2 2208 950 5.249
1787286145 45.3 44.4 44.4 45.3 2208 950 5.312
1787286146 44.4 43.5 43.5 44.4 2208 950 5.249
1787286147 43.5 43.5 42.5 43.5 2208 950 5.269
1787286149 42.5 42.5 42.5 42.5 2208 950 5.327
1787286150 42.5 42.5 41.6 42.5 2208 950 5.273
1787286151 42.5 41.6 41.6 42.5 2208 950 5.302
1787286152 41.6 41.6 40.7 42.5 2208 950 5.264
1787286153 41.6 40.7 40.7 41.6 2208 950 5.283
1787286154 41.6 40.7 40.7 41.6 2208 950 5.302
1787286155 40.7 40.7 39.8 40.7 2208 950 5.244
1787286156 40.7 40.7 39.8 41.6 2208 950 5.317
1787286157 40.7 39.8 38.8 40.7 2208 950 5.307
1787286158 39.8 39.8 38.8 39.8 2208 950 5.302
1787286159 43.5 44.4 42.5 43.5 2208 950 5.240
1787286160 44.4 45.3 44.4 45.3 2208 950 5.254
1787286161 46.2 46.2 45.3 46.2 2208 950 5.240
1787286162 46.2 46.2 45.3 46.2 2208 950 5.259
1787286164 46.2 46.2 45.3 46.2 2208 950 5.240
1787286165 46.2 46.2 45.3 47.2 2208 950 5.196
1787286166 46.2 47.2 46.2 47.2 2208 950 5.264
1787286167 47.2 47.2 46.2 47.2 2208 950 5.249
1787286168 46.2 47.2 46.2 46.2 2208 950 5.215
1787286169 46.2 46.2 45.3 46.2 2208 950 5.264
1787286170 43.5 42.5 42.5 43.5 2208 950 5.225
1787286171 41.6 41.6 40.7 41.6 2208 950 5.273
1787286172 47.2 47.2 46.2 48.1 2208 950 5.244
1787286173 48.1 49.0 48.1 49.0 2208 950 5.249
1787286174 49.9 50.8 49.9 51.8 2208 950 5.240
1787286175 50.8 51.8 50.8 52.7 2208 950 5.211
1787286177 52.7 52.7 51.8 52.7 2208 950 5.206
1787286178 52.7 52.7 51.8 53.6 2208 950 5.172
1787286179 52.7 52.7 51.8 53.6 2208 950 5.201
1787286180 52.7 53.6 51.8 53.6 2208 950 5.215
1787286181 53.6 54.5 52.7 54.5 2208 950 5.196
1787286182 52.7 53.6 52.7 54.5 2208 950 5.249
1787286183 52.7 52.7 51.8 53.6 2208 950 5.230
1787286185 53.6 53.6 52.7 53.6 2208 950 5.220
1787286186 53.6 54.5 52.7 54.5 2208 950 5.240
1787286187 53.6 54.5 53.6 55.5 2208 950 5.230
1787286188 53.6 53.6 52.7 53.6 2208 950 5.177
1787286189 53.6 54.5 53.6 55.5 2208 950 5.215
1787286190 54.5 55.5 53.6 55.5 2208 950 5.206
1787286191 54.5 54.5 53.6 55.5 2208 950 5.220
1787286193 54.5 55.5 54.5 56.4 2208 950 5.230
1787286194 54.5 55.5 53.6 55.5 2208 950 5.201
1787286195 55.5 55.5 54.5 55.5 2208 950 5.215
1787286196 55.5 55.5 54.5 56.4 2208 950 5.235
1787286197 54.5 54.5 53.6 55.5 2208 950 5.244
1787286198 55.5 55.5 54.5 56.4 2208 950 5.254
1787286199 55.5 55.5 54.5 55.5 2208 950 5.269
1787286200 54.5 56.4 54.5 55.5 2208 950 5.283
1787286202 54.5 55.5 54.5 56.4 2208 950 5.215
1787286203 54.5 55.5 53.6 54.5 2208 950 5.196
1787286204 54.5 55.5 53.6 56.4 2208 950 5.196
1787286205 54.5 54.5 53.6 55.5 2208 950 5.186
1787286206 54.5 55.5 53.6 55.5 2208 950 5.225
1787286207 55.5 55.5 54.5 56.4 2208 950 5.211
1787286208 55.5 56.4 54.5 57.3 2208 950 5.264
1787286210 54.5 55.5 54.5 56.4 2208 950 5.288
1787286211 55.5 56.4 54.5 56.4 2208 950 5.167
1787286212 55.5 56.4 55.5 57.3 2208 950 5.249
1787286213 55.5 55.5 54.5 56.4 2208 950 5.186
1787286214 55.5 56.4 54.5 57.3 2208 950 5.206
1787286215 55.5 56.4 54.5 56.4 2208 950 5.201
1787286216 54.5 55.5 54.5 56.4 2208 950 5.201
1787286218 55.5 56.4 54.5 56.4 2208 950 5.220
1787286219 55.5 56.4 54.5 56.4 2208 950 5.196
1787286220 55.5 55.5 54.5 56.4 2208 950 5.230
1787286221 55.5 56.4 54.5 56.4 2208 950 5.249
1787286222 55.5 56.4 54.5 56.4 2208 950 5.206
1787286223 55.5 56.4 54.5 57.3 2208 950 5.186
1787286224 56.4 56.4 55.5 57.3 2208 950 5.215
1787286225 56.4 56.4 55.5 57.3 2208 950 5.191
1787286227 56.4 56.4 55.5 58.2 2208 950 5.225
1787286228 56.4 56.4 55.5 57.3 2208 950 5.225
1787286229 56.4 56.4 55.5 56.4 2208 950 5.215
1787286230 55.5 56.4 54.5 56.4 2208 950 5.191
1787286231 56.4 56.4 55.5 56.4 2208 950 5.206
1787286232 50.8 50.8 49.9 51.8 2208 950 5.302
1787286233 48.1 47.2 47.2 48.1 2208 950 5.244
1787286234 47.2 46.2 46.2 47.2 2208 950 5.244
1787286235 45.3 45.3 44.4 45.3 2208 950 5.307
1787286236 45.3 43.5 43.5 44.4 2208 950 5.317
1787286237 43.5 43.5 42.5 43.5 2208 950 5.230
1787286239 42.5 42.5 42.5 43.5 2208 950 5.307
1787286240 42.5 42.5 41.6 42.5 2208 950 5.240
1787286241 42.5 41.6 41.6 42.5 2208 950 5.293
1787286242 41.6 41.6 41.6 42.5 2208 950 5.307
1787286243 41.6 41.6 40.7 41.6 2208 950 5.302
1787286244 41.6 40.7 40.7 41.6 2208 950 5.273
1787286245 40.7 40.7 39.8 40.7 2208 950 5.293
1787286246 40.7 40.7 39.8 40.7 2208 950 5.288
1787286247 40.7 39.8 39.8 40.7 2208 950 5.283
1787286248 40.7 39.8 38.8 40.7 2208 950 5.293
1787286249 39.8 39.8 38.8 39.8 2208 950 5.288
1787286250 39.8 38.8 38.8 38.8 2208 950 5.235
1787286251 39.8 38.8 38.8 39.8 2208 950 5.269
1787286252 38.8 38.8 37.9 38.8 2208 950 5.293
1787286254 38.8 38.8 37.9 38.8 2208 950 5.230
1787286255 38.8 38.8 37.9 38.8 2208 950 5.327
1787286256 38.8 38.8 37.9 38.8 2208 950 5.302
1787286257 45.3 46.2 45.3 47.2 2208 950 5.191
1787286258 48.1 49.0 47.2 49.0 2208 950 5.230
1787286259 49.0 49.0 48.1 49.9 2208 950 5.302
1787286260 49.9 49.9 49.0 50.8 2208 950 5.196
1787286261 49.9 50.8 49.9 50.8 2208 950 5.201
1787286262 50.8 51.8 49.9 51.8 2208 950 5.259
1787286264 50.8 50.8 49.9 51.8 2208 950 5.220
1787286265 51.8 51.8 50.8 52.7 2208 950 5.230
1787286266 51.8 52.7 50.8 52.7 2208 950 5.186
1787286267 52.7 53.6 51.8 53.6 2208 950 5.211
1787286268 52.7 52.7 51.8 53.6 2208 950 5.211
1787286269 52.7 53.6 51.8 54.5 2208 950 5.215
1787286270 53.6 54.5 52.7 54.5 2208 950 5.211
1787286271 52.7 53.6 52.7 54.5 2208 950 5.244
1787286272 53.6 54.5 52.7 54.5 2208 950 5.220
1787286274 53.6 54.5 53.6 55.5 2208 950 5.235
1787286275 54.5 55.5 53.6 56.4 2208 950 5.196
1787286276 54.5 54.5 53.6 55.5 2208 950 5.182
1787286277 54.5 55.5 53.6 55.5 2208 950 5.215
1787286278 53.6 53.6 52.7 54.5 2208 950 5.211
1787286279 54.5 54.5 53.6 55.5 2208 950 5.225
1787286280 54.5 54.5 53.6 55.5 2208 950 5.215
1787286282 54.5 55.5 53.6 54.5 2208 950 5.225
1787286283 54.5 55.5 53.6 56.4 2208 950 5.215
1787286284 54.5 54.5 53.6 55.5 2208 950 5.191
1787286285 54.5 54.5 53.6 55.5 2208 950 5.215
1787286286 54.5 55.5 53.6 55.5 2208 950 5.240
1787286287 54.5 54.5 53.6 55.5 2208 950 5.220
1787286288 55.5 56.4 54.5 57.3 2208 950 5.220
1787286290 55.5 55.5 53.6 55.5 2208 950 5.186
1787286291 54.5 55.5 53.6 56.4 2208 950 5.215
1787286292 56.4 56.4 55.5 57.3 2208 950 5.240
1787286293 55.5 56.4 54.5 57.3 2208 950 5.264
1787286294 55.5 56.4 55.5 57.3 2208 950 5.254
1787286295 55.5 56.4 54.5 56.4 2208 950 5.230
1787286296 56.4 56.4 55.5 57.3 2208 950 5.211
1787286297 56.4 56.4 55.5 56.4 2208 950 5.206
1787286299 56.4 56.4 55.5 57.3 2208 950 5.211
1787286300 56.4 56.4 55.5 58.2 2208 950 5.225
1787286301 56.4 56.4 55.5 57.3 2208 950 5.254
1787286302 56.4 56.4 55.5 56.4 2208 950 5.230
1787286303 56.4 56.4 55.5 56.4 2208 950 5.201
1787286304 56.4 57.3 55.5 57.3 2208 950 5.206
1787286305 56.4 56.4 55.5 56.4 2208 950 5.201
1787286306 56.4 56.4 55.5 57.3 2208 950 5.211
1787286308 56.4 57.3 56.4 58.2 2208 950 5.225
1787286309 56.4 57.3 56.4 58.2 2208 950 5.215
1787286310 57.3 57.3 56.4 57.3 2208 950 5.235
1787286311 57.3 57.3 56.4 57.3 2208 950 5.240
1787286312 57.3 57.3 56.4 58.2 2208 950 5.225
1787286313 57.3 57.3 56.4 57.3 2208 950 5.201
1787286314 58.2 58.2 57.3 59.2 2208 950 5.230
1787286316 57.3 58.2 56.4 58.2 2208 950 5.220
1787286317 52.7 51.8 51.8 52.7 2208 950 5.269
1787286318 49.0 49.0 48.1 49.0 2208 950 5.278
1787286319 47.2 47.2 46.2 47.2 2208 950 5.293
1787286320 46.2 45.3 45.3 46.2 2208 950 5.259
1787286321 45.3 45.3 44.4 45.3 2208 950 5.312
1787286322 45.3 44.4 44.4 45.3 2208 950 5.312
1787286323 44.4 43.5 43.5 44.4 2208 950 5.288
1787286324 43.5 43.5 42.5 43.5 2208 950 5.302
1787286325 43.5 42.5 42.5 43.5 2208 950 5.254
1787286326 42.5 42.5 42.5 42.5 2208 950 5.235
1787286327 42.5 42.5 41.6 42.5 2208 950 5.230
1787286328 42.5 41.6 41.6 42.5 2208 950 5.288
1787286330 41.6 41.6 40.7 41.6 2208 950 5.269
1787286331 41.6 40.7 40.7 41.6 2208 950 5.254
1787286332 41.6 40.7 40.7 41.6 2208 950 5.235
1787286333 40.7 40.7 40.7 41.6 2208 950 5.244
1787286334 42.5 42.5 42.5 43.5 2208 950 5.288
1787286335 45.3 46.2 45.3 46.2 2208 950 5.244
1787286336 47.2 47.2 46.2 47.2 2208 950 5.278
1787286337 46.2 47.2 46.2 47.2 2208 950 5.249
1787286338 47.2 48.1 46.2 47.2 2208 950 5.235
1787286339 47.2 47.2 46.2 47.2 2208 950 5.273
1787286340 47.2 47.2 47.2 47.2 2208 950 5.249
1787286341 47.2 47.2 46.2 48.1 2208 950 5.254
1787286342 48.1 48.1 47.2 48.1 2208 950 5.220
1787286343 48.1 48.1 47.2 48.1 2208 950 5.264
1787286344 44.4 44.4 44.4 44.4 2208 950 5.298
1787286346 43.5 42.5 42.5 42.5 2208 950 5.283
1787286347 46.2 47.2 45.3 48.1 2208 950 5.230
1787286348 49.9 50.8 49.0 51.8 2208 950 5.225
1787286349 50.8 50.8 49.9 51.8 2208 950 5.225
1787286350 49.9 50.8 49.9 51.8 2208 950 5.249
1787286351 52.7 52.7 51.8 53.6 2208 950 5.235
1787286352 51.8 52.7 51.8 53.6 2208 950 5.283
1787286353 53.6 54.5 52.7 54.5 2208 950 5.167
1787286355 53.6 53.6 52.7 54.5 2208 950 5.215
1787286356 52.7 53.6 51.8 53.6 2208 950 5.225
1787286357 53.6 54.5 52.7 54.5 2208 950 5.225
1787286358 53.6 54.5 52.7 54.5 2208 950 5.230
1787286359 54.5 54.5 52.7 55.5 2208 950 5.230
1787286360 54.5 54.5 53.6 55.5 2208 950 5.167
1787286361 54.5 55.5 54.5 56.4 2208 950 5.225
1787286362 54.5 55.5 53.6 55.5 2208 950 5.240
1787286364 55.5 55.5 54.5 56.4 2208 950 5.196
1787286365 54.5 54.5 53.6 55.5 2208 950 5.162
1787286366 55.5 56.4 54.5 56.4 2208 950 5.215
1787286367 56.4 56.4 55.5 57.3 2208 950 5.211
1787286368 55.5 55.5 54.5 56.4 2208 950 5.196
1787286369 55.5 56.4 54.5 56.4 2208 950 5.211
1787286370 55.5 56.4 54.5 57.3 2208 950 5.244
1787286371 57.3 57.3 56.4 58.2 2208 950 5.220
1787286373 56.4 57.3 55.5 57.3 2208 950 5.211
1787286374 56.4 56.4 55.5 57.3 2208 950 5.196
1787286375 57.3 56.4 55.5 57.3 2208 950 5.215
1787286376 55.5 56.4 55.5 57.3 2208 950 5.211
1787286377 55.5 56.4 54.5 56.4 2208 950 5.211
1787286378 56.4 56.4 54.5 56.4 2208 950 5.254
1787286379 56.4 56.4 55.5 57.3 2208 950 5.215
1787286381 55.5 56.4 55.5 57.3 2208 950 5.191
1787286382 56.4 57.3 56.4 58.2 2208 950 5.206
1787286383 56.4 57.3 56.4 58.2 2208 950 5.206
1787286384 56.4 57.3 55.5 57.3 2208 950 5.249
1787286385 57.3 56.4 56.4 57.3 2208 950 5.206
1787286386 56.4 57.3 55.5 57.3 2208 950 5.211
1787286387 57.3 58.2 56.4 58.2 2208 950 5.182
1787286388 57.3 58.2 56.4 59.2 2208 950 5.172
1787286390 57.3 57.3 56.4 58.2 2208 950 5.206
1787286391 56.4 57.3 56.4 58.2 2208 950 5.220
1787286392 57.3 57.3 56.4 58.2 2208 950 5.186
1787286393 57.3 57.3 56.4 58.2 2208 950 5.201
1787286394 57.3 58.2 57.3 59.2 2208 950 5.235
1787286395 57.3 57.3 56.4 58.2 2208 950 5.211
1787286396 58.2 58.2 57.3 58.2 2208 950 5.215
1787286397 58.2 58.2 57.3 59.2 2208 950 5.201
1787286399 57.3 58.2 56.4 58.2 2208 950 5.215
1787286400 58.2 58.2 57.3 59.2 2208 950 5.254
1787286401 58.2 58.2 57.3 58.2 2208 950 5.240
1787286402 58.2 58.2 57.3 59.2 2208 950 5.244
1787286403 57.3 58.2 57.3 58.2 2208 950 5.225
1787286404 58.2 59.2 57.3 59.2 2208 950 5.244
1787286405 58.2 57.3 57.3 58.2 2208 950 5.196
1787286406 58.2 58.2 56.4 58.2 2208 950 5.235
1787286407 52.7 51.8 51.8 52.7 2208 950 5.254
1787286409 49.0 49.0 48.1 49.0 2208 950 5.298
1787286410 48.1 48.1 47.2 48.1 2208 950 5.235
1787286411 47.2 46.2 46.2 47.2 2208 950 5.259
1787286412 46.2 46.2 45.3 46.2 2208 950 5.249
1787286413 45.3 45.3 44.4 46.2 2208 950 5.249
1787286414 45.3 44.4 44.4 45.3 2208 950 5.240
1787286415 44.4 44.4 43.5 44.4 2208 950 5.273
1787286416 44.4 43.5 43.5 44.4 2208 950 5.269
1787286417 43.5 43.5 42.5 43.5 2208 950 5.302
1787286418 43.5 43.5 42.5 43.5 2208 950 5.235
1787286419 43.5 42.5 41.6 43.5 2208 950 5.269
1787286420 42.5 42.5 41.6 42.5 2208 950 5.298
1787286421 42.5 41.6 41.6 42.5 2208 950 5.259
1787286422 42.5 41.6 40.7 42.5 2208 950 5.288
1787286424 41.6 41.6 40.7 41.6 2208 950 5.254
1787286425 41.6 41.6 40.7 41.6 2208 950 5.312
1787286426 41.6 40.7 40.7 41.6 2208 950 5.264
1787286427 41.6 40.7 40.7 40.7 2208 950 5.283
1787286428 40.7 40.7 39.8 40.7 2208 950 5.273
1787286429 40.7 40.7 39.8 40.7 2208 950 5.288
1787286430 40.7 39.8 39.8 40.7 2208 950 5.225
1787286431 40.7 39.8 39.8 40.7 2208 950 5.288
1787286432 48.1 49.0 47.2 49.9 2208 950 5.215
1787286433 49.9 50.8 49.0 50.8 2208 950 5.235
1787286434 50.8 51.8 49.9 51.8 2208 950 5.201
1787286436 51.8 52.7 50.8 52.7 2208 950 5.220
1787286437 52.7 52.7 51.8 52.7 2208 950 5.240
1787286438 52.7 53.6 51.8 53.6 2208 950 5.215
1787286439 52.7 54.5 52.7 54.5 2208 950 5.157
1787286440 53.6 54.5 52.7 54.5 2208 950 5.244
1787286441 53.6 54.5 52.7 54.5 2208 950 5.264
1787286443 53.6 54.5 53.6 54.5 2208 950 5.211
1787286444 53.6 54.5 52.7 54.5 2208 950 5.269
1787286445 54.5 55.5 53.6 55.5 2208 950 5.172
1787286446 54.5 55.5 54.5 56.4 2208 950 5.220
1787286447 54.5 55.5 53.6 56.4 2208 950 5.225
1787286448 54.5 54.5 53.6 55.5 2208 950 5.201
1787286449 55.5 55.5 54.5 56.4 2208 950 5.225
1787286450 55.5 56.4 54.5 56.4 2208 950 5.196
1787286452 56.4 56.4 55.5 57.3 2208 950 5.215
1787286453 55.5 56.4 54.5 56.4 2208 950 5.235
1787286454 56.4 56.4 55.5 57.3 2208 950 5.225
1787286455 56.4 56.4 55.5 57.3 2208 950 5.206
1787286456 55.5 56.4 55.5 57.3 2208 950 5.182
1787286457 56.4 56.4 55.5 57.3 2208 950 5.215
1787286458 56.4 56.4 55.5 57.3 2208 950 5.215
1787286460 56.4 57.3 56.4 58.2 2208 950 5.172
1787286461 56.4 56.4 55.5 57.3 2208 950 5.225
1787286462 57.3 57.3 56.4 58.2 2208 950 5.273
1787286463 57.3 57.3 56.4 57.3 2208 950 5.230
1787286464 57.3 58.2 56.4 58.2 2208 950 5.220
1787286465 57.3 57.3 56.4 58.2 2208 950 5.235
1787286466 57.3 58.2 56.4 58.2 2208 950 5.186
1787286468 56.4 58.2 56.4 58.2 2208 950 5.244
1787286469 56.4 57.3 56.4 59.2 2208 950 5.206
1787286470 57.3 58.2 57.3 58.2 2208 950 5.220
1787286471 57.3 58.2 56.4 58.2 2208 950 5.215
1787286472 58.2 59.2 57.3 58.2 2208 950 5.240
1787286473 57.3 57.3 56.4 58.2 2208 950 5.215
1787286474 57.3 57.3 56.4 58.2 2208 950 5.182
1787286476 57.3 58.2 56.4 58.2 2208 950 5.220
1787286477 57.3 59.2 57.3 58.2 2208 950 5.177
1787286478 58.2 58.2 57.3 59.2 2208 950 5.225
1787286479 58.2 58.2 57.3 60.1 2208 950 5.182
1787286480 57.3 58.2 57.3 59.2 2208 950 5.230
1787286481 57.3 58.2 57.3 58.2 2208 950 5.211
1787286482 58.2 58.2 57.3 59.2 2208 950 5.162
1787286484 58.2 58.2 57.3 59.2 2208 950 5.215
1787286485 58.2 58.2 57.3 59.2 2208 950 5.220
1787286486 58.2 58.2 57.3 59.2 2208 950 5.215
1787286487 57.3 58.2 57.3 59.2 2208 950 5.244
1787286488 57.3 58.2 57.3 59.2 2208 950 5.230
1787286489 58.2 58.2 57.3 60.1 2208 950 5.206
1787286490 58.2 58.2 57.3 59.2 2208 950 5.196
1787286491 58.2 59.2 57.3 58.2 2208 950 5.191
1787286493 50.8 49.9 49.9 50.8 2208 950 5.235
1787286494 49.0 48.1 48.1 49.0 2208 950 5.293
1787286495 48.1 47.2 46.2 47.2 2208 950 5.254
1787286496 46.2 46.2 45.3 46.2 2208 950 5.293
1787286497 45.3 45.3 45.3 46.2 2208 950 5.312
1787286498 45.3 44.4 44.4 45.3 2208 950 5.317
1787286499 44.4 44.4 43.5 45.3 2208 950 5.240
1787286500 44.4 43.5 43.5 44.4 2208 950 5.307
1787286501 43.5 43.5 42.5 44.4 2208 950 5.307
1787286502 43.5 42.5 42.5 43.5 2208 950 5.302
1787286503 42.5 42.5 41.6 43.5 2208 950 5.244
1787286504 42.5 42.5 41.6 42.5 2208 950 5.244
1787286505 42.5 42.5 41.6 42.5 2208 950 5.273
1787286506 41.6 41.6 41.6 42.5 2208 950 5.230
1787286508 41.6 41.6 40.7 41.6 2208 950 5.264
1787286509 41.6 40.7 40.7 41.6 2208 950 5.283
1787286510 45.3 45.3 45.3 46.2 2208 950 5.196
1787286511 46.2 47.2 46.2 47.2 2208 950 5.235
1787286512 46.2 47.2 45.3 47.2 2208 950 5.235
1787286513 47.2 48.1 46.2 47.2 2208 950 5.264
1787286514 47.2 48.1 47.2 48.1 2208 950 5.186
1787286515 49.0 49.0 48.1 49.0 2208 950 5.230
1787286516 48.1 48.1 47.2 48.1 2208 950 5.288
1787286517 48.1 48.1 48.1 49.0 2208 950 5.273
1787286518 48.1 49.0 48.1 48.1 2208 950 5.244
1787286519 47.2 46.2 46.2 47.2 2208 950 5.244
1787286520 45.3 44.4 44.4 45.3 2208 950 5.264
1787286521 43.5 42.5 42.5 43.5 2208 950 5.283
1787286522 48.1 49.0 48.1 49.0 2208 950 5.254
1787286524 50.8 51.8 50.8 51.8 2208 950 5.196
1787286525 52.7 52.7 51.8 53.6 2208 950 5.254
1787286526 52.7 53.6 51.8 53.6 2208 950 5.273
1787286527 53.6 54.5 52.7 55.5 2208 950 5.206
1787286528 53.6 54.5 52.7 55.5 2208 950 5.186
1787286529 54.5 55.5 53.6 55.5 2208 950 5.220
1787286531 53.6 53.6 52.7 54.5 2208 950 5.278
1787286532 53.6 54.5 53.6 55.5 2208 950 5.211
1787286533 54.5 55.5 54.5 56.4 2208 950 5.215
1787286534 54.5 55.5 53.6 55.5 2208 950 5.220
1787286535 55.5 55.5 54.5 56.4 2208 950 5.211
1787286536 55.5 56.4 54.5 56.4 2208 950 5.182
1787286537 56.4 56.4 55.5 57.3 2208 950 5.177
1787286538 55.5 56.4 54.5 57.3 2208 950 5.148
1787286540 55.5 56.4 55.5 57.3 2208 950 5.186
1787286541 55.5 56.4 54.5 56.4 2208 950 5.191
1787286542 56.4 56.4 55.5 57.3 2208 950 5.211
1787286543 56.4 57.3 55.5 58.2 2208 950 5.215
1787286544 56.4 57.3 56.4 58.2 2208 950 5.240
1787286545 57.3 57.3 56.4 57.3 2208 950 5.225
1787286546 57.3 57.3 56.4 57.3 2208 950 5.211
1787286547 57.3 56.4 55.5 57.3 2208 950 5.215
1787286549 56.4 57.3 56.4 58.2 2208 950 5.215
1787286550 57.3 57.3 56.4 58.2 2208 950 5.201
1787286551 57.3 58.2 56.4 58.2 2208 950 5.225
1787286552 57.3 58.2 57.3 58.2 2208 950 5.235
1787286553 57.3 58.2 57.3 59.2 2208 950 5.230
1787286554 56.4 56.4 55.5 56.4 2208 950 5.230
1787286555 57.3 58.2 56.4 59.2 2208 950 5.254
1787286556 58.2 59.2 57.3 59.2 2208 950 5.215
1787286558 57.3 58.2 56.4 58.2 2208 950 5.235
1787286559 57.3 58.2 57.3 59.2 2208 950 5.182
1787286560 57.3 58.2 56.4 59.2 2208 950 5.172
1787286561 58.2 58.2 57.3 59.2 2208 950 5.225
1787286562 57.3 58.2 57.3 59.2 2208 950 5.225
1787286563 58.2 58.2 57.3 58.2 2208 950 5.215
1787286564 58.2 59.2 57.3 59.2 2208 950 5.215
1787286566 57.3 58.2 56.4 58.2 2208 950 5.201
1787286567 58.2 58.2 57.3 58.2 2208 950 5.235
1787286568 58.2 58.2 57.3 59.2 2208 950 5.240
1787286569 58.2 59.2 57.3 59.2 2208 950 5.220
1787286570 57.3 58.2 57.3 58.2 2208 950 5.215
1787286571 57.3 58.2 57.3 58.2 2208 950 5.196
1787286572 58.2 59.2 57.3 59.2 2208 950 5.230
1787286573 58.2 59.2 58.2 59.2 2208 950 5.225
1787286575 58.2 59.2 57.3 59.2 2208 950 5.186
1787286576 58.2 58.2 57.3 59.2 2208 950 5.215
1787286577 59.2 59.2 57.3 59.2 2208 950 5.244
1787286578 58.2 59.2 57.3 59.2 2208 950 5.196
1787286579 58.2 59.2 58.2 60.1 2208 950 5.211
1787286580 58.2 59.2 57.3 59.2 2208 950 5.157
1787286581 58.2 58.2 57.3 59.2 2208 950 5.215
1787286582 56.4 56.4 55.5 56.4 2208 950 5.312
1787286583 50.8 49.9 49.9 50.8 2208 950 5.312
1787286584 49.9 49.0 48.1 50.8 2208 950 5.283
1787286586 48.1 47.2 47.2 48.1 2208 950 5.264
1787286587 47.2 46.2 46.2 47.2 2208 950 5.283
1787286588 46.2 45.3 45.3 46.2 2208 950 5.288
1787286589 46.2 45.3 45.3 46.2 2208 950 5.264
1787286590 45.3 45.3 44.4 45.3 2208 950 5.273
1787286591 45.3 44.4 43.5 44.4 2208 950 5.302
1787286592 44.4 44.4 43.5 44.4 2208 950 5.302
1787286593 44.4 43.5 42.5 44.4 2208 950 5.254
1787286594 43.5 42.5 42.5 43.5 2208 950 5.240
1787286595 43.5 42.5 41.6 43.5 2208 950 5.254
1787286596 42.5 42.5 41.6 42.5 2208 950 5.298
1787286597 42.5 42.5 41.6 42.5 2208 950 5.254
1787286598 42.5 41.6 41.6 41.6 2208 950 5.312
1787286599 42.5 41.6 40.7 41.6 2208 950 5.293
1787286601 41.6 41.6 40.7 41.6 2208 950 5.249
1787286602 41.6 41.6 40.7 41.6 2208 950 5.283
1787286603 41.6 40.7 40.7 41.6 2208 950 5.264
1787286604 41.6 40.7 40.7 41.6 2208 950 5.283
1787286605 40.7 40.7 39.8 40.7 2208 950 5.273
1787286606 40.7 40.7 39.8 40.7 2208 950 5.244
1787286607 46.2 46.2 45.3 48.1 2208 950 5.211
1787286608 49.9 50.8 49.9 51.8 2208 950 5.201
1787286609 51.8 51.8 50.8 51.8 2208 950 5.201
1787286610 50.8 50.8 50.8 51.8 2208 950 5.211
1787286611 51.8 51.8 50.8 52.7 2208 950 5.225
1787286613 52.7 52.7 51.8 53.6 2208 950 5.196
1787286614 53.6 53.6 52.7 54.5 2208 950 5.191
1787286615 54.5 54.5 53.6 54.5 2208 950 5.230
1787286616 54.5 55.5 53.6 55.5 2208 950 5.206
1787286617 54.5 55.5 53.6 56.4 2208 950 5.206
1787286618 55.5 55.5 54.5 55.5 2208 950 5.211
1787286619 54.5 55.5 53.6 56.4 2208 950 5.215
1787286621 54.5 56.4 54.5 56.4 2208 950 5.230
1787286622 54.5 55.5 53.6 55.5 2208 950 5.215
1787286623 55.5 56.4 55.5 57.3 2208 950 5.215
1787286624 55.5 56.4 54.5 56.4 2208 950 5.220
1787286625 55.5 56.4 55.5 56.4 2208 950 5.254
1787286626 56.4 56.4 55.5 57.3 2208 950 5.249
1787286627 55.5 56.4 55.5 56.4 2208 950 5.249
1787286628 56.4 57.3 55.5 57.3 2208 950 5.215
1787286630 56.4 56.4 55.5 57.3 2208 950 5.264
1787286631 55.5 56.4 54.5 56.4 2208 950 5.206
1787286632 57.3 57.3 56.4 58.2 2208 950 5.225
1787286633 56.4 57.3 55.5 58.2 2208 950 5.191
1787286634 57.3 57.3 55.5 58.2 2208 950 5.211
1787286635 57.3 58.2 56.4 58.2 2208 950 5.235
1787286636 56.4 58.2 56.4 57.3 2208 950 5.244
1787286637 57.3 57.3 56.4 59.2 2208 950 5.206
1787286639 57.3 58.2 56.4 58.2 2208 950 5.211
1787286640 56.4 57.3 56.4 57.3 2208 950 5.235
1787286641 56.4 57.3 56.4 57.3 2208 950 5.177
1787286642 57.3 57.3 56.4 58.2 2208 950 5.196
1787286643 57.3 58.2 56.4 59.2 2208 950 5.182
1787286644 58.2 58.2 56.4 58.2 2208 950 5.211
1787286645 58.2 58.2 57.3 59.2 2208 950 5.220
1787286647 57.3 58.2 56.4 59.2 2208 950 5.182
1787286648 58.2 58.2 57.3 59.2 2208 950 5.215
1787286649 58.2 59.2 57.3 60.1 2208 950 5.196
1787286650 58.2 58.2 58.2 59.2 2208 950 5.196
1787286651 58.2 59.2 58.2 60.1 2208 950 5.186
1787286652 58.2 58.2 57.3 59.2 2208 950 5.288
1787286653 59.2 59.2 58.2 59.2 2208 950 5.206
1787286655 59.2 59.2 58.2 60.1 2208 950 5.244
1787286656 58.2 59.2 57.3 59.2 2208 950 5.230
1787286657 58.2 59.2 58.2 60.1 2208 950 5.201
1787286658 58.2 59.2 57.3 59.2 2208 950 5.215
1787286659 58.2 59.2 58.2 60.1 2208 950 5.215
1787286660 58.2 59.2 58.2 59.2 2208 950 5.191
1787286661 58.2 58.2 57.3 59.2 2208 950 5.191
1787286662 58.2 59.2 58.2 60.1 2208 950 5.215
1787286664 58.2 59.2 58.2 60.1 2208 950 5.235
1787286665 58.2 59.2 58.2 59.2 2208 950 5.201
1787286666 58.2 59.2 57.3 59.2 2208 950 5.172
1787286667 57.3 56.4 55.5 56.4 2208 950 5.312
1787286668 50.8 49.9 49.9 50.8 2208 950 5.283
1787286669 49.0 49.0 48.1 49.0 2208 950 5.269
1787286670 48.1 48.1 47.2 48.1 2208 950 5.283
1787286671 47.2 46.2 46.2 47.2 2208 950 5.288
1787286672 46.2 46.2 45.3 46.2 2208 950 5.264
1787286673 46.2 45.3 44.4 46.2 2208 950 5.293
1787286674 45.3 45.3 44.4 45.3 2208 950 5.307
1787286675 45.3 44.4 43.5 45.3 2208 950 5.307
1787286677 44.4 44.4 43.5 44.4 2208 950 5.244
1787286678 44.4 43.5 43.5 44.4 2208 950 5.206
1787286679 43.5 43.5 42.5 44.4 2208 950 5.288
1787286680 43.5 42.5 42.5 42.5 2208 950 5.312
1787286681 42.5 42.5 42.5 42.5 2208 950 5.259
1787286682 42.5 42.5 41.6 42.5 2208 950 5.249
1787286683 42.5 41.6 41.6 42.5 2208 950 5.312
1787286684 42.5 41.6 40.7 41.6 2208 950 5.259
1787286685 46.2 47.2 46.2 47.2 2208 950 5.254
1787286686 47.2 48.1 46.2 48.1 2208 950 5.235
1787286687 48.1 49.0 47.2 48.1 2208 950 5.288
1787286688 47.2 48.1 47.2 48.1 2208 950 5.225
1787286689 48.1 49.0 48.1 48.1 2208 950 5.215
1787286690 48.1 48.1 47.2 49.0 2208 950 5.264
1787286692 49.0 49.0 48.1 49.0 2208 950 5.244
1787286693 48.1 49.0 48.1 49.0 2208 950 5.235
1787286694 49.0 49.9 48.1 49.0 2208 950 5.249
1787286695 46.2 46.2 46.2 46.2 2208 950 5.235
1787286696 44.4 44.4 44.4 45.3 2208 950 5.273
1787286697 43.5 43.5 42.5 44.4 2208 950 5.244
1787286698 49.9 50.8 49.0 51.8 2208 950 5.215
1787286699 51.8 52.7 50.8 52.7 2208 950 5.201
1787286700 52.7 53.6 51.8 54.5 2208 950 5.249
1787286701 52.7 53.6 51.8 53.6 2208 950 5.240
1787286702 53.6 54.5 52.7 54.5 2208 950 5.264
1787286704 53.6 53.6 52.7 54.5 2208 950 5.220
1787286705 55.5 55.5 54.5 56.4 2208 950 5.244
1787286706 54.5 55.5 53.6 55.5 2208 950 5.230
1787286707 55.5 56.4 54.5 56.4 2208 950 5.177
1787286708 54.5 54.5 53.6 55.5 2208 950 5.230
1787286709 55.5 56.4 54.5 56.4 2208 950 5.273
1787286710 54.5 55.5 54.5 56.4 2208 950 5.215
1787286711 55.5 56.4 54.5 56.4 2208 950 5.225
1787286713 56.4 56.4 55.5 57.3 2208 950 5.206
1787286714 55.5 56.4 55.5 57.3 2208 950 5.191
1787286715 56.4 57.3 56.4 57.3 2208 950 5.206
1787286716 56.4 56.4 55.5 57.3 2208 950 5.220
1787286717 55.5 56.4 55.5 56.4 2208 950 5.186
1787286718 56.4 56.4 55.5 56.4 2208 950 5.249
1787286719 57.3 57.3 56.4 58.2 2208 950 5.220
1787286720 57.3 57.3 56.4 58.2 2208 950 5.235
1787286722 56.4 57.3 56.4 58.2 2208 950 5.201
1787286723 55.5 56.4 54.5 56.4 2208 950 5.177
1787286724 57.3 58.2 56.4 58.2 2208 950 5.215
1787286725 56.4 57.3 56.4 58.2 2208 950 5.220
1787286726 57.3 57.3 56.4 58.2 2208 950 5.240
1787286727 57.3 58.2 56.4 58.2 2208 950 5.240
1787286728 57.3 58.2 56.4 59.2 2208 950 5.196
1787286730 58.2 58.2 57.3 58.2 2208 950 5.254
1787286731 57.3 57.3 56.4 58.2 2208 950 5.235
1787286732 58.2 58.2 57.3 59.2 2208 950 5.191
1787286733 58.2 58.2 57.3 59.2 2208 950 5.201
1787286734 58.2 58.2 57.3 59.2 2208 950 5.240
1787286735 58.2 58.2 56.4 58.2 2208 950 5.220
1787286736 57.3 58.2 57.3 58.2 2208 950 5.220
1787286738 58.2 58.2 57.3 59.2 2208 950 5.249
1787286739 58.2 59.2 57.3 59.2 2208 950 5.220
1787286740 57.3 57.3 56.4 58.2 2208 950 5.206
1787286741 58.2 58.2 57.3 59.2 2208 950 5.230
1787286742 58.2 59.2 58.2 59.2 2208 950 5.211
1787286743 58.2 58.2 57.3 58.2 2208 950 5.191
1787286744 58.2 59.2 57.3 59.2 2208 950 5.215
1787286745 58.2 59.2 57.3 58.2 2208 950 5.191
1787286747 58.2 59.2 57.3 59.2 2208 950 5.235
1787286748 58.2 59.2 57.3 60.1 2208 950 5.230
1787286749 58.2 59.2 57.3 59.2 2208 950 5.196
1787286750 59.2 59.2 57.3 60.1 2208 950 5.220
1787286751 58.2 59.2 58.2 59.2 2208 950 5.177
1787286752 58.2 58.2 58.2 60.1 2208 950 5.211
1787286753 58.2 59.2 58.2 60.1 2208 950 5.211
1787286755 58.2 59.2 57.3 60.1 2208 950 5.215
1787286756 59.2 59.2 58.2 60.1 2208 950 5.215
1787286757 58.2 59.2 58.2 59.2 2208 950 5.230
1787286758 53.6 52.7 52.7 53.6 2208 950 5.264
1787286759 49.9 49.9 49.0 49.9 2208 950 5.307
1787286760 49.9 48.1 48.1 49.9 2208 950 5.206
1787286761 48.1 47.2 47.2 48.1 2208 950 5.298
1787286762 47.2 46.2 46.2 47.2 2208 950 5.302
1787286763 46.2 46.2 45.3 47.2 2208 950 5.235
1787286764 46.2 45.3 45.3 46.2 2208 950 5.264
1787286766 45.3 44.4 44.4 45.3 2208 950 5.312
1787286767 45.3 44.4 43.5 45.3 2208 950 5.302
1787286768 44.4 43.5 43.5 44.4 2208 950 5.307
1787286769 44.4 43.5 43.5 44.4 2208 950 5.298
1787286770 43.5 43.5 42.5 43.5 2208 950 5.269
1787286771 43.5 42.5 42.5 43.5 2208 950 5.283
1787286772 43.5 42.5 42.5 42.5 2208 950 5.269
1787286773 42.5 42.5 41.6 42.5 2208 950 5.278
1787286774 42.5 41.6 41.6 42.5 2208 950 5.269
1787286775 42.5 41.6 41.6 42.5 2208 950 5.307
1787286776 41.6 41.6 40.7 42.5 2208 950 5.259
1787286777 41.6 41.6 40.7 41.6 2208 950 5.307
1787286778 41.6 40.7 40.7 41.6 2208 950 5.259
1787286779 41.6 40.7 40.7 41.6 2208 950 5.293
1787286780 40.7 40.7 39.8 41.6 2208 950 5.249
1787286782 40.7 39.8 39.8 40.7 2208 950 5.240
1787286783 46.2 46.2 45.3 46.2 2208 950 5.278
1787286784 49.0 49.9 48.1 49.9 2208 950 5.186
1787286785 49.9 49.9 49.0 50.8 2208 950 5.244
1787286786 51.8 52.7 50.8 52.7 2208 950 5.230
1787286787 51.8 52.7 50.8 51.8 2208 950 5.225
1787286788 51.8 51.8 50.8 52.7 2208 950 5.196
1787286789 51.8 52.7 51.8 52.7 2208 950 5.206
1787286790 53.6 54.5 52.7 54.5 2208 950 5.235
1787286792 53.6 54.5 52.7 54.5 2208 950 5.244
1787286793 53.6 54.5 52.7 54.5 2208 950 5.186
1787286794 54.5 54.5 53.6 54.5 2208 950 5.230
1787286795 54.5 55.5 53.6 55.5 2208 950 5.312
1787286796 54.5 55.5 54.5 56.4 2208 950 5.249
1787286797 55.5 56.4 54.5 56.4 2208 950 5.196
1787286798 54.5 55.5 54.5 56.4 2208 950 5.220
1787286799 55.5 55.5 54.5 56.4 2208 950 5.230
1787286801 55.5 55.5 54.5 56.4 2208 950 5.206
1787286802 55.5 55.5 54.5 56.4 2208 950 5.153
1787286803 55.5 56.4 55.5 56.4 2208 950 5.182
1787286804 55.5 56.4 55.5 57.3 2208 950 5.225
1787286805 56.4 56.4 55.5 57.3 2208 950 5.182
1787286806 56.4 57.3 55.5 57.3 2208 950 5.211
1787286807 56.4 56.4 55.5 57.3 2208 950 5.220
1787286808 56.4 57.3 56.4 57.3 2208 950 5.225
1787286810 56.4 57.3 55.5 58.2 2208 950 5.225
1787286811 57.3 58.2 56.4 58.2 2208 950 5.196
1787286812 58.2 59.2 57.3 59.2 2208 950 5.182
1787286813 57.3 57.3 56.4 57.3 2208 950 5.196
1787286814 57.3 57.3 56.4 58.2 2208 950 5.206
1787286815 56.4 56.4 55.5 56.4 2208 950 5.206
1787286816 57.3 58.2 57.3 58.2 2208 950 5.215
1787286818 58.2 58.2 57.3 59.2 2208 950 5.201
1787286819 57.3 57.3 56.4 58.2 2208 950 5.235
1787286820 58.2 58.2 56.4 58.2 2208 950 5.215
1787286821 57.3 58.2 57.3 58.2 2208 950 5.206
1787286822 58.2 58.2 57.3 59.2 2208 950 5.240
1787286823 58.2 59.2 57.3 59.2 2208 950 5.196
1787286824 58.2 59.2 57.3 59.2 2208 950 5.215
1787286825 58.2 59.2 57.3 59.2 2208 950 5.215
1787286827 58.2 59.2 57.3 59.2 2208 950 5.215
1787286828 58.2 59.2 57.3 60.1 2208 950 5.206
1787286829 58.2 59.2 57.3 59.2 2208 950 5.230
1787286830 58.2 58.2 57.3 60.1 2208 950 5.201
1787286831 58.2 59.2 58.2 60.1 2208 950 5.225
1787286832 58.2 60.1 58.2 60.1 2208 950 5.186
1787286833 58.2 59.2 58.2 59.2 2208 950 5.215
1787286835 59.2 60.1 58.2 60.1 2208 950 5.182
1787286836 58.2 59.2 57.3 60.1 2208 950 5.230
1787286837 59.2 59.2 58.2 60.1 2208 950 5.259
1787286838 58.2 58.2 57.3 58.2 2208 950 5.230
1787286839 58.2 59.2 58.2 60.1 2208 950 5.215
1787286840 58.2 59.2 57.3 59.2 2208 950 5.215
1787286841 59.2 59.2 58.2 60.1 2208 950 5.235
1787286842 59.2 59.2 58.2 60.1 2208 950 5.206
1787286844 51.8 50.8 50.8 51.8 2208 950 5.240
1787286845 49.0 49.0 49.0 49.9 2208 950 5.264
1787286846 48.1 48.1 47.2 48.1 2208 950 5.317
1787286847 47.2 47.2 46.2 47.2 2208 950 5.269
1787286848 46.2 46.2 45.3 46.2 2208 950 5.288
1787286849 46.2 45.3 45.3 46.2 2208 950 5.307
1787286850 45.3 45.3 44.4 46.2 2208 950 5.293
1787286851 45.3 44.4 43.5 45.3 2208 950 5.302
1787286852 44.4 44.4 43.5 44.4 2208 950 5.240
1787286853 44.4 43.5 42.5 44.4 2208 950 5.240
1787286854 43.5 42.5 42.5 44.4 2208 950 5.278
1787286855 42.5 42.5 42.5 43.5 2208 950 5.240
1787286856 42.5 42.5 41.6 43.5 2208 950 5.288
1787286857 42.5 41.6 41.6 42.5 2208 950 5.230
1787286859 42.5 41.6 41.6 42.5 2208 950 5.264
1787286860 42.5 41.6 41.6 42.5 2208 950 5.230
1787286861 45.3 46.2 45.3 46.2 2208 950 5.254
1787286862 47.2 48.1 46.2 48.1 2208 950 5.225
1787286863 48.1 48.1 47.2 48.1 2208 950 5.230
1787286864 48.1 48.1 48.1 48.1 2208 950 5.244
1787286865 48.1 49.0 48.1 49.0 2208 950 5.244
1787286866 49.0 49.0 48.1 49.0 2208 950 5.269
1787286867 49.0 49.0 48.1 49.0 2208 950 5.235
1787286868 49.0 49.9 48.1 49.9 2208 950 5.211
1787286869 49.0 49.9 49.0 49.9 2208 950 5.153
1787286870 48.1 47.2 47.2 48.1 2208 950 5.317
1787286871 45.3 45.3 44.4 45.3 2208 950 5.273
1787286872 43.5 43.5 43.5 44.4 2208 950 5.288
1787286874 49.0 49.0 48.1 49.9 2208 950 5.235
1787286875 51.8 52.7 50.8 52.7 2208 950 5.172
1787286876 52.7 52.7 51.8 53.6 2208 950 5.206
1787286877 52.7 53.6 52.7 54.5 2208 950 5.215
1787286878 52.7 54.5 52.7 54.5 2208 950 5.215
1787286879 53.6 54.5 53.6 55.5 2208 950 5.172
1787286880 54.5 54.5 53.6 55.5 2208 950 5.220
1787286881 54.5 55.5 53.6 55.5 2208 950 5.240
1787286883 55.5 55.5 54.5 56.4 2208 950 5.240
1787286884 55.5 56.4 54.5 57.3 2208 950 5.215
1787286885 55.5 55.5 54.5 56.4 2208 950 5.196
1787286886 55.5 56.4 54.5 57.3 2208 950 5.191
1787286887 56.4 56.4 55.5 57.3 2208 950 5.249
1787286888 56.4 56.4 55.5 57.3 2208 950 5.201
1787286889 56.4 56.4 54.5 56.4 2208 950 5.215
1787286891 56.4 57.3 55.5 58.2 2208 950 5.211
1787286892 56.4 55.5 55.5 57.3 2208 950 5.235
1787286893 55.5 56.4 55.5 57.3 2208 950 5.264
1787286894 56.4 57.3 56.4 58.2 2208 950 5.220
1787286895 56.4 57.3 55.5 57.3 2208 950 5.186
1787286896 56.4 56.4 55.5 57.3 2208 950 5.220
1787286897 57.3 58.2 56.4 58.2 2208 950 5.186
1787286898 57.3 57.3 56.4 58.2 2208 950 5.225
1787286900 56.4 57.3 55.5 58.2 2208 950 5.225
1787286901 57.3 58.2 56.4 59.2 2208 950 5.230
1787286902 58.2 58.2 57.3 59.2 2208 950 5.196
1787286903 58.2 58.2 57.3 59.2 2208 950 5.186
1787286904 57.3 57.3 56.4 57.3 2208 950 5.235
1787286905 58.2 58.2 57.3 59.2 2208 950 5.230
1787286906 58.2 58.2 57.3 59.2 2208 950 5.177
1787286907 58.2 58.2 57.3 59.2 2208 950 5.240
1787286909 57.3 57.3 56.4 58.2 2208 950 5.215
1787286910 57.3 58.2 56.4 59.2 2208 950 5.220
1787286911 58.2 58.2 57.3 60.1 2208 950 5.211
1787286912 57.3 58.2 56.4 58.2 2208 950 5.172
1787286913 58.2 59.2 57.3 60.1 2208 950 5.240
1787286914 58.2 59.2 57.3 59.2 2208 950 5.215
1787286915 58.2 59.2 57.3 60.1 2208 950 5.196
1787286917 58.2 59.2 58.2 60.1 2208 950 5.206
1787286918 58.2 59.2 58.2 60.1 2208 950 5.225
1787286919 58.2 59.2 57.3 59.2 2208 950 5.220
1787286920 58.2 59.2 58.2 60.1 2208 950 5.235
1787286921 58.2 58.2 57.3 60.1 2208 950 5.128
1787286922 59.2 59.2 58.2 60.1 2208 950 5.162
1787286923 58.2 59.2 57.3 59.2 2208 950 5.215
1787286924 58.2 59.2 58.2 60.1 2208 950 5.225
1787286926 58.2 59.2 58.2 59.2 2208 950 5.249
1787286927 59.2 60.1 58.2 60.1 2208 950 5.215
1787286928 58.2 59.2 58.2 60.1 2208 950 5.249
1787286929 58.2 59.2 58.2 59.2 2208 950 5.230
1787286930 58.2 59.2 57.3 60.1 2208 950 5.225
1787286931 58.2 59.2 57.3 59.2 2208 950 5.235
1787286932 59.2 59.2 58.2 60.1 2208 950 5.215
1787286934 54.5 53.6 53.6 54.5 2208 950 5.249
1787286935 50.8 50.8 49.9 50.8 2208 950 5.235
1787286936 49.9 49.0 49.0 49.9 2208 950 5.264
1787286937 48.1 48.1 48.1 48.1 2208 950 5.264
1787286938 47.2 47.2 46.2 47.2 2208 950 5.269
1787286939 46.2 46.2 46.2 47.2 2208 950 5.298
1787286940 46.2 45.3 45.3 46.2 2208 950 5.240
1787286941 45.3 45.3 44.4 46.2 2208 950 5.293
1787286942 45.3 44.4 44.4 45.3 2208 950 5.288
1787286943 44.4 44.4 43.5 44.4 2208 950 5.249
1787286944 44.4 43.5 43.5 44.4 2208 950 5.298
1787286945 44.4 43.5 42.5 44.4 2208 950 5.244
1787286946 43.5 42.5 42.5 43.5 2208 950 5.249
1787286947 43.5 42.5 42.5 43.5 2208 950 5.307
1787286949 42.5 42.5 42.5 42.5 2208 950 5.254
1787286950 42.5 42.5 42.5 43.5 2208 950 5.244
1787286951 42.5 41.6 41.6 42.5 2208 950 5.293
1787286952 42.5 41.6 41.6 42.5 2208 950 5.249
1787286953 41.6 41.6 40.7 41.6 2208 950 5.322
1787286954 41.6 41.6 40.7 41.6 2208 950 5.269
1787286955 41.6 40.7 40.7 41.6 2208 950 5.312
1787286956 41.6 40.7 40.7 41.6 2208 950 5.312
1787286957 41.6 40.7 39.8 41.6 2208 950 5.312
1787286958 46.2 47.2 46.2 48.1 2208 950 5.230
1787286959 49.0 49.9 48.1 49.9 2208 950 5.211
1787286960 50.8 51.8 50.8 52.7 2208 950 5.196
1787286962 51.8 52.7 51.8 52.7 2208 950 5.186
1787286963 52.7 53.6 51.8 54.5 2208 950 5.206
1787286964 52.7 53.6 52.7 54.5 2208 950 5.206
1787286965 52.7 53.6 52.7 54.5 2208 950 5.191
1787286966 53.6 53.6 52.7 54.5 2208 950 5.215
1787286967 53.6 53.6 52.7 54.5 2208 950 5.177
1787286968 54.5 54.5 53.6 54.5 2208 950 5.196
1787286969 55.5 55.5 54.5 56.4 2208 950 5.201
1787286971 54.5 56.4 54.5 56.4 2208 950 5.191
1787286972 55.5 55.5 54.5 56.4 2208 950 5.244
1787286973 55.5 55.5 53.6 55.5 2208 950 5.211
1787286974 55.5 55.5 54.5 55.5 2208 950 5.215
1787286975 55.5 56.4 54.5 56.4 2208 950 5.206
1787286976 55.5 55.5 54.5 55.5 2208 950 5.225
1787286977 56.4 56.4 55.5 57.3 2208 950 5.211
1787286979 56.4 56.4 54.5 57.3 2208 950 5.240
1787286980 55.5 56.4 55.5 57.3 2208 950 5.225
1787286981 56.4 57.3 56.4 58.2 2208 950 5.206
1787286982 56.4 57.3 55.5 57.3 2208 950 5.196
1787286983 56.4 57.3 56.4 58.2 2208 950 5.235
1787286984 56.4 57.3 56.4 57.3 2208 950 5.186
1787286985 57.3 58.2 56.4 58.2 2208 950 5.244
1787286986 57.3 58.2 56.4 59.2 2208 950 5.215
1787286988 57.3 58.2 56.4 58.2 2208 950 5.211
1787286989 57.3 57.3 56.4 57.3 2208 950 5.230
1787286990 57.3 58.2 57.3 59.2 2208 950 5.244
1787286991 57.3 58.2 57.3 59.2 2208 950 5.240
1787286992 57.3 58.2 57.3 59.2 2208 950 5.235
1787286993 57.3 58.2 57.3 58.2 2208 950 5.201
1787286994 58.2 58.2 57.3 59.2 2208 950 5.215
1787286996 58.2 58.2 57.3 60.1 2208 950 5.196
1787286997 58.2 58.2 57.3 59.2 2208 950 5.215
1787286998 58.2 58.2 57.3 59.2 2208 950 5.206
1787286999 58.2 59.2 58.2 59.2 2208 950 5.254
1787287000 57.3 58.2 57.3 58.2 2208 950 5.191
1787287001 58.2 58.2 57.3 58.2 2208 950 5.220
1787287002 58.2 59.2 57.3 60.1 2208 950 5.220
1787287003 58.2 59.2 58.2 60.1 2208 950 5.215
1787287005 58.2 59.2 58.2 60.1 2208 950 5.240
1787287006 58.2 58.2 57.3 59.2 2208 950 5.196
1787287007 58.2 58.2 57.3 59.2 2208 950 5.215
1787287008 59.2 59.2 58.2 59.2 2208 950 5.211
1787287009 58.2 59.2 58.2 60.1 2208 950 5.196
1787287010 58.2 59.2 58.2 60.1 2208 950 5.230
1787287011 59.2 59.2 58.2 59.2 2208 950 5.240
1787287012 58.2 59.2 58.2 60.1 2208 950 5.191
1787287014 58.2 59.2 58.2 60.1 2208 950 5.235
1787287015 59.2 60.1 58.2 60.1 2208 950 5.235
1787287016 58.2 59.2 57.3 59.2 2208 950 5.206
1787287017 59.2 59.2 58.2 59.2 2208 950 5.182
1787287018 59.2 59.2 58.2 58.2 2208 950 5.230
1787287019 51.8 50.8 50.8 50.8 2208 950 5.230
1787287020 49.0 49.0 48.1 49.9 2208 950 5.254
1787287021 48.1 48.1 47.2 48.1 2208 950 5.278
1787287022 47.2 47.2 46.2 47.2 2208 950 5.225
1787287023 46.2 46.2 45.3 47.2 2208 950 5.312
1787287025 46.2 45.3 45.3 46.2 2208 950 5.264
1787287026 45.3 45.3 44.4 45.3 2208 950 5.273
1787287027 44.4 44.4 43.5 44.4 2208 950 5.264
1787287028 44.4 44.4 43.5 44.4 2208 950 5.302
1787287029 44.4 43.5 43.5 44.4 2208 950 5.230
1787287030 44.4 43.5 42.5 43.5 2208 950 5.215
1787287031 43.5 43.5 42.5 43.5 2208 950 5.244
1787287032 42.5 42.5 42.5 43.5 2208 950 5.293
1787287033 42.5 42.5 41.6 43.5 2208 950 5.312
1787287034 42.5 42.5 41.6 42.5 2208 950 5.312
1787287035 41.6 41.6 41.6 43.5 2208 950 5.283
1787287036 46.2 47.2 46.2 47.2 2208 950 5.220
1787287037 47.2 47.2 46.2 48.1 2208 950 5.230
1787287038 47.2 48.1 47.2 48.1 2208 950 5.254
1787287040 48.1 48.1 47.2 48.1 2208 950 5.259
1787287041 48.1 49.0 48.1 49.0 2208 950 5.235
1787287042 48.1 49.0 47.2 48.1 2208 950 5.264
1787287043 49.0 49.0 48.1 49.0 2208 950 5.215
1787287044 49.0 49.0 48.1 49.0 2208 950 5.215
1787287045 49.0 49.0 48.1 49.0 2208 950 5.196
1787287046 46.2 46.2 45.3 46.2 2208 950 5.264
1787287047 44.4 44.4 43.5 44.4 2208 950 5.273
1787287048 46.2 46.2 45.3 47.2 2208 950 5.211
1787287049 50.8 51.8 49.9 52.7 2208 950 5.196
1787287050 50.8 51.8 49.9 51.8 2208 950 5.167
1787287052 52.7 52.7 51.8 52.7 2208 950 5.177
1787287053 52.7 53.6 52.7 53.6 2208 950 5.225
1787287054 52.7 54.5 52.7 53.6 2208 950 5.244
1787287055 53.6 54.5 53.6 55.5 2208 950 5.244
1787287056 54.5 55.5 53.6 55.5 2208 950 5.206
1787287057 55.5 56.4 53.6 55.5 2208 950 5.215
1787287058 55.5 56.4 54.5 56.4 2208 950 5.220
1787287059 55.5 55.5 54.5 55.5 2208 950 5.177
1787287061 55.5 55.5 54.5 56.4 2208 950 5.215
1787287062 54.5 56.4 54.5 56.4 2208 950 5.240
1787287063 56.4 57.3 54.5 56.4 2208 950 5.162
1787287064 56.4 56.4 55.5 57.3 2208 950 5.220
1787287065 56.4 57.3 55.5 57.3 2208 950 5.157
1787287066 56.4 56.4 55.5 57.3 2208 950 5.244
1787287067 55.5 56.4 55.5 56.4 2208 950 5.191
1787287068 56.4 56.4 55.5 57.3 2208 950 5.196
1787287070 57.3 57.3 56.4 58.2 2208 950 5.215
1787287071 57.3 58.2 56.4 58.2 2208 950 5.235
1787287072 57.3 57.3 56.4 57.3 2208 950 5.206
1787287073 57.3 58.2 56.4 58.2 2208 950 5.230
1787287074 57.3 57.3 56.4 58.2 2208 950 5.230
1787287075 57.3 57.3 56.4 58.2 2208 950 5.215
1787287076 57.3 58.2 56.4 59.2 2208 950 5.206
1787287078 56.4 57.3 56.4 58.2 2208 950 5.177
1787287079 57.3 57.3 56.4 58.2 2208 950 5.220
1787287080 56.4 58.2 56.4 58.2 2208 950 5.215
1787287081 57.3 57.3 56.4 58.2 2208 950 5.167
1787287082 58.2 58.2 56.4 59.2 2208 950 5.211
1787287083 57.3 58.2 56.4 58.2 2208 950 5.206
1787287084 57.3 58.2 57.3 58.2 2208 950 5.230
1787287085 57.3 58.2 56.4 58.2 2208 950 5.235
1787287087 58.2 58.2 58.2 60.1 2208 950 5.201
1787287088 58.2 59.2 57.3 59.2 2208 950 5.215
1787287089 58.2 58.2 57.3 58.2 2208 950 5.230
1787287090 58.2 59.2 58.2 60.1 2208 950 5.177
1787287091 58.2 59.2 57.3 59.2 2208 950 5.283
1787287092 58.2 59.2 58.2 60.1 2208 950 5.225
1787287093 58.2 59.2 57.3 59.2 2208 950 5.264
1787287094 58.2 59.2 57.3 60.1 2208 950 5.157
1787287096 58.2 59.2 58.2 59.2 2208 950 5.235
1787287097 58.2 58.2 57.3 59.2 2208 950 5.225
1787287098 58.2 59.2 58.2 60.1 2208 950 5.225
1787287099 58.2 58.2 57.3 58.2 2208 950 5.211
1787287100 58.2 59.2 58.2 59.2 2208 950 5.235
1787287101 58.2 58.2 57.3 59.2 2208 950 5.254
1787287102 58.2 58.2 57.3 60.1 2208 950 5.220
1787287103 58.2 59.2 58.2 60.1 2208 950 5.211
1787287104 58.2 58.2 57.3 59.2 2208 950 5.211
1787287106 58.2 58.2 57.3 58.2 2208 950 5.235
1787287107 59.2 59.2 58.2 60.1 2208 950 5.225
1787287108 58.2 59.2 58.2 59.2 2208 950 5.196
1787287109 54.5 53.6 52.7 54.5 2208 950 5.278
1787287110 49.9 49.9 49.0 49.9 2208 950 5.249
1787287111 49.0 49.0 48.1 50.8 2208 950 5.235
1787287112 48.1 47.2 47.2 48.1 2208 950 5.244
1787287113 47.2 46.2 46.2 47.2 2208 950 5.278
1787287114 46.2 46.2 45.3 46.2 2208 950 5.302
1787287115 46.2 45.3 44.4 45.3 2208 950 5.298
1787287116 45.3 44.4 44.4 45.3 2208 950 5.317
1787287118 44.4 44.4 43.5 45.3 2208 950 5.249
1787287119 44.4 43.5 43.5 44.4 2208 950 5.269
1787287120 43.5 43.5 42.5 43.5 2208 950 5.269
1787287121 43.5 42.5 42.5 43.5 2208 950 5.235
1787287122 43.5 42.5 42.5 42.5 2208 950 5.249
1787287123 42.5 42.5 41.6 43.5 2208 950 5.254
1787287124 42.5 42.5 41.6 42.5 2208 950 5.293
1787287125 42.5 41.6 40.7 42.5 2208 950 5.307
1787287126 41.6 41.6 40.7 42.5 2208 950 5.312
1787287127 41.6 41.6 40.7 41.6 2208 950 5.302
1787287128 41.6 40.7 40.7 41.6 2208 950 5.307
1787287129 41.6 40.7 40.7 41.6 2208 950 5.254
1787287130 40.7 40.7 39.8 40.7 2208 950 5.283
1787287131 40.7 40.7 39.8 40.7 2208 950 5.302
1787287132 40.7 40.7 39.8 40.7 2208 950 5.249
1787287134 46.2 46.2 45.3 47.2 2208 950 5.191
1787287135 49.0 49.9 48.1 49.9 2208 950 5.240
1787287136 49.9 50.8 49.0 50.8 2208 950 5.220
1787287137 50.8 51.8 49.9 51.8 2208 950 5.191
1787287138 51.8 52.7 50.8 53.6 2208 950 5.215
1787287139 52.7 53.6 51.8 53.6 2208 950 5.182
1787287140 52.7 53.6 52.7 54.5 2208 950 5.215
1787287141 53.6 53.6 52.7 54.5 2208 950 5.230
1787287143 54.5 54.5 52.7 55.5 2208 950 5.206
1787287144 53.6 54.5 52.7 54.5 2208 950 5.254
1787287145 54.5 55.5 54.5 56.4 2208 950 5.278
1787287146 54.5 54.5 53.6 54.5 2208 950 5.244
1787287147 54.5 54.5 53.6 55.5 2208 950 5.225
1787287148 54.5 55.5 54.5 56.4 2208 950 5.211
1787287149 55.5 56.4 54.5 56.4 2208 950 5.235
1787287150 55.5 56.4 54.5 56.4 2208 950 5.230
1787287152 55.5 56.4 54.5 56.4 2208 950 5.235
1787287153 55.5 56.4 54.5 55.5 2208 950 5.206
1787287154 55.5 56.4 54.5 57.3 2208 950 5.196
1787287155 56.4 55.5 54.5 56.4 2208 950 5.235
1787287156 56.4 56.4 55.5 57.3 2208 950 5.230
1787287157 55.5 56.4 55.5 56.4 2208 950 5.240
1787287158 55.5 56.4 55.5 57.3 2208 950 5.220
1787287160 56.4 56.4 55.5 56.4 2208 950 5.186
1787287161 57.3 58.2 56.4 58.2 2208 950 5.186
1787287162 56.4 57.3 56.4 58.2 2208 950 5.225
1787287163 56.4 57.3 55.5 58.2 2208 950 5.215
1787287164 56.4 56.4 55.5 57.3 2208 950 5.225
1787287165 57.3 58.2 56.4 58.2 2208 950 5.244
1787287166 57.3 58.2 56.4 58.2 2208 950 5.249
1787287167 57.3 58.2 56.4 57.3 2208 950 5.230
1787287169 57.3 58.2 56.4 58.2 2208 950 5.206
1787287170 57.3 58.2 57.3 59.2 2208 950 5.201
1787287171 58.2 58.2 57.3 59.2 2208 950 5.230
1787287172 57.3 58.2 57.3 59.2 2208 950 5.220
1787287173 56.4 57.3 56.4 58.2 2208 950 5.211
1787287174 58.2 58.2 57.3 59.2 2208 950 5.211
1787287175 58.2 58.2 56.4 58.2 2208 950 5.244
1787287177 57.3 58.2 56.4 58.2 2208 950 5.215
1787287178 58.2 59.2 57.3 58.2 2208 950 5.225
1787287179 57.3 58.2 57.3 58.2 2208 950 5.206
1787287180 58.2 58.2 57.3 59.2 2208 950 5.182
1787287181 58.2 58.2 57.3 60.1 2208 950 5.186
1787287182 58.2 59.2 57.3 59.2 2208 950 5.215
1787287183 58.2 58.2 57.3 59.2 2208 950 5.240
1787287184 58.2 58.2 57.3 59.2 2208 950 5.201
1787287186 58.2 59.2 57.3 59.2 2208 950 5.220
1787287187 58.2 58.2 57.3 59.2 2208 950 5.206
1787287188 58.2 58.2 57.3 59.2 2208 950 5.235
1787287189 58.2 59.2 58.2 60.1 2208 950 5.206
1787287190 58.2 58.2 57.3 58.2 2208 950 5.259
1787287191 58.2 59.2 58.2 60.1 2208 950 5.215
1787287192 58.2 58.2 57.3 59.2 2208 950 5.240
1787287193 58.2 59.2 58.2 60.1 2208 950 5.249
1787287195 50.8 50.8 49.9 50.8 2208 950 5.264
1787287196 49.0 49.0 48.1 49.0 2208 950 5.235
1787287197 48.1 47.2 47.2 48.1 2208 950 5.302
1787287198 47.2 46.2 46.2 47.2 2208 950 5.278
1787287199 46.2 46.2 45.3 47.2 2208 950 5.254
1787287200 46.2 45.3 45.3 46.2 2208 950 5.254
1787287201 45.3 45.3 44.4 45.3 2208 950 5.302
1787287202 44.4 44.4 44.4 45.3 2208 950 5.293
1787287203 44.4 43.5 43.5 44.4 2208 950 5.230
1787287204 44.4 43.5 43.5 44.4 2208 950 5.273
1787287205 43.5 43.5 42.5 44.4 2208 950 5.273
1787287206 43.5 42.5 42.5 43.5 2208 950 5.273
1787287207 42.5 42.5 42.5 43.5 2208 950 5.230
1787287208 42.5 42.5 41.6 42.5 2208 950 5.327
1787287209 42.5 42.5 41.6 42.5 2208 950 5.254
1787287211 42.5 41.6 41.6 42.5 2208 950 5.312
1787287212 47.2 47.2 45.3 47.2 2208 950 5.225
1787287213 48.1 48.1 46.2 47.2 2208 950 5.201
1787287214 48.1 49.0 48.1 49.0 2208 950 5.249
1787287215 48.1 49.0 48.1 49.0 2208 950 5.235
1787287216 49.0 49.9 48.1 49.0 2208 950 5.230
1787287217 49.0 49.0 48.1 49.9 2208 950 5.249
1787287218 49.0 49.9 48.1 49.0 2208 950 5.215
1787287219 49.0 49.9 48.1 49.0 2208 950 5.240
1787287220 49.0 49.9 49.0 49.9 2208 950 5.254
1787287221 47.2 47.2 46.2 47.2 2208 950 5.273
1787287222 45.3 45.3 44.4 45.3 2208 950 5.293
1787287223 44.4 43.5 43.5 46.2 2208 950 5.240
1787287225 50.8 51.8 49.9 51.8 2208 950 5.206
1787287226 51.8 52.7 50.8 52.7 2208 950 5.201
1787287227 52.7 52.7 51.8 53.6 2208 950 5.235
1787287228 53.6 54.5 52.7 54.5 2208 950 5.191
1787287229 53.6 54.5 52.7 54.5 2208 950 5.191
1787287230 54.5 55.5 53.6 55.5 2208 950 5.244
1787287231 54.5 55.5 54.5 56.4 2208 950 5.230
1787287232 54.5 55.5 53.6 55.5 2208 950 5.225
1787287234 55.5 56.4 54.5 56.4 2208 950 5.240
1787287235 55.5 56.4 54.5 56.4 2208 950 5.201
1787287236 55.5 56.4 54.5 56.4 2208 950 5.191
1787287237 55.5 55.5 54.5 56.4 2208 950 5.215
1787287238 56.4 56.4 55.5 58.2 2208 950 5.249
1787287239 56.4 56.4 54.5 56.4 2208 950 5.196
1787287240 56.4 57.3 56.4 57.3 2208 950 5.240
1787287242 56.4 57.3 56.4 58.2 2208 950 5.240
1787287243 57.3 58.2 56.4 58.2 2208 950 5.230
1787287244 57.3 58.2 56.4 57.3 2208 950 5.225
1787287245 57.3 58.2 57.3 59.2 2208 950 5.201
1787287246 58.2 58.2 57.3 59.2 2208 950 5.182
1787287247 57.3 58.2 56.4 58.2 2208 950 5.211
1787287248 57.3 58.2 56.4 58.2 2208 950 5.211
1787287250 57.3 58.2 56.4 58.2 2208 950 5.196
1787287251 57.3 58.2 56.4 59.2 2208 950 5.201
1787287252 57.3 58.2 57.3 59.2 2208 950 5.167
1787287253 58.2 58.2 57.3 58.2 2208 950 5.172
1787287254 58.2 58.2 57.3 58.2 2208 950 5.225
1787287255 57.3 58.2 57.3 59.2 2208 950 5.215
1787287256 58.2 59.2 57.3 59.2 2208 950 5.215
1787287258 58.2 58.2 57.3 58.2 2208 950 5.211
