epoch soc_c npu_c ddr_c bigcore_c cpu_mhz npu_mhz volt_v
1787285520 39.8 38.8 38.8 39.8 2208 950 5.293
1787285521 42.5 43.5 41.6 43.5 2208 950 5.259
1787285522 45.3 46.2 44.4 46.2 2208 950 5.230
1787285523 46.2 47.2 46.2 48.1 2208 950 5.240
1787285524 46.2 47.2 45.3 47.2 2208 950 5.225
1787285525 47.2 48.1 46.2 48.1 2208 950 5.201
1787285527 48.1 48.1 47.2 49.0 2208 950 5.196
1787285528 48.1 49.0 48.1 49.0 2208 950 5.201
1787285529 49.0 49.9 48.1 49.9 2208 950 5.220
1787285530 49.0 49.9 48.1 49.9 2208 950 5.220
1787285531 49.9 49.9 49.0 50.8 2208 950 5.196
1787285532 49.9 50.8 49.0 51.8 2208 950 5.269
1787285533 49.9 50.8 49.0 50.8 2208 950 5.211
1787285534 50.8 51.8 49.9 51.8 2208 950 5.153
1787285535 50.8 51.8 49.9 51.8 2208 950 5.201
1787285537 50.8 51.8 50.8 51.8 2208 950 5.215
1787285538 51.8 51.8 50.8 51.8 2208 950 5.201
1787285539 50.8 50.8 49.9 51.8 2208 950 5.211
1787285540 50.8 51.8 49.9 51.8 2208 950 5.211
1787285541 51.8 51.8 50.8 51.8 2208 950 5.196
1787285542 51.8 52.7 50.8 52.7 2208 950 5.230
1787285543 51.8 52.7 51.8 52.7 2208 950 5.201
1787285544 51.8 52.7 50.8 52.7 2208 950 5.177
1787285546 52.7 52.7 51.8 53.6 2208 950 5.215
1787285547 52.7 53.6 52.7 54.5 2208 950 5.230
1787285548 52.7 53.6 52.7 54.5 2208 950 5.196
1787285549 52.7 53.6 51.8 54.5 2208 950 5.235
1787285550 52.7 52.7 51.8 53.6 2208 950 5.206
1787285551 53.6 53.6 52.7 54.5 2208 950 5.157
1787285552 53.6 53.6 52.7 54.5 2208 950 5.201
1787285554 53.6 53.6 52.7 54.5 2208 950 5.230
1787285555 53.6 54.5 52.7 54.5 2208 950 5.215
1787285556 53.6 53.6 52.7 54.5 2208 950 5.215
1787285557 53.6 53.6 52.7 54.5 2208 950 5.240
1787285558 53.6 53.6 52.7 54.5 2208 950 5.186
1787285559 53.6 54.5 52.7 54.5 2208 950 5.196
1787285560 53.6 54.5 52.7 54.5 2208 950 5.196
1787285561 53.6 53.6 52.7 54.5 2208 950 5.220
1787285563 53.6 54.5 53.6 54.5 2208 950 5.196
1787285564 54.5 54.5 53.6 55.5 2208 950 5.230
1787285565 53.6 54.5 53.6 55.5 2208 950 5.191
1787285566 53.6 54.5 53.6 54.5 2208 950 5.206
1787285567 54.5 54.5 53.6 55.5 2208 950 5.153
1787285568 54.5 55.5 53.6 55.5 2208 950 5.201
1787285569 54.5 55.5 53.6 55.5 2208 950 5.186
1787285571 54.5 54.5 53.6 55.5 2208 950 5.211
1787285572 54.5 54.5 53.6 55.5 2208 950 5.215
1787285573 54.5 55.5 53.6 55.5 2208 950 5.201
1787285574 54.5 54.5 53.6 55.5 2208 950 5.172
1787285575 53.6 54.5 53.6 54.5 2208 950 5.235
1787285576 54.5 54.5 53.6 55.5 2208 950 5.215
1787285577 54.5 55.5 53.6 55.5 2208 950 5.244
1787285578 54.5 54.5 53.6 55.5 2208 950 5.177
1787285579 54.5 55.5 53.6 55.5 2208 950 5.235
1787285581 54.5 55.5 53.6 54.5 2208 950 5.206
1787285582 49.9 49.0 49.0 49.9 2208 950 5.254
1787285583 53.6 53.6 52.7 54.5 2208 950 5.177
1787285584 54.5 54.5 53.6 55.5 2208 950 5.211
1787285585 54.5 55.5 53.6 54.5 2208 950 5.172
1787285586 54.5 54.5 53.6 55.5 2208 950 5.196
1787285587 55.5 55.5 54.5 56.4 2208 950 5.264
1787285588 55.5 55.5 53.6 55.5 2208 950 5.225
1787285590 54.5 54.5 53.6 55.5 2208 950 5.182
1787285591 55.5 55.5 54.5 56.4 2208 950 5.220
1787285592 54.5 55.5 54.5 55.5 2208 950 5.244
1787285593 54.5 55.5 54.5 56.4 2208 950 5.191
1787285594 54.5 55.5 54.5 55.5 2208 950 5.293
1787285595 54.5 55.5 53.6 55.5 2208 950 5.191
1787285596 55.5 55.5 54.5 56.4 2208 950 5.186
1787285597 55.5 55.5 54.5 56.4 2208 950 5.182
1787285599 55.5 56.4 54.5 56.4 2208 950 5.157
1787285600 54.5 55.5 54.5 55.5 2208 950 5.235
1787285601 53.6 54.5 53.6 55.5 2208 950 5.196
1787285602 55.5 56.4 54.5 56.4 2208 950 5.220
1787285603 55.5 55.5 54.5 56.4 2208 950 5.215
1787285604 54.5 55.5 54.5 55.5 2208 950 5.235
1787285605 54.5 55.5 54.5 56.4 2208 950 5.225
1787285606 55.5 56.4 54.5 56.4 2208 950 5.215
1787285608 54.5 55.5 53.6 55.5 2208 950 5.215
1787285609 54.5 54.5 53.6 54.5 2208 950 5.211
1787285610 55.5 56.4 54.5 57.3 2208 950 5.206
1787285611 56.4 56.4 54.5 57.3 2208 950 5.220
1787285612 55.5 55.5 54.5 56.4 2208 950 5.167
1787285613 56.4 56.4 55.5 57.3 2208 950 5.177
1787285614 56.4 56.4 55.5 57.3 2208 950 5.240
1787285615 55.5 56.4 54.5 56.4 2208 950 5.249
1787285617 56.4 56.4 55.5 57.3 2208 950 5.196
1787285618 56.4 57.3 55.5 57.3 2208 950 5.235
1787285619 57.3 57.3 55.5 57.3 2208 950 5.206
1787285620 55.5 56.4 55.5 57.3 2208 950 5.196
1787285621 56.4 56.4 55.5 57.3 2208 950 5.191
1787285622 56.4 57.3 55.5 57.3 2208 950 5.162
1787285623 55.5 56.4 55.5 57.3 2208 950 5.244
1787285624 56.4 56.4 54.5 56.4 2208 950 5.220
1787285626 56.4 56.4 55.5 57.3 2208 950 5.201
1787285627 55.5 55.5 55.5 57.3 2208 950 5.177
1787285628 56.4 56.4 55.5 57.3 2208 950 5.240
1787285629 56.4 56.4 54.5 56.4 2208 950 5.167
1787285630 55.5 56.4 55.5 57.3 2208 950 5.249
1787285631 55.5 55.5 54.5 56.4 2208 950 5.211
1787285632 55.5 56.4 55.5 57.3 2208 950 5.211
1787285633 55.5 56.4 54.5 56.4 2208 950 5.211
1787285635 55.5 56.4 54.5 56.4 2208 950 5.153
1787285636 54.5 55.5 54.5 55.5 2208 950 5.220
1787285637 55.5 56.4 54.5 56.4 2208 950 5.211
1787285638 55.5 55.5 54.5 56.4 2208 950 5.225
1787285639 55.5 56.4 55.5 56.4 2208 950 5.172
1787285640 56.4 56.4 55.5 57.3 2208 950 5.215
1787285641 55.5 56.4 55.5 56.4 2208 950 5.249
1787285642 53.6 53.6 52.7 53.6 2208 950 5.283
1787285644 53.6 54.5 52.7 54.5 2208 950 5.133
1787285645 55.5 55.5 54.5 56.4 2208 950 5.215
1787285646 55.5 55.5 54.5 56.4 2208 950 5.167
1787285647 55.5 55.5 54.5 56.4 2208 950 5.302
1787285648 55.5 55.5 54.5 55.5 2208 950 5.235
1787285649 55.5 56.4 55.5 57.3 2208 950 5.249
1787285650 55.5 56.4 55.5 57.3 2208 950 5.143
1787285651 55.5 55.5 55.5 57.3 2208 950 5.220
1787285653 55.5 55.5 54.5 56.4 2208 950 5.157
1787285654 56.4 57.3 55.5 57.3 2208 950 5.206
1787285655 55.5 55.5 54.5 57.3 2208 950 5.153
1787285656 56.4 57.3 55.5 57.3 2208 950 5.182
1787285657 55.5 56.4 55.5 57.3 2208 950 5.240
1787285658 56.4 57.3 55.5 57.3 2208 950 5.235
1787285659 55.5 55.5 54.5 55.5 2208 950 5.182
1787285660 55.5 56.4 54.5 57.3 2208 950 5.211
1787285662 55.5 56.4 54.5 56.4 2208 950 5.186
1787285663 55.5 56.4 54.5 56.4 2208 950 5.225
1787285664 56.4 57.3 55.5 57.3 2208 950 5.172
1787285665 56.4 56.4 55.5 57.3 2208 950 5.172
1787285666 56.4 56.4 54.5 56.4 2208 950 5.240
1787285667 55.5 56.4 54.5 56.4 2208 950 5.196
1787285668 56.4 56.4 55.5 57.3 2208 950 5.201
1787285669 55.5 55.5 54.5 56.4 2208 950 5.235
1787285671 56.4 56.4 55.5 56.4 2208 950 5.220
1787285672 55.5 56.4 55.5 56.4 2208 950 5.186
1787285673 56.4 57.3 55.5 57.3 2208 950 5.235
1787285674 56.4 56.4 55.5 57.3 2208 950 5.191
1787285675 55.5 55.5 54.5 56.4 2208 950 5.182
1787285676 55.5 56.4 55.5 57.3 2208 950 5.215
1787285677 56.4 56.4 55.5 57.3 2208 950 5.259
1787285678 55.5 55.5 54.5 56.4 2208 950 5.206
1787285680 55.5 56.4 54.5 57.3 2208 950 5.206
1787285681 55.5 55.5 54.5 56.4 2208 950 5.206
1787285682 56.4 56.4 55.5 57.3 2208 950 5.264
1787285683 56.4 56.4 55.5 57.3 2208 950 5.201
1787285684 56.4 56.4 55.5 57.3 2208 950 5.293
1787285685 56.4 57.3 55.5 57.3 2208 950 5.186
1787285686 56.4 57.3 55.5 57.3 2208 950 5.225
1787285687 55.5 56.4 54.5 57.3 2208 950 5.215
1787285688 55.5 56.4 54.5 57.3 2208 950 5.220
1787285690 55.5 56.4 54.5 57.3 2208 950 5.206
1787285691 56.4 57.3 55.5 57.3 2208 950 5.211
1787285692 55.5 56.4 54.5 57.3 2208 950 5.220
1787285693 56.4 57.3 55.5 57.3 2208 950 5.240
1787285694 56.4 56.4 55.5 56.4 2208 950 5.230
1787285695 56.4 56.4 55.5 57.3 2208 950 5.215
1787285696 56.4 57.3 55.5 57.3 2208 950 5.230
1787285697 55.5 56.4 54.5 57.3 2208 950 5.215
1787285699 56.4 56.4 55.5 57.3 2208 950 5.254
1787285700 55.5 56.4 54.5 57.3 2208 950 5.215
1787285701 56.4 56.4 55.5 58.2 2208 950 5.220
1787285702 56.4 56.4 55.5 57.3 2208 950 5.157
1787285703 56.4 56.4 55.5 57.3 2208 950 5.201
1787285704 53.6 53.6 52.7 54.5 2208 950 5.215
1787285705 55.5 55.5 54.5 56.4 2208 950 5.235
1787285706 55.5 56.4 55.5 57.3 2208 950 5.191
1787285708 56.4 56.4 55.5 57.3 2208 950 5.211
1787285709 55.5 55.5 54.5 55.5 2208 950 5.206
1787285710 55.5 56.4 54.5 56.4 2208 950 5.215
1787285711 55.5 56.4 55.5 57.3 2208 950 5.186
1787285712 56.4 57.3 55.5 57.3 2208 950 5.201
1787285713 55.5 56.4 55.5 56.4 2208 950 5.230
1787285714 54.5 55.5 54.5 56.4 2208 950 5.191
1787285715 55.5 56.4 55.5 58.2 2208 950 5.211
1787285717 56.4 56.4 55.5 57.3 2208 950 5.201
1787285718 56.4 56.4 55.5 57.3 2208 950 5.206
1787285719 55.5 56.4 55.5 57.3 2208 950 5.225
1787285720 56.4 56.4 55.5 57.3 2208 950 5.191
1787285721 56.4 56.4 55.5 57.3 2208 950 5.259
1787285722 56.4 56.4 55.5 57.3 2208 950 5.264
1787285723 55.5 56.4 55.5 57.3 2208 950 5.157
1787285724 56.4 56.4 55.5 57.3 2208 950 5.162
1787285726 56.4 56.4 55.5 57.3 2208 950 5.201
1787285727 56.4 57.3 55.5 57.3 2208 950 5.172
1787285728 55.5 55.5 55.5 56.4 2208 950 5.196
1787285729 55.5 56.4 54.5 56.4 2208 950 5.254
1787285730 57.3 57.3 56.4 58.2 2208 950 5.167
1787285731 56.4 56.4 55.5 57.3 2208 950 5.196
1787285732 55.5 56.4 55.5 57.3 2208 950 5.177
1787285733 56.4 56.4 55.5 57.3 2208 950 5.177
1787285735 56.4 57.3 55.5 58.2 2208 950 5.215
1787285736 56.4 57.3 55.5 57.3 2208 950 5.206
1787285737 56.4 57.3 55.5 58.2 2208 950 5.220
1787285738 56.4 57.3 55.5 57.3 2208 950 5.201
1787285739 56.4 57.3 55.5 57.3 2208 950 5.235
1787285740 56.4 57.3 55.5 57.3 2208 950 5.235
1787285741 56.4 57.3 56.4 58.2 2208 950 5.206
1787285743 56.4 57.3 55.5 57.3 2208 950 5.249
1787285744 56.4 56.4 55.5 57.3 2208 950 5.220
1787285745 55.5 55.5 54.5 56.4 2208 950 5.172
1787285746 56.4 57.3 56.4 58.2 2208 950 5.186
1787285747 56.4 57.3 55.5 57.3 2208 950 5.201
1787285748 57.3 57.3 56.4 57.3 2208 950 5.167
1787285749 56.4 56.4 55.5 58.2 2208 950 5.244
1787285750 56.4 57.3 55.5 57.3 2208 950 5.191
1787285752 56.4 57.3 55.5 58.2 2208 950 5.191
1787285753 56.4 57.3 56.4 57.3 2208 950 5.230
1787285754 56.4 57.3 56.4 58.2 2208 950 5.215
1787285755 56.4 56.4 55.5 57.3 2208 950 5.191
1787285756 55.5 55.5 55.5 56.4 2208 950 5.186
1787285757 56.4 56.4 55.5 57.3 2208 950 5.162
1787285758 56.4 56.4 55.5 57.3 2208 950 5.240
1787285759 55.5 56.4 54.5 56.4 2208 950 5.220
1787285761 55.5 56.4 54.5 56.4 2208 950 5.249
1787285762 55.5 56.4 55.5 56.4 2208 950 5.235
1787285763 56.4 56.4 55.5 57.3 2208 950 5.191
1787285764 56.4 56.4 55.5 58.2 2208 950 5.230
1787285765 50.8 50.8 50.8 52.7 2208 950 5.220
1787285766 55.5 55.5 54.5 56.4 2208 950 5.244
1787285767 56.4 56.4 55.5 57.3 2208 950 5.201
1787285768 55.5 55.5 54.5 56.4 2208 950 5.220
1787285770 55.5 55.5 54.5 57.3 2208 950 5.211
1787285771 56.4 56.4 54.5 57.3 2208 950 5.167
1787285772 56.4 56.4 55.5 57.3 2208 950 5.288
1787285773 56.4 56.4 55.5 57.3 2208 950 5.278
1787285774 55.5 56.4 54.5 57.3 2208 950 5.215
1787285775 55.5 56.4 54.5 57.3 2208 950 5.177
1787285776 56.4 56.4 55.5 57.3 2208 950 5.225
1787285777 56.4 57.3 55.5 57.3 2208 950 5.148
1787285779 55.5 56.4 55.5 57.3 2208 950 5.225
1787285780 55.5 56.4 55.5 56.4 2208 950 5.215
1787285781 55.5 55.5 54.5 56.4 2208 950 5.211
1787285782 55.5 56.4 55.5 57.3 2208 950 5.167
1787285783 55.5 56.4 54.5 56.4 2208 950 5.211
1787285784 55.5 55.5 54.5 57.3 2208 950 5.220
1787285785 55.5 56.4 54.5 56.4 2208 950 5.249
1787285786 56.4 57.3 55.5 57.3 2208 950 5.196
1787285787 55.5 56.4 55.5 57.3 2208 950 5.230
1787285789 55.5 56.4 54.5 57.3 2208 950 5.206
1787285790 56.4 57.3 55.5 57.3 2208 950 5.191
1787285791 56.4 56.4 55.5 57.3 2208 950 5.186
1787285792 56.4 56.4 55.5 57.3 2208 950 5.215
1787285793 56.4 56.4 55.5 57.3 2208 950 5.249
1787285794 56.4 56.4 55.5 57.3 2208 950 5.167
1787285795 56.4 56.4 55.5 57.3 2208 950 5.215
1787285797 55.5 56.4 55.5 56.4 2208 950 5.230
1787285798 56.4 56.4 55.5 57.3 2208 950 5.206
1787285799 56.4 57.3 56.4 57.3 2208 950 5.220
1787285800 55.5 56.4 54.5 56.4 2208 950 5.167
1787285801 55.5 56.4 54.5 56.4 2208 950 5.201
1787285802 55.5 55.5 54.5 56.4 2208 950 5.220
1787285803 55.5 56.4 55.5 57.3 2208 950 5.186
1787285804 55.5 56.4 55.5 56.4 2208 950 5.235
1787285805 56.4 57.3 55.5 57.3 2208 950 5.201
1787285807 56.4 57.3 55.5 57.3 2208 950 5.264
1787285808 56.4 56.4 55.5 57.3 2208 950 5.211
1787285809 56.4 57.3 55.5 57.3 2208 950 5.157
1787285810 55.5 56.4 55.5 56.4 2208 950 5.254
1787285811 56.4 56.4 55.5 57.3 2208 950 5.211
1787285812 55.5 56.4 55.5 57.3 2208 950 5.177
1787285813 55.5 56.4 55.5 57.3 2208 950 5.148
1787285815 56.4 56.4 55.5 57.3 2208 950 5.225
1787285816 55.5 56.4 55.5 57.3 2208 950 5.201
1787285817 56.4 56.4 55.5 57.3 2208 950 5.225
1787285818 55.5 55.5 54.5 56.4 2208 950 5.215
1787285819 55.5 56.4 55.5 57.3 2208 950 5.177
1787285820 56.4 56.4 55.5 57.3 2208 950 5.196
1787285821 55.5 56.4 54.5 56.4 2208 950 5.206
1787285823 55.5 56.4 55.5 57.3 2208 950 5.269
1787285824 56.4 56.4 55.5 57.3 2208 950 5.167
1787285825 55.5 56.4 55.5 57.3 2208 950 5.196
1787285826 52.7 52.7 51.8 53.6 2208 950 5.307
1787285827 49.0 48.1 48.1 49.0 2208 950 5.312
1787285828 52.7 53.6 52.7 53.6 2208 950 5.240
1787285829 54.5 54.5 53.6 55.5 2208 950 5.211
1787285830 55.5 55.5 54.5 56.4 2208 950 5.191
1787285831 54.5 55.5 54.5 55.5 2208 950 5.177
1787285832 55.5 55.5 54.5 56.4 2208 950 5.167
1787285834 54.5 55.5 54.5 55.5 2208 950 5.230
1787285835 55.5 55.5 54.5 56.4 2208 950 5.167
1787285836 55.5 55.5 54.5 56.4 2208 950 5.211
1787285837 55.5 56.4 54.5 56.4 2208 950 5.220
1787285838 56.4 56.4 55.5 57.3 2208 950 5.172
1787285839 55.5 56.4 55.5 57.3 2208 950 5.196
1787285840 56.4 56.4 55.5 56.4 2208 950 5.302
1787285841 56.4 56.4 55.5 57.3 2208 950 5.215
1787285843 55.5 56.4 54.5 56.4 2208 950 5.182
1787285844 56.4 56.4 55.5 57.3 2208 950 5.196
1787285845 55.5 56.4 55.5 57.3 2208 950 5.167
1787285846 55.5 56.4 54.5 56.4 2208 950 5.191
1787285847 55.5 56.4 54.5 56.4 2208 950 5.191
1787285848 55.5 56.4 55.5 57.3 2208 950 5.235
1787285849 56.4 56.4 55.5 57.3 2208 950 5.220
1787285850 55.5 56.4 55.5 57.3 2208 950 5.191
1787285852 56.4 57.3 55.5 57.3 2208 950 5.201
1787285853 55.5 56.4 55.5 57.3 2208 950 5.191
1787285854 55.5 56.4 55.5 57.3 2208 950 5.191
1787285855 55.5 56.4 54.5 56.4 2208 950 5.196
1787285856 56.4 57.3 55.5 57.3 2208 950 5.153
1787285857 55.5 55.5 54.5 56.4 2208 950 5.211
1787285858 55.5 55.5 54.5 56.4 2208 950 5.278
1787285859 56.4 56.4 55.5 57.3 2208 950 5.220
1787285861 55.5 56.4 54.5 56.4 2208 950 5.182
1787285862 55.5 55.5 54.5 55.5 2208 950 5.206
1787285863 55.5 56.4 55.5 57.3 2208 950 5.215
1787285864 55.5 55.5 54.5 56.4 2208 950 5.211
1787285865 55.5 56.4 54.5 57.3 2208 950 5.225
1787285866 55.5 56.4 55.5 57.3 2208 950 5.273
1787285867 55.5 56.4 55.5 57.3 2208 950 5.215
1787285868 56.4 56.4 55.5 57.3 2208 950 5.249
1787285870 55.5 56.4 55.5 56.4 2208 950 5.230
1787285871 56.4 56.4 55.5 57.3 2208 950 5.211
1787285872 56.4 56.4 54.5 56.4 2208 950 5.182
1787285873 56.4 57.3 55.5 57.3 2208 950 5.235
1787285874 56.4 57.3 55.5 57.3 2208 950 5.186
1787285875 56.4 56.4 55.5 57.3 2208 950 5.201
1787285876 55.5 56.4 55.5 56.4 2208 950 5.264
1787285877 55.5 56.4 54.5 56.4 2208 950 5.235
1787285879 55.5 55.5 55.5 57.3 2208 950 5.201
1787285880 55.5 55.5 54.5 56.4 2208 950 5.215
1787285881 55.5 56.4 54.5 56.4 2208 950 5.240
1787285882 55.5 57.3 55.5 57.3 2208 950 5.225
1787285883 55.5 56.4 55.5 57.3 2208 950 5.254
1787285884 55.5 55.5 54.5 56.4 2208 950 5.244
1787285885 56.4 56.4 55.5 57.3 2208 950 5.244
1787285886 55.5 55.5 54.5 56.4 2208 950 5.177
1787285888 56.4 57.3 55.5 57.3 2208 950 5.235
1787285889 50.8 49.9 49.9 50.8 2208 950 5.264
1787285890 48.1 48.1 47.2 48.1 2208 950 5.283
1787285891 46.2 46.2 45.3 47.2 2208 950 5.254
1787285892 46.2 45.3 44.4 45.3 2208 950 5.264
1787285893 44.4 44.4 44.4 45.3 2208 950 5.298
1787285894 44.4 43.5 43.5 44.4 2208 950 5.307
1787285895 43.5 43.5 42.5 44.4 2208 950 5.273
1787285896 43.5 42.5 42.5 43.5 2208 950 5.293
1787285897 42.5 42.5 41.6 43.5 2208 950 5.240
1787285898 42.5 41.6 41.6 42.5 2208 950 5.259
1787285899 41.6 41.6 40.7 42.5 2208 950 5.307
1787285900 41.6 41.6 40.7 41.6 2208 950 5.312
1787285901 41.6 40.7 40.7 41.6 2208 950 5.220
1787285903 41.6 40.7 40.7 40.7 2208 950 5.230
1787285904 40.7 40.7 39.8 40.7 2208 950 5.288
1787285905 40.7 40.7 39.8 40.7 2208 950 5.293
1787285906 46.2 46.2 44.4 46.2 2208 950 5.283
1787285907 49.0 49.9 48.1 49.9 2208 950 5.244
1787285908 49.9 49.9 48.1 50.8 2208 950 5.225
1787285909 50.8 50.8 49.9 51.8 2208 950 5.177
1787285910 50.8 51.8 50.8 52.7 2208 950 5.235
1787285911 49.9 50.8 49.9 50.8 2208 950 5.235
1787285913 51.8 51.8 50.8 52.7 2208 950 5.206
1787285914 51.8 52.7 51.8 53.6 2208 950 5.230
1787285915 52.7 52.7 51.8 53.6 2208 950 5.182
1787285916 51.8 51.8 51.8 52.7 2208 950 5.249
1787285917 52.7 53.6 52.7 53.6 2208 950 5.288
1787285918 53.6 53.6 52.7 54.5 2208 950 5.215
1787285919 53.6 53.6 52.7 53.6 2208 950 5.225
1787285921 53.6 53.6 52.7 54.5 2208 950 5.220
1787285922 53.6 53.6 52.7 54.5 2208 950 5.148
1787285923 54.5 54.5 53.6 54.5 2208 950 5.220
1787285924 53.6 54.5 53.6 55.5 2208 950 5.191
1787285925 53.6 53.6 53.6 54.5 2208 950 5.201
1787285926 53.6 54.5 53.6 55.5 2208 950 5.211
1787285927 54.5 54.5 53.6 55.5 2208 950 5.230
1787285928 54.5 55.5 53.6 55.5 2208 950 5.196
1787285930 54.5 54.5 53.6 54.5 2208 950 5.191
1787285931 54.5 55.5 53.6 55.5 2208 950 5.201
1787285932 55.5 54.5 53.6 55.5 2208 950 5.220
1787285933 54.5 54.5 54.5 56.4 2208 950 5.211
1787285934 54.5 55.5 54.5 55.5 2208 950 5.215
1787285935 54.5 54.5 53.6 54.5 2208 950 5.254
1787285936 54.5 55.5 53.6 55.5 2208 950 5.191
1787285937 54.5 54.5 53.6 54.5 2208 950 5.230
1787285939 54.5 54.5 53.6 55.5 2208 950 5.220
1787285940 54.5 54.5 53.6 55.5 2208 950 5.220
1787285941 55.5 56.4 54.5 57.3 2208 950 5.215
1787285942 55.5 55.5 54.5 56.4 2208 950 5.230
1787285943 55.5 56.4 54.5 57.3 2208 950 5.182
1787285944 55.5 56.4 54.5 57.3 2208 950 5.235
1787285945 55.5 55.5 54.5 56.4 2208 950 5.269
1787285946 55.5 55.5 54.5 57.3 2208 950 5.264
1787285948 55.5 56.4 54.5 56.4 2208 950 5.167
1787285949 55.5 55.5 54.5 56.4 2208 950 5.177
1787285950 54.5 55.5 54.5 56.4 2208 950 5.186
1787285951 55.5 56.4 55.5 56.4 2208 950 5.225
1787285952 55.5 56.4 54.5 56.4 2208 950 5.273
1787285953 55.5 56.4 55.5 56.4 2208 950 5.211
1787285954 55.5 55.5 54.5 56.4 2208 950 5.240
1787285955 55.5 56.4 54.5 56.4 2208 950 5.211
1787285957 55.5 55.5 54.5 56.4 2208 950 5.172
1787285958 55.5 55.5 54.5 56.4 2208 950 5.172
1787285959 55.5 56.4 55.5 57.3 2208 950 5.225
1787285960 55.5 55.5 54.5 56.4 2208 950 5.220
1787285961 55.5 56.4 55.5 56.4 2208 950 5.206
1787285962 56.4 56.4 55.5 57.3 2208 950 5.240
1787285963 56.4 57.3 55.5 58.2 2208 950 5.157
1787285965 55.5 56.4 54.5 56.4 2208 950 5.220
1787285966 56.4 56.4 55.5 57.3 2208 950 5.225
1787285967 49.9 49.0 49.0 50.8 2208 950 5.278
1787285968 48.1 47.2 47.2 48.1 2208 950 5.273
1787285969 46.2 46.2 45.3 46.2 2208 950 5.293
1787285970 46.2 45.3 44.4 46.2 2208 950 5.312
1787285971 45.3 44.4 44.4 44.4 2208 950 5.235
1787285972 44.4 43.5 43.5 44.4 2208 950 5.269
1787285973 43.5 43.5 42.5 43.5 2208 950 5.322
1787285974 43.5 42.5 42.5 43.5 2208 950 5.293
1787285975 42.5 42.5 41.6 43.5 2208 950 5.235
1787285976 42.5 42.5 40.7 42.5 2208 950 5.312
1787285977 42.5 41.6 40.7 42.5 2208 950 5.327
1787285979 41.6 40.7 40.7 41.6 2208 950 5.293
1787285980 40.7 40.7 40.7 41.6 2208 950 5.307
1787285981 40.7 40.7 39.8 40.7 2208 950 5.254
1787285982 40.7 39.8 39.8 40.7 2208 950 5.254
1787285983 40.7 40.7 39.8 40.7 2208 950 5.302
1787285984 44.4 45.3 44.4 45.3 2208 950 5.215
1787285985 45.3 46.2 44.4 46.2 2208 950 5.215
1787285986 46.2 46.2 46.2 46.2 2208 950 5.254
1787285987 46.2 47.2 46.2 47.2 2208 950 5.220
1787285988 47.2 47.2 46.2 47.2 2208 950 5.225
1787285989 47.2 47.2 46.2 47.2 2208 950 5.249
1787285990 47.2 48.1 46.2 48.1 2208 950 5.264
1787285991 47.2 48.1 46.2 48.1 2208 950 5.230
1787285992 47.2 48.1 46.2 48.1 2208 950 5.254
1787285994 45.3 44.4 44.4 45.3 2208 950 5.254
1787285995 43.5 42.5 41.6 44.4 2208 950 5.293
1787285996 42.5 42.5 41.6 42.5 2208 950 5.254
1787285997 47.2 48.1 47.2 48.1 2208 950 5.220
1787285998 49.0 49.9 49.0 50.8 2208 950 5.206
1787285999 49.9 50.8 49.9 51.8 2208 950 5.172
1787286000 50.8 51.8 49.9 51.8 2208 950 5.201
1787286001 51.8 51.8 50.8 51.8 2208 950 5.269
1787286002 50.8 51.8 50.8 51.8 2208 950 5.196
1787286004 51.8 52.7 51.8 52.7 2208 950 5.128
1787286005 51.8 52.7 51.8 52.7 2208 950 5.215
1787286006 52.7 53.6 51.8 53.6 2208 950 5.269
1787286007 52.7 53.6 52.7 53.6 2208 950 5.211
1787286008 52.7 53.6 51.8 53.6 2208 950 5.269
1787286009 53.6 53.6 52.7 54.5 2208 950 5.191
1787286010 53.6 53.6 52.7 54.5 2208 950 5.278
1787286012 53.6 53.6 52.7 54.5 2208 950 5.220
1787286013 53.6 53.6 52.7 54.5 2208 950 5.206
1787286014 53.6 52.7 52.7 54.5 2208 950 5.230
1787286015 53.6 53.6 52.7 54.5 2208 950 5.196
1787286016 54.5 54.5 53.6 55.5 2208 950 5.211
1787286017 53.6 54.5 53.6 54.5 2208 950 5.206
1787286018 53.6 53.6 52.7 54.5 2208 950 5.206
1787286020 53.6 54.5 53.6 54.5 2208 950 5.220
1787286021 53.6 54.5 53.6 54.5 2208 950 5.215
1787286022 54.5 54.5 53.6 55.5 2208 950 5.215
1787286023 54.5 54.5 53.6 55.5 2208 950 5.249
1787286024 54.5 54.5 54.5 56.4 2208 950 5.167
1787286025 54.5 54.5 53.6 55.5 2208 950 5.201
1787286026 54.5 54.5 53.6 55.5 2208 950 5.191
1787286027 54.5 54.5 53.6 56.4 2208 950 5.201
1787286029 54.5 55.5 54.5 56.4 2208 950 5.215
1787286030 54.5 54.5 53.6 55.5 2208 950 5.201
1787286031 55.5 55.5 54.5 56.4 2208 950 5.215
1787286032 55.5 55.5 54.5 57.3 2208 950 5.206
1787286033 55.5 56.4 54.5 57.3 2208 950 5.225
1787286034 54.5 55.5 54.5 55.5 2208 950 5.211
1787286036 54.5 55.5 54.5 56.4 2208 950 5.191
1787286037 55.5 55.5 54.5 55.5 2208 950 5.220
1787286038 54.5 54.5 53.6 55.5 2208 950 5.186
1787286039 54.5 55.5 54.5 56.4 2208 950 5.182
1787286040 55.5 55.5 54.5 56.4 2208 950 5.211
1787286041 55.5 55.5 54.5 56.4 2208 950 5.172
1787286042 55.5 55.5 54.5 55.5 2208 950 5.186
1787286043 54.5 55.5 54.5 56.4 2208 950 5.215
1787286045 54.5 55.5 54.5 56.4 2208 950 5.249
1787286046 55.5 54.5 54.5 55.5 2208 950 5.206
1787286047 55.5 55.5 54.5 56.4 2208 950 5.249
1787286048 55.5 56.4 54.5 56.4 2208 950 5.244
1787286049 55.5 55.5 54.5 56.4 2208 950 5.211
1787286050 55.5 55.5 54.5 57.3 2208 950 5.191
1787286051 55.5 56.4 54.5 56.4 2208 950 5.215
1787286052 55.5 55.5 54.5 56.4 2208 950 5.206
1787286053 55.5 55.5 54.5 56.4 2208 950 5.220
1787286055 55.5 56.4 54.5 56.4 2208 950 5.211
1787286056 55.5 55.5 54.5 56.4 2208 950 5.206
1787286057 50.8 50.8 49.9 50.8 2208 950 5.240
1787286058 48.1 48.1 47.2 49.0 2208 950 5.317
1787286059 46.2 46.2 45.3 46.2 2208 950 5.302
1787286060 45.3 45.3 44.4 45.3 2208 950 5.240
1787286061 45.3 44.4 43.5 45.3 2208 950 5.235
1787286062 43.5 43.5 43.5 44.4 2208 950 5.283
1787286063 43.5 43.5 42.5 43.5 2208 950 5.302
1787286064 43.5 42.5 41.6 43.5 2208 950 5.235
1787286065 42.5 42.5 41.6 42.5 2208 950 5.293
1787286066 42.5 41.6 40.7 41.6 2208 950 5.264
1787286068 41.6 40.7 40.7 41.6 2208 950 5.244
1787286069 41.6 40.7 40.7 41.6 2208 950 5.293
1787286070 40.7 40.7 39.8 40.7 2208 950 5.283
1787286071 40.7 39.8 39.8 40.7 2208 950 5.302
1787286072 40.7 39.8 39.8 40.7 2208 950 5.331
1787286073 40.7 39.8 38.8 40.7 2208 950 5.312
1787286074 39.8 39.8 38.8 39.8 2208 950 5.288
1787286075 39.8 38.8 38.8 39.8 2208 950 5.298
1787286076 39.8 39.8 38.8 39.8 2208 950 5.293
1787286077 38.8 38.8 37.9 39.8 2208 950 5.249
1787286078 39.8 38.8 37.9 38.8 2208 950 5.254
1787286079 38.8 38.8 37.9 38.8 2208 950 5.264
1787286080 38.8 37.9 37.9 38.8 2208 950 5.254
1787286081 44.4 44.4 43.5 44.4 2208 950 5.225
1787286082 46.2 47.2 46.2 48.1 2208 950 5.206
1787286084 48.1 49.0 48.1 49.9 2208 950 5.182
1787286085 48.1 49.0 48.1 49.9 2208 950 5.201
1787286086 49.9 49.9 49.0 50.8 2208 950 5.206
1787286087 49.9 50.8 49.9 51.8 2208 950 5.196
1787286088 50.8 51.8 50.8 51.8 2208 950 5.172
1787286089 50.8 50.8 49.9 50.8 2208 950 5.143
1787286090 50.8 50.8 49.9 51.8 2208 950 5.138
1787286092 51.8 52.7 50.8 52.7 2208 950 5.220
1787286093 51.8 51.8 50.8 52.7 2208 950 5.206
1787286094 51.8 51.8 50.8 52.7 2208 950 5.240
1787286095 51.8 52.7 50.8 52.7 2208 950 5.186
1787286096 53.6 53.6 51.8 53.6 2208 950 5.211
1787286097 52.7 53.6 51.8 54.5 2208 950 5.182
1787286098 53.6 53.6 51.8 54.5 2208 950 5.211
1787286099 53.6 53.6 52.7 53.6 2208 950 5.148
1787286101 52.7 52.7 52.7 53.6 2208 950 5.201
1787286102 53.6 53.6 52.7 54.5 2208 950 5.162
1787286103 53.6 54.5 52.7 55.5 2208 950 5.215
1787286104 53.6 53.6 52.7 54.5 2208 950 5.177
1787286105 53.6 53.6 52.7 54.5 2208 950 5.206
1787286106 53.6 53.6 52.7 54.5 2208 950 5.254
1787286107 53.6 54.5 52.7 54.5 2208 950 5.191
1787286108 53.6 54.5 53.6 54.5 2208 950 5.211
1787286110 53.6 53.6 52.7 54.5 2208 950 5.215
1787286111 54.5 54.5 53.6 55.5 2208 950 5.215
1787286112 54.5 54.5 53.6 55.5 2208 950 5.273
1787286113 53.6 54.5 52.7 54.5 2208 950 5.196
1787286114 54.5 54.5 53.6 55.5 2208 950 5.201
1787286115 54.5 54.5 53.6 54.5 2208 950 5.206
1787286116 54.5 54.5 53.6 55.5 2208 950 5.220
1787286117 54.5 54.5 53.6 55.5 2208 950 5.157
1787286119 54.5 55.5 53.6 55.5 2208 950 5.162
1787286120 54.5 55.5 53.6 55.5 2208 950 5.191
1787286121 54.5 55.5 53.6 56.4 2208 950 5.177
1787286122 54.5 55.5 54.5 56.4 2208 950 5.201
1787286123 55.5 55.5 54.5 56.4 2208 950 5.182
1787286124 54.5 55.5 54.5 56.4 2208 950 5.201
1787286125 54.5 55.5 54.5 56.4 2208 950 5.235
1787286127 55.5 55.5 54.5 56.4 2208 950 5.240
1787286128 54.5 54.5 53.6 55.5 2208 950 5.201
1787286129 54.5 55.5 53.6 56.4 2208 950 5.167
1787286130 54.5 55.5 54.5 55.5 2208 950 5.249
1787286131 54.5 55.5 53.6 55.5 2208 950 5.196
1787286132 55.5 56.4 54.5 56.4 2208 950 5.225
1787286133 55.5 56.4 55.5 57.3 2208 950 5.225
1787286134 55.5 56.4 54.5 55.5 2208 950 5.215
1787286136 55.5 55.5 54.5 56.4 2208 950 5.264
1787286137 55.5 56.4 54.5 56.4 2208 950 5.235
1787286138 55.5 56.4 55.5 57.3 2208 950 5.206
1787286139 56.4 56.4 55.5 57.3 2208 950 5.230
1787286140 55.5 56.4 55.5 56.4 2208 950 5.215
1787286141 55.5 56.4 55.5 57.3 2208 950 5.220
1787286142 49.9 49.0 49.0 50.8 2208 950 5.220
1787286143 47.2 47.2 46.2 48.1 2208 950 5.249
1787286144 46.2 46.2 45.3 47.2 2208 950 5.322
1787286146 45.3 45.3 44.4 45.3 2208 950 5.235
1787286147 45.3 44.4 44.4 45.3 2208 950 5.254
1787286148 44.4 43.5 43.5 44.4 2208 950 5.273
1787286149 43.5 43.5 42.5 44.4 2208 950 5.288
1787286150 43.5 42.5 42.5 43.5 2208 950 5.288
1787286151 42.5 42.5 41.6 43.5 2208 950 5.293
1787286152 42.5 41.6 41.6 42.5 2208 950 5.278
1787286153 42.5 41.6 40.7 42.5 2208 950 5.259
1787286154 41.6 41.6 40.7 41.6 2208 950 5.312
1787286155 41.6 40.7 40.7 41.6 2208 950 5.254
1787286156 41.6 40.7 40.7 41.6 2208 950 5.307
1787286157 41.6 40.7 39.8 40.7 2208 950 5.264
1787286158 40.7 40.7 39.8 40.7 2208 950 5.269
1787286159 44.4 45.3 44.4 45.3 2208 950 5.240
1787286160 45.3 45.3 45.3 46.2 2208 950 5.225
1787286162 46.2 46.2 45.3 47.2 2208 950 5.259
1787286163 46.2 47.2 46.2 47.2 2208 950 5.249
1787286164 46.2 47.2 46.2 47.2 2208 950 5.196
1787286165 47.2 47.2 46.2 48.1 2208 950 5.235
1787286166 47.2 48.1 46.2 48.1 2208 950 5.177
1787286167 48.1 48.1 47.2 48.1 2208 950 5.235
1787286168 47.2 47.2 47.2 48.1 2208 950 5.235
1787286169 46.2 45.3 45.3 45.3 2208 950 5.273
1787286170 43.5 43.5 42.5 43.5 2208 950 5.244
1787286171 42.5 42.5 41.6 43.5 2208 950 5.288
1787286172 48.1 49.0 47.2 49.0 2208 950 5.196
1787286173 49.9 49.9 49.0 50.8 2208 950 5.264
1787286174 49.9 50.8 49.9 51.8 2208 950 5.244
1787286176 51.8 51.8 50.8 52.7 2208 950 5.235
1787286177 51.8 52.7 51.8 53.6 2208 950 5.177
1787286178 52.7 52.7 51.8 53.6 2208 950 5.172
1787286179 52.7 53.6 51.8 54.5 2208 950 5.215
1787286180 52.7 52.7 51.8 53.6 2208 950 5.215
1787286181 52.7 53.6 51.8 53.6 2208 950 5.240
1787286182 53.6 53.6 52.7 54.5 2208 950 5.201
1787286184 53.6 53.6 52.7 54.5 2208 950 5.186
1787286185 53.6 54.5 52.7 54.5 2208 950 5.254
1787286186 53.6 53.6 52.7 53.6 2208 950 5.254
1787286187 53.6 54.5 52.7 54.5 2208 950 5.167
1787286188 53.6 53.6 52.7 54.5 2208 950 5.230
1787286189 53.6 54.5 53.6 55.5 2208 950 5.225
1787286190 53.6 54.5 53.6 55.5 2208 950 5.211
1787286191 53.6 54.5 53.6 55.5 2208 950 5.201
1787286193 54.5 54.5 53.6 55.5 2208 950 5.191
1787286194 54.5 54.5 53.6 55.5 2208 950 5.215
1787286195 53.6 54.5 53.6 55.5 2208 950 5.225
1787286196 55.5 55.5 54.5 56.4 2208 950 5.177
1787286197 54.5 54.5 53.6 55.5 2208 950 5.201
1787286198 55.5 55.5 54.5 56.4 2208 950 5.186
1787286199 55.5 55.5 54.5 56.4 2208 950 5.191
1787286201 54.5 54.5 54.5 55.5 2208 950 5.220
1787286202 54.5 55.5 54.5 55.5 2208 950 5.133
1787286203 54.5 55.5 54.5 56.4 2208 950 5.206
1787286204 55.5 55.5 54.5 56.4 2208 950 5.283
1787286205 55.5 56.4 54.5 57.3 2208 950 5.225
1787286206 55.5 56.4 54.5 56.4 2208 950 5.215
1787286207 55.5 56.4 55.5 57.3 2208 950 5.186
1787286209 55.5 55.5 54.5 56.4 2208 950 5.235
1787286210 55.5 56.4 55.5 57.3 2208 950 5.235
1787286211 55.5 56.4 55.5 57.3 2208 950 5.191
1787286212 55.5 56.4 55.5 57.3 2208 950 5.206
1787286213 56.4 56.4 55.5 56.4 2208 950 5.177
1787286214 56.4 56.4 55.5 57.3 2208 950 5.220
1787286215 55.5 56.4 54.5 57.3 2208 950 5.206
1787286216 56.4 56.4 55.5 57.3 2208 950 5.244
1787286217 56.4 56.4 55.5 57.3 2208 950 5.157
1787286219 56.4 56.4 55.5 58.2 2208 950 5.235
1787286220 56.4 56.4 55.5 57.3 2208 950 5.211
1787286221 56.4 57.3 55.5 57.3 2208 950 5.182
1787286222 55.5 56.4 55.5 56.4 2208 950 5.225
1787286223 56.4 56.4 55.5 56.4 2208 950 5.167
1787286224 56.4 57.3 55.5 57.3 2208 950 5.211
1787286225 55.5 56.4 54.5 56.4 2208 950 5.220
1787286226 56.4 56.4 55.5 56.4 2208 950 5.215
1787286228 55.5 55.5 54.5 55.5 2208 950 5.225
1787286229 55.5 55.5 54.5 56.4 2208 950 5.230
1787286230 56.4 57.3 55.5 57.3 2208 950 5.167
1787286231 55.5 55.5 55.5 57.3 2208 950 5.215
1787286232 52.7 52.7 52.7 53.6 2208 950 5.307
1787286233 49.0 48.1 48.1 49.0 2208 950 5.254
1787286234 47.2 47.2 46.2 47.2 2208 950 5.288
1787286235 46.2 46.2 45.3 46.2 2208 950 5.307
1787286236 45.3 44.4 44.4 46.2 2208 950 5.288
1787286237 44.4 44.4 43.5 44.4 2208 950 5.288
1787286238 44.4 43.5 43.5 44.4 2208 950 5.327
1787286240 43.5 43.5 42.5 43.5 2208 950 5.269
1787286241 43.5 42.5 41.6 43.5 2208 950 5.235
1787286242 42.5 42.5 41.6 42.5 2208 950 5.264
1787286243 42.5 41.6 41.6 42.5 2208 950 5.278
1787286244 42.5 41.6 40.7 41.6 2208 950 5.288
1787286245 41.6 40.7 40.7 42.5 2208 950 5.249
1787286246 41.6 40.7 39.8 41.6 2208 950 5.273
1787286247 40.7 40.7 40.7 40.7 2208 950 5.302
1787286248 40.7 40.7 39.8 40.7 2208 950 5.312
1787286249 40.7 39.8 39.8 40.7 2208 950 5.259
1787286250 39.8 39.8 39.8 40.7 2208 950 5.293
1787286251 39.8 39.8 39.8 40.7 2208 950 5.264
1787286252 39.8 39.8 38.8 39.8 2208 950 5.235
1787286253 39.8 39.8 38.8 39.8 2208 950 5.259
1787286254 39.8 38.8 38.8 39.8 2208 950 5.235
1787286256 39.8 38.8 38.8 39.8 2208 950 5.259
1787286257 46.2 46.2 45.3 47.2 2208 950 5.215
1787286258 48.1 48.1 47.2 49.0 2208 950 5.215
1787286259 49.9 49.9 49.0 50.8 2208 950 5.182
1787286260 49.9 50.8 49.9 51.8 2208 950 5.157
1787286261 50.8 50.8 49.9 51.8 2208 950 5.240
1787286262 50.8 51.8 49.9 51.8 2208 950 5.157
1787286263 51.8 51.8 50.8 52.7 2208 950 5.201
1787286265 51.8 51.8 50.8 52.7 2208 950 5.201
1787286266 52.7 52.7 51.8 53.6 2208 950 5.182
1787286267 52.7 53.6 51.8 53.6 2208 950 5.201
1787286268 52.7 52.7 51.8 53.6 2208 950 5.177
1787286269 52.7 53.6 51.8 54.5 2208 950 5.172
1787286270 53.6 53.6 52.7 54.5 2208 950 5.191
1787286271 53.6 53.6 52.7 54.5 2208 950 5.186
1787286272 53.6 54.5 52.7 54.5 2208 950 5.191
1787286274 53.6 54.5 52.7 54.5 2208 950 5.220
1787286275 54.5 54.5 53.6 55.5 2208 950 5.177
1787286276 54.5 54.5 53.6 55.5 2208 950 5.157
1787286277 54.5 54.5 53.6 54.5 2208 950 5.220
1787286278 54.5 54.5 53.6 55.5 2208 950 5.196
1787286279 54.5 54.5 53.6 55.5 2208 950 5.215
1787286280 53.6 54.5 53.6 54.5 2208 950 5.201
1787286282 54.5 54.5 53.6 55.5 2208 950 5.225
1787286283 54.5 54.5 53.6 55.5 2208 950 5.167
1787286284 54.5 54.5 53.6 55.5 2208 950 5.196
1787286285 54.5 55.5 53.6 55.5 2208 950 5.177
1787286286 54.5 55.5 54.5 56.4 2208 950 5.186
1787286287 54.5 55.5 54.5 55.5 2208 950 5.254
1787286288 54.5 55.5 54.5 56.4 2208 950 5.201
1787286289 55.5 55.5 54.5 57.3 2208 950 5.191
1787286291 54.5 55.5 54.5 56.4 2208 950 5.148
1787286292 55.5 56.4 54.5 56.4 2208 950 5.182
1787286293 56.4 56.4 55.5 57.3 2208 950 5.225
1787286294 55.5 56.4 54.5 57.3 2208 950 5.138
1787286295 55.5 56.4 54.5 57.3 2208 950 5.220
1787286296 56.4 56.4 55.5 56.4 2208 950 5.128
1787286297 56.4 56.4 55.5 57.3 2208 950 5.157
1787286298 55.5 56.4 54.5 57.3 2208 950 5.196
1787286300 56.4 56.4 55.5 57.3 2208 950 5.225
1787286301 56.4 56.4 55.5 57.3 2208 950 5.206
1787286302 55.5 56.4 54.5 57.3 2208 950 5.201
1787286303 56.4 56.4 55.5 57.3 2208 950 5.186
1787286304 55.5 56.4 55.5 56.4 2208 950 5.186
1787286305 56.4 57.3 55.5 57.3 2208 950 5.191
1787286306 56.4 57.3 55.5 57.3 2208 950 5.235
1787286307 55.5 55.5 54.5 56.4 2208 950 5.215
1787286309 55.5 56.4 55.5 57.3 2208 950 5.206
1787286310 56.4 56.4 55.5 57.3 2208 950 5.182
1787286311 56.4 57.3 55.5 57.3 2208 950 5.225
1787286312 56.4 57.3 55.5 57.3 2208 950 5.196
1787286313 56.4 57.3 55.5 57.3 2208 950 5.230
1787286314 56.4 56.4 55.5 58.2 2208 950 5.196
1787286315 56.4 57.3 55.5 58.2 2208 950 5.230
1787286316 55.5 55.5 54.5 55.5 2208 950 5.273
1787286318 49.9 49.0 49.0 49.9 2208 950 5.278
1787286319 47.2 47.2 47.2 47.2 2208 950 5.273
1787286320 46.2 46.2 45.3 46.2 2208 950 5.249
1787286321 45.3 45.3 44.4 45.3 2208 950 5.230
1787286322 44.4 44.4 43.5 45.3 2208 950 5.273
1787286323 44.4 43.5 43.5 44.4 2208 950 5.235
1787286324 43.5 43.5 42.5 43.5 2208 950 5.240
1787286325 43.5 42.5 42.5 43.5 2208 950 5.298
1787286326 42.5 42.5 41.6 42.5 2208 950 5.254
1787286327 42.5 41.6 41.6 42.5 2208 950 5.288
1787286328 42.5 41.6 40.7 41.6 2208 950 5.293
1787286329 41.6 41.6 40.7 41.6 2208 950 5.240
1787286330 41.6 40.7 40.7 41.6 2208 950 5.230
1787286331 41.6 40.7 40.7 40.7 2208 950 5.244
1787286333 40.7 40.7 39.8 40.7 2208 950 5.240
1787286334 41.6 41.6 41.6 43.5 2208 950 5.225
1787286335 45.3 46.2 44.4 45.3 2208 950 5.240
1787286336 46.2 46.2 45.3 47.2 2208 950 5.244
1787286337 46.2 46.2 45.3 46.2 2208 950 5.211
1787286338 46.2 47.2 46.2 47.2 2208 950 5.206
1787286339 48.1 48.1 47.2 48.1 2208 950 5.235
1787286340 47.2 48.1 47.2 47.2 2208 950 5.254
1787286341 47.2 47.2 46.2 48.1 2208 950 5.240
1787286342 47.2 48.1 47.2 48.1 2208 950 5.230
1787286343 48.1 48.1 47.2 48.1 2208 950 5.244
1787286344 45.3 44.4 44.4 45.3 2208 950 5.249
1787286345 43.5 43.5 42.5 44.4 2208 950 5.244
1787286346 44.4 44.4 43.5 46.2 2208 950 5.288
1787286348 49.0 49.0 48.1 49.9 2208 950 5.186
1787286349 49.9 50.8 49.9 51.8 2208 950 5.220
1787286350 50.8 50.8 49.9 52.7 2208 950 5.211
1787286351 51.8 51.8 50.8 52.7 2208 950 5.191
1787286352 51.8 52.7 51.8 53.6 2208 950 5.186
1787286353 52.7 52.7 51.8 52.7 2208 950 5.201
1787286354 52.7 53.6 51.8 54.5 2208 950 5.206
1787286355 53.6 53.6 51.8 54.5 2208 950 5.206
1787286357 53.6 53.6 52.7 54.5 2208 950 5.283
1787286358 53.6 53.6 52.7 54.5 2208 950 5.186
1787286359 53.6 53.6 52.7 54.5 2208 950 5.153
1787286360 53.6 54.5 53.6 55.5 2208 950 5.215
1787286361 53.6 53.6 52.7 54.5 2208 950 5.230
1787286362 53.6 54.5 53.6 54.5 2208 950 5.172
1787286363 53.6 53.6 52.7 55.5 2208 950 5.235
1787286365 54.5 54.5 53.6 56.4 2208 950 5.172
1787286366 54.5 54.5 53.6 55.5 2208 950 5.230
1787286367 54.5 54.5 53.6 55.5 2208 950 5.196
1787286368 54.5 54.5 53.6 54.5 2208 950 5.244
1787286369 54.5 54.5 53.6 55.5 2208 950 5.201
1787286370 54.5 55.5 53.6 55.5 2208 950 5.201
1787286371 54.5 55.5 54.5 55.5 2208 950 5.167
1787286372 55.5 55.5 54.5 56.4 2208 950 5.182
1787286374 55.5 56.4 54.5 56.4 2208 950 5.215
1787286375 54.5 55.5 54.5 56.4 2208 950 5.249
1787286376 56.4 56.4 55.5 57.3 2208 950 5.235
1787286377 55.5 56.4 54.5 57.3 2208 950 5.201
1787286378 56.4 56.4 55.5 57.3 2208 950 5.249
1787286379 56.4 56.4 55.5 57.3 2208 950 5.201
1787286380 55.5 55.5 54.5 56.4 2208 950 5.240
1787286381 56.4 56.4 55.5 57.3 2208 950 5.167
1787286383 56.4 56.4 55.5 57.3 2208 950 5.273
1787286384 56.4 56.4 55.5 57.3 2208 950 5.182
1787286385 55.5 56.4 54.5 56.4 2208 950 5.215
1787286386 55.5 56.4 55.5 57.3 2208 950 5.220
1787286387 56.4 56.4 55.5 57.3 2208 950 5.167
1787286388 55.5 56.4 55.5 57.3 2208 950 5.196
1787286389 55.5 56.4 54.5 56.4 2208 950 5.215
1787286391 55.5 56.4 55.5 57.3 2208 950 5.148
1787286392 56.4 56.4 55.5 58.2 2208 950 5.172
1787286393 56.4 56.4 55.5 57.3 2208 950 5.269
1787286394 56.4 56.4 55.5 57.3 2208 950 5.254
1787286395 56.4 57.3 56.4 58.2 2208 950 5.191
1787286396 56.4 57.3 56.4 57.3 2208 950 5.206
1787286397 56.4 57.3 55.5 57.3 2208 950 5.153
1787286398 56.4 56.4 56.4 58.2 2208 950 5.220
1787286400 56.4 57.3 55.5 58.2 2208 950 5.230
1787286401 56.4 57.3 56.4 58.2 2208 950 5.211
1787286402 56.4 57.3 55.5 57.3 2208 950 5.211
1787286403 56.4 57.3 56.4 58.2 2208 950 5.225
1787286404 57.3 57.3 56.4 58.2 2208 950 5.312
1787286405 57.3 57.3 56.4 58.2 2208 950 5.191
1787286406 57.3 57.3 55.5 58.2 2208 950 5.215
1787286407 51.8 50.8 50.8 51.8 2208 950 5.298
1787286409 49.0 48.1 48.1 49.0 2208 950 5.288
1787286410 48.1 47.2 46.2 48.1 2208 950 5.211
1787286411 47.2 46.2 45.3 47.2 2208 950 5.288
1787286412 45.3 45.3 44.4 46.2 2208 950 5.302
1787286413 45.3 44.4 44.4 45.3 2208 950 5.293
1787286414 44.4 44.4 43.5 45.3 2208 950 5.259
1787286415 44.4 43.5 43.5 44.4 2208 950 5.269
1787286416 44.4 43.5 42.5 43.5 2208 950 5.249
1787286417 43.5 42.5 42.5 43.5 2208 950 5.283
1787286418 42.5 42.5 42.5 42.5 2208 950 5.278
1787286419 42.5 42.5 41.6 43.5 2208 950 5.240
1787286420 42.5 42.5 41.6 42.5 2208 950 5.264
1787286421 41.6 41.6 40.7 42.5 2208 950 5.307
1787286422 41.6 41.6 40.7 41.6 2208 950 5.293
1787286423 41.6 40.7 40.7 41.6 2208 950 5.235
1787286425 41.6 40.7 40.7 41.6 2208 950 5.278
1787286426 40.7 40.7 39.8 40.7 2208 950 5.293
1787286427 40.7 40.7 39.8 41.6 2208 950 5.269
1787286428 40.7 39.8 39.8 40.7 2208 950 5.307
1787286429 40.7 39.8 39.8 40.7 2208 950 5.317
1787286430 40.7 39.8 38.8 40.7 2208 950 5.327
1787286431 40.7 39.8 38.8 40.7 2208 950 5.307
1787286432 47.2 47.2 46.2 49.0 2208 950 5.191
1787286433 49.0 49.9 49.0 50.8 2208 950 5.240
1787286434 49.0 49.9 49.0 50.8 2208 950 5.201
1787286435 50.8 50.8 49.9 51.8 2208 950 5.182
1787286437 51.8 51.8 49.9 50.8 2208 950 5.215
1787286438 51.8 52.7 51.8 52.7 2208 950 5.264
1787286439 52.7 53.6 51.8 53.6 2208 950 5.182
1787286440 52.7 52.7 51.8 53.6 2208 950 5.177
1787286441 53.6 53.6 52.7 53.6 2208 950 5.206
1787286442 52.7 53.6 51.8 53.6 2208 950 5.220
1787286443 53.6 54.5 53.6 54.5 2208 950 5.244
1787286444 53.6 53.6 52.7 54.5 2208 950 5.177
1787286446 54.5 54.5 53.6 55.5 2208 950 5.182
1787286447 53.6 54.5 53.6 54.5 2208 950 5.191
1787286448 54.5 55.5 53.6 56.4 2208 950 5.235
1787286449 54.5 54.5 53.6 54.5 2208 950 5.244
1787286450 54.5 54.5 53.6 55.5 2208 950 5.220
1787286451 54.5 55.5 53.6 55.5 2208 950 5.167
1787286452 54.5 55.5 54.5 56.4 2208 950 5.186
1787286453 55.5 55.5 54.5 56.4 2208 950 5.186
1787286455 54.5 55.5 54.5 56.4 2208 950 5.167
1787286456 55.5 55.5 54.5 56.4 2208 950 5.225
1787286457 54.5 54.5 53.6 55.5 2208 950 5.196
1787286458 54.5 54.5 53.6 55.5 2208 950 5.225
1787286459 54.5 54.5 53.6 55.5 2208 950 5.244
1787286460 54.5 55.5 54.5 55.5 2208 950 5.191
1787286461 55.5 55.5 54.5 56.4 2208 950 5.215
1787286462 54.5 55.5 54.5 56.4 2208 950 5.225
1787286464 55.5 55.5 54.5 56.4 2208 950 5.206
1787286465 55.5 55.5 54.5 55.5 2208 950 5.220
1787286466 54.5 55.5 53.6 56.4 2208 950 5.211
1787286467 55.5 55.5 54.5 56.4 2208 950 5.235
1787286468 55.5 55.5 54.5 56.4 2208 950 5.249
1787286469 55.5 55.5 54.5 56.4 2208 950 5.191
1787286470 54.5 54.5 53.6 55.5 2208 950 5.167
1787286472 55.5 55.5 54.5 56.4 2208 950 5.215
1787286473 54.5 54.5 53.6 55.5 2208 950 5.244
1787286474 54.5 55.5 54.5 55.5 2208 950 5.215
1787286475 54.5 55.5 53.6 55.5 2208 950 5.186
1787286476 54.5 55.5 54.5 56.4 2208 950 5.269
1787286477 55.5 55.5 54.5 56.4 2208 950 5.225
1787286478 55.5 55.5 54.5 56.4 2208 950 5.264
1787286479 54.5 55.5 54.5 56.4 2208 950 5.211
1787286481 54.5 54.5 53.6 54.5 2208 950 5.191
1787286482 55.5 55.5 54.5 56.4 2208 950 5.177
1787286483 54.5 55.5 54.5 56.4 2208 950 5.191
1787286484 56.4 56.4 55.5 57.3 2208 950 5.225
1787286485 55.5 56.4 54.5 56.4 2208 950 5.220
1787286486 55.5 55.5 54.5 57.3 2208 950 5.186
1787286487 56.4 56.4 55.5 57.3 2208 950 5.264
1787286489 55.5 55.5 54.5 56.4 2208 950 5.269
1787286490 55.5 56.4 55.5 57.3 2208 950 5.191
1787286491 55.5 56.4 55.5 57.3 2208 950 5.211
1787286492 50.8 49.9 49.9 50.8 2208 950 5.278
1787286493 48.1 48.1 47.2 48.1 2208 950 5.278
1787286494 46.2 46.2 46.2 46.2 2208 950 5.293
1787286495 45.3 45.3 44.4 45.3 2208 950 5.278
1787286496 44.4 44.4 43.5 44.4 2208 950 5.317
1787286497 44.4 43.5 43.5 44.4 2208 950 5.273
1787286498 43.5 43.5 42.5 43.5 2208 950 5.264
1787286500 43.5 42.5 42.5 43.5 2208 950 5.254
1787286501 42.5 42.5 41.6 42.5 2208 950 5.249
1787286502 42.5 41.6 41.6 42.5 2208 950 5.235
1787286503 41.6 41.6 40.7 41.6 2208 950 5.312
1787286504 41.6 40.7 40.7 41.6 2208 950 5.278
1787286505 40.7 40.7 40.7 41.6 2208 950 5.273
1787286506 40.7 40.7 39.8 40.7 2208 950 5.259
1787286507 40.7 40.7 39.8 40.7 2208 950 5.288
1787286508 39.8 39.8 39.8 40.7 2208 950 5.307
1787286509 42.5 43.5 42.5 43.5 2208 950 5.283
1787286510 44.4 45.3 44.4 45.3 2208 950 5.278
1787286511 45.3 46.2 44.4 46.2 2208 950 5.249
1787286512 45.3 46.2 45.3 46.2 2208 950 5.235
1787286513 46.2 46.2 45.3 46.2 2208 950 5.230
1787286514 46.2 46.2 45.3 46.2 2208 950 5.220
1787286516 46.2 46.2 46.2 47.2 2208 950 5.235
1787286517 46.2 47.2 46.2 47.2 2208 950 5.278
1787286518 47.2 48.1 46.2 47.2 2208 950 5.240
1787286519 47.2 47.2 46.2 47.2 2208 950 5.235
1787286520 43.5 42.5 42.5 43.5 2208 950 5.254
1787286521 42.5 42.5 41.6 42.5 2208 950 5.254
1787286522 46.2 47.2 45.3 47.2 2208 950 5.196
1787286523 49.0 49.0 48.1 49.9 2208 950 5.273
1787286524 49.9 49.9 49.0 50.8 2208 950 5.215
1787286525 50.8 50.8 49.9 51.8 2208 950 5.230
1787286527 51.8 51.8 49.9 51.8 2208 950 5.191
1787286528 50.8 51.8 50.8 52.7 2208 950 5.220
1787286529 51.8 51.8 49.9 51.8 2208 950 5.244
1787286530 51.8 51.8 50.8 51.8 2208 950 5.211
1787286531 51.8 51.8 50.8 52.7 2208 950 5.235
1787286532 52.7 52.7 51.8 53.6 2208 950 5.269
1787286533 52.7 53.6 51.8 53.6 2208 950 5.244
1787286534 52.7 53.6 51.8 54.5 2208 950 5.220
1787286536 52.7 52.7 51.8 52.7 2208 950 5.191
1787286537 52.7 52.7 51.8 53.6 2208 950 5.191
1787286538 51.8 53.6 51.8 53.6 2208 950 5.215
1787286539 51.8 52.7 51.8 53.6 2208 950 5.235
1787286540 53.6 53.6 52.7 54.5 2208 950 5.157
1787286541 52.7 53.6 51.8 54.5 2208 950 5.220
1787286542 52.7 53.6 52.7 53.6 2208 950 5.211
1787286543 53.6 53.6 52.7 54.5 2208 950 5.225
1787286545 53.6 53.6 52.7 54.5 2208 950 5.143
1787286546 53.6 53.6 52.7 53.6 2208 950 5.215
1787286547 52.7 52.7 51.8 53.6 2208 950 5.215
1787286548 52.7 53.6 52.7 54.5 2208 950 5.153
1787286549 53.6 53.6 52.7 54.5 2208 950 5.235
1787286550 53.6 54.5 52.7 55.5 2208 950 5.235
1787286551 53.6 54.5 53.6 54.5 2208 950 5.196
1787286552 53.6 53.6 52.7 54.5 2208 950 5.201
1787286554 52.7 53.6 52.7 53.6 2208 950 5.220
1787286555 53.6 54.5 52.7 54.5 2208 950 5.172
1787286556 53.6 53.6 52.7 54.5 2208 950 5.230
1787286557 53.6 53.6 52.7 54.5 2208 950 5.293
1787286558 53.6 54.5 53.6 54.5 2208 950 5.244
1787286559 53.6 53.6 52.7 53.6 2208 950 5.191
1787286560 52.7 53.6 52.7 54.5 2208 950 5.201
1787286561 54.5 53.6 52.7 54.5 2208 950 5.225
1787286563 54.5 54.5 53.6 55.5 2208 950 5.215
1787286564 54.5 54.5 53.6 55.5 2208 950 5.211
1787286565 53.6 54.5 53.6 55.5 2208 950 5.211
1787286566 54.5 55.5 53.6 56.4 2208 950 5.235
1787286567 54.5 55.5 54.5 56.4 2208 950 5.167
1787286568 54.5 55.5 53.6 55.5 2208 950 5.167
1787286569 54.5 55.5 53.6 56.4 2208 950 5.206
1787286571 54.5 55.5 53.6 55.5 2208 950 5.278
1787286572 54.5 54.5 53.6 55.5 2208 950 5.240
1787286573 54.5 54.5 53.6 55.5 2208 950 5.182
1787286574 54.5 54.5 53.6 54.5 2208 950 5.235
1787286575 54.5 54.5 53.6 54.5 2208 950 5.196
1787286576 54.5 54.5 53.6 55.5 2208 950 5.196
1787286577 54.5 55.5 53.6 56.4 2208 950 5.211
1787286579 54.5 55.5 54.5 56.4 2208 950 5.240
1787286580 54.5 54.5 53.6 56.4 2208 950 5.157
1787286581 54.5 54.5 53.6 55.5 2208 950 5.240
1787286582 54.5 54.5 53.6 55.5 2208 950 5.220
1787286583 48.1 48.1 48.1 49.0 2208 950 5.191
1787286584 46.2 45.3 45.3 46.2 2208 950 5.298
1787286585 45.3 44.4 44.4 45.3 2208 950 5.244
1787286586 44.4 43.5 43.5 44.4 2208 950 5.235
1787286587 43.5 42.5 42.5 43.5 2208 950 5.317
1787286589 42.5 42.5 41.6 42.5 2208 950 5.298
1787286590 42.5 41.6 41.6 42.5 2208 950 5.254
1787286591 41.6 41.6 40.7 41.6 2208 950 5.283
1787286592 41.6 40.7 39.8 40.7 2208 950 5.264
1787286593 40.7 40.7 39.8 40.7 2208 950 5.254
1787286594 40.7 39.8 39.8 40.7 2208 950 5.254
1787286595 39.8 39.8 38.8 39.8 2208 950 5.293
1787286596 39.8 39.8 38.8 39.8 2208 950 5.225
1787286597 39.8 38.8 38.8 40.7 2208 950 5.298
1787286598 39.8 38.8 38.8 39.8 2208 950 5.293
1787286599 38.8 38.8 37.9 38.8 2208 950 5.317
1787286600 38.8 38.8 37.9 39.8 2208 950 5.244
1787286601 38.8 37.9 37.9 38.8 2208 950 5.331
1787286602 38.8 38.8 37.9 38.8 2208 950 5.293
1787286603 38.8 37.9 37.0 38.8 2208 950 5.302
1787286605 37.9 37.9 37.0 38.8 2208 950 5.273
1787286606 37.9 37.9 37.0 37.9 2208 950 5.278
1787286607 43.5 43.5 42.5 44.4 2208 950 5.240
1787286608 46.2 46.2 45.3 46.2 2208 950 5.211
1787286609 47.2 48.1 47.2 49.0 2208 950 5.206
1787286610 48.1 48.1 47.2 49.0 2208 950 5.172
1787286611 48.1 49.0 48.1 49.0 2208 950 5.206
1787286612 49.0 49.9 49.0 50.8 2208 950 5.148
1787286613 49.9 49.9 49.0 50.8 2208 950 5.211
1787286615 49.9 49.9 49.0 50.8 2208 950 5.196
1787286616 49.9 50.8 49.9 51.8 2208 950 5.206
1787286617 50.8 51.8 49.9 52.7 2208 950 5.211
1787286618 50.8 51.8 49.9 51.8 2208 950 5.191
1787286619 50.8 50.8 49.9 51.8 2208 950 5.215
1787286620 51.8 51.8 50.8 52.7 2208 950 5.215
1787286621 51.8 51.8 50.8 53.6 2208 950 5.177
1787286623 51.8 51.8 50.8 52.7 2208 950 5.244
1787286624 51.8 51.8 50.8 51.8 2208 950 5.220
1787286625 52.7 52.7 51.8 53.6 2208 950 5.240
1787286626 52.7 51.8 50.8 52.7 2208 950 5.230
1787286627 52.7 52.7 51.8 53.6 2208 950 5.244
1787286628 51.8 52.7 51.8 53.6 2208 950 5.211
1787286629 52.7 52.7 51.8 53.6 2208 950 5.230
1787286630 52.7 52.7 51.8 53.6 2208 950 5.215
1787286632 52.7 53.6 51.8 53.6 2208 950 5.240
1787286633 52.7 52.7 51.8 53.6 2208 950 5.240
1787286634 52.7 52.7 51.8 53.6 2208 950 5.172
1787286635 52.7 53.6 51.8 53.6 2208 950 5.215
1787286636 52.7 52.7 51.8 53.6 2208 950 5.225
1787286637 53.6 53.6 52.7 54.5 2208 950 5.259
1787286638 53.6 53.6 52.7 54.5 2208 950 5.215
1787286639 52.7 53.6 52.7 53.6 2208 950 5.317
1787286641 52.7 53.6 52.7 53.6 2208 950 5.215
1787286642 52.7 52.7 51.8 53.6 2208 950 5.273
1787286643 52.7 53.6 51.8 54.5 2208 950 5.206
1787286644 53.6 54.5 52.7 55.5 2208 950 5.215
1787286645 53.6 54.5 53.6 54.5 2208 950 5.201
1787286646 54.5 54.5 53.6 54.5 2208 950 5.148
1787286647 53.6 54.5 53.6 54.5 2208 950 5.182
1787286649 53.6 53.6 52.7 54.5 2208 950 5.278
1787286650 53.6 54.5 53.6 55.5 2208 950 5.269
1787286651 53.6 54.5 52.7 54.5 2208 950 5.162
1787286652 53.6 54.5 52.7 54.5 2208 950 5.206
1787286653 53.6 53.6 53.6 54.5 2208 950 5.211
1787286654 54.5 54.5 53.6 55.5 2208 950 5.235
1787286655 53.6 54.5 53.6 54.5 2208 950 5.215
1787286656 53.6 54.5 53.6 54.5 2208 950 5.196
1787286658 54.5 54.5 53.6 55.5 2208 950 5.259
1787286659 53.6 54.5 53.6 54.5 2208 950 5.191
1787286660 53.6 54.5 53.6 55.5 2208 950 5.249
1787286661 54.5 54.5 53.6 56.4 2208 950 5.278
1787286662 54.5 54.5 53.6 55.5 2208 950 5.153
1787286663 53.6 54.5 53.6 55.5 2208 950 5.191
1787286664 53.6 54.5 53.6 55.5 2208 950 5.235
1787286666 53.6 53.6 53.6 55.5 2208 950 5.186
1787286667 53.6 54.5 53.6 54.5 2208 950 5.240
1787286668 48.1 47.2 47.2 49.0 2208 950 5.288
1787286669 46.2 45.3 44.4 46.2 2208 950 5.307
1787286670 44.4 44.4 43.5 45.3 2208 950 5.269
1787286671 43.5 43.5 42.5 44.4 2208 950 5.254
1787286672 43.5 42.5 42.5 43.5 2208 950 5.235
1787286673 42.5 42.5 41.6 42.5 2208 950 5.249
1787286674 41.6 41.6 40.7 41.6 2208 950 5.288
1787286675 41.6 40.7 40.7 41.6 2208 950 5.264
1787286676 40.7 40.7 39.8 40.7 2208 950 5.254
1787286677 40.7 40.7 39.8 40.7 2208 950 5.293
1787286679 40.7 39.8 39.8 40.7 2208 950 5.322
1787286680 39.8 39.8 38.8 40.7 2208 950 5.288
1787286681 39.8 39.8 38.8 39.8 2208 950 5.264
1787286682 39.8 38.8 38.8 39.8 2208 950 5.317
1787286683 38.8 38.8 37.9 39.8 2208 950 5.312
1787286684 38.8 38.8 37.9 38.8 2208 950 5.307
1787286685 41.6 41.6 40.7 42.5 2208 950 5.211
1787286686 43.5 44.4 43.5 43.5 2208 950 5.278
1787286687 44.4 44.4 43.5 44.4 2208 950 5.235
1787286688 44.4 45.3 43.5 45.3 2208 950 5.215
1787286689 45.3 45.3 44.4 45.3 2208 950 5.259
1787286690 44.4 44.4 44.4 45.3 2208 950 5.254
1787286691 45.3 46.2 44.4 46.2 2208 950 5.240
1787286692 45.3 46.2 44.4 45.3 2208 950 5.235
1787286693 46.2 46.2 45.3 46.2 2208 950 5.244
1787286695 46.2 46.2 45.3 46.2 2208 950 5.322
1787286696 41.6 41.6 40.7 41.6 2208 950 5.302
1787286697 40.7 40.7 39.8 41.6 2208 950 5.302
1787286698 45.3 46.2 45.3 47.2 2208 950 5.206
1787286699 48.1 48.1 47.2 48.1 2208 950 5.235
1787286700 49.0 49.0 48.1 49.9 2208 950 5.230
1787286701 49.9 49.0 48.1 49.9 2208 950 5.220
1787286702 50.8 50.8 49.0 50.8 2208 950 5.211
1787286703 50.8 50.8 49.9 51.8 2208 950 5.201
1787286704 49.9 50.8 49.9 51.8 2208 950 5.235
1787286706 51.8 51.8 50.8 51.8 2208 950 5.244
1787286707 50.8 50.8 49.9 50.8 2208 950 5.244
1787286708 51.8 51.8 50.8 52.7 2208 950 5.215
1787286709 51.8 51.8 51.8 52.7 2208 950 5.206
1787286710 51.8 51.8 50.8 52.7 2208 950 5.206
1787286711 52.7 52.7 51.8 53.6 2208 950 5.230
1787286712 52.7 53.6 51.8 53.6 2208 950 5.230
1787286714 52.7 52.7 51.8 53.6 2208 950 5.215
1787286715 52.7 52.7 51.8 53.6 2208 950 5.177
1787286716 52.7 53.6 51.8 53.6 2208 950 5.220
1787286717 52.7 53.6 51.8 53.6 2208 950 5.177
1787286718 51.8 51.8 51.8 52.7 2208 950 5.283
1787286719 52.7 53.6 51.8 54.5 2208 950 5.264
1787286720 52.7 53.6 51.8 54.5 2208 950 5.191
1787286721 52.7 53.6 51.8 53.6 2208 950 5.196
1787286723 52.7 52.7 51.8 54.5 2208 950 5.215
1787286724 52.7 53.6 52.7 54.5 2208 950 5.230
1787286725 52.7 53.6 52.7 54.5 2208 950 5.186
1787286726 53.6 53.6 52.7 54.5 2208 950 5.240
1787286727 53.6 53.6 52.7 54.5 2208 950 5.215
1787286728 53.6 53.6 52.7 54.5 2208 950 5.206
1787286729 53.6 53.6 51.8 53.6 2208 950 5.211
1787286730 53.6 53.6 52.7 54.5 2208 950 5.240
1787286732 53.6 54.5 53.6 54.5 2208 950 5.201
1787286733 53.6 53.6 52.7 54.5 2208 950 5.211
1787286734 53.6 54.5 53.6 55.5 2208 950 5.225
1787286735 53.6 54.5 53.6 54.5 2208 950 5.196
1787286736 53.6 54.5 53.6 54.5 2208 950 5.235
1787286737 53.6 54.5 52.7 55.5 2208 950 5.157
1787286738 53.6 53.6 53.6 55.5 2208 950 5.249
1787286740 53.6 54.5 53.6 55.5 2208 950 5.206
1787286741 54.5 55.5 53.6 55.5 2208 950 5.182
1787286742 53.6 54.5 52.7 54.5 2208 950 5.240
1787286743 53.6 54.5 53.6 54.5 2208 950 5.211
1787286744 54.5 54.5 53.6 55.5 2208 950 5.191
1787286745 54.5 54.5 53.6 54.5 2208 950 5.191
1787286746 54.5 54.5 53.6 54.5 2208 950 5.235
1787286747 54.5 54.5 53.6 55.5 2208 950 5.215
1787286749 54.5 54.5 53.6 55.5 2208 950 5.211
1787286750 54.5 54.5 53.6 55.5 2208 950 5.220
1787286751 54.5 54.5 53.6 54.5 2208 950 5.240
1787286752 54.5 54.5 53.6 55.5 2208 950 5.201
1787286753 54.5 54.5 53.6 55.5 2208 950 5.206
1787286754 54.5 55.5 53.6 55.5 2208 950 5.157
1787286755 54.5 54.5 53.6 55.5 2208 950 5.196
1787286757 54.5 55.5 53.6 55.5 2208 950 5.191
1787286758 51.8 51.8 51.8 52.7 2208 950 5.283
1787286759 48.1 47.2 47.2 48.1 2208 950 5.278
1787286760 46.2 45.3 44.4 46.2 2208 950 5.288
1787286761 45.3 44.4 43.5 45.3 2208 950 5.293
1787286762 43.5 43.5 42.5 44.4 2208 950 5.302
1787286763 43.5 42.5 42.5 42.5 2208 950 5.312
1787286764 42.5 41.6 41.6 43.5 2208 950 5.293
1787286765 42.5 41.6 40.7 42.5 2208 950 5.293
1787286766 41.6 40.7 40.7 42.5 2208 950 5.240
1787286767 40.7 40.7 39.8 40.7 2208 950 5.336
1787286768 40.7 40.7 39.8 40.7 2208 950 5.322
1787286769 40.7 39.8 39.8 40.7 2208 950 5.317
1787286771 39.8 39.8 38.8 39.8 2208 950 5.307
1787286772 39.8 38.8 38.8 39.8 2208 950 5.249
1787286773 39.8 38.8 38.8 39.8 2208 950 5.254
1787286774 38.8 38.8 37.9 39.8 2208 950 5.254
1787286775 38.8 38.8 37.9 38.8 2208 950 5.273
1787286776 38.8 38.8 37.9 38.8 2208 950 5.269
1787286777 38.8 37.9 37.9 38.8 2208 950 5.278
1787286778 37.9 37.9 37.0 38.8 2208 950 5.293
1787286779 38.8 37.9 37.0 38.8 2208 950 5.273
1787286780 38.8 37.9 37.0 37.9 2208 950 5.322
1787286781 37.9 37.0 37.0 37.9 2208 950 5.288
1787286782 41.6 41.6 40.7 42.5 2208 950 5.225
1787286783 46.2 46.2 45.3 47.2 2208 950 5.244
1787286785 47.2 47.2 46.2 48.1 2208 950 5.211
1787286786 48.1 48.1 47.2 49.9 2208 950 5.201
1787286787 49.0 49.0 48.1 49.9 2208 950 5.225
1787286788 48.1 49.0 48.1 49.0 2208 950 5.220
1787286789 49.0 49.9 48.1 50.8 2208 950 5.225
1787286790 49.9 49.9 48.1 49.9 2208 950 5.206
1787286791 49.9 49.9 49.0 50.8 2208 950 5.278
1787286793 49.9 50.8 49.0 51.8 2208 950 5.177
1787286794 50.8 51.8 49.9 51.8 2208 950 5.157
1787286795 49.9 50.8 49.9 51.8 2208 950 5.249
1787286796 51.8 51.8 50.8 51.8 2208 950 5.206
1787286797 50.8 51.8 49.9 51.8 2208 950 5.206
1787286798 49.9 50.8 49.9 51.8 2208 950 5.230
1787286799 51.8 51.8 50.8 52.7 2208 950 5.206
1787286800 51.8 51.8 50.8 52.7 2208 950 5.220
1787286802 51.8 52.7 51.8 53.6 2208 950 5.196
1787286803 52.7 52.7 51.8 53.6 2208 950 5.196
1787286804 52.7 52.7 51.8 53.6 2208 950 5.206
1787286805 52.7 53.6 51.8 54.5 2208 950 5.162
1787286806 52.7 53.6 51.8 53.6 2208 950 5.230
1787286807 52.7 53.6 52.7 53.6 2208 950 5.220
1787286808 52.7 53.6 51.8 53.6 2208 950 5.186
1787286809 52.7 52.7 51.8 53.6 2208 950 5.264
1787286811 53.6 52.7 51.8 53.6 2208 950 5.244
1787286812 53.6 53.6 52.7 54.5 2208 950 5.220
1787286813 52.7 52.7 51.8 52.7 2208 950 5.177
1787286814 52.7 53.6 51.8 53.6 2208 950 5.249
1787286815 53.6 53.6 52.7 53.6 2208 950 5.191
1787286816 53.6 53.6 52.7 53.6 2208 950 5.196
1787286817 53.6 53.6 52.7 53.6 2208 950 5.225
1787286818 52.7 52.7 52.7 52.7 2208 950 5.254
1787286819 53.6 54.5 52.7 54.5 2208 950 5.167
1787286821 53.6 53.6 51.8 54.5 2208 950 5.201
1787286822 53.6 54.5 52.7 54.5 2208 950 5.235
1787286823 53.6 53.6 52.7 54.5 2208 950 5.235
1787286824 53.6 53.6 52.7 54.5 2208 950 5.201
1787286825 53.6 53.6 52.7 54.5 2208 950 5.220
1787286826 53.6 54.5 52.7 54.5 2208 950 5.177
1787286827 53.6 54.5 52.7 55.5 2208 950 5.240
1787286828 53.6 54.5 53.6 56.4 2208 950 5.235
1787286830 52.7 53.6 52.7 54.5 2208 950 5.201
1787286831 53.6 54.5 53.6 54.5 2208 950 5.230
1787286832 53.6 54.5 53.6 54.5 2208 950 5.225
1787286833 53.6 54.5 53.6 54.5 2208 950 5.235
1787286834 54.5 54.5 53.6 55.5 2208 950 5.153
1787286835 54.5 54.5 53.6 56.4 2208 950 5.215
1787286836 54.5 54.5 53.6 55.5 2208 950 5.177
1787286838 53.6 54.5 53.6 55.5 2208 950 5.186
1787286839 53.6 54.5 53.6 55.5 2208 950 5.157
1787286840 54.5 54.5 53.6 55.5 2208 950 5.186
1787286841 53.6 54.5 53.6 55.5 2208 950 5.240
1787286842 54.5 54.5 53.6 55.5 2208 950 5.225
1787286843 49.0 48.1 48.1 48.1 2208 950 5.302
1787286844 46.2 46.2 46.2 47.2 2208 950 5.317
1787286845 45.3 44.4 44.4 45.3 2208 950 5.269
1787286846 44.4 43.5 43.5 44.4 2208 950 5.312
1787286848 43.5 42.5 42.5 43.5 2208 950 5.273
1787286849 42.5 42.5 41.6 43.5 2208 950 5.244
1787286850 42.5 41.6 40.7 42.5 2208 950 5.269
1787286851 41.6 40.7 40.7 41.6 2208 950 5.273
1787286852 40.7 40.7 40.7 41.6 2208 950 5.302
1787286853 40.7 40.7 39.8 40.7 2208 950 5.278
1787286854 40.7 39.8 39.8 40.7 2208 950 5.269
1787286855 39.8 39.8 38.8 40.7 2208 950 5.293
1787286856 39.8 39.8 38.8 39.8 2208 950 5.327
1787286857 39.8 39.8 38.8 39.8 2208 950 5.278
1787286858 38.8 38.8 37.9 39.8 2208 950 5.249
1787286859 38.8 38.8 37.9 39.8 2208 950 5.322
1787286860 41.6 41.6 40.7 42.5 2208 950 5.264
1787286861 43.5 44.4 42.5 43.5 2208 950 5.273
1787286862 44.4 44.4 43.5 45.3 2208 950 5.201
1787286864 44.4 44.4 43.5 44.4 2208 950 5.235
1787286865 44.4 45.3 44.4 45.3 2208 950 5.273
1787286866 45.3 45.3 44.4 45.3 2208 950 5.206
1787286867 45.3 46.2 44.4 46.2 2208 950 5.215
1787286868 45.3 46.2 45.3 46.2 2208 950 5.249
1787286869 46.2 47.2 45.3 46.2 2208 950 5.215
1787286870 46.2 47.2 45.3 47.2 2208 950 5.254
1787286871 42.5 41.6 41.6 42.5 2208 950 5.312
1787286872 41.6 40.7 40.7 41.6 2208 950 5.240
1787286873 45.3 45.3 44.4 46.2 2208 950 5.230
1787286874 47.2 48.1 47.2 48.1 2208 950 5.244
1787286875 49.0 49.9 48.1 49.9 2208 950 5.215
1787286877 48.1 48.1 48.1 49.0 2208 950 5.254
1787286878 49.9 49.9 49.0 50.8 2208 950 5.201
1787286879 50.8 50.8 49.9 51.8 2208 950 5.244
1787286880 49.9 50.8 49.0 51.8 2208 950 5.215
1787286881 50.8 50.8 49.9 51.8 2208 950 5.278
1787286882 50.8 51.8 50.8 52.7 2208 950 5.191
1787286883 51.8 50.8 50.8 51.8 2208 950 5.128
1787286884 50.8 51.8 50.8 51.8 2208 950 5.196
1787286886 52.7 52.7 51.8 53.6 2208 950 5.196
1787286887 51.8 51.8 50.8 52.7 2208 950 5.254
1787286888 51.8 52.7 51.8 52.7 2208 950 5.240
1787286889 51.8 52.7 50.8 52.7 2208 950 5.162
1787286890 52.7 52.7 51.8 53.6 2208 950 5.240
1787286891 52.7 52.7 51.8 52.7 2208 950 5.230
1787286892 52.7 52.7 51.8 52.7 2208 950 5.259
1787286893 52.7 52.7 51.8 53.6 2208 950 5.235
1787286894 51.8 52.7 50.8 52.7 2208 950 5.254
1787286896 52.7 52.7 51.8 54.5 2208 950 5.211
1787286897 52.7 52.7 51.8 53.6 2208 950 5.172
1787286898 52.7 53.6 51.8 53.6 2208 950 5.191
1787286899 52.7 53.6 51.8 53.6 2208 950 5.240
1787286900 52.7 52.7 51.8 53.6 2208 950 5.206
1787286901 52.7 52.7 51.8 53.6 2208 950 5.206
1787286902 53.6 54.5 52.7 55.5 2208 950 5.235
1787286903 53.6 53.6 52.7 54.5 2208 950 5.157
1787286905 53.6 53.6 52.7 54.5 2208 950 5.235
1787286906 53.6 53.6 52.7 54.5 2208 950 5.196
1787286907 53.6 53.6 52.7 54.5 2208 950 5.201
1787286908 52.7 53.6 51.8 53.6 2208 950 5.201
1787286909 53.6 54.5 53.6 55.5 2208 950 5.167
1787286910 53.6 54.5 52.7 54.5 2208 950 5.259
1787286911 53.6 54.5 52.7 54.5 2208 950 5.191
1787286913 53.6 54.5 53.6 55.5 2208 950 5.196
1787286914 53.6 54.5 53.6 55.5 2208 950 5.162
1787286915 53.6 54.5 52.7 54.5 2208 950 5.249
1787286916 53.6 54.5 53.6 55.5 2208 950 5.249
1787286917 53.6 54.5 53.6 55.5 2208 950 5.196
1787286918 53.6 54.5 53.6 54.5 2208 950 5.220
1787286919 53.6 54.5 53.6 54.5 2208 950 5.225
1787286920 53.6 53.6 52.7 55.5 2208 950 5.230
1787286922 54.5 54.5 53.6 55.5 2208 950 5.201
1787286923 53.6 53.6 52.7 54.5 2208 950 5.191
1787286924 53.6 54.5 53.6 54.5 2208 950 5.153
1787286925 53.6 53.6 52.7 54.5 2208 950 5.259
1787286926 54.5 53.6 53.6 54.5 2208 950 5.186
1787286927 53.6 54.5 52.7 54.5 2208 950 5.215
1787286928 53.6 53.6 53.6 54.5 2208 950 5.220
1787286929 54.5 54.5 53.6 55.5 2208 950 5.191
1787286931 53.6 53.6 52.7 54.5 2208 950 5.254
1787286932 54.5 54.5 53.6 55.5 2208 950 5.206
1787286933 54.5 54.5 53.6 55.5 2208 950 5.211
1787286934 48.1 48.1 47.2 48.1 2208 950 5.322
1787286935 46.2 45.3 45.3 46.2 2208 950 5.230
1787286936 45.3 44.4 44.4 45.3 2208 950 5.254
1787286937 44.4 43.5 43.5 44.4 2208 950 5.288
1787286938 43.5 42.5 42.5 43.5 2208 950 5.273
1787286939 42.5 42.5 41.6 42.5 2208 950 5.293
1787286940 42.5 41.6 40.7 42.5 2208 950 5.264
1787286941 41.6 41.6 40.7 41.6 2208 950 5.244
1787286942 40.7 40.7 40.7 41.6 2208 950 5.254
1787286944 40.7 40.7 39.8 40.7 2208 950 5.240
1787286945 40.7 39.8 39.8 40.7 2208 950 5.293
1787286946 39.8 39.8 38.8 40.7 2208 950 5.288
1787286947 39.8 39.8 38.8 39.8 2208 950 5.269
1787286948 39.8 38.8 38.8 39.8 2208 950 5.288
1787286949 39.8 38.8 38.8 38.8 2208 950 5.278
1787286950 38.8 38.8 37.9 39.8 2208 950 5.244
1787286951 38.8 38.8 37.9 38.8 2208 950 5.302
1787286952 38.8 37.9 37.9 38.8 2208 950 5.273
1787286953 38.8 37.9 37.9 38.8 2208 950 5.273
1787286954 37.9 37.9 37.0 38.8 2208 950 5.278
1787286955 37.9 37.9 37.0 38.8 2208 950 5.244
1787286956 37.9 37.0 37.0 37.9 2208 950 5.327
1787286957 37.9 37.0 37.0 37.9 2208 950 5.254
1787286959 44.4 45.3 44.4 45.3 2208 950 5.235
1787286960 47.2 47.2 46.2 48.1 2208 950 5.211
1787286961 47.2 48.1 47.2 48.1 2208 950 5.225
1787286962 48.1 49.0 48.1 49.9 2208 950 5.230
1787286963 49.0 49.0 48.1 49.9 2208 950 5.206
1787286964 49.0 49.9 48.1 49.9 2208 950 5.215
1787286965 49.9 49.9 49.0 50.8 2208 950 5.167
1787286967 49.9 50.8 49.9 51.8 2208 950 5.288
1787286968 49.9 50.8 49.0 51.8 2208 950 5.235
1787286969 50.8 51.8 49.9 51.8 2208 950 5.191
1787286970 50.8 50.8 49.9 51.8 2208 950 5.211
1787286971 51.8 51.8 50.8 52.7 2208 950 5.191
1787286972 51.8 51.8 50.8 51.8 2208 950 5.196
1787286973 50.8 50.8 49.9 51.8 2208 950 5.259
1787286974 50.8 51.8 50.8 52.7 2208 950 5.191
1787286976 51.8 52.7 51.8 53.6 2208 950 5.186
1787286977 51.8 52.7 51.8 52.7 2208 950 5.249
1787286978 50.8 51.8 50.8 51.8 2208 950 5.220
1787286979 51.8 52.7 51.8 53.6 2208 950 5.244
1787286980 52.7 52.7 51.8 53.6 2208 950 5.273
1787286981 52.7 52.7 51.8 52.7 2208 950 5.215
1787286982 52.7 52.7 51.8 53.6 2208 950 5.186
1787286983 51.8 51.8 51.8 53.6 2208 950 5.167
1787286985 52.7 53.6 51.8 53.6 2208 950 5.201
1787286986 53.6 53.6 52.7 54.5 2208 950 5.167
1787286987 52.7 53.6 51.8 53.6 2208 950 5.201
1787286988 53.6 53.6 52.7 54.5 2208 950 5.269
1787286989 52.7 53.6 52.7 53.6 2208 950 5.235
1787286990 52.7 52.7 51.8 53.6 2208 950 5.206
1787286991 52.7 53.6 52.7 54.5 2208 950 5.206
1787286992 53.6 53.6 52.7 54.5 2208 950 5.167
1787286994 53.6 54.5 52.7 54.5 2208 950 5.240
1787286995 53.6 53.6 52.7 54.5 2208 950 5.191
1787286996 53.6 53.6 52.7 54.5 2208 950 5.211
1787286997 52.7 53.6 52.7 54.5 2208 950 5.186
1787286998 53.6 53.6 52.7 54.5 2208 950 5.220
1787286999 53.6 54.5 52.7 54.5 2208 950 5.167
1787287000 53.6 53.6 53.6 54.5 2208 950 5.235
1787287001 54.5 54.5 53.6 55.5 2208 950 5.215
1787287003 53.6 54.5 52.7 54.5 2208 950 5.215
1787287004 53.6 54.5 53.6 54.5 2208 950 5.172
1787287005 53.6 54.5 53.6 54.5 2208 950 5.182
1787287006 54.5 54.5 53.6 55.5 2208 950 5.201
1787287007 53.6 53.6 52.7 54.5 2208 950 5.235
1787287008 54.5 54.5 53.6 55.5 2208 950 5.225
1787287009 53.6 54.5 52.7 55.5 2208 950 5.273
1787287011 54.5 54.5 53.6 54.5 2208 950 5.201
1787287012 54.5 54.5 53.6 54.5 2208 950 5.230
1787287013 54.5 54.5 53.6 55.5 2208 950 5.191
1787287014 54.5 54.5 53.6 55.5 2208 950 5.220
1787287015 54.5 54.5 53.6 55.5 2208 950 5.211
1787287016 53.6 54.5 53.6 55.5 2208 950 5.211
1787287017 54.5 54.5 53.6 55.5 2208 950 5.225
1787287018 49.9 49.0 49.0 49.9 2208 950 5.259
1787287020 46.2 46.2 45.3 47.2 2208 950 5.273
1787287021 44.4 44.4 44.4 45.3 2208 950 5.322
1787287022 44.4 43.5 43.5 44.4 2208 950 5.269
1787287023 43.5 42.5 42.5 43.5 2208 950 5.278
1787287024 42.5 41.6 41.6 42.5 2208 950 5.307
1787287025 41.6 41.6 40.7 42.5 2208 950 5.278
1787287026 41.6 41.6 40.7 42.5 2208 950 5.288
1787287027 40.7 40.7 40.7 41.6 2208 950 5.293
1787287028 40.7 40.7 39.8 40.7 2208 950 5.302
1787287029 40.7 39.8 39.8 40.7 2208 950 5.302
1787287030 39.8 39.8 38.8 40.7 2208 950 5.249
1787287031 39.8 38.8 38.8 39.8 2208 950 5.264
1787287032 39.8 38.8 38.8 39.8 2208 950 5.269
1787287033 38.8 38.8 37.9 39.8 2208 950 5.269
1787287034 38.8 38.8 37.9 38.8 2208 950 5.269
1787287036 40.7 41.6 40.7 41.6 2208 950 5.269
1787287037 43.5 44.4 42.5 44.4 2208 950 5.249
1787287038 43.5 43.5 42.5 44.4 2208 950 5.215
1787287039 44.4 44.4 43.5 44.4 2208 950 5.167
1787287040 44.4 44.4 43.5 44.4 2208 950 5.225
1787287041 45.3 45.3 44.4 46.2 2208 950 5.225
1787287042 44.4 45.3 44.4 45.3 2208 950 5.259
1787287043 45.3 46.2 44.4 46.2 2208 950 5.249
1787287044 45.3 45.3 44.4 45.3 2208 950 5.225
1787287045 45.3 45.3 45.3 45.3 2208 950 5.230
1787287046 42.5 41.6 41.6 42.5 2208 950 5.307
1787287047 41.6 40.7 40.7 42.5 2208 950 5.327
1787287048 44.4 45.3 44.4 46.2 2208 950 5.215
1787287050 48.1 48.1 47.2 48.1 2208 950 5.167
1787287051 48.1 49.0 48.1 49.9 2208 950 5.196
1787287052 49.9 50.8 49.0 50.8 2208 950 5.215
1787287053 49.0 50.8 49.0 49.9 2208 950 5.215
1787287054 50.8 50.8 49.9 50.8 2208 950 5.196
1787287055 51.8 51.8 50.8 52.7 2208 950 5.215
1787287056 50.8 51.8 50.8 52.7 2208 950 5.220
1787287058 51.8 51.8 50.8 52.7 2208 950 5.167
1787287059 51.8 51.8 50.8 52.7 2208 950 5.177
1787287060 51.8 52.7 51.8 53.6 2208 950 5.167
1787287061 51.8 51.8 51.8 52.7 2208 950 5.196
1787287062 52.7 52.7 51.8 53.6 2208 950 5.211
1787287063 52.7 52.7 51.8 53.6 2208 950 5.249
1787287064 52.7 52.7 51.8 53.6 2208 950 5.230
1787287066 51.8 52.7 50.8 52.7 2208 950 5.215
1787287067 51.8 52.7 51.8 53.6 2208 950 5.215
1787287068 51.8 51.8 50.8 52.7 2208 950 5.215
1787287069 52.7 52.7 51.8 53.6 2208 950 5.225
1787287070 52.7 53.6 52.7 53.6 2208 950 5.240
1787287071 53.6 53.6 52.7 53.6 2208 950 5.196
1787287072 53.6 53.6 52.7 54.5 2208 950 5.244
1787287073 52.7 52.7 51.8 53.6 2208 950 5.196
1787287075 53.6 53.6 52.7 54.5 2208 950 5.186
1787287076 53.6 53.6 52.7 55.5 2208 950 5.167
1787287077 53.6 53.6 52.7 54.5 2208 950 5.225
1787287078 53.6 53.6 52.7 53.6 2208 950 5.215
1787287079 53.6 53.6 52.7 54.5 2208 950 5.148
1787287080 53.6 53.6 52.7 54.5 2208 950 5.273
1787287081 54.5 54.5 53.6 55.5 2208 950 5.273
1787287083 53.6 54.5 52.7 54.5 2208 950 5.215
1787287084 53.6 54.5 52.7 54.5 2208 950 5.211
1787287085 53.6 54.5 53.6 55.5 2208 950 5.264
1787287086 53.6 53.6 52.7 53.6 2208 950 5.225
1787287087 53.6 54.5 53.6 54.5 2208 950 5.235
1787287088 53.6 53.6 52.7 54.5 2208 950 5.220
1787287089 53.6 54.5 52.7 55.5 2208 950 5.211
1787287090 54.5 54.5 53.6 55.5 2208 950 5.230
1787287092 53.6 54.5 53.6 55.5 2208 950 5.196
1787287093 54.5 54.5 53.6 54.5 2208 950 5.162
1787287094 54.5 55.5 53.6 55.5 2208 950 5.206
1787287095 53.6 54.5 53.6 54.5 2208 950 5.157
1787287096 54.5 54.5 53.6 54.5 2208 950 5.186
1787287097 54.5 54.5 53.6 56.4 2208 950 5.235
1787287098 53.6 54.5 53.6 54.5 2208 950 5.273
1787287100 54.5 54.5 53.6 55.5 2208 950 5.196
1787287101 54.5 54.5 53.6 54.5 2208 950 5.249
1787287102 54.5 55.5 53.6 55.5 2208 950 5.302
1787287103 53.6 53.6 52.7 54.5 2208 950 5.230
1787287104 54.5 55.5 53.6 56.4 2208 950 5.215
1787287105 53.6 54.5 53.6 55.5 2208 950 5.230
1787287106 53.6 54.5 53.6 55.5 2208 950 5.201
1787287107 54.5 54.5 53.6 55.5 2208 950 5.244
1787287109 53.6 54.5 53.6 55.5 2208 950 5.302
1787287110 48.1 47.2 47.2 49.0 2208 950 5.254
1787287111 45.3 45.3 44.4 46.2 2208 950 5.312
1787287112 45.3 44.4 44.4 45.3 2208 950 5.302
1787287113 44.4 43.5 42.5 44.4 2208 950 5.249
1787287114 43.5 42.5 41.6 43.5 2208 950 5.317
1787287115 42.5 42.5 40.7 42.5 2208 950 5.278
1787287116 42.5 41.6 40.7 42.5 2208 950 5.283
1787287117 41.6 40.7 40.7 41.6 2208 950 5.230
1787287118 40.7 40.7 39.8 40.7 2208 950 5.264
1787287119 40.7 40.7 39.8 40.7 2208 950 5.230
1787287120 40.7 39.8 39.8 40.7 2208 950 5.278
1787287121 40.7 39.8 38.8 40.7 2208 950 5.322
1787287123 39.8 38.8 38.8 39.8 2208 950 5.322
1787287124 39.8 38.8 37.9 39.8 2208 950 5.302
1787287125 38.8 38.8 38.8 39.8 2208 950 5.283
1787287126 38.8 37.9 37.9 38.8 2208 950 5.322
1787287127 38.8 37.9 37.9 38.8 2208 950 5.288
1787287128 38.8 37.9 37.9 38.8 2208 950 5.278
1787287129 37.9 37.9 37.9 38.8 2208 950 5.336
1787287130 38.8 37.9 37.0 38.8 2208 950 5.317
1787287131 37.9 37.9 37.0 38.8 2208 950 5.259
1787287132 37.9 37.0 37.0 38.8 2208 950 5.254
1787287133 41.6 41.6 40.7 42.5 2208 950 5.240
1787287134 45.3 46.2 45.3 46.2 2208 950 5.191
1787287135 47.2 47.2 46.2 48.1 2208 950 5.240
1787287137 48.1 48.1 46.2 48.1 2208 950 5.288
1787287138 48.1 49.0 47.2 49.9 2208 950 5.182
1787287139 49.0 49.0 48.1 49.9 2208 950 5.196
1787287140 49.9 49.9 49.0 50.8 2208 950 5.186
1787287141 49.9 49.9 49.0 50.8 2208 950 5.225
1787287142 50.8 50.8 49.9 51.8 2208 950 5.191
1787287143 50.8 50.8 49.9 50.8 2208 950 5.201
1787287145 50.8 50.8 49.9 51.8 2208 950 5.182
1787287146 50.8 50.8 49.9 51.8 2208 950 5.186
1787287147 50.8 51.8 49.9 50.8 2208 950 5.162
1787287148 51.8 51.8 50.8 53.6 2208 950 5.215
1787287149 51.8 52.7 50.8 52.7 2208 950 5.240
1787287150 51.8 52.7 50.8 52.7 2208 950 5.220
1787287151 51.8 51.8 51.8 53.6 2208 950 5.196
1787287153 52.7 52.7 51.8 52.7 2208 950 5.215
1787287154 51.8 52.7 50.8 52.7 2208 950 5.206
1787287155 51.8 51.8 50.8 51.8 2208 950 5.201
1787287156 52.7 53.6 51.8 53.6 2208 950 5.225
1787287157 52.7 52.7 51.8 53.6 2208 950 5.177
1787287158 51.8 52.7 51.8 52.7 2208 950 5.235
1787287159 52.7 52.7 51.8 54.5 2208 950 5.196
1787287160 53.6 53.6 52.7 54.5 2208 950 5.206
1787287162 52.7 52.7 51.8 53.6 2208 950 5.230
1787287163 53.6 53.6 52.7 54.5 2208 950 5.230
1787287164 52.7 53.6 51.8 53.6 2208 950 5.244
1787287165 53.6 53.6 52.7 54.5 2208 950 5.196
1787287166 53.6 54.5 52.7 54.5 2208 950 5.220
1787287167 53.6 53.6 52.7 53.6 2208 950 5.201
1787287168 53.6 53.6 52.7 54.5 2208 950 5.235
1787287169 54.5 53.6 52.7 53.6 2208 950 5.206
1787287171 53.6 54.5 52.7 54.5 2208 950 5.273
1787287172 53.6 54.5 53.6 54.5 2208 950 5.225
1787287173 53.6 53.6 52.7 54.5 2208 950 5.215
1787287174 53.6 54.5 53.6 55.5 2208 950 5.186
1787287175 53.6 53.6 52.7 53.6 2208 950 5.259
1787287176 54.5 54.5 53.6 55.5 2208 950 5.196
1787287177 53.6 54.5 53.6 55.5 2208 950 5.201
1787287179 53.6 53.6 52.7 54.5 2208 950 5.196
1787287180 53.6 53.6 53.6 55.5 2208 950 5.225
1787287181 54.5 54.5 52.7 55.5 2208 950 5.225
1787287182 53.6 54.5 53.6 54.5 2208 950 5.148
1787287183 53.6 53.6 52.7 54.5 2208 950 5.215
1787287184 53.6 54.5 52.7 54.5 2208 950 5.235
1787287185 54.5 54.5 53.6 55.5 2208 950 5.211
1787287187 53.6 53.6 52.7 53.6 2208 950 5.225
1787287188 53.6 54.5 52.7 54.5 2208 950 5.254
1787287189 53.6 54.5 53.6 55.5 2208 950 5.244
1787287190 54.5 54.5 53.6 55.5 2208 950 5.230
1787287191 53.6 54.5 53.6 55.5 2208 950 5.182
1787287192 53.6 54.5 53.6 55.5 2208 950 5.196
1787287193 54.5 54.5 53.6 55.5 2208 950 5.254
1787287194 48.1 47.2 47.2 48.1 2208 950 5.249
1787287196 45.3 44.4 44.4 45.3 2208 950 5.317
1787287197 44.4 43.5 43.5 44.4 2208 950 5.322
1787287198 43.5 42.5 42.5 43.5 2208 950 5.302
1787287199 42.5 41.6 41.6 42.5 2208 950 5.288
1787287200 42.5 41.6 40.7 42.5 2208 950 5.244
1787287201 41.6 40.7 40.7 41.6 2208 950 5.298
1787287202 40.7 40.7 39.8 41.6 2208 950 5.283
1787287203 40.7 39.8 39.8 40.7 2208 950 5.322
1787287204 39.8 39.8 38.8 40.7 2208 950 5.273
1787287205 39.8 39.8 38.8 40.7 2208 950 5.317
1787287206 39.8 38.8 38.8 39.8 2208 950 5.298
1787287207 39.8 38.8 38.8 39.8 2208 950 5.298
1787287208 38.8 38.8 37.9 38.8 2208 950 5.240
1787287209 38.8 38.8 37.9 39.8 2208 950 5.307
1787287211 38.8 38.8 37.9 38.8 2208 950 5.288
1787287212 42.5 43.5 41.6 43.5 2208 950 5.254
1787287213 43.5 43.5 43.5 44.4 2208 950 5.186
1787287214 44.4 44.4 43.5 44.4 2208 950 5.211
1787287215 44.4 45.3 43.5 45.3 2208 950 5.240
1787287216 45.3 45.3 44.4 46.2 2208 950 5.244
1787287217 45.3 45.3 44.4 45.3 2208 950 5.244
1787287218 45.3 46.2 44.4 46.2 2208 950 5.249
1787287219 45.3 45.3 44.4 46.2 2208 950 5.215
1787287220 45.3 46.2 44.4 46.2 2208 950 5.230
1787287221 43.5 43.5 43.5 43.5 2208 950 5.254
1787287222 41.6 40.7 40.7 41.6 2208 950 5.220
1787287223 40.7 39.8 39.8 40.7 2208 950 5.244
1787287224 46.2 47.2 46.2 47.2 2208 950 5.235
1787287226 48.1 48.1 47.2 49.0 2208 950 5.249
1787287227 49.0 49.0 48.1 49.9 2208 950 5.230
1787287228 49.9 49.9 49.0 51.8 2208 950 5.191
1787287229 49.9 49.9 49.0 50.8 2208 950 5.225
1787287230 49.9 49.9 49.0 50.8 2208 950 5.206
1787287231 50.8 51.8 49.9 52.7 2208 950 5.191
1787287232 49.9 50.8 49.0 51.8 2208 950 5.220
1787287234 50.8 50.8 49.9 51.8 2208 950 5.240
1787287235 50.8 50.8 49.9 52.7 2208 950 5.249
1787287236 49.9 51.8 49.9 51.8 2208 950 5.264
1787287237 51.8 52.7 50.8 52.7 2208 950 5.225
1787287238 50.8 51.8 50.8 52.7 2208 950 5.225
1787287239 51.8 51.8 50.8 52.7 2208 950 5.244
1787287240 51.8 51.8 50.8 52.7 2208 950 5.240
1787287241 51.8 52.7 50.8 53.6 2208 950 5.215
1787287243 51.8 52.7 51.8 52.7 2208 950 5.211
1787287244 51.8 51.8 51.8 53.6 2208 950 5.157
1787287245 51.8 52.7 51.8 53.6 2208 950 5.186
1787287246 52.7 52.7 51.8 53.6 2208 950 5.211
1787287247 52.7 52.7 51.8 53.6 2208 950 5.177
1787287248 52.7 52.7 51.8 53.6 2208 950 5.211
1787287249 51.8 52.7 51.8 53.6 2208 950 5.215
1787287251 52.7 52.7 50.8 53.6 2208 950 5.254
1787287252 52.7 53.6 51.8 53.6 2208 950 5.254
1787287253 52.7 52.7 51.8 53.6 2208 950 5.215
1787287254 52.7 51.8 51.8 53.6 2208 950 5.211
1787287255 51.8 52.7 51.8 53.6 2208 950 5.196
1787287256 52.7 52.7 51.8 53.6 2208 950 5.235
1787287257 51.8 52.7 51.8 53.6 2208 950 5.196
1787287258 52.7 52.7 51.8 53.6 2208 950 5.230
