=== S0-C 정책 A/B (freeze ece4eba, 팬리스, 4라운드, 예열 12분) ===
  노드 3개 확인
--- 예열 12분 (round-robin, 결과는 버린다) ---
  예열  5/12  soc: 82 80 79 
  예열 10/12  soc: 82 80 79 
  예열 12/12  soc: 82 80 79 
  예열 완료 — thermal steady-state 가정
  r1  round-robin  -> 369.8,86.14,186.39,254.45,0.0000,33.3,33.3,33.3,109.4,76.8,79.5  soc최대 79.461°C
  r1  least-queue  -> 383.0,91.76,127.28,146.51,0.0000,32.7,33.6,33.6,93.5,90.4,91.1  soc최대 79.461°C
  r1  ect          -> 383.8,90.60,130.92,156.65,0.0000,32.6,33.6,33.8,90.5,90.6,90.7  soc최대 79.461°C
  r2  least-queue  -> 381.7,92.00,126.49,145.75,0.0000,32.5,33.7,33.8,94.3,90.8,90.7  soc최대 79.461°C
  r2  ect          -> 384.6,90.35,130.96,156.11,0.0000,32.3,33.8,33.8,91.1,90.0,89.9  soc최대 79.461°C
  r2  round-robin  -> 371.1,84.78,188.97,262.79,0.0000,33.3,33.3,33.3,112.3,78.0,74.4  soc최대 79.461°C
  r3  ect          -> 385.1,90.42,130.89,155.83,0.0000,32.8,33.1,34.1,89.6,90.9,90.8  soc최대 79.461°C
  r3  round-robin  -> 379.9,89.03,149.53,186.18,0.0000,33.3,33.3,33.3,99.8,93.3,75.5  soc최대 78.538°C
  r3  least-queue  -> 378.0,92.91,127.01,147.50,0.0000,33.1,33.1,33.8,93.9,93.9,91.0  soc최대 79.461°C
  r4  round-robin  -> 375.0,88.26,157.97,224.40,0.0000,33.3,33.3,33.3,91.1,93.6,80.9  soc최대 78.538°C
  r4  least-queue  -> 381.1,91.98,127.61,147.97,0.0000,33.4,32.9,33.7,91.6,93.0,91.5  soc최대 78.538°C
  r4  ect          -> 383.2,90.94,130.91,156.89,0.0000,33.4,32.8,33.8,90.5,91.4,90.8  soc최대 78.538°C
--- 열 로거 수거 ---
--- 원상복구 (기본 설정, 팬리스 유지) ---
  npuforge-k       running
  npuforge-q       running
  npuforge-j       running

========================================================================================================
S0-C  정책 A/B (팬리스, thermal steady-state)
========================================================================================================
  같은 3노드 / 커넥션 2·node / c36. 달라지는 것은 스케줄링 정책뿐이다.

Policy          n    Throughput     p50     p95     p99   king%   jack%  queen%     err
--------------------------------------------------------------------------------------------------------
round-robin     4    373.9±4.5     87.1   170.7   232.0    33.3    33.3    33.3  0.0000
least-queue     4    380.9±2.1     92.2   127.1   146.9    32.9    33.3    33.7  0.0000
ect             4    384.2±0.8     90.6   130.9   156.4    32.8    33.3    33.9  0.0000

── 노드별 p50 (ms) — 분배가 이동하면 여기도 따라 움직인다 ────────────────────────────────────────────
Policy              king      jack     queen       최대/최소
--------------------------------------------------------------------------------------------------------
round-robin        103.2      85.4      77.6       1.33x
least-queue         93.3      92.0      91.1       1.02x
ect                 90.4      90.7      90.5       1.00x

── 노드별 CPU busy% — '놀고 있다' 를 지연이 아니라 utilization 으로 ──────────────────────────────
Policy              king      jack     queen
--------------------------------------------------------------------------------------------------------
round-robin        53.9%     47.4%     43.6%
least-queue        54.4%     52.5%     50.4%
ect                53.3%     51.9%     50.2%

  총 오류율 합계: 0.0000
  soc 최대 온도 범위: 78.5 ~ 79.5°C (정책 간 열 조건이 비슷해야 공정한 비교다)

────────────────────────────────────────────────────────────────────────────────────────────────────────
판정 — 분배가 이동했는가, 그리고 손실이 회수됐는가
────────────────────────────────────────────────────────────────────────────────────────────────────────

  least-queue: 처리량 373.9 → 380.9 (+1.9%), king 분배 33.3% → 32.9%
    → **분배가 이동하지 않았다.** 정책의 상태 신호가 thermal-induced
       capacity degradation 을 감지하지 못한다는 뜻이다.
       (queue_depth/in_flight 는 느린 노드에서도 낮게 유지될 수 있다 —
        느린 것은 큐가 아니라 서비스 시간이기 때문이다.)

  ect: 처리량 373.9 → 384.2 (+2.7%), king 분배 33.3% → 32.8%
    → **분배가 이동하지 않았다.** 정책의 상태 신호가 thermal-induced
       capacity degradation 을 감지하지 못한다는 뜻이다.
       (queue_depth/in_flight 는 느린 노드에서도 낮게 유지될 수 있다 —
        느린 것은 큐가 아니라 서비스 시간이기 때문이다.)

  기준: king 분배 3%p 이상 이동 = '이동', 처리량 2% 이상 = '회수'.
        측정 전에 정한 값이며 결과에 맞춰 바꾸지 않는다.
결과: results/policy-ab-20260821b/
