epoch soc_c npu_c ddr_c bigcore_c cpu_mhz npu_mhz volt_v
1787271112 49.0 48.1 48.1 49.9 2208 950 5.278
1787271113 48.1 47.2 46.2 48.1 2208 950 5.288
1787271114 47.2 47.2 46.2 47.2 2208 950 5.269
1787271115 47.2 46.2 45.3 47.2 2208 950 5.215
1787271116 47.2 46.2 45.3 47.2 2208 950 5.293
1787271117 46.2 46.2 45.3 46.2 2208 950 5.244
1787271118 46.2 46.2 45.3 48.1 2208 950 5.254
1787271119 54.5 54.5 53.6 55.5 2208 950 5.191
1787271121 56.4 56.4 55.5 57.3 2208 950 5.225
1787271122 56.4 58.2 56.4 58.2 2208 950 5.206
1787271123 58.2 59.2 57.3 59.2 2208 950 5.220
1787271124 60.1 60.1 58.2 60.1 2208 950 5.220
1787271125 60.1 60.1 59.2 61.0 2208 950 5.215
1787271126 61.0 61.9 60.1 61.9 2208 950 5.211
1787271127 61.0 61.9 60.1 61.9 2208 950 5.186
1787271129 61.0 61.9 61.0 62.8 2208 950 5.215
1787271130 61.9 62.8 61.0 62.8 2208 950 5.259
1787271131 61.9 62.8 61.9 62.8 2208 950 5.211
1787271132 62.8 63.8 61.9 63.8 2208 950 5.196
1787271133 62.8 63.8 61.9 63.8 2208 950 5.191
1787271134 63.8 64.7 62.8 64.7 2208 950 5.206
1787271135 63.8 64.7 62.8 64.7 2208 950 5.225
1787271136 64.7 65.6 63.8 66.5 2208 950 5.244
1787271138 64.7 64.7 63.8 65.6 2208 950 5.196
1787271139 64.7 64.7 63.8 64.7 2208 950 5.220
1787271140 65.6 65.6 64.7 66.5 2208 950 5.220
1787271141 64.7 65.6 64.7 66.5 2208 950 5.196
1787271142 64.7 65.6 63.8 65.6 2208 950 5.235
1787271143 65.6 66.5 64.7 66.5 2208 950 5.259
1787271144 65.6 66.5 65.6 67.5 2208 950 5.211
1787271145 66.5 67.5 66.5 68.4 2208 950 5.230
1787271147 66.5 66.5 65.6 66.5 2208 950 5.264
1787271148 67.5 67.5 66.5 68.4 2208 950 5.182
1787271149 67.5 68.4 66.5 69.3 2208 950 5.215
1787271150 67.5 67.5 66.5 68.4 2208 950 5.225
1787271151 68.4 69.3 67.5 69.3 2208 950 5.182
1787271152 67.5 68.4 67.5 68.4 2208 950 5.206
1787271153 68.4 69.3 67.5 69.3 2208 950 5.264
1787271154 68.4 68.4 67.5 69.3 2208 950 5.196
1787271156 69.3 70.2 68.4 70.2 2208 950 5.196
1787271157 69.3 70.2 68.4 70.2 2208 950 5.215
1787271158 69.3 69.3 68.4 70.2 2208 950 5.196
1787271159 69.3 69.3 68.4 70.2 2208 950 5.177
1787271160 69.3 70.2 69.3 71.2 2208 950 5.167
1787271161 69.3 70.2 68.4 70.2 2208 950 5.235
1787271162 70.2 71.2 69.3 71.2 2208 950 5.220
1787271164 70.2 71.2 69.3 71.2 2208 950 5.196
1787271165 71.2 71.2 70.2 72.1 2208 950 5.215
1787271166 71.2 71.2 70.2 72.1 2208 950 5.153
1787271167 71.2 71.2 70.2 73.0 2208 950 5.211
1787271168 71.2 71.2 70.2 72.1 2208 950 5.196
1787271169 71.2 72.1 71.2 72.1 2208 950 5.240
1787271170 71.2 72.1 71.2 73.0 2208 950 5.167
1787271171 72.1 73.0 71.2 73.9 2208 950 5.215
1787271173 72.1 73.0 71.2 73.0 2208 950 5.211
1787271174 72.1 73.0 71.2 73.0 2208 950 5.186
1787271175 72.1 73.0 71.2 73.9 2208 950 5.157
1787271176 72.1 72.1 71.2 73.0 2208 950 5.211
1787271177 73.0 73.0 72.1 73.9 2208 950 5.225
1787271178 73.0 73.0 72.1 73.9 2208 950 5.196
1787271179 67.5 66.5 66.5 67.5 2208 950 5.235
1787271180 64.7 63.8 63.8 64.7 2208 950 5.293
1787271182 63.8 63.8 62.8 65.6 2208 950 5.298
1787271183 62.8 61.9 61.0 62.8 2208 950 5.269
1787271184 67.5 67.5 66.5 67.5 2208 950 5.153
1787271185 70.2 71.2 69.3 72.1 2208 950 5.215
1787271186 71.2 71.2 69.3 72.1 2208 950 5.182
1787271187 71.2 72.1 71.2 73.0 2208 950 5.196
1787271188 72.1 72.1 71.2 73.0 2208 950 5.211
1787271189 73.0 73.0 72.1 73.9 2208 950 5.211
1787271190 72.1 73.0 71.2 73.0 2208 950 5.211
1787271192 73.0 73.9 72.1 74.8 2208 950 5.230
1787271193 73.0 73.9 72.1 73.9 2208 950 5.230
1787271194 73.0 73.9 73.0 74.8 2208 950 5.211
1787271195 73.9 73.9 73.0 74.8 2208 950 5.196
1787271196 73.9 74.8 73.0 75.8 2208 950 5.196
1787271197 73.0 73.9 72.1 74.8 2208 950 5.215
1787271198 74.8 74.8 73.9 75.8 2208 950 5.220
1787271199 73.9 73.9 73.0 75.8 2208 950 5.244
1787271201 74.8 74.8 73.9 74.8 2208 950 5.211
1787271202 73.9 75.8 73.9 74.8 2208 950 5.148
1787271203 75.8 75.8 73.9 76.7 2208 950 5.167
1787271204 74.8 75.8 74.8 75.8 2208 950 5.244
1787271205 75.8 75.8 74.8 76.7 2208 950 5.206
1787271206 75.8 76.7 74.8 77.6 2208 950 5.177
1787271207 75.8 76.7 74.8 77.6 2208 950 5.191
1787271209 76.7 76.7 74.8 76.7 2208 950 5.254
1787271210 76.7 76.7 75.8 78.5 2208 950 5.215
1787271211 76.7 76.7 75.8 77.6 2208 950 5.186
1787271212 76.7 77.6 75.8 78.5 2208 950 5.211
1787271213 76.7 76.7 75.8 77.6 2208 950 5.225
1787271214 76.7 77.6 75.8 78.5 2208 950 5.182
1787271215 76.7 77.6 76.7 78.5 2208 950 5.191
1787271216 76.7 77.6 76.7 77.6 2208 950 5.191
1787271218 77.6 77.6 76.7 78.5 2208 950 5.244
1787271219 77.6 78.5 76.7 79.5 2208 950 5.182
1787271220 76.7 77.6 76.7 78.5 2208 950 5.206
1787271221 77.6 78.5 76.7 78.5 2208 950 5.196
1787271222 77.6 78.5 76.7 78.5 2208 950 5.225
1787271223 78.5 78.5 77.6 79.5 2208 950 5.269
1787271224 77.6 78.5 76.7 79.5 2208 950 5.196
1787271226 77.6 78.5 77.6 79.5 2208 950 5.235
1787271227 78.5 78.5 76.7 79.5 2208 950 5.186
1787271228 78.5 78.5 77.6 79.5 2208 950 5.211
1787271229 78.5 79.5 77.6 79.5 2208 950 5.206
1787271230 79.5 79.5 77.6 80.4 2208 950 5.215
1787271231 78.5 78.5 77.6 80.4 2208 950 5.191
1787271232 79.5 79.5 78.5 80.4 2208 950 5.215
1787271234 78.5 79.5 78.5 79.5 2208 950 5.254
1787271235 79.5 79.5 78.5 80.4 2208 950 5.177
1787271236 79.5 80.4 79.5 81.3 2208 950 5.201
1787271237 78.5 79.5 78.5 80.4 2208 950 5.215
1787271238 78.5 78.5 77.6 79.5 2208 950 5.206
1787271239 79.5 80.4 79.5 81.3 2208 950 5.235
1787271240 80.4 80.4 79.5 81.3 2208 950 5.182
1787271242 79.5 80.4 78.5 80.4 2208 950 5.172
1787271243 79.5 80.4 78.5 81.3 2208 950 5.215
1787271244 75.8 75.8 74.8 76.7 2208 950 5.244
1787271245 72.1 71.2 71.2 72.1 2208 950 5.244
1787271246 70.2 70.2 69.3 70.2 2208 950 5.293
1787271247 76.7 77.6 75.8 78.5 2208 950 5.240
1787271248 77.6 77.6 76.7 79.5 2208 950 5.186
1787271249 77.6 78.5 77.6 79.5 2208 950 5.186
1787271250 79.5 79.5 78.5 80.4 2208 950 5.186
1787271252 78.5 78.5 77.6 79.5 2208 950 5.162
1787271253 78.5 79.5 78.5 80.4 2208 950 5.177
1787271254 79.5 80.4 78.5 81.3 2208 950 5.230
1787271255 80.4 80.4 79.5 81.3 2208 950 5.230
1787271256 80.4 80.4 79.5 81.3 2208 950 5.215
1787271257 79.5 80.4 78.5 80.4 2208 950 5.269
1787271258 80.4 81.3 79.5 82.2 2208 950 5.196
1787271259 80.4 80.4 79.5 81.3 2208 950 5.186
1787271261 80.4 80.4 79.5 81.3 2208 950 5.206
1787271262 80.4 81.3 80.4 82.2 2208 950 5.177
1787271263 81.3 81.3 80.4 82.2 2208 950 5.148
1787271264 80.4 81.3 80.4 82.2 2208 950 5.215
1787271265 81.3 81.3 80.4 81.3 2208 950 5.220
1787271266 81.3 81.3 80.4 81.3 2208 950 5.186
1787271267 80.4 81.3 79.5 81.3 2208 950 5.196
1787271268 81.3 81.3 80.4 83.2 2208 950 5.211
1787271270 81.3 82.2 80.4 82.2 2208 950 5.206
1787271271 81.3 82.2 81.3 84.1 2208 950 5.162
1787271272 82.2 82.2 81.3 83.2 2208 950 5.240
1787271273 81.3 82.2 80.4 82.2 2208 950 5.167
1787271274 82.2 82.2 81.3 84.1 2208 950 5.211
1787271275 82.2 83.2 81.3 83.2 2208 950 5.215
1787271276 82.2 83.2 81.3 83.2 2208 950 5.225
1787271277 82.2 83.2 81.3 84.1 2208 950 5.220
1787271279 81.3 82.2 81.3 83.2 2208 950 5.196
1787271280 82.2 83.2 81.3 84.1 2208 950 5.225
1787271281 82.2 82.2 81.3 82.2 2208 950 5.240
1787271282 82.2 83.2 81.3 83.2 2208 950 5.244
1787271283 83.2 84.1 82.2 84.1 2208 950 5.167
1787271284 82.2 82.2 81.3 83.2 2208 950 5.182
1787271285 83.2 84.1 82.2 84.1 2208 950 5.206
1787271286 83.2 83.2 82.2 84.1 2208 950 5.211
1787271287 83.2 84.1 83.2 85.9 2208 950 5.201
1787271289 83.2 84.1 82.2 85.0 2208 950 5.196
1787271290 84.1 84.1 83.2 85.0 2208 950 5.225
1787271291 84.1 84.1 83.2 85.0 2208 950 5.225
1787271292 84.1 85.0 83.2 85.0 2208 950 5.138
1787271293 84.1 85.0 83.2 85.9 2208 950 5.215
1787271294 84.1 85.0 83.2 85.0 2208 950 5.220
1787271295 83.2 84.1 83.2 85.0 2208 950 5.191
1787271297 84.1 85.0 83.2 85.0 2208 950 5.235
1787271298 84.1 84.1 83.2 85.0 2016 950 5.225
1787271299 84.1 85.0 83.2 85.0 2208 950 5.196
1787271300 84.1 85.0 83.2 85.0 2208 950 5.235
1787271301 84.1 84.1 83.2 85.0 2208 950 5.201
1787271302 83.2 84.1 82.2 84.1 2208 950 5.191
1787271303 85.0 85.0 83.2 85.9 2016 950 5.186
1787271305 85.0 85.0 84.1 85.9 2208 950 5.215
1787271306 84.1 85.0 84.1 85.0 2016 950 5.240
1787271307 80.4 79.5 79.5 80.4 2208 950 5.230
1787271308 76.7 75.8 75.8 76.7 2208 950 5.254
1787271309 74.8 73.9 73.0 74.8 2208 950 5.307
1787271310 80.4 81.3 79.5 81.3 2208 950 5.191
1787271311 82.2 83.2 81.3 84.1 2208 950 5.220
1787271312 83.2 84.1 82.2 85.0 2208 950 5.133
1787271313 83.2 83.2 82.2 85.0 2208 950 5.182
1787271315 83.2 84.1 82.2 85.0 2208 950 5.167
1787271316 83.2 85.0 83.2 85.0 2208 950 5.196
1787271317 83.2 85.0 83.2 85.0 2208 950 5.182
1787271318 84.1 85.0 83.2 85.9 2016 950 5.240
1787271319 84.1 85.0 84.1 85.9 2016 950 5.172
1787271320 84.1 85.0 83.2 85.0 2016 950 5.240
1787271321 85.0 85.0 83.2 85.9 2016 950 5.186
1787271323 84.1 85.0 83.2 85.0 2016 950 5.167
1787271324 85.0 85.0 84.1 85.9 2016 950 5.225
1787271325 85.0 85.0 83.2 85.0 2016 950 5.196
1787271326 85.0 85.9 84.1 85.9 2016 950 5.196
1787271327 83.2 83.2 83.2 85.0 2208 950 5.182
1787271328 85.0 85.0 83.2 85.0 2016 950 5.162
1787271329 85.0 85.0 84.1 85.0 2016 950 5.244
1787271330 85.0 85.9 84.1 85.9 2016 950 5.220
1787271332 85.0 85.9 84.1 85.9 2016 950 5.240
1787271333 85.0 85.9 84.1 85.9 2016 950 5.225
1787271334 85.0 85.9 84.1 85.9 2016 950 5.225
1787271335 85.0 85.0 84.1 85.0 2016 950 5.215
1787271336 85.0 85.0 83.2 85.9 2016 950 5.172
1787271337 85.0 85.0 84.1 85.9 2016 950 5.206
1787271338 84.1 85.0 84.1 85.0 2016 950 5.191
1787271340 84.1 85.0 83.2 84.1 2016 950 5.211
1787271341 85.0 85.9 84.1 85.9 1800 950 5.220
1787271342 85.0 85.9 84.1 85.9 1800 950 5.244
1787271343 85.0 85.9 84.1 85.9 2016 950 5.225
1787271344 85.0 85.9 84.1 85.9 2016 950 5.211
1787271345 85.0 85.0 84.1 85.9 2016 950 5.201
1787271346 85.9 86.8 85.0 85.9 1800 950 5.191
1787271348 85.0 85.0 84.1 85.9 1800 950 5.211
1787271349 85.0 86.8 85.0 85.9 1800 950 5.215
1787271350 85.0 85.9 84.1 85.9 1800 950 5.172
1787271351 85.0 85.9 84.1 85.9 2016 950 5.225
1787271352 85.0 85.9 84.1 85.9 2016 950 5.186
1787271353 85.0 85.9 84.1 85.0 1800 950 5.206
1787271354 85.0 85.9 84.1 85.9 1800 950 5.196
1787271356 85.0 85.9 84.1 85.9 1800 950 5.220
1787271357 85.0 85.9 85.0 85.9 1800 950 5.225
1787271358 85.0 85.9 85.0 85.9 2016 950 5.196
1787271359 85.0 85.9 85.0 85.9 1800 950 5.211
1787271360 85.0 86.8 85.0 85.9 1800 950 5.182
1787271361 85.0 85.9 85.0 85.0 1800 950 5.143
1787271362 85.9 85.9 84.1 85.9 1800 950 5.206
1787271364 85.0 85.0 84.1 85.9 1800 950 5.220
1787271365 85.9 86.8 85.0 85.9 1800 950 5.186
1787271366 85.0 85.9 85.0 85.9 1800 950 5.186
1787271367 85.9 86.8 85.0 85.9 1800 950 5.225
1787271368 85.0 86.8 85.0 85.9 1800 950 5.196
1787271369 85.9 86.8 85.0 86.8 1800 950 5.220
1787271370 79.5 78.5 78.5 79.5 2208 950 5.211
1787271372 77.6 76.7 76.7 77.6 2208 950 5.307
1787271373 80.4 80.4 79.5 80.4 2208 950 5.196
1787271374 83.2 84.1 83.2 85.0 2208 950 5.186
1787271375 85.0 85.0 83.2 85.9 2016 950 5.196
1787271376 85.0 85.9 85.0 85.9 1800 950 5.186
1787271377 85.0 85.0 84.1 85.9 2016 950 5.172
1787271378 85.0 85.9 84.1 85.9 2016 950 5.215
1787271379 85.0 85.0 84.1 85.9 1800 950 5.196
1787271381 85.0 85.0 84.1 85.9 1800 950 5.230
1787271382 85.0 85.9 84.1 85.9 1800 950 5.225
1787271383 85.0 85.9 84.1 85.9 1800 950 5.215
1787271384 85.0 86.8 84.1 85.0 2016 950 5.215
1787271385 85.0 85.9 84.1 85.0 1800 950 5.206
1787271386 85.0 85.9 85.0 85.9 1800 950 5.259
1787271387 85.0 85.9 85.0 85.9 1800 950 5.240
1787271389 85.0 86.8 85.0 85.9 1800 950 5.167
1787271390 85.0 85.9 85.0 85.9 1800 950 5.220
1787271391 85.9 86.8 85.0 86.8 1800 950 5.196
1787271392 85.0 85.0 84.1 85.0 1800 950 5.283
1787271393 85.9 85.9 85.0 85.9 1800 950 5.230
1787271394 85.0 85.9 84.1 85.0 1608 950 5.215
1787271396 85.9 86.8 85.0 85.9 1608 950 5.230
1787271397 85.0 85.9 84.1 85.0 1800 950 5.211
1787271398 85.0 85.9 84.1 85.9 1800 950 5.162
1787271399 85.0 85.9 85.0 85.0 1800 950 5.211
1787271400 85.0 86.8 85.0 85.9 1608 950 5.206
1787271401 85.0 86.8 85.0 85.0 1800 950 5.230
1787271402 85.0 86.8 85.0 85.9 1608 950 5.220
1787271403 85.0 86.8 85.0 85.9 1608 950 5.211
1787271405 85.9 86.8 85.0 85.9 1608 950 5.177
1787271406 85.9 85.9 84.1 85.9 1608 950 5.225
1787271407 85.9 86.8 85.0 85.9 1608 950 5.167
1787271408 85.9 86.8 85.0 85.9 1608 950 5.235
1787271409 85.9 86.8 85.0 85.9 1608 950 5.215
1787271410 85.0 86.8 85.0 85.9 1800 950 5.240
1787271411 85.9 85.9 85.0 85.9 1608 950 5.225
1787271413 85.9 86.8 85.0 85.9 1608 950 5.220
1787271414 85.0 86.8 85.0 85.9 1608 950 5.244
1787271415 85.0 85.9 85.0 85.0 1608 950 5.215
1787271416 85.9 86.8 85.0 85.9 1608 950 5.230
1787271417 85.9 86.8 85.0 85.9 1608 950 5.201
1787271418 85.9 86.8 85.0 85.9 1608 950 5.269
1787271419 85.9 86.8 85.0 85.9 1608 950 5.201
1787271421 85.0 86.8 85.0 85.9 1608 950 5.162
1787271422 85.9 86.8 85.0 85.9 1608 950 5.235
1787271423 85.9 85.9 85.0 85.9 1608 950 5.215
1787271424 85.9 86.8 85.0 85.9 1608 950 5.240
1787271425 85.9 86.8 85.0 85.9 1608 950 5.225
1787271426 85.9 86.8 85.0 85.9 1608 950 5.244
1787271428 85.9 86.8 85.0 85.9 1416 950 5.186
1787271429 85.9 85.9 85.0 85.9 1416 950 5.196
1787271430 85.9 86.8 85.0 85.9 1416 950 5.249
1787271431 85.9 86.8 85.0 85.9 1416 950 5.211
1787271432 85.0 86.8 85.0 85.0 1416 950 5.235
1787271433 81.3 80.4 80.4 81.3 2208 950 5.293
1787271434 78.5 77.6 77.6 78.5 2208 950 5.278
1787271435 77.6 77.6 76.7 78.5 2208 950 5.302
1787271437 76.7 75.8 75.8 76.7 2208 950 5.235
1787271438 81.3 82.2 80.4 83.2 2208 950 5.186
1787271439 84.1 84.1 83.2 84.1 2208 950 5.157
1787271440 84.1 85.0 83.2 85.0 2016 950 5.211
1787271441 85.0 85.9 84.1 85.9 2016 950 5.211
1787271442 85.0 85.0 84.1 85.0 2016 950 5.215
1787271443 85.9 86.8 85.0 85.9 1800 950 5.206
1787271444 85.0 85.9 85.0 85.9 1800 950 5.211
1787271445 85.9 86.8 85.0 85.9 1800 950 5.186
1787271447 85.0 86.8 85.0 85.9 1800 950 5.235
1787271448 85.9 86.8 85.0 86.8 1800 950 5.215
1787271449 85.9 85.9 85.0 85.9 1608 950 5.177
1787271450 85.0 85.0 84.1 85.0 1608 950 5.191
1787271451 85.0 85.9 85.0 85.9 1800 950 5.186
1787271452 85.0 85.0 85.0 85.0 1608 950 5.240
1787271453 85.9 86.8 85.0 85.0 1608 950 5.211
1787271455 85.0 85.9 85.0 85.0 1800 950 5.177
1787271456 85.9 86.8 85.0 86.8 1608 950 5.157
1787271457 85.9 86.8 85.0 85.9 1608 950 5.196
1787271458 85.9 86.8 85.0 85.9 1608 950 5.211
1787271459 85.9 86.8 85.0 85.9 1608 950 5.215
1787271460 85.9 85.9 85.0 85.0 1800 950 5.186
1787271461 85.9 86.8 85.0 85.9 1608 950 5.235
1787271463 85.9 86.8 85.9 86.8 1608 950 5.206
1787271464 85.9 86.8 85.0 85.9 1416 950 5.143
1787271465 85.9 86.8 85.0 85.9 1416 950 5.215
1787271466 85.9 86.8 85.0 85.9 1416 950 5.215
1787271467 85.9 86.8 85.0 85.9 1416 950 5.186
1787271468 85.9 86.8 85.0 85.9 1416 950 5.240
1787271469 85.9 86.8 85.0 85.9 1416 950 5.186
1787271471 85.9 85.9 85.0 85.9 1416 950 5.201
1787271472 85.9 86.8 85.0 85.9 1416 950 5.235
1787271473 85.9 86.8 85.0 85.9 1416 950 5.201
1787271474 85.9 86.8 85.0 85.9 1416 950 5.206
1787271475 85.9 86.8 85.0 85.9 1416 950 5.215
1787271476 85.9 86.8 85.0 85.9 1416 950 5.206
1787271478 86.8 87.8 85.9 85.9 1416 950 5.215
1787271479 85.9 86.8 85.0 85.9 1416 950 5.230
1787271480 85.9 86.8 85.0 86.8 1416 950 5.206
1787271481 85.9 87.8 85.0 85.9 1416 950 5.182
1787271482 85.9 86.8 85.0 85.9 1416 950 5.206
1787271483 86.8 87.8 85.0 85.9 1416 950 5.244
1787271484 85.9 86.8 85.0 86.8 1416 950 5.191
1787271486 85.9 86.8 85.0 85.9 1200 950 5.215
1787271487 85.9 86.8 85.0 85.9 1200 950 5.177
1787271488 85.9 86.8 85.0 85.9 1200 950 5.215
1787271489 85.9 86.8 85.0 85.9 1200 950 5.167
1787271490 85.9 85.9 85.0 85.0 1200 950 5.249
1787271491 85.9 85.9 85.0 85.9 1200 950 5.254
1787271492 85.9 86.8 85.0 85.9 1200 950 5.240
1787271494 85.9 86.8 85.0 85.9 1200 950 5.177
1787271495 85.9 86.8 85.0 85.9 1200 950 5.235
1787271496 85.9 86.8 85.0 85.9 1200 950 5.211
1787271497 85.9 86.8 85.0 85.9 1200 950 5.230
1787271498 80.4 80.4 79.5 81.3 2208 950 5.293
1787271499 78.5 78.5 77.6 78.5 2208 950 5.273
1787271500 84.1 84.1 82.2 84.1 2208 950 5.220
1787271502 85.0 85.0 84.1 85.9 2016 950 5.206
1787271503 85.9 85.0 85.0 85.9 1608 950 5.264
1787271504 85.9 86.8 85.0 85.9 1608 950 5.225
1787271505 85.9 86.8 85.0 85.9 1608 950 5.230
1787271506 85.9 86.8 85.0 86.8 1608 950 5.201
1787271507 85.9 86.8 85.0 85.9 1416 950 5.230
1787271508 85.9 86.8 85.0 85.9 1416 950 5.191
1787271510 85.0 85.9 85.0 85.9 1416 950 5.182
1787271511 85.9 86.8 85.0 85.9 1608 950 5.206
1787271512 85.9 86.8 85.0 85.9 1416 950 5.249
1787271513 85.9 86.8 85.0 85.9 1416 950 5.240
1787271514 85.9 86.8 85.0 85.9 1416 950 5.206
1787271515 85.9 86.8 85.0 85.9 1416 950 5.220
1787271516 85.9 86.8 85.0 85.9 1416 950 5.211
1787271518 86.8 86.8 85.0 85.9 1416 950 5.196
1787271519 85.9 87.8 85.9 86.8 1200 950 5.201
1787271520 86.8 85.9 85.0 85.9 1416 950 5.254
1787271521 85.9 86.8 85.9 85.9 1200 950 5.220
1787271522 85.9 87.8 85.0 85.9 1200 950 5.196
1787271523 85.9 86.8 85.0 85.9 1200 950 5.186
1787271525 86.8 86.8 85.0 85.9 1200 950 5.215
1787271526 86.8 86.8 85.0 86.8 1200 950 5.172
1787271527 85.9 86.8 85.0 85.9 1200 950 5.191
1787271528 85.9 86.8 85.0 85.9 1200 950 5.220
1787271529 85.9 86.8 85.0 86.8 1200 950 5.206
1787271530 85.9 86.8 85.0 85.9 1008 950 5.201
1787271532 85.9 86.8 85.9 85.9 1008 950 5.201
1787271533 85.9 86.8 85.0 85.9 1008 950 5.201
1787271534 85.9 86.8 85.9 85.9 1008 950 5.220
1787271535 86.8 86.8 85.9 85.9 1008 950 5.196
1787271536 85.9 86.8 85.0 85.9 1008 950 5.230
1787271537 85.9 86.8 85.0 85.9 1008 950 5.191
1787271539 85.9 85.9 85.0 85.9 1008 950 5.191
1787271540 85.9 86.8 85.0 85.9 1008 950 5.240
1787271541 85.9 85.9 85.0 85.9 1008 950 5.172
1787271542 85.9 86.8 85.0 85.9 1008 950 5.196
1787271543 85.0 85.9 84.1 85.0 1200 950 5.196
1787271544 86.8 86.8 85.0 85.9 1008 950 5.196
1787271545 85.0 85.9 85.0 85.0 1200 950 5.235
1787271547 85.9 86.8 85.0 85.9 1008 950 5.191
1787271548 85.9 86.8 85.0 85.9 1008 950 5.201
1787271549 85.9 87.8 85.9 85.9 1008 950 5.201
1787271550 85.9 86.8 85.0 85.9 1008 950 5.177
1787271551 85.0 86.8 85.0 85.0 1008 950 5.215
1787271552 85.9 86.8 85.0 85.9 1200 950 5.191
1787271554 85.9 86.8 85.0 85.9 1008 950 5.206
1787271555 85.9 86.8 85.0 85.9 1200 950 5.225
1787271556 85.9 86.8 85.0 85.9 1008 950 5.215
1787271557 85.9 86.8 85.0 85.9 1008 950 5.244
1787271558 85.9 86.8 85.0 85.9 1008 950 5.196
1787271559 85.9 86.8 85.0 85.9 1008 950 5.211
1787271561 85.0 85.0 85.0 85.0 1200 950 5.240
1787271562 80.4 79.5 79.5 80.4 2208 950 5.235
1787271563 78.5 77.6 77.6 78.5 2208 950 5.215
1787271564 83.2 84.1 82.2 85.0 2208 950 5.206
1787271565 85.0 85.9 85.0 85.9 1800 950 5.186
1787271566 85.9 86.8 85.0 85.9 1608 950 5.230
1787271567 85.0 85.9 85.0 85.9 1608 950 5.220
1787271568 85.9 85.9 85.0 85.9 1608 950 5.191
1787271570 85.9 85.9 85.0 85.9 1608 950 5.211
1787271571 85.9 86.8 85.0 85.9 1416 950 5.235
1787271572 85.9 87.8 85.9 86.8 1416 950 5.196
1787271573 86.8 87.8 85.9 85.9 1416 950 5.211
1787271574 85.9 86.8 85.0 85.9 1416 950 5.230
1787271575 86.8 87.8 85.9 86.8 1200 950 5.201
1787271576 85.9 86.8 85.0 85.9 1200 950 5.186
1787271578 85.9 86.8 85.9 85.9 1008 950 5.230
1787271579 85.9 86.8 85.0 85.9 1008 950 5.191
1787271580 85.9 86.8 85.0 85.9 1008 950 5.206
1787271581 85.9 86.8 85.0 85.9 1008 950 5.230
1787271582 85.9 86.8 85.0 85.9 1008 950 5.186
1787271583 85.9 86.8 85.0 85.9 1008 950 5.244
1787271585 85.9 86.8 85.0 85.9 1008 950 5.215
1787271586 85.9 86.8 85.0 85.9 1008 950 5.191
1787271587 85.9 86.8 85.0 85.9 1200 950 5.206
1787271588 86.8 86.8 85.0 85.9 1008 950 5.215
1787271589 85.9 86.8 85.0 85.9 1008 950 5.215
1787271590 85.9 86.8 85.0 85.9 1008 950 5.211
1787271591 85.9 86.8 85.0 85.9 1200 950 5.211
1787271593 85.9 86.8 85.0 85.9 1008 950 5.230
1787271594 85.9 86.8 85.9 85.9 1008 950 5.230
1787271595 85.9 86.8 85.0 85.9 1008 950 5.211
1787271596 86.8 86.8 85.0 85.9 1008 950 5.196
1787271597 85.9 86.8 85.0 85.9 1008 950 5.196
1787271598 85.9 86.8 85.0 85.9 1008 950 5.196
1787271600 85.9 87.8 85.9 85.9 1008 950 5.249
1787271601 85.9 86.8 85.0 85.9 1008 950 5.211
1787271602 85.9 86.8 85.0 85.9 1008 950 5.249
1787271603 85.9 86.8 85.0 85.9 1008 950 5.211
1787271604 86.8 86.8 85.0 85.9 1008 950 5.230
1787271605 85.9 87.8 85.0 85.9 1008 950 5.259
1787271607 85.9 86.8 85.0 85.9 1008 950 5.240
1787271608 85.9 86.8 85.0 85.9 1008 950 5.235
1787271609 85.0 86.8 85.0 85.9 1008 950 5.215
1787271610 85.9 86.8 85.0 85.9 1008 950 5.211
1787271611 85.9 86.8 85.0 86.8 1008 950 5.201
1787271612 86.8 86.8 85.9 85.9 1008 950 5.215
1787271614 86.8 86.8 85.9 85.9 1008 950 5.240
1787271615 86.8 87.8 85.9 86.8 1008 950 5.196
1787271616 86.8 87.8 85.9 85.9 1008 950 5.206
1787271617 85.9 86.8 85.0 85.9 1008 950 5.235
1787271618 86.8 86.8 85.9 85.9 1008 950 5.201
1787271619 85.9 86.8 85.0 86.8 1008 950 5.215
1787271621 85.9 86.8 85.0 85.9 1008 950 5.235
1787271622 85.9 86.8 85.9 85.9 1008 950 5.206
1787271623 85.9 86.8 85.0 85.9 1008 950 5.215
1787271624 82.2 82.2 81.3 82.2 2016 950 5.269
1787271625 80.4 79.5 78.5 80.4 2208 950 5.220
1787271626 79.5 80.4 79.5 81.3 2208 950 5.191
1787271627 85.0 85.0 84.1 85.0 2016 950 5.244
1787271629 85.9 86.8 85.0 85.9 1800 950 5.201
1787271630 85.9 86.8 85.0 85.9 1608 950 5.206
1787271631 86.8 86.8 85.9 86.8 1416 950 5.201
1787271632 85.9 86.8 85.0 85.9 1416 950 5.211
1787271633 85.9 86.8 85.0 85.9 1416 950 5.215
1787271634 85.9 86.8 85.0 85.9 1416 950 5.177
1787271635 86.8 86.8 85.0 85.9 1416 950 5.240
1787271637 85.9 86.8 85.0 85.9 1416 950 5.230
1787271638 86.8 86.8 85.0 86.8 1416 950 5.225
1787271639 85.9 86.8 85.0 85.9 1416 950 5.259
1787271640 85.9 86.8 85.0 85.9 1200 950 5.196
1787271641 86.8 86.8 85.0 85.9 1416 950 5.201
1787271642 85.9 86.8 85.0 85.9 1200 950 5.220
1787271643 85.9 87.8 85.0 85.9 1200 950 5.225
1787271645 85.9 87.8 85.0 85.9 1200 950 5.225
1787271646 85.9 86.8 85.0 85.9 1200 950 5.235
1787271647 86.8 86.8 85.9 86.8 1200 950 5.215
1787271648 86.8 87.8 85.9 86.8 1200 950 5.191
1787271649 85.9 87.8 85.9 86.8 1008 950 5.196
1787271650 85.9 86.8 85.9 85.9 1008 950 5.225
1787271652 86.8 86.8 85.9 85.9 1008 950 5.186
1787271653 85.9 86.8 85.0 85.9 1008 950 5.215
1787271654 85.9 86.8 85.9 85.9 1008 950 5.196
1787271655 85.9 86.8 85.0 85.9 1008 950 5.240
1787271656 85.9 86.8 85.0 85.9 1008 950 5.244
1787271657 85.9 86.8 85.0 85.9 1200 950 5.249
1787271659 86.8 86.8 85.0 85.9 1008 950 5.191
1787271660 85.9 87.8 85.0 85.9 1008 950 5.225
1787271661 85.9 86.8 85.9 85.9 1008 950 5.211
1787271662 85.9 87.8 85.9 86.8 1008 950 5.206
1787271663 85.9 86.8 85.0 85.9 1008 950 5.206
1787271664 85.9 86.8 85.0 85.9 1008 950 5.244
1787271666 85.9 86.8 85.0 85.9 1008 950 5.201
1787271667 85.9 86.8 85.0 85.9 1008 950 5.201
1787271668 85.9 86.8 85.0 85.9 1008 950 5.249
1787271669 85.9 86.8 85.9 85.9 1008 950 5.201
1787271670 85.9 86.8 85.0 85.9 1008 950 5.186
1787271671 85.9 86.8 85.0 85.9 1008 950 5.230
1787271673 85.9 86.8 85.0 85.9 1200 950 5.191
1787271674 85.9 86.8 85.0 85.9 1008 950 5.157
1787271675 86.8 86.8 85.9 85.9 1008 950 5.191
1787271676 85.9 87.8 85.9 85.9 1008 950 5.230
1787271677 85.9 86.8 85.0 85.9 1008 950 5.254
1787271678 85.9 87.8 85.9 86.8 1008 950 5.215
1787271680 86.8 86.8 85.0 85.9 1008 950 5.264
1787271681 86.8 86.8 85.0 85.9 1008 950 5.225
1787271682 85.9 86.8 85.9 85.9 1008 950 5.235
1787271683 85.9 86.8 85.9 85.9 1008 950 5.225
1787271684 86.8 86.8 85.9 85.9 1008 950 5.244
1787271685 86.8 87.8 85.9 85.9 1008 950 5.215
1787271687 85.9 86.8 85.9 86.8 1008 950 5.206
1787271688 81.3 80.4 80.4 81.3 2208 950 5.240
1787271689 79.5 78.5 78.5 79.5 2208 950 5.244
1787271690 83.2 83.2 81.3 83.2 2208 950 5.182
1787271691 85.0 85.9 84.1 86.8 1800 950 5.211
1787271692 85.9 86.8 85.0 85.9 1608 950 5.249
1787271693 85.9 86.8 85.0 85.9 1608 950 5.162
1787271694 85.9 86.8 85.0 85.9 1608 950 5.215
1787271695 85.9 87.8 85.0 85.9 1416 950 5.235
1787271697 85.9 86.8 85.0 85.9 1416 950 5.196
1787271698 85.9 86.8 85.9 86.8 1200 950 5.249
1787271699 86.8 86.8 85.9 86.8 1200 950 5.220
1787271700 85.9 86.8 85.0 85.9 1200 950 5.230
1787271701 85.9 86.8 85.0 85.9 1416 950 5.196
1787271702 85.9 86.8 85.0 85.9 1200 950 5.186
1787271704 85.9 86.8 85.0 85.9 1200 950 5.220
1787271705 85.9 86.8 85.0 85.9 1200 950 5.206
1787271706 85.9 86.8 85.0 85.9 1200 950 5.244
1787271707 86.8 87.8 85.9 86.8 1200 950 5.182
1787271708 86.8 87.8 85.9 85.9 1008 950 5.230
1787271709 85.9 86.8 85.0 85.9 1008 950 5.211
1787271710 85.9 86.8 85.0 85.9 1008 950 5.191
1787271712 85.9 86.8 85.0 85.9 1200 950 5.225
1787271713 85.9 86.8 85.0 85.9 1008 950 5.201
1787271714 85.9 86.8 85.0 85.9 1008 950 5.225
1787271715 86.8 86.8 85.9 85.9 1008 950 5.211
1787271716 86.8 86.8 85.9 85.9 1008 950 5.196
1787271717 85.9 87.8 85.9 85.9 1008 950 5.191
1787271719 86.8 86.8 85.9 86.8 1008 950 5.249
1787271720 86.8 86.8 85.9 85.9 1008 950 5.235
1787271721 85.9 86.8 85.0 85.9 1008 950 5.206
1787271722 86.8 86.8 85.0 85.9 1008 950 5.206
1787271723 85.9 86.8 85.0 85.9 1008 950 5.215
1787271724 85.9 86.8 85.0 85.9 1008 950 5.225
1787271726 85.9 86.8 85.0 85.9 1008 950 5.230
1787271727 85.9 85.9 85.0 85.9 1008 950 5.235
1787271728 85.9 86.8 85.9 85.9 1008 950 5.240
1787271729 85.9 86.8 85.0 85.9 1008 950 5.211
1787271730 85.9 86.8 85.0 85.9 1008 950 5.215
1787271731 85.9 86.8 85.0 85.9 1008 950 5.225
1787271733 86.8 86.8 85.9 86.8 1008 950 5.206
1787271734 85.9 86.8 85.0 85.9 1008 950 5.191
1787271735 86.8 86.8 85.0 85.9 1008 950 5.211
1787271736 86.8 86.8 85.9 85.9 1008 950 5.240
1787271737 85.9 86.8 85.0 85.9 816 950 5.240
1787271738 85.9 86.8 85.9 85.9 816 950 5.235
1787271740 85.9 86.8 85.0 85.9 816 950 5.211
1787271741 85.9 86.8 85.0 85.9 816 950 5.191
1787271742 85.9 86.8 85.0 85.9 816 950 5.206
1787271743 85.9 86.8 85.0 85.9 816 950 5.244
1787271744 85.9 85.9 85.0 85.0 1008 950 5.215
1787271745 85.9 86.8 85.0 85.9 816 950 5.225
1787271747 86.8 86.8 85.0 85.9 1008 950 5.215
1787271748 85.9 86.8 85.0 85.9 816 950 5.201
1787271749 85.9 86.8 85.0 85.9 1008 950 5.211
1787271750 85.9 86.8 85.0 85.9 816 950 5.254
1787271751 81.3 80.4 80.4 82.2 2208 950 5.288
1787271752 79.5 79.5 78.5 79.5 2208 950 5.240
1787271753 78.5 77.6 77.6 78.5 2208 950 5.230
1787271755 78.5 77.6 77.6 79.5 2208 950 5.215
1787271756 85.0 85.0 84.1 85.9 2016 950 5.206
1787271757 85.0 85.9 85.0 85.9 1800 950 5.182
1787271758 85.9 86.8 85.0 85.9 1800 950 5.215
1787271759 85.9 86.8 85.0 85.9 1608 950 5.293
1787271760 85.9 86.8 85.0 85.9 1608 950 5.240
1787271761 86.8 86.8 85.0 85.9 1608 950 5.244
1787271762 85.9 87.8 85.0 85.9 1416 950 5.206
1787271764 85.9 86.8 85.0 85.9 1416 950 5.254
1787271765 85.9 86.8 85.0 85.9 1416 950 5.225
1787271766 85.9 86.8 85.0 85.9 1416 950 5.230
1787271767 85.9 86.8 85.0 85.9 1416 950 5.201
1787271768 85.9 86.8 85.0 86.8 1416 950 5.220
1787271769 85.9 85.9 85.0 85.9 1416 950 5.182
1787271770 86.8 87.8 85.9 86.8 1200 950 5.215
1787271772 85.9 87.8 85.0 86.8 1200 950 5.225
1787271773 85.9 86.8 85.0 85.9 1200 950 5.220
1787271774 86.8 87.8 85.9 86.8 1008 950 5.172
1787271775 85.9 86.8 85.9 85.9 1008 950 5.230
1787271776 85.9 86.8 85.0 85.9 1008 950 5.172
1787271777 86.8 86.8 85.9 85.9 1008 950 5.244
1787271779 86.8 86.8 85.9 85.9 1008 950 5.240
1787271780 85.9 85.9 85.0 85.9 1008 950 5.215
1787271781 85.9 86.8 85.9 85.9 1008 950 5.225
1787271782 86.8 86.8 85.0 85.9 1008 950 5.244
1787271783 85.9 86.8 85.0 85.9 1008 950 5.235
1787271784 86.8 86.8 85.0 85.9 1008 950 5.196
1787271786 85.9 85.9 85.0 85.9 1008 950 5.191
1787271787 85.9 87.8 85.0 85.9 1008 950 5.206
1787271788 85.9 86.8 85.9 85.9 1008 950 5.201
1787271789 85.9 86.8 85.0 86.8 1008 950 5.191
1787271790 85.9 86.8 85.9 85.9 1008 950 5.196
1787271791 86.8 87.8 85.9 85.9 1008 950 5.206
1787271793 85.9 86.8 85.0 85.9 1008 950 5.206
1787271794 86.8 86.8 85.9 86.8 1008 950 5.235
1787271795 86.8 86.8 85.9 86.8 1008 950 5.230
1787271796 86.8 87.8 85.0 85.9 1008 950 5.215
1787271797 85.9 87.8 85.0 85.9 1008 950 5.186
1787271798 85.9 86.8 85.9 85.9 816 950 5.191
1787271800 85.9 87.8 85.0 85.9 1008 950 5.240
1787271801 85.9 86.8 85.0 85.9 816 950 5.215
1787271802 85.9 86.8 85.0 85.9 816 950 5.225
1787271803 85.9 86.8 85.0 85.9 816 950 5.206
1787271804 85.9 86.8 85.0 85.9 816 950 5.244
1787271805 85.9 87.8 85.0 85.9 1008 950 5.249
1787271807 85.9 86.8 85.0 85.9 816 950 5.235
1787271808 85.9 86.8 85.0 85.9 816 950 5.215
1787271809 85.9 86.8 85.0 85.9 1008 950 5.230
1787271810 85.9 86.8 85.0 85.9 1008 950 5.215
1787271811 85.9 86.8 85.0 85.9 816 950 5.215
1787271812 85.9 86.8 85.0 85.9 816 950 5.196
1787271814 85.9 86.8 85.0 85.9 816 950 5.177
1787271815 85.9 85.9 85.0 85.0 816 950 5.215
1787271816 80.4 80.4 79.5 82.2 2208 950 5.283
1787271817 78.5 78.5 77.6 79.5 2208 950 5.254
1787271818 84.1 85.0 83.2 85.0 2208 950 5.259
1787271819 85.0 85.9 84.1 85.9 1800 950 5.201
1787271820 85.9 86.8 85.0 85.9 1608 950 5.167
1787271822 85.9 86.8 85.0 86.8 1608 950 5.167
1787271823 85.9 85.9 85.0 85.9 1416 950 5.254
1787271824 86.8 87.8 85.0 85.9 1416 950 5.220
1787271825 86.8 87.8 85.9 86.8 1200 950 5.215
1787271826 85.9 86.8 85.9 85.9 1200 950 5.230
1787271827 85.9 86.8 85.9 85.9 1200 950 5.211
1787271828 85.9 87.8 85.9 86.8 1200 950 5.162
1787271830 85.9 86.8 85.0 85.9 1008 950 5.225
1787271831 86.8 87.8 85.9 86.8 1008 950 5.177
1787271832 85.9 86.8 85.0 85.9 1008 950 5.206
1787271833 86.8 86.8 85.0 85.9 1008 950 5.220
1787271834 86.8 87.8 85.0 85.9 1008 950 5.244
1787271836 86.8 86.8 85.0 85.9 1008 950 5.230
1787271837 86.8 87.8 85.9 86.8 1008 950 5.225
1787271838 85.9 86.8 85.0 85.9 1008 950 5.244
1787271839 85.9 87.8 85.0 85.9 1008 950 5.177
1787271840 85.9 86.8 85.0 85.9 1008 950 5.220
1787271841 86.8 87.8 85.9 85.9 1008 950 5.215
1787271842 85.9 86.8 85.9 85.9 1008 950 5.201
1787271844 85.9 86.8 85.0 85.9 1008 950 5.244
1787271845 86.8 86.8 85.9 85.9 1008 950 5.138
1787271846 85.9 86.8 85.0 85.9 1008 950 5.215
1787271847 85.9 87.8 85.9 86.8 1008 950 5.244
1787271848 85.9 87.8 85.0 85.9 1008 950 5.244
1787271849 85.9 86.8 85.0 85.9 1200 950 5.235
1787271851 85.9 87.8 85.0 85.9 1200 950 5.191
1787271852 86.8 87.8 85.9 85.9 1008 950 5.211
1787271853 86.8 86.8 85.9 85.9 1008 950 5.182
1787271854 85.9 86.8 85.0 85.9 1200 950 5.215
1787271855 85.9 86.8 85.0 85.9 1008 950 5.225
1787271856 86.8 86.8 85.0 85.9 1008 950 5.235
1787271858 85.9 87.8 85.0 86.8 1008 950 5.244
1787271859 85.9 86.8 85.9 85.9 1008 950 5.211
1787271860 86.8 87.8 85.9 86.8 1008 950 5.211
1787271861 86.8 86.8 85.9 85.9 1008 950 5.191
1787271862 86.8 87.8 85.9 86.8 1008 950 5.215
1787271863 85.9 86.8 85.0 85.9 1008 950 5.235
1787271865 85.9 86.8 85.0 85.9 816 950 5.211
1787271866 85.9 86.8 85.0 85.9 816 950 5.244
1787271867 85.9 87.8 85.0 85.9 1008 950 5.225
1787271868 85.9 87.8 85.9 85.9 816 950 5.225
1787271869 85.9 86.8 85.0 85.9 816 950 5.220
1787271870 85.9 86.8 85.0 85.9 1008 950 5.225
1787271872 85.9 86.8 85.0 85.9 816 950 5.211
1787271873 85.9 86.8 85.0 85.9 1008 950 5.240
1787271874 85.9 86.8 85.0 85.9 816 950 5.191
1787271875 85.9 86.8 85.0 85.9 816 950 5.215
1787271876 85.9 86.8 85.0 85.9 816 950 5.235
1787271877 85.9 86.8 85.0 85.9 816 950 5.235
1787271879 82.2 82.2 81.3 82.2 1800 950 5.225
1787271880 80.4 79.5 78.5 80.4 2208 950 5.244
1787271881 78.5 77.6 77.6 78.5 2208 950 5.283
1787271882 85.0 85.9 84.1 85.0 2016 950 5.211
1787271883 85.9 86.8 85.0 85.9 1800 950 5.230
1787271884 85.9 85.9 85.0 85.9 1800 950 5.206
1787271885 85.9 86.8 85.0 86.8 1416 950 5.206
1787271886 85.9 86.8 85.0 86.8 1416 950 5.230
1787271888 85.9 86.8 85.0 85.9 1416 950 5.249
1787271889 85.9 86.8 85.0 85.9 1416 950 5.206
1787271890 86.8 87.8 85.0 85.9 1416 950 5.230
1787271891 86.8 87.8 85.9 85.9 1416 950 5.215
1787271892 85.9 85.9 85.0 85.9 1416 950 5.172
1787271893 85.9 86.8 85.0 85.9 1416 950 5.206
1787271894 85.9 86.8 85.9 85.9 1416 950 5.206
1787271896 86.8 86.8 85.9 85.9 1416 950 5.230
1787271897 85.9 86.8 85.0 85.9 1416 950 5.215
1787271898 85.9 87.8 85.9 86.8 1416 950 5.177
1787271899 85.9 86.8 85.0 85.9 1200 950 5.215
1787271900 85.9 86.8 85.9 85.9 1200 950 5.206
1787271901 86.8 87.8 85.9 85.9 1200 950 5.269
1787271903 85.9 86.8 85.9 86.8 1200 950 5.201
1787271904 86.8 86.8 85.9 85.9 1200 950 5.244
1787271905 86.8 86.8 85.9 86.8 1200 950 5.186
1787271906 85.9 86.8 85.0 85.9 816 950 5.225
1787271907 85.9 86.8 85.0 85.9 1008 950 5.254
1787271908 85.9 86.8 85.0 85.9 1008 950 5.211
1787271910 85.9 86.8 85.9 85.9 816 950 5.196
1787271911 85.9 86.8 85.0 85.9 816 950 5.157
1787271912 85.9 86.8 85.0 85.9 816 950 5.235
1787271913 85.9 86.8 85.0 85.9 816 950 5.215
1787271914 85.9 86.8 85.0 85.9 816 950 5.240
1787271915 85.9 85.9 85.0 85.9 816 950 5.196
1787271917 85.9 86.8 85.0 85.9 816 950 5.225
1787271918 85.9 86.8 85.9 85.9 816 950 5.215
1787271919 85.9 86.8 85.0 85.9 1008 950 5.191
1787271920 85.9 86.8 85.0 85.9 816 950 5.235
1787271921 85.9 86.8 85.9 85.9 816 950 5.215
1787271923 85.9 86.8 85.9 85.9 816 950 5.201
1787271924 85.9 85.9 85.0 85.9 1008 950 5.172
1787271925 85.9 86.8 85.0 85.9 816 950 5.244
1787271926 85.9 86.8 85.0 85.9 816 950 5.264
1787271927 85.9 86.8 85.0 85.9 816 950 5.235
1787271928 85.9 86.8 85.0 85.9 816 950 5.186
1787271930 85.9 86.8 85.0 85.9 1008 950 5.215
1787271931 85.9 86.8 85.0 85.9 816 950 5.215
1787271932 85.9 86.8 85.9 85.9 816 950 5.244
1787271933 85.9 87.8 85.9 85.9 816 950 5.201
1787271934 85.9 86.8 85.0 85.9 816 950 5.249
1787271935 85.9 86.8 85.9 85.9 816 950 5.172
1787271937 85.9 86.8 85.0 85.9 1008 950 5.162
1787271938 85.9 86.8 85.0 85.9 1008 950 5.235
1787271939 85.9 86.8 85.0 85.9 816 950 5.235
1787271940 85.9 86.8 85.0 85.9 816 950 5.211
1787271941 85.9 86.8 85.0 85.9 816 950 5.235
1787271942 81.3 80.4 80.4 82.2 2208 950 5.244
1787271944 79.5 78.5 77.6 79.5 2208 950 5.269
1787271945 82.2 82.2 81.3 85.0 2208 950 5.211
1787271946 85.0 85.0 84.1 85.9 1800 950 5.196
1787271947 85.9 86.8 85.9 86.8 1608 950 5.215
1787271948 85.9 86.8 85.9 86.8 1416 950 5.201
1787271949 85.9 87.8 85.9 86.8 1416 950 5.215
1787271950 85.9 86.8 85.0 85.9 1200 950 5.244
1787271952 85.9 87.8 85.9 85.9 1200 950 5.206
1787271953 86.8 86.8 85.9 86.8 1200 950 5.230
1787271954 85.9 86.8 85.9 85.9 1008 950 5.201
1787271955 85.9 87.8 85.9 85.9 1008 950 5.177
1787271956 86.8 86.8 85.9 85.9 1008 950 5.254
1787271957 85.9 86.8 85.9 85.9 1008 950 5.220
1787271959 86.8 87.8 85.9 85.9 1008 950 5.201
1787271960 86.8 87.8 85.0 85.9 1008 950 5.138
1787271961 85.9 87.8 85.9 85.9 1008 950 5.240
1787271962 86.8 86.8 85.0 85.9 1008 950 5.230
1787271963 85.9 86.8 85.9 85.9 1008 950 5.186
1787271964 86.8 87.8 85.9 85.9 1008 950 5.249
1787271966 86.8 86.8 85.9 85.9 1008 950 5.269
1787271967 86.8 87.8 85.9 85.9 816 950 5.230
1787271968 85.9 86.8 85.0 85.9 816 950 5.215
1787271969 85.9 86.8 85.0 85.9 816 950 5.244
1787271970 85.9 86.8 85.0 85.9 816 950 5.235
1787271971 85.9 86.8 85.0 85.9 816 950 5.235
1787271973 85.9 86.8 85.0 85.9 816 950 5.220
1787271974 85.9 86.8 85.9 85.9 816 950 5.186
1787271975 85.9 86.8 85.0 85.9 816 950 5.230
1787271976 85.9 86.8 85.0 85.9 816 950 5.240
1787271977 85.9 86.8 85.0 85.9 816 950 5.201
1787271978 85.9 86.8 85.0 85.9 816 950 5.215
1787271980 85.9 86.8 85.0 85.9 816 950 5.254
1787271981 85.9 86.8 85.0 85.9 1008 950 5.240
1787271982 85.9 86.8 85.0 85.9 816 950 5.191
1787271983 85.9 86.8 85.0 85.9 816 950 5.196
1787271984 85.9 86.8 85.0 85.9 816 950 5.235
1787271985 85.9 86.8 85.0 85.9 816 950 5.225
1787271987 85.9 86.8 85.0 85.9 1008 950 5.206
1787271988 85.9 87.8 85.0 85.9 816 950 5.264
1787271989 85.9 86.8 85.0 85.9 816 950 5.235
1787271990 85.9 86.8 85.9 85.9 816 950 5.215
1787271991 85.9 86.8 85.9 85.9 816 950 5.240
1787271993 85.9 86.8 85.0 85.9 816 950 5.264
1787271994 85.9 86.8 85.9 85.9 816 950 5.240
1787271995 85.9 86.8 85.0 85.9 1008 950 5.288
1787271996 86.8 86.8 85.0 85.9 816 950 5.186
1787271997 85.9 86.8 85.0 85.9 816 950 5.254
1787271998 85.9 86.8 85.0 85.9 1008 950 5.177
1787272000 85.9 86.8 85.0 85.9 816 950 5.215
1787272001 85.9 86.8 85.0 85.9 1008 950 5.254
1787272002 85.9 86.8 85.0 85.9 816 950 5.182
1787272003 85.9 86.8 85.0 85.9 816 950 5.177
1787272004 85.9 86.8 85.9 85.9 816 950 5.230
1787272005 81.3 81.3 80.4 81.3 2208 950 5.293
1787272006 80.4 79.5 79.5 80.4 2208 950 5.264
1787272008 84.1 85.0 83.2 85.0 2208 950 5.220
1787272009 85.9 86.8 85.0 86.8 1608 950 5.177
1787272010 85.9 86.8 85.9 86.8 1416 950 5.244
1787272011 85.9 86.8 85.0 85.9 1416 950 5.230
1787272012 86.8 87.8 85.9 85.9 1416 950 5.230
1787272013 85.9 86.8 85.9 85.9 1416 950 5.196
1787272014 85.9 86.8 85.0 85.9 1416 950 5.235
1787272015 86.8 86.8 85.9 85.9 1008 950 5.220
1787272017 86.8 86.8 85.9 85.9 1008 950 5.191
1787272018 85.9 85.9 85.0 85.9 1008 950 5.254
1787272019 85.9 86.8 85.0 85.9 1008 950 5.201
1787272020 85.9 86.8 85.0 85.9 1008 950 5.249
1787272021 85.9 87.8 85.9 86.8 1008 950 5.215
1787272022 85.9 86.8 85.0 85.9 1008 950 5.220
1787272024 86.8 86.8 85.9 85.9 1008 950 5.215
1787272025 85.9 86.8 85.0 85.9 1200 950 5.215
1787272026 85.9 86.8 85.0 85.9 1008 950 5.211
1787272027 85.9 86.8 85.0 85.9 1008 950 5.225
1787272028 85.9 86.8 85.0 85.9 1008 950 5.264
1787272029 86.8 86.8 85.9 85.9 1008 950 5.201
1787272031 86.8 86.8 85.9 85.9 1008 950 5.206
1787272032 85.9 86.8 85.0 86.8 1008 950 5.244
1787272033 86.8 87.8 85.9 86.8 1008 950 5.211
1787272034 85.9 86.8 85.9 85.9 816 950 5.235
1787272035 85.9 86.8 85.0 85.0 1008 950 5.244
1787272036 85.9 86.8 85.0 85.9 1008 950 5.235
1787272038 85.9 86.8 85.0 85.9 816 950 5.186
1787272039 85.9 86.8 85.0 85.9 816 950 5.215
1787272040 85.9 86.8 85.0 85.9 816 950 5.196
1787272041 85.9 86.8 85.0 85.9 816 950 5.191
1787272042 85.9 86.8 85.0 85.9 1008 950 5.172
1787272043 85.9 86.8 85.0 85.9 1008 950 5.191
1787272045 85.9 86.8 85.9 85.9 816 950 5.244
1787272046 85.9 86.8 85.0 85.9 816 950 5.215
1787272047 85.9 86.8 85.0 85.9 1008 950 5.269
1787272048 85.9 86.8 85.0 85.9 816 950 5.191
1787272049 85.9 86.8 85.0 85.9 816 950 5.230
1787272050 85.9 86.8 85.0 85.9 1008 950 5.225
1787272052 85.9 86.8 85.0 85.9 816 950 5.201
1787272053 85.9 86.8 85.0 85.9 1008 950 5.191
1787272054 85.9 86.8 85.0 85.9 816 950 5.235
1787272055 85.9 86.8 85.9 85.9 816 950 5.235
1787272056 85.9 86.8 85.9 85.9 816 950 5.244
1787272057 85.9 86.8 85.0 85.9 1008 950 5.196
1787272059 85.9 86.8 85.0 85.9 816 950 5.273
1787272060 85.9 86.8 85.0 85.9 816 950 5.264
1787272061 85.9 86.8 85.0 85.9 1008 950 5.196
1787272062 85.9 87.8 85.0 85.9 1008 950 5.186
1787272063 85.9 85.9 85.0 85.9 816 950 5.249
1787272064 85.9 86.8 85.0 85.9 1008 950 5.206
1787272066 85.9 86.8 85.0 85.9 1008 950 5.273
1787272067 85.9 87.8 85.0 85.9 1008 950 5.211
1787272068 83.2 83.2 82.2 82.2 1608 950 5.283
1787272069 80.4 79.5 79.5 80.4 2208 950 5.220
1787272070 78.5 77.6 77.6 78.5 2208 950 5.278
1787272071 77.6 77.6 77.6 77.6 2208 950 5.249
1787272072 83.2 84.1 82.2 84.1 2208 950 5.273
1787272073 85.9 85.9 85.0 85.9 2016 950 5.211
1787272075 85.0 86.8 85.0 85.9 1800 950 5.215
1787272076 85.9 86.8 85.0 85.9 1800 950 5.230
1787272077 85.9 86.8 85.0 85.9 1608 950 5.211
1787272078 85.9 87.8 85.9 86.8 1416 950 5.254
1787272079 85.9 86.8 85.0 85.9 1416 950 5.211
1787272080 85.9 86.8 85.0 85.9 1416 950 5.235
1787272081 85.9 86.8 85.0 86.8 1416 950 5.186
1787272083 85.9 87.8 85.9 86.8 1416 950 5.230
1787272084 85.9 86.8 85.0 85.9 1416 950 5.191
1787272085 86.8 87.8 85.9 86.8 1416 950 5.201
1787272086 85.9 86.8 85.9 86.8 1416 950 5.254
1787272087 85.9 87.8 85.9 85.9 1416 950 5.225
1787272088 85.9 86.8 85.9 85.9 1416 950 5.244
1787272090 86.8 87.8 85.9 85.9 1416 950 5.240
1787272091 86.8 87.8 85.9 86.8 1416 950 5.244
1787272092 85.9 86.8 85.0 85.9 1416 950 5.215
1787272093 85.9 86.8 85.0 85.9 1200 950 5.225
1787272094 85.9 86.8 85.0 85.9 1200 950 5.201
1787272095 86.8 87.8 85.9 86.8 1200 950 5.215
1787272096 85.9 86.8 85.0 85.9 1200 950 5.177
1787272098 86.8 87.8 85.9 86.8 1200 950 5.220
1787272099 85.9 85.9 85.0 85.0 1416 950 5.186
1787272100 86.8 87.8 85.9 85.9 1200 950 5.220
1787272101 86.8 87.8 85.9 86.8 1200 950 5.186
1787272102 86.8 86.8 85.9 86.8 1200 950 5.240
1787272103 85.9 86.8 85.0 85.9 1008 950 5.201
1787272105 85.9 86.8 85.0 85.9 1008 950 5.186
1787272106 85.9 86.8 85.0 85.9 1008 950 5.196
1787272107 85.9 86.8 85.0 85.9 816 950 5.196
1787272108 85.9 86.8 85.0 85.9 816 950 5.186
1787272109 85.9 86.8 85.0 85.9 816 950 5.201
1787272110 85.9 86.8 85.0 85.9 816 950 5.215
1787272112 85.9 86.8 85.0 85.9 816 950 5.211
1787272113 85.9 86.8 85.0 85.9 816 950 5.244
1787272114 85.9 87.8 85.9 85.9 816 950 5.177
1787272115 85.9 86.8 85.0 85.9 816 950 5.220
1787272116 85.9 86.8 85.0 85.9 1008 950 5.254
1787272117 85.9 86.8 85.0 85.9 816 950 5.235
1787272119 86.8 86.8 85.0 85.9 816 950 5.225
1787272120 85.9 86.8 85.0 85.9 816 950 5.244
1787272121 85.9 86.8 85.0 85.9 1008 950 5.230
1787272122 85.9 86.8 85.9 85.9 816 950 5.225
1787272123 85.9 86.8 85.9 85.9 816 950 5.215
1787272124 86.8 86.8 85.0 85.9 1008 950 5.240
1787272126 85.9 86.8 85.0 85.9 816 950 5.230
1787272127 85.9 86.8 85.0 85.9 816 950 5.191
1787272128 85.9 86.8 85.0 85.9 816 950 5.206
1787272129 85.9 86.8 85.0 85.9 816 950 5.240
1787272130 85.9 85.9 85.0 85.9 1008 950 5.235
1787272131 85.9 86.8 85.0 85.9 816 950 5.215
1787272133 85.0 84.1 83.2 84.1 1416 950 5.215
1787272134 81.3 80.4 80.4 81.3 2208 950 5.264
1787272135 79.5 78.5 78.5 79.5 2208 950 5.230
1787272136 84.1 84.1 83.2 85.0 2208 950 5.201
1787272137 85.0 86.8 85.0 85.9 1800 950 5.225
1787272138 85.9 86.8 85.0 85.9 1608 950 5.220
1787272139 85.9 86.8 85.0 85.9 1416 950 5.215
1787272140 85.9 86.8 85.0 85.9 1416 950 5.215
1787272141 85.9 86.8 85.9 86.8 1416 950 5.244
1787272143 86.8 87.8 85.9 86.8 1200 950 5.196
1787272144 85.9 86.8 85.0 85.9 1008 950 5.211
1787272145 86.8 86.8 85.0 85.9 1008 950 5.215
1787272146 85.9 86.8 85.0 85.9 1008 950 5.235
1787272147 85.9 86.8 85.0 85.9 1008 950 5.259
1787272148 85.9 86.8 85.0 85.9 1200 950 5.186
1787272150 85.9 86.8 85.9 85.9 1008 950 5.196
1787272151 86.8 86.8 85.9 85.9 1008 950 5.220
1787272152 86.8 87.8 85.9 86.8 1008 950 5.249
1787272153 85.9 86.8 85.0 85.9 1008 950 5.215
1787272154 86.8 87.8 85.9 86.8 1008 950 5.191
1787272155 85.9 86.8 85.0 85.9 1008 950 5.259
1787272157 85.9 86.8 85.0 85.9 1008 950 5.172
1787272158 85.9 87.8 85.0 86.8 1008 950 5.167
1787272159 85.9 86.8 85.0 85.9 816 950 5.182
1787272160 85.9 87.8 85.9 85.9 816 950 5.186
1787272161 85.9 87.8 85.0 85.9 816 950 5.206
1787272162 85.9 86.8 85.9 85.9 1008 950 5.235
1787272164 85.9 86.8 85.0 85.9 1008 950 5.206
1787272165 85.9 86.8 85.0 85.9 816 950 5.249
1787272166 85.9 86.8 85.0 85.9 816 950 5.230
1787272167 85.9 86.8 85.0 85.9 816 950 5.172
1787272168 85.9 86.8 85.0 85.9 816 950 5.215
1787272169 85.9 86.8 85.0 85.9 1008 950 5.220
1787272171 85.9 86.8 85.9 85.9 816 950 5.196
1787272172 85.9 86.8 85.0 85.9 1008 950 5.254
1787272173 85.9 86.8 85.0 85.9 816 950 5.230
1787272174 85.9 87.8 85.9 85.9 816 950 5.225
1787272175 85.9 86.8 85.0 85.9 1008 950 5.244
1787272177 85.9 86.8 85.0 85.9 1008 950 5.196
1787272178 85.9 86.8 85.0 85.9 816 950 5.196
1787272179 85.9 86.8 85.0 85.9 816 950 5.211
1787272180 85.9 86.8 85.0 85.9 816 950 5.220
1787272181 85.9 86.8 85.0 85.9 816 950 5.230
1787272182 85.0 86.8 84.1 85.0 1008 950 5.196
1787272184 85.9 86.8 85.0 85.9 816 950 5.220
1787272185 85.9 86.8 85.9 85.9 816 950 5.206
1787272186 85.0 86.8 85.0 85.0 1008 950 5.235
1787272187 85.9 86.8 85.0 85.9 816 950 5.206
1787272188 85.9 86.8 85.9 85.9 816 950 5.240
1787272189 85.9 86.8 85.0 85.9 1008 950 5.230
1787272191 85.9 86.8 85.0 85.9 816 950 5.215
1787272192 85.9 86.8 85.0 85.9 1008 950 5.177
1787272193 85.9 86.8 85.0 85.9 816 950 5.201
1787272194 85.9 86.8 85.0 85.9 816 950 5.191
1787272195 85.9 86.8 85.0 85.9 1008 950 5.186
1787272196 81.3 81.3 80.4 82.2 2208 950 5.288
1787272197 79.5 79.5 78.5 79.5 2208 950 5.273
1787272198 78.5 77.6 77.6 78.5 2208 950 5.249
1787272200 83.2 84.1 82.2 85.0 2208 950 5.215
1787272201 85.9 86.8 85.0 85.9 1608 950 5.206
1787272202 85.9 86.8 85.0 85.9 1608 950 5.196
1787272203 85.9 86.8 85.0 85.9 1608 950 5.230
1787272204 85.9 87.8 85.9 86.8 1416 950 5.201
1787272205 85.9 85.9 85.0 85.0 1416 950 5.211
1787272206 85.9 86.8 85.0 85.9 1200 950 5.240
1787272208 85.0 86.8 85.0 85.9 1200 950 5.249
1787272209 85.9 86.8 85.0 85.9 1200 950 5.167
1787272210 86.8 87.8 85.9 86.8 1200 950 5.186
1787272211 86.8 87.8 85.9 86.8 1200 950 5.211
1787272212 85.9 86.8 85.9 85.9 1008 950 5.206
1787272213 86.8 86.8 85.9 86.8 1008 950 5.206
1787272215 85.9 86.8 85.0 85.9 1008 950 5.230
1787272216 85.9 86.8 85.0 85.9 1008 950 5.215
1787272217 85.9 86.8 85.0 85.9 1008 950 5.283
1787272218 85.9 87.8 85.9 85.9 1008 950 5.235
1787272219 85.9 87.8 85.9 85.9 1008 950 5.244
1787272220 85.9 86.8 85.0 85.9 1008 950 5.249
1787272222 85.9 86.8 85.0 85.9 1008 950 5.167
1787272223 85.9 86.8 85.0 85.0 1200 950 5.196
1787272224 86.8 87.8 85.9 85.9 1008 950 5.215
1787272225 86.8 87.8 85.9 86.8 1008 950 5.206
1787272226 86.8 86.8 85.0 85.9 1008 950 5.206
1787272227 85.9 86.8 85.0 86.8 1008 950 5.196
1787272229 85.9 86.8 85.0 85.9 1008 950 5.206
1787272230 86.8 86.8 85.9 85.9 1008 950 5.211
1787272231 86.8 87.8 85.9 85.9 816 950 5.225
1787272232 85.9 86.8 85.0 85.9 816 950 5.211
1787272233 85.9 85.9 85.0 85.9 816 950 5.230
1787272234 85.9 86.8 85.0 85.9 816 950 5.215
1787272236 85.9 86.8 85.0 85.9 816 950 5.215
1787272237 85.9 86.8 85.0 85.9 816 950 5.220
1787272238 85.9 86.8 85.0 85.9 816 950 5.215
1787272239 85.9 86.8 85.0 85.9 816 950 5.235
1787272240 85.9 86.8 85.0 85.9 1008 950 5.225
1787272241 85.9 86.8 85.0 85.9 1008 950 5.201
1787272243 85.9 86.8 85.0 85.9 816 950 5.186
1787272244 85.9 86.8 85.9 85.9 1008 950 5.201
1787272245 85.9 86.8 85.0 85.9 816 950 5.211
1787272246 85.9 86.8 85.0 85.9 816 950 5.167
1787272247 85.9 86.8 85.0 85.0 1008 950 5.220
1787272248 85.9 86.8 85.0 85.9 1008 950 5.215
1787272250 85.9 86.8 85.0 85.9 816 950 5.235
1787272251 85.0 85.9 85.0 85.9 816 950 5.196
1787272252 85.9 86.8 85.0 85.9 1008 950 5.240
1787272253 85.0 86.8 85.0 85.0 1008 950 5.220
1787272254 85.9 86.8 85.0 85.9 816 950 5.172
1787272255 85.9 86.8 85.0 85.9 816 950 5.215
1787272257 85.9 86.8 85.0 85.9 816 950 5.186
1787272258 85.9 86.8 85.0 85.9 816 950 5.220
1787272259 85.9 86.8 85.9 85.9 816 950 5.220
1787272260 81.3 80.4 80.4 81.3 2016 950 5.293
1787272261 79.5 78.5 78.5 79.5 2208 950 5.211
1787272262 82.2 83.2 81.3 84.1 2208 950 5.177
1787272263 85.9 85.9 85.0 85.9 1800 950 5.186
1787272265 85.9 85.9 85.0 85.9 1800 950 5.206
1787272266 86.8 86.8 85.9 86.8 1416 950 5.254
1787272267 85.9 86.8 85.9 86.8 1416 950 5.191
1787272268 86.8 86.8 85.9 86.8 1416 950 5.177
1787272269 85.9 86.8 85.0 85.9 1200 950 5.201
1787272270 86.8 87.8 85.9 86.8 1008 950 5.215
1787272271 85.9 87.8 85.9 85.9 1008 950 5.215
1787272273 86.8 87.8 85.0 85.9 1008 950 5.215
1787272274 85.9 87.8 85.9 85.9 1008 950 5.182
1787272275 85.9 86.8 85.9 85.9 1008 950 5.186
1787272276 85.9 86.8 85.0 85.9 1008 950 5.191
1787272277 86.8 87.8 85.9 85.9 1008 950 5.244
1787272278 86.8 86.8 85.9 85.9 1008 950 5.249
1787272280 86.8 86.8 85.9 86.8 1008 950 5.201
1787272281 85.9 86.8 85.0 85.9 1008 950 5.157
1787272282 85.9 86.8 85.9 86.8 1008 950 5.201
1787272283 86.8 86.8 85.9 86.8 1008 950 5.206
1787272284 85.9 86.8 85.9 85.9 816 950 5.215
1787272285 85.9 86.8 85.0 85.9 816 950 5.215
1787272287 85.9 86.8 85.0 85.9 1008 950 5.196
1787272288 85.9 86.8 85.0 85.9 1008 950 5.235
1787272289 85.9 86.8 85.0 85.9 816 950 5.235
1787272290 85.9 86.8 85.0 85.9 816 950 5.177
1787272291 85.9 86.8 85.0 85.9 816 950 5.225
1787272293 85.9 86.8 85.0 85.9 1008 950 5.225
1787272294 85.9 86.8 85.0 85.9 816 950 5.211
1787272295 85.9 86.8 85.0 85.9 816 950 5.230
1787272296 85.9 86.8 85.0 85.9 816 950 5.215
1787272297 85.9 86.8 85.0 85.9 816 950 5.240
1787272298 85.9 86.8 85.0 85.9 1008 950 5.240
1787272300 85.9 86.8 85.9 85.9 816 950 5.240
1787272301 85.9 86.8 85.0 85.9 816 950 5.220
1787272302 85.9 86.8 85.0 85.9 1008 950 5.196
1787272303 85.9 86.8 85.0 85.9 816 950 5.240
1787272304 85.9 86.8 85.0 85.9 1008 950 5.220
1787272305 85.9 86.8 85.0 85.9 816 950 5.220
1787272307 85.9 85.9 85.0 85.9 816 950 5.215
1787272308 85.9 86.8 85.0 85.9 816 950 5.196
1787272309 85.9 86.8 85.0 85.9 816 950 5.177
1787272310 85.9 86.8 85.9 85.9 816 950 5.211
1787272311 85.9 85.9 85.0 85.9 1008 950 5.230
1787272312 85.9 86.8 85.0 85.9 816 950 5.240
1787272314 85.9 86.8 85.9 85.9 816 950 5.201
1787272315 85.9 86.8 85.0 85.9 816 950 5.235
1787272316 85.9 86.8 85.0 85.9 1008 950 5.240
1787272317 85.9 86.8 85.0 85.9 816 950 5.240
1787272318 85.9 86.8 85.0 85.9 816 950 5.211
1787272319 85.9 86.8 85.0 85.9 1008 950 5.206
1787272321 85.9 86.8 85.0 85.9 816 950 5.288
1787272322 85.9 86.8 85.0 85.9 816 950 5.244
1787272323 83.2 82.2 81.3 83.2 1608 950 5.249
1787272324 80.4 79.5 78.5 80.4 2208 950 5.278
1787272325 78.5 78.5 77.6 78.5 2208 950 5.235
1787272326 84.1 84.1 82.2 85.0 2208 950 5.235
1787272327 85.9 86.8 85.0 85.9 1800 950 5.186
1787272328 85.9 85.9 85.0 85.9 1608 950 5.215
1787272329 85.9 86.8 85.0 86.8 1416 950 5.201
1787272331 85.9 87.8 85.0 86.8 1416 950 5.225
1787272332 85.9 85.9 85.0 85.9 1416 950 5.206
1787272333 86.8 87.8 85.9 86.8 1416 950 5.157
1787272334 86.8 87.8 85.9 86.8 1200 950 5.244
1787272335 85.9 86.8 85.9 85.9 1200 950 5.215
1787272336 86.8 87.8 85.0 86.8 1200 950 5.230
1787272338 86.8 87.8 85.9 86.8 1200 950 5.225
1787272339 85.9 87.8 85.0 85.9 1008 950 5.215
1787272340 85.9 86.8 85.9 85.9 1008 950 5.220
1787272341 85.9 86.8 85.9 85.9 1008 950 5.191
1787272342 85.9 86.8 85.0 85.9 1008 950 5.259
1787272343 85.9 86.8 85.0 85.9 1200 950 5.225
1787272345 86.8 87.8 85.9 86.8 1008 950 5.186
1787272346 85.9 86.8 85.9 85.9 1008 950 5.196
1787272347 86.8 86.8 85.9 86.8 1008 950 5.196
1787272348 86.8 87.8 85.9 86.8 1008 950 5.167
1787272349 86.8 85.9 85.0 85.9 1008 950 5.235
1787272350 86.8 87.8 85.9 86.8 1008 950 5.215
1787272352 86.8 87.8 85.9 86.8 1008 950 5.191
1787272353 86.8 87.8 85.9 86.8 1008 950 5.211
1787272354 85.9 86.8 85.9 85.9 816 950 5.225
1787272355 85.9 86.8 85.0 85.9 816 950 5.230
1787272356 85.9 86.8 85.0 85.9 816 950 5.225
1787272357 85.9 87.8 85.0 85.9 1008 950 5.215
1787272359 85.9 86.8 85.0 85.9 816 950 5.215
1787272360 86.8 86.8 85.9 85.9 816 950 5.177
1787272361 86.8 87.8 85.0 85.9 816 950 5.254
1787272362 85.9 86.8 85.0 85.9 1008 950 5.211
1787272363 85.9 86.8 85.0 85.9 816 950 5.235
1787272364 85.9 87.8 85.9 85.9 816 950 5.244
1787272366 85.9 86.8 85.0 85.9 1008 950 5.201
1787272367 85.9 86.8 85.0 85.9 1008 950 5.211
1787272368 85.9 86.8 85.0 85.9 1008 950 5.215
1787272369 85.9 86.8 85.0 85.9 1008 950 5.254
1787272370 85.9 86.8 85.0 85.0 816 950 5.225
1787272371 85.9 86.8 85.0 85.9 1008 950 5.230
1787272373 85.9 86.8 85.0 85.9 1008 950 5.172
1787272374 85.9 86.8 85.0 85.9 1008 950 5.240
1787272375 85.9 86.8 85.0 85.9 1008 950 5.244
1787272376 85.9 87.8 85.9 85.9 816 950 5.191
1787272377 85.9 86.8 85.0 85.9 816 950 5.215
1787272378 85.9 86.8 85.0 85.9 816 950 5.244
1787272380 85.9 86.8 85.0 85.9 816 950 5.211
1787272381 85.9 86.8 85.0 85.9 1008 950 5.235
1787272382 85.9 86.8 85.0 85.9 816 950 5.240
1787272383 85.9 86.8 85.0 85.9 816 950 5.254
1787272384 85.9 86.8 85.0 85.9 1008 950 5.230
1787272385 86.8 87.8 85.9 85.9 816 950 5.206
1787272387 82.2 81.3 80.4 81.3 2016 950 5.293
1787272388 79.5 79.5 78.5 79.5 2208 950 5.288
1787272389 79.5 79.5 78.5 79.5 2208 950 5.288
1787272390 78.5 77.6 76.7 78.5 2208 950 5.249
1787272391 84.1 85.0 83.2 85.0 2016 950 5.211
1787272392 85.0 86.8 85.0 85.9 1800 950 5.182
1787272393 85.9 86.8 85.0 85.9 1608 950 5.249
1787272394 85.9 86.8 85.9 86.8 1608 950 5.240
1787272396 85.9 86.8 85.0 85.9 1608 950 5.177
1787272397 85.9 86.8 85.0 85.9 1608 950 5.254
1787272398 86.8 86.8 85.0 86.8 1416 950 5.225
1787272399 86.8 87.8 85.9 86.8 1416 950 5.215
1787272400 85.9 86.8 85.9 85.9 1200 950 5.206
1787272401 85.9 86.8 85.0 85.9 1200 950 5.211
1787272402 85.9 86.8 85.0 85.9 1200 950 5.220
1787272404 86.8 86.8 85.9 86.8 1200 950 5.215
1787272405 85.9 86.8 85.0 85.9 1200 950 5.206
1787272406 86.8 87.8 85.0 86.8 1200 950 5.215
1787272407 86.8 87.8 85.9 86.8 816 950 5.230
1787272408 85.9 86.8 85.0 85.9 1008 950 5.230
1787272409 85.9 86.8 85.0 85.9 816 950 5.240
1787272411 85.9 86.8 85.0 85.9 816 950 5.254
1787272412 85.9 86.8 85.0 85.9 816 950 5.211
1787272413 85.9 86.8 85.0 85.9 1008 950 5.186
1787272414 85.9 87.8 85.0 85.9 816 950 5.254
1787272415 85.9 86.8 85.0 85.9 816 950 5.172
1787272416 85.9 86.8 85.0 85.9 1008 950 5.220
1787272418 85.9 86.8 85.0 85.9 1008 950 5.225
1787272419 85.9 86.8 85.0 85.9 816 950 5.220
1787272420 85.0 86.8 85.0 85.9 816 950 5.215
1787272421 85.9 86.8 85.9 85.9 816 950 5.196
1787272422 85.9 86.8 85.0 85.9 1008 950 5.235
1787272423 85.9 86.8 85.0 85.9 816 950 5.201
1787272425 85.9 86.8 85.0 85.9 1008 950 5.230
1787272426 86.8 86.8 85.0 85.9 816 950 5.230
1787272427 85.9 86.8 85.0 85.9 816 950 5.211
1787272428 85.9 86.8 85.0 85.9 1008 950 5.182
1787272429 85.9 86.8 85.0 85.9 816 950 5.249
1787272431 85.9 86.8 85.0 85.9 816 950 5.225
1787272432 85.9 86.8 85.0 85.9 1008 950 5.225
1787272433 85.9 86.8 85.0 85.9 816 950 5.191
1787272434 85.9 86.8 85.0 85.9 1008 950 5.244
1787272435 85.9 86.8 85.0 85.9 816 950 5.206
1787272436 85.0 86.8 85.0 85.9 1008 950 5.230
1787272438 85.9 86.8 85.0 85.9 816 950 5.215
1787272439 85.9 86.8 85.0 85.9 816 950 5.206
1787272440 86.8 86.8 85.0 85.9 816 950 5.264
1787272441 85.9 87.8 85.0 85.9 816 950 5.225
1787272442 85.9 86.8 85.9 85.9 816 950 5.225
1787272443 85.9 86.8 85.0 85.9 816 950 5.177
1787272445 85.9 85.9 85.0 85.9 816 950 5.230
1787272446 85.9 86.8 85.9 85.9 816 950 5.254
1787272447 85.9 86.8 85.0 85.9 816 950 5.211
1787272448 85.9 86.8 85.0 85.9 1008 950 5.235
1787272449 85.9 86.8 85.0 85.9 816 950 5.211
1787272450 85.9 86.8 85.9 85.9 816 950 5.201
1787272452 80.4 79.5 80.4 81.3 2208 950 5.230
1787272453 78.5 78.5 78.5 79.5 2208 950 5.288
1787272454 83.2 83.2 82.2 85.0 2208 950 5.172
1787272455 85.9 86.8 85.0 85.9 1800 950 5.196
1787272456 85.9 86.8 85.0 85.9 1608 950 5.211
1787272457 85.9 86.8 85.0 86.8 1608 950 5.172
1787272458 86.8 87.8 85.9 86.8 1200 950 5.196
1787272460 86.8 86.8 85.0 86.8 1200 950 5.254
1787272461 85.9 86.8 85.0 85.9 1200 950 5.225
1787272462 86.8 86.8 85.9 86.8 1200 950 5.225
1787272463 86.8 86.8 85.9 86.8 1008 950 5.249
1787272464 85.9 86.8 85.9 85.9 1008 950 5.186
1787272465 85.9 86.8 85.0 85.9 1200 950 5.244
1787272467 85.9 86.8 85.0 85.9 1008 950 5.201
1787272468 85.9 86.8 85.0 85.9 1200 950 5.177
1787272469 85.9 86.8 85.0 85.9 816 950 5.235
1787272470 85.9 87.8 85.0 85.9 816 950 5.206
1787272471 85.9 86.8 85.0 85.9 1008 950 5.235
1787272472 85.9 86.8 85.0 85.9 816 950 5.215
1787272474 85.9 86.8 85.0 85.9 816 950 5.211
1787272475 85.9 86.8 85.0 85.9 816 950 5.235
1787272476 85.9 86.8 85.0 85.9 816 950 5.249
1787272477 86.8 86.8 85.9 85.9 816 950 5.186
1787272478 85.0 85.0 84.1 85.0 1200 950 5.230
1787272479 85.9 86.8 85.0 85.9 1200 950 5.201
1787272481 85.9 86.8 85.0 85.9 1008 950 5.235
1787272482 85.9 86.8 85.0 85.9 1200 950 5.220
1787272483 85.9 85.9 85.0 85.9 1200 950 5.215
1787272484 85.9 86.8 85.0 85.9 1008 950 5.215
1787272485 85.9 87.8 85.9 85.9 1008 950 5.225
1787272486 86.8 86.8 85.9 86.8 1008 950 5.191
1787272487 85.9 86.8 85.0 85.9 816 950 5.244
1787272489 85.9 86.8 85.0 85.9 1008 950 5.230
1787272490 85.9 85.9 85.0 85.9 1008 950 5.215
1787272491 85.9 86.8 85.0 85.9 816 950 5.220
1787272492 85.9 86.8 85.0 85.9 816 950 5.244
1787272493 85.9 86.8 85.0 85.9 816 950 5.220
1787272494 85.9 86.8 85.0 85.9 1008 950 5.215
1787272496 85.9 86.8 85.0 85.9 816 950 5.225
1787272497 85.9 86.8 85.9 85.9 816 950 5.215
1787272498 86.8 87.8 85.9 85.9 816 950 5.230
1787272499 85.9 87.8 85.0 85.9 816 950 5.138
1787272500 85.9 86.8 85.0 85.9 1008 950 5.182
1787272501 85.9 86.8 85.0 85.9 1008 950 5.182
1787272503 85.9 86.8 85.0 85.9 816 950 5.254
1787272504 85.9 86.8 85.0 85.9 816 950 5.196
1787272505 86.8 86.8 85.0 85.9 816 950 5.201
1787272506 85.9 86.8 85.0 85.9 1008 950 5.182
1787272507 85.9 86.8 85.0 85.9 816 950 5.264
1787272508 85.9 86.8 85.0 85.9 816 950 5.215
1787272510 85.9 86.8 85.0 85.9 1008 950 5.244
1787272511 85.9 86.8 85.0 85.9 816 950 5.211
1787272512 85.9 87.8 85.0 85.9 816 950 5.240
1787272513 85.9 86.8 85.0 85.9 816 950 5.196
1787272514 81.3 81.3 80.4 81.3 2016 950 5.230
1787272515 79.5 79.5 78.5 80.4 2208 950 5.312
1787272516 81.3 82.2 80.4 83.2 2208 950 5.186
1787272518 85.0 85.0 84.1 85.9 2016 950 5.215
1787272519 85.9 86.8 85.0 85.9 1608 950 5.254
1787272520 85.9 86.8 85.0 85.9 1608 950 5.235
1787272521 85.9 86.8 85.0 85.9 1416 950 5.206
1787272522 86.8 87.8 85.9 86.8 1416 950 5.235
1787272523 86.8 87.8 85.9 86.8 1416 950 5.201
1787272524 85.9 86.8 85.0 85.9 1200 950 5.215
1787272526 86.8 87.8 85.9 86.8 816 950 5.177
1787272527 85.9 86.8 85.0 85.9 1008 950 5.215
1787272528 85.9 86.8 85.0 85.9 816 950 5.264
1787272529 85.9 86.8 85.0 85.9 1008 950 5.196
1787272530 85.9 86.8 85.0 85.9 816 950 5.254
1787272531 85.9 86.8 85.0 85.9 816 950 5.230
1787272533 85.9 86.8 85.0 85.9 1008 950 5.211
1787272534 85.9 86.8 85.0 85.9 1008 950 5.201
1787272535 85.9 86.8 85.0 85.9 816 950 5.215
1787272536 85.9 86.8 85.0 85.9 816 950 5.211
1787272537 85.9 86.8 85.9 85.9 816 950 5.196
1787272538 85.9 87.8 85.0 85.9 816 950 5.240
1787272540 85.9 86.8 85.9 85.9 1008 950 5.240
1787272541 85.9 86.8 85.9 85.9 816 950 5.225
1787272542 85.9 86.8 85.0 85.9 816 950 5.240
1787272543 85.9 86.8 85.0 85.9 816 950 5.244
1787272544 85.9 86.8 85.0 85.9 816 950 5.230
1787272545 85.9 86.8 85.0 85.9 816 950 5.215
1787272547 85.9 86.8 85.0 85.9 1008 950 5.220
1787272548 85.9 86.8 85.9 85.9 816 950 5.211
1787272549 85.9 86.8 85.0 85.9 1008 950 5.235
1787272550 85.9 86.8 85.0 85.9 816 950 5.230
1787272551 85.9 87.8 85.0 85.9 816 950 5.172
1787272552 85.9 86.8 85.0 85.9 816 950 5.225
1787272554 85.9 86.8 85.0 85.9 816 950 5.172
1787272555 85.9 86.8 85.9 85.9 816 950 5.215
1787272556 85.9 86.8 85.9 85.9 816 950 5.196
1787272557 86.8 86.8 85.0 85.9 1008 950 5.259
1787272558 85.9 86.8 85.0 85.9 816 950 5.225
1787272559 85.9 86.8 85.0 85.9 816 950 5.244
1787272561 85.9 86.8 85.9 85.9 816 950 5.240
1787272562 85.9 86.8 85.9 85.9 816 950 5.230
1787272563 85.9 86.8 85.0 85.9 816 950 5.182
1787272564 86.8 86.8 85.0 85.9 816 950 5.143
1787272565 85.9 86.8 85.9 85.9 816 950 5.269
1787272566 85.9 86.8 85.9 85.9 816 950 5.215
1787272568 86.8 87.8 85.9 85.9 816 950 5.244
1787272569 85.9 86.8 85.0 85.9 816 950 5.254
1787272570 85.9 86.8 85.0 85.9 816 950 5.230
1787272571 85.9 86.8 85.9 85.9 816 950 5.211
1787272572 85.9 86.8 85.9 85.9 816 950 5.244
1787272574 86.8 86.8 85.9 85.9 816 950 5.244
1787272575 85.9 86.8 85.0 85.9 816 950 5.244
1787272576 85.9 86.8 85.0 85.9 816 950 5.211
1787272577 85.9 86.8 85.0 85.0 1008 950 5.273
1787272578 81.3 80.4 80.4 81.3 2208 950 5.254
1787272579 79.5 79.5 78.5 79.5 2208 950 5.235
1787272580 84.1 85.0 84.1 85.9 2016 950 5.215
1787272581 85.9 86.8 85.0 85.9 1608 950 5.201
1787272583 85.9 86.8 85.9 85.9 1608 950 5.215
1787272584 85.9 86.8 85.0 85.9 1608 950 5.215
1787272585 86.8 87.8 85.9 86.8 1416 950 5.240
1787272586 85.9 86.8 85.9 85.9 1008 950 5.186
1787272587 85.9 87.8 85.9 85.9 1008 950 5.215
1787272588 86.8 87.8 85.9 85.9 1008 950 5.215
1787272590 85.9 86.8 85.9 85.9 1008 950 5.225
1787272591 85.9 86.8 85.0 85.9 1008 950 5.201
1787272592 85.9 87.8 85.0 85.9 1008 950 5.235
1787272593 86.8 87.8 85.9 86.8 1008 950 5.206
1787272594 86.8 87.8 85.9 85.9 1008 950 5.235
1787272595 85.9 86.8 85.0 85.9 816 950 5.215
1787272597 85.9 86.8 85.0 85.9 816 950 5.201
1787272598 85.9 86.8 85.0 85.9 1008 950 5.215
1787272599 85.9 86.8 85.0 85.9 816 950 5.220
1787272600 85.9 86.8 85.0 85.9 816 950 5.201
1787272601 85.9 86.8 85.0 85.9 816 950 5.206
1787272602 86.8 86.8 85.0 85.9 816 950 5.196
1787272604 85.9 86.8 85.0 85.9 816 950 5.157
1787272605 85.9 86.8 85.9 85.9 816 950 5.186
1787272606 85.9 86.8 85.0 85.9 816 950 5.206
1787272607 85.9 86.8 85.0 85.9 816 950 5.191
1787272608 85.9 86.8 85.0 85.9 816 950 5.220
1787272609 85.9 86.8 85.0 85.9 816 950 5.167
1787272611 85.9 86.8 85.0 85.9 1008 950 5.211
1787272612 85.9 87.8 85.0 85.9 816 950 5.225
1787272613 85.9 86.8 85.0 85.9 816 950 5.225
1787272614 85.9 86.8 85.0 85.9 816 950 5.211
1787272615 85.9 86.8 85.0 85.9 1008 950 5.230
1787272616 86.8 86.8 85.0 85.9 816 950 5.191
1787272618 85.9 86.8 85.0 85.9 816 950 5.225
1787272619 85.9 86.8 85.0 85.9 816 950 5.201
1787272620 85.9 86.8 85.9 85.9 816 950 5.191
1787272621 85.9 86.8 85.0 85.9 816 950 5.225
1787272622 85.9 86.8 85.0 85.9 816 950 5.215
1787272623 85.9 86.8 85.0 85.9 1008 950 5.254
1787272625 85.9 86.8 85.0 85.9 816 950 5.235
1787272626 85.9 86.8 85.0 85.9 816 950 5.215
1787272627 85.9 86.8 85.9 85.9 816 950 5.249
1787272628 85.9 86.8 85.0 85.9 816 950 5.240
1787272629 85.9 86.8 85.0 85.9 816 950 5.254
1787272630 85.9 86.8 85.0 85.9 1008 950 5.215
1787272632 85.9 86.8 85.0 85.9 816 950 5.215
1787272633 85.9 86.8 85.0 85.9 816 950 5.235
1787272634 86.8 86.8 85.0 85.9 816 950 5.201
1787272635 85.9 86.8 85.9 85.9 816 950 5.211
1787272636 86.8 86.8 85.0 85.9 816 950 5.225
1787272638 85.9 86.8 85.0 85.9 816 950 5.182
1787272639 85.9 86.8 85.0 85.9 816 950 5.196
1787272640 85.9 87.8 85.9 85.9 816 950 5.215
1787272641 81.3 81.3 80.4 82.2 2208 950 5.225
1787272642 79.5 78.5 78.5 79.5 2208 950 5.293
1787272643 83.2 83.2 83.2 85.0 2208 950 5.162
1787272644 85.9 86.8 85.0 85.9 1800 950 5.201
1787272645 85.9 87.8 85.9 85.9 1416 950 5.206
1787272647 86.8 87.8 85.9 86.8 1416 950 5.235
1787272648 86.8 86.8 85.9 86.8 1416 950 5.206
1787272649 86.8 86.8 85.0 85.9 1200 950 5.182
1787272650 86.8 86.8 85.0 85.9 816 950 5.259
1787272651 85.9 86.8 85.0 85.9 816 950 5.215
1787272652 85.9 86.8 85.9 85.9 816 950 5.206
1787272654 85.9 86.8 85.9 85.9 816 950 5.225
1787272655 85.9 86.8 85.0 85.9 816 950 5.244
1787272656 85.9 86.8 85.9 85.9 816 950 5.235
1787272657 85.9 86.8 85.0 85.9 816 950 5.220
1787272658 85.9 86.8 85.0 85.9 816 950 5.215
1787272659 85.9 86.8 85.0 85.9 816 950 5.211
1787272661 85.9 86.8 85.0 85.9 816 950 5.249
1787272662 86.8 86.8 85.0 85.9 816 950 5.215
1787272663 85.9 85.9 85.0 85.9 816 950 5.220
1787272664 86.8 87.8 85.9 85.9 816 950 5.172
1787272665 85.9 86.8 85.0 85.9 816 950 5.235
1787272667 85.9 86.8 85.0 85.9 1008 950 5.196
1787272668 85.9 86.8 85.0 85.9 816 950 5.230
1787272669 85.9 86.8 85.0 85.9 1008 950 5.201
1787272670 85.9 86.8 85.0 85.9 816 950 5.220
1787272671 85.9 86.8 85.9 85.9 816 950 5.235
1787272672 85.9 86.8 85.9 85.9 816 950 5.206
1787272674 85.9 86.8 85.0 85.9 816 950 5.211
1787272675 85.9 86.8 85.0 85.9 816 950 5.240
1787272676 85.9 86.8 85.9 85.9 816 950 5.206
1787272677 85.9 86.8 85.0 85.9 816 950 5.269
1787272678 85.9 86.8 85.9 85.9 816 950 5.206
1787272679 85.9 86.8 85.9 85.9 816 950 5.230
1787272681 85.9 86.8 85.0 85.9 1008 950 5.220
1787272682 85.9 86.8 85.9 85.9 816 950 5.230
1787272683 85.9 86.8 85.0 85.9 816 950 5.201
1787272684 85.9 86.8 85.0 85.9 816 950 5.240
1787272685 85.9 86.8 85.0 85.9 816 950 5.206
1787272686 85.9 86.8 85.9 85.9 816 950 5.215
1787272688 85.9 86.8 85.0 85.9 816 950 5.278
1787272689 85.9 86.8 85.9 85.9 816 950 5.235
1787272690 85.9 86.8 85.0 85.9 816 950 5.220
1787272691 85.9 86.8 85.0 85.9 816 950 5.240
1787272692 85.9 86.8 85.0 85.9 816 950 5.215
1787272693 85.9 86.8 85.9 85.9 816 950 5.201
1787272695 86.8 86.8 85.9 85.9 816 950 5.235
1787272696 85.9 86.8 85.0 85.9 816 950 5.215
1787272697 85.9 86.8 85.0 85.9 816 950 5.240
1787272698 85.9 86.8 85.0 85.9 816 950 5.215
1787272699 85.9 86.8 85.0 85.9 1008 950 5.240
1787272701 86.8 86.8 85.0 85.9 816 950 5.235
1787272702 86.8 86.8 85.9 85.9 816 950 5.196
1787272703 85.9 86.8 85.9 85.9 816 950 5.215
1787272704 81.3 80.4 80.4 81.3 2016 950 5.269
1787272705 79.5 78.5 78.5 79.5 2208 950 5.220
1787272706 78.5 77.6 77.6 78.5 2208 950 5.230
1787272707 81.3 82.2 81.3 83.2 2208 950 5.225
1787272708 85.0 85.0 84.1 85.0 2016 950 5.206
1787272709 85.9 86.8 85.0 85.9 1800 950 5.215
1787272711 85.9 86.8 85.0 85.9 1608 950 5.172
1787272712 85.9 86.8 85.0 86.8 1608 950 5.191
1787272713 85.9 86.8 85.9 86.8 1416 950 5.240
1787272714 85.9 86.8 85.0 86.8 1416 950 5.244
1787272715 86.8 86.8 85.0 85.9 1416 950 5.196
1787272716 86.8 87.8 85.9 86.8 1416 950 5.240
1787272718 85.9 87.8 85.0 85.9 1416 950 5.211
1787272719 86.8 87.8 85.9 85.9 1200 950 5.172
1787272720 86.8 87.8 85.9 86.8 1200 950 5.235
1787272721 85.9 87.8 85.9 85.9 1008 950 5.186
1787272722 86.8 87.8 85.0 86.8 1008 950 5.225
1787272723 85.9 87.8 85.9 86.8 1008 950 5.235
1787272724 85.9 86.8 85.0 85.9 1008 950 5.201
1787272726 86.8 87.8 85.9 86.8 1008 950 5.191
1787272727 85.9 86.8 85.9 85.9 1008 950 5.240
1787272728 86.8 87.8 85.9 86.8 816 950 5.244
1787272729 85.9 87.8 85.0 85.9 816 950 5.230
1787272730 85.9 87.8 85.0 85.9 816 950 5.211
1787272732 85.9 85.9 85.0 85.9 816 950 5.240
1787272733 85.9 86.8 85.9 85.9 816 950 5.264
1787272734 86.8 86.8 85.0 85.9 816 950 5.225
1787272735 86.8 87.8 85.0 85.9 816 950 5.220
1787272736 85.9 86.8 85.0 85.9 816 950 5.230
1787272737 85.9 86.8 85.0 85.9 816 950 5.225
1787272739 85.9 86.8 85.0 85.9 1008 950 5.254
1787272740 86.8 86.8 85.0 85.9 816 950 5.240
1787272741 85.9 86.8 85.0 85.9 816 950 5.244
1787272742 85.9 86.8 85.0 85.9 816 950 5.225
1787272743 85.9 86.8 85.0 85.9 816 950 5.249
1787272744 85.9 86.8 85.0 85.9 816 950 5.215
1787272746 85.9 86.8 85.0 85.9 816 950 5.230
1787272747 86.8 87.8 85.0 85.9 816 950 5.225
1787272748 85.9 86.8 85.0 85.9 816 950 5.240
1787272749 85.9 86.8 85.0 85.9 816 950 5.186
1787272750 85.9 86.8 85.0 85.9 816 950 5.235
1787272751 85.9 87.8 85.0 85.9 816 950 5.244
1787272753 86.8 86.8 85.0 85.9 816 950 5.240
1787272754 85.9 86.8 85.0 85.9 816 950 5.215
1787272755 85.9 86.8 85.0 85.9 816 950 5.191
1787272756 85.9 86.8 85.9 85.9 816 950 5.230
1787272757 85.9 86.8 85.9 85.9 816 950 5.206
1787272758 85.9 85.9 85.0 85.9 1008 950 5.259
1787272760 86.8 87.8 85.0 85.9 816 950 5.215
1787272761 85.9 86.8 85.0 85.9 1008 950 5.191
1787272762 85.9 87.8 85.9 85.9 816 950 5.215
1787272763 85.9 87.8 85.9 85.9 816 950 5.191
1787272764 85.9 87.8 85.9 85.9 816 950 5.230
1787272765 85.9 86.8 85.9 85.9 816 950 5.215
1787272767 85.9 86.8 85.9 86.8 816 950 5.230
1787272768 85.9 85.0 85.0 85.0 1008 950 5.230
1787272769 81.3 80.4 80.4 81.3 2208 950 5.254
1787272770 79.5 79.5 78.5 79.5 2208 950 5.259
1787272771 85.0 85.9 85.0 86.8 1800 950 5.240
1787272772 85.9 86.8 85.0 85.9 1608 950 5.177
1787272773 86.8 87.8 85.9 86.8 1200 950 5.240
1787272775 85.9 86.8 85.9 85.9 1200 950 5.230
1787272776 86.8 87.8 85.9 86.8 816 950 5.186
1787272777 85.9 86.8 85.0 85.9 816 950 5.206
1787272778 85.0 85.9 85.0 85.9 1008 950 5.220
1787272779 85.9 86.8 85.0 85.0 816 950 5.235
1787272780 85.9 86.8 85.9 85.9 816 950 5.186
1787272782 85.9 86.8 85.0 85.9 816 950 5.240
1787272783 85.9 86.8 85.0 85.9 816 950 5.240
1787272784 85.9 85.9 85.0 85.9 816 950 5.206
1787272785 85.9 86.8 85.0 85.9 816 950 5.211
1787272786 85.9 86.8 85.0 85.9 1008 950 5.230
1787272787 86.8 86.8 85.0 85.9 816 950 5.240
1787272789 85.9 86.8 85.0 85.9 1008 950 5.240
1787272790 85.9 86.8 85.0 85.9 816 950 5.201
1787272791 85.9 86.8 85.0 85.9 1008 950 5.225
1787272792 85.9 86.8 85.0 85.9 816 950 5.225
1787272793 85.9 87.8 85.0 85.9 816 950 5.215
1787272794 85.9 86.8 85.0 85.9 1008 950 5.191
1787272795 85.9 86.8 85.0 85.9 816 950 5.225
1787272797 85.9 86.8 85.0 85.9 816 950 5.196
1787272798 85.9 86.8 85.9 85.9 816 950 5.225
1787272799 85.9 86.8 85.0 85.9 816 950 5.211
1787272800 85.9 86.8 85.0 85.9 1008 950 5.235
1787272801 85.9 86.8 85.0 85.9 816 950 5.220
1787272802 85.9 86.8 85.0 85.9 816 950 5.225
1787272804 85.9 86.8 85.0 85.9 816 950 5.254
1787272805 85.9 86.8 85.0 85.9 816 950 5.201
1787272806 85.9 86.8 85.9 85.9 816 950 5.225
1787272807 85.9 86.8 85.9 85.9 816 950 5.235
1787272808 85.9 85.9 85.0 85.0 816 950 5.244
1787272810 85.9 86.8 85.0 85.9 816 950 5.225
1787272811 85.9 86.8 85.0 85.9 816 950 5.240
1787272812 86.8 86.8 85.9 85.9 816 950 5.235
1787272813 85.9 86.8 85.0 85.9 816 950 5.215
1787272814 85.9 86.8 85.0 85.9 816 950 5.254
1787272815 85.9 86.8 85.0 85.9 816 950 5.191
1787272817 86.8 86.8 85.9 85.9 816 950 5.215
1787272818 85.9 86.8 85.9 85.9 816 950 5.220
1787272819 85.9 86.8 85.9 85.9 1008 950 5.201
1787272820 85.9 86.8 85.9 85.9 816 950 5.269
1787272821 85.9 86.8 85.0 85.9 816 950 5.230
1787272822 85.9 86.8 85.9 85.9 816 950 5.206
1787272824 85.9 86.8 85.0 85.9 816 950 5.235
1787272825 85.9 86.8 85.0 85.9 816 950 5.191
1787272826 85.9 86.8 85.0 85.9 816 950 5.235
1787272827 85.9 86.8 85.0 85.9 816 950 5.206
1787272828 85.9 86.8 85.9 85.9 816 950 5.206
1787272829 86.8 86.8 85.0 85.9 816 950 5.249
1787272831 85.9 86.8 85.9 85.9 816 950 5.215
1787272832 81.3 80.4 79.5 81.3 2208 950 5.264
1787272833 79.5 78.5 78.5 79.5 2208 950 5.317
1787272834 84.1 85.0 83.2 85.0 2208 950 5.220
1787272835 85.9 86.8 85.0 85.9 1800 950 5.215
1787272836 85.9 86.8 85.0 85.9 1608 950 5.211
1787272837 85.9 86.8 85.0 86.8 1416 950 5.211
1787272838 85.9 86.8 85.0 85.9 1200 950 5.235
1787272840 86.8 87.8 85.9 86.8 1008 950 5.215
1787272841 86.8 86.8 85.0 85.9 1008 950 5.191
1787272842 85.9 86.8 85.0 85.9 1008 950 5.240
1787272843 85.9 86.8 85.0 85.9 1008 950 5.196
1787272844 85.9 86.8 85.0 85.9 816 950 5.230
1787272845 86.8 86.8 85.0 85.9 816 950 5.230
1787272847 85.9 86.8 85.0 85.9 1008 950 5.196
1787272848 85.9 86.8 85.0 85.9 1008 950 5.244
1787272849 85.9 86.8 85.0 85.9 816 950 5.162
1787272850 85.9 86.8 85.0 85.9 816 950 5.211
1787272851 85.9 86.8 85.0 85.9 816 950 5.211
1787272852 85.9 87.8 85.9 85.9 816 950 5.254
1787272854 85.9 86.8 85.0 85.9 1008 950 5.191
1787272855 85.9 86.8 85.0 85.9 816 950 5.215
1787272856 85.9 86.8 85.0 85.9 1008 950 5.211
1787272857 85.9 86.8 85.9 85.9 816 950 5.206
1787272858 86.8 86.8 85.0 85.9 1008 950 5.235
1787272860 85.9 86.8 85.0 85.9 816 950 5.196
1787272861 85.9 86.8 85.0 85.9 816 950 5.254
1787272862 85.9 86.8 85.0 85.9 816 950 5.206
1787272863 85.9 86.8 85.0 85.9 816 950 5.196
1787272864 85.9 86.8 85.0 85.9 816 950 5.191
1787272865 85.9 86.8 85.9 85.9 816 950 5.249
1787272867 85.9 86.8 85.9 85.9 816 950 5.211
1787272868 85.9 87.8 85.9 85.9 816 950 5.211
1787272869 86.8 86.8 85.0 85.9 816 950 5.196
1787272870 85.9 86.8 85.0 85.9 816 950 5.240
1787272871 85.9 87.8 85.9 85.9 816 950 5.191
1787272872 85.9 86.8 85.0 85.9 816 950 5.211
1787272874 85.9 86.8 85.9 85.9 816 950 5.196
1787272875 85.9 86.8 85.9 85.9 816 950 5.196
1787272876 85.9 86.8 85.0 85.9 816 950 5.244
1787272877 85.9 86.8 85.0 85.9 1008 950 5.215
1787272878 85.9 86.8 85.9 85.9 816 950 5.235
1787272879 85.9 86.8 85.0 85.9 816 950 5.182
1787272881 85.9 86.8 85.0 85.9 816 950 5.172
1787272882 85.9 86.8 85.9 85.9 816 950 5.225
1787272883 85.9 86.8 85.9 85.9 816 950 5.220
1787272884 85.9 86.8 85.0 85.9 816 950 5.244
1787272885 86.8 86.8 85.0 85.9 816 950 5.230
1787272886 86.8 86.8 85.9 85.9 816 950 5.196
1787272888 85.9 86.8 85.9 85.9 816 950 5.269
1787272889 85.9 86.8 85.0 85.9 1008 950 5.186
1787272890 85.9 86.8 85.9 85.9 816 950 5.182
1787272891 85.9 86.8 85.9 85.9 816 950 5.196
1787272892 86.8 86.8 85.9 86.8 816 950 5.201
1787272894 85.9 86.8 85.0 85.9 816 950 5.206
1787272895 81.3 81.3 81.3 82.2 2208 950 5.298
1787272896 80.4 80.4 79.5 80.4 2208 950 5.215
1787272897 83.2 84.1 83.2 85.0 2208 950 5.206
1787272898 85.9 86.8 85.0 85.9 1608 950 5.240
1787272899 86.8 86.8 85.0 85.9 1416 950 5.206
1787272900 86.8 86.8 85.9 86.8 1416 950 5.215
1787272901 85.9 86.8 85.0 85.9 1200 950 5.215
1787272903 86.8 86.8 85.9 86.8 1008 950 5.211
1787272904 86.8 86.8 85.9 85.9 1008 950 5.225
1787272905 86.8 87.8 85.9 86.8 1008 950 5.182
1787272906 86.8 86.8 85.9 85.9 816 950 5.220
1787272907 85.9 87.8 85.9 85.9 816 950 5.182
1787272908 85.9 86.8 85.0 85.9 816 950 5.211
1787272910 85.9 87.8 85.0 85.9 816 950 5.240
1787272911 85.9 86.8 85.0 85.9 1008 950 5.235
1787272912 85.9 86.8 85.9 85.9 816 950 5.225
1787272913 85.9 86.8 85.0 85.9 1008 950 5.211
1787272914 85.9 86.8 85.9 85.9 1008 950 5.220
1787272915 85.9 87.8 85.0 85.9 1008 950 5.211
1787272917 85.9 86.8 85.0 85.9 816 950 5.249
1787272918 85.9 86.8 85.9 85.9 816 950 5.249
1787272919 85.9 86.8 85.0 85.9 816 950 5.201
1787272920 85.9 85.9 85.0 85.0 1008 950 5.182
1787272921 85.9 85.9 85.0 85.9 816 950 5.191
1787272922 85.9 86.8 85.0 85.9 1008 950 5.235
1787272924 85.9 86.8 85.0 85.9 1008 950 5.196
1787272925 85.9 86.8 85.0 85.9 1008 950 5.235
1787272926 85.9 87.8 85.0 85.9 816 950 5.211
1787272927 85.9 86.8 85.0 85.9 816 950 5.182
1787272928 85.9 86.8 85.9 85.9 816 950 5.215
1787272929 85.9 86.8 85.0 85.9 1008 950 5.186
1787272931 85.9 86.8 85.0 85.9 816 950 5.211
1787272932 85.9 86.8 85.0 85.9 816 950 5.230
1787272933 85.9 86.8 85.0 85.9 1008 950 5.201
1787272934 85.9 86.8 85.0 85.9 816 950 5.230
1787272935 85.9 86.8 85.0 85.9 816 950 5.182
1787272936 85.9 86.8 85.0 85.9 816 950 5.211
1787272938 85.9 86.8 85.0 85.9 816 950 5.215
1787272939 85.9 87.8 85.9 85.9 816 950 5.211
1787272940 85.9 86.8 85.9 85.9 816 950 5.191
1787272941 85.9 86.8 85.9 85.9 816 950 5.244
1787272942 85.9 86.8 85.9 85.9 816 950 5.206
1787272943 85.9 86.8 85.0 85.9 816 950 5.235
1787272945 85.9 86.8 85.0 85.9 816 950 5.153
1787272946 85.9 86.8 85.9 85.9 816 950 5.249
1787272947 85.9 86.8 85.0 85.9 816 950 5.196
1787272948 85.9 86.8 85.0 85.9 816 950 5.240
1787272949 86.8 86.8 85.0 85.9 816 950 5.235
1787272950 85.9 87.8 85.0 85.9 816 950 5.215
1787272952 85.9 86.8 85.9 85.9 816 950 5.143
1787272953 85.9 86.8 85.9 85.9 816 950 5.235
1787272954 86.8 86.8 85.0 85.9 816 950 5.211
1787272955 86.8 87.8 85.0 85.9 816 950 5.182
1787272956 86.8 86.8 85.9 85.9 816 950 5.230
1787272957 84.1 84.1 83.2 84.1 1416 950 5.225
1787272959 80.4 80.4 79.5 81.3 2208 950 5.302
1787272960 79.5 78.5 77.6 78.5 2208 950 5.235
1787272961 85.0 85.9 85.0 85.0 1800 950 5.191
1787272962 86.8 86.8 85.0 86.8 1608 950 5.191
1787272963 85.9 86.8 85.0 86.8 1416 950 5.215
1787272964 86.8 87.8 85.9 85.9 1200 950 5.186
1787272965 85.9 87.8 85.0 85.9 1200 950 5.259
1787272966 85.9 86.8 85.0 85.9 1200 950 5.230
1787272968 86.8 87.8 85.9 86.8 1200 950 5.215
1787272969 85.9 86.8 85.9 86.8 1008 950 5.244
1787272970 86.8 87.8 85.9 85.9 816 950 5.196
1787272971 85.9 86.8 85.0 85.9 1008 950 5.215
1787272972 85.9 86.8 85.9 85.9 816 950 5.182
1787272973 85.9 86.8 85.0 85.9 1008 950 5.215
1787272975 85.9 86.8 85.0 85.9 816 950 5.186
1787272976 85.9 86.8 85.0 85.9 816 950 5.235
1787272977 85.9 86.8 85.0 85.9 1008 950 5.220
1787272978 85.9 86.8 85.0 85.9 1008 950 5.215
1787272979 85.9 87.8 85.9 85.9 816 950 5.240
1787272980 85.9 86.8 85.0 85.9 816 950 5.172
1787272982 85.9 86.8 85.9 85.9 816 950 5.240
1787272983 85.9 86.8 85.0 85.9 816 950 5.230
1787272984 85.9 86.8 85.0 85.9 816 950 5.240
1787272985 85.9 86.8 85.0 85.9 1008 950 5.177
1787272986 85.9 86.8 85.0 85.9 816 950 5.220
1787272987 85.9 86.8 85.0 85.9 816 950 5.215
1787272989 85.9 87.8 85.9 85.9 816 950 5.211
1787272990 85.9 86.8 85.9 85.9 816 950 5.186
1787272991 85.9 86.8 85.9 85.9 816 950 5.215
1787272992 85.9 86.8 85.0 85.9 1008 950 5.201
1787272993 85.9 86.8 85.0 85.9 816 950 5.240
1787272994 85.9 86.8 85.0 85.9 816 950 5.177
1787272996 85.9 86.8 85.0 85.9 816 950 5.211
1787272997 85.9 86.8 85.0 85.0 1008 950 5.244
1787272998 85.9 86.8 85.9 85.9 816 950 5.206
1787272999 86.8 86.8 85.9 85.9 816 950 5.230
1787273000 85.9 86.8 85.0 85.9 816 950 5.225
1787273002 85.9 86.8 85.0 85.9 816 950 5.211
1787273003 85.9 86.8 85.9 85.9 1008 950 5.215
1787273004 85.9 86.8 85.0 85.9 816 950 5.269
1787273005 85.9 86.8 85.0 85.9 816 950 5.211
1787273006 85.9 86.8 85.0 85.9 816 950 5.230
1787273007 85.9 86.8 85.0 85.9 816 950 5.215
1787273009 85.9 87.8 85.9 85.9 816 950 5.215
1787273010 86.8 87.8 85.9 85.9 816 950 5.201
1787273011 86.8 87.8 85.9 85.9 816 950 5.235
1787273012 85.9 86.8 85.9 85.9 816 950 5.230
1787273013 85.9 86.8 85.0 85.9 816 950 5.254
1787273014 86.8 86.8 85.0 85.9 816 950 5.278
1787273016 85.9 86.8 85.0 85.9 816 950 5.215
1787273017 85.9 86.8 85.9 85.9 816 950 5.172
1787273018 85.9 87.8 85.9 85.9 816 950 5.244
1787273019 86.8 86.8 85.9 85.9 816 950 5.196
1787273020 85.9 86.8 85.9 85.9 816 950 5.240
1787273021 81.3 81.3 80.4 82.2 2208 950 5.278
1787273023 79.5 79.5 78.5 80.4 2208 950 5.211
1787273024 79.5 78.5 78.5 79.5 2208 950 5.225
1787273025 77.6 77.6 76.7 77.6 2208 950 5.244
1787273026 77.6 76.7 76.7 77.6 2208 950 5.293
1787273027 76.7 76.7 75.8 77.6 2208 950 5.254
