epoch soc_c npu_c ddr_c bigcore_c cpu_mhz npu_mhz volt_v
1787271112 48.1 47.2 47.2 48.1 2208 950 5.269
1787271113 47.2 46.2 46.2 47.2 2208 950 5.264
1787271114 46.2 46.2 45.3 46.2 2208 950 5.269
1787271115 46.2 46.2 45.3 46.2 2208 950 5.317
1787271117 46.2 46.2 45.3 46.2 2208 950 5.264
1787271118 46.2 45.3 45.3 46.2 2208 950 5.307
1787271119 50.8 51.8 49.9 51.8 2208 950 5.278
1787271120 53.6 54.5 53.6 55.5 2208 950 5.298
1787271121 54.5 55.5 54.5 56.4 2208 950 5.254
1787271122 55.5 56.4 55.5 57.3 2208 950 5.206
1787271123 57.3 57.3 56.4 58.2 2208 950 5.259
1787271124 57.3 58.2 57.3 59.2 2208 950 5.177
1787271125 59.2 59.2 58.2 60.1 2208 950 5.254
1787271127 59.2 59.2 58.2 60.1 2208 950 5.206
1787271128 60.1 60.1 59.2 60.1 2208 950 5.254
1787271129 60.1 60.1 59.2 61.0 2208 950 5.230
1787271130 60.1 61.0 60.1 61.0 2208 950 5.240
1787271131 61.0 61.0 60.1 61.0 2208 950 5.201
1787271132 61.9 61.9 61.0 62.8 2208 950 5.211
1787271133 61.9 61.9 61.0 62.8 2208 950 5.196
1787271135 61.9 61.9 61.0 63.8 2208 950 5.211
1787271136 61.9 62.8 61.0 62.8 2208 950 5.249
1787271137 62.8 62.8 61.9 64.7 2208 950 5.225
1787271138 61.9 62.8 61.9 62.8 2208 950 5.240
1787271139 62.8 63.8 62.8 64.7 2208 950 5.249
1787271140 63.8 64.7 62.8 64.7 2208 950 5.230
1787271141 63.8 63.8 62.8 64.7 2208 950 5.220
1787271142 63.8 64.7 62.8 64.7 2208 950 5.235
1787271144 63.8 64.7 63.8 65.6 2208 950 5.244
1787271145 64.7 64.7 63.8 65.6 2208 950 5.177
1787271146 64.7 65.6 63.8 65.6 2208 950 5.225
1787271147 65.6 65.6 64.7 67.5 2208 950 5.196
1787271148 64.7 64.7 63.8 65.6 2208 950 5.182
1787271149 65.6 66.5 65.6 66.5 2208 950 5.225
1787271150 65.6 66.5 65.6 66.5 2208 950 5.220
1787271151 66.5 66.5 64.7 66.5 2208 950 5.235
1787271152 66.5 67.5 65.6 68.4 2208 950 5.249
1787271154 66.5 66.5 65.6 67.5 2208 950 5.211
1787271155 67.5 66.5 65.6 68.4 2208 950 5.230
1787271156 67.5 67.5 66.5 68.4 2208 950 5.211
1787271157 67.5 67.5 66.5 68.4 2208 950 5.206
1787271158 67.5 68.4 66.5 68.4 2208 950 5.273
1787271159 68.4 68.4 67.5 69.3 2208 950 5.244
1787271160 68.4 68.4 67.5 69.3 2208 950 5.215
1787271162 68.4 68.4 67.5 69.3 2208 950 5.254
1787271163 68.4 68.4 68.4 70.2 2208 950 5.215
1787271164 68.4 68.4 67.5 69.3 2208 950 5.240
1787271165 68.4 69.3 68.4 69.3 2208 950 5.215
1787271166 68.4 69.3 68.4 69.3 2208 950 5.211
1787271167 69.3 69.3 68.4 71.2 2208 950 5.196
1787271168 69.3 70.2 69.3 70.2 2208 950 5.220
1787271169 69.3 69.3 68.4 70.2 2208 950 5.269
1787271171 69.3 70.2 68.4 70.2 2208 950 5.225
1787271172 70.2 70.2 69.3 71.2 2208 950 5.225
1787271173 69.3 70.2 69.3 71.2 2208 950 5.230
1787271174 70.2 70.2 69.3 72.1 2208 950 5.186
1787271175 70.2 71.2 70.2 71.2 2208 950 5.201
1787271176 70.2 71.2 69.3 71.2 2208 950 5.206
1787271177 70.2 71.2 70.2 72.1 2208 950 5.249
1787271178 70.2 71.2 70.2 72.1 2208 950 5.240
1787271180 64.7 64.7 63.8 65.6 2208 950 5.283
1787271181 62.8 62.8 61.9 62.8 2208 950 5.298
1787271182 61.9 61.0 61.0 62.8 2208 950 5.302
1787271183 61.0 60.1 60.1 61.0 2208 950 5.240
1787271184 65.6 66.5 65.6 67.5 2208 950 5.206
1787271185 68.4 69.3 68.4 70.2 2208 950 5.196
1787271186 68.4 69.3 68.4 70.2 2208 950 5.186
1787271187 69.3 70.2 69.3 71.2 2208 950 5.206
1787271188 70.2 70.2 69.3 71.2 2208 950 5.254
1787271189 69.3 70.2 69.3 71.2 2208 950 5.225
1787271191 71.2 71.2 70.2 73.0 2208 950 5.259
1787271192 72.1 72.1 71.2 72.1 2208 950 5.196
1787271193 71.2 72.1 70.2 72.1 2208 950 5.186
1787271194 72.1 72.1 71.2 73.0 2208 950 5.225
1787271195 71.2 72.1 71.2 73.0 2208 950 5.230
1787271196 73.0 73.0 72.1 73.9 2208 950 5.244
1787271197 72.1 72.1 71.2 73.9 2208 950 5.220
1787271199 73.0 73.0 72.1 73.9 2208 950 5.249
1787271200 72.1 73.0 71.2 73.9 2208 950 5.230
1787271201 73.0 73.0 72.1 74.8 2208 950 5.196
1787271202 73.0 73.0 72.1 74.8 2208 950 5.211
1787271203 73.0 73.0 72.1 73.9 2208 950 5.220
1787271204 73.9 73.9 73.0 74.8 2208 950 5.182
1787271205 73.0 73.9 73.0 73.9 2208 950 5.157
1787271206 73.0 73.9 73.0 74.8 2208 950 5.230
1787271207 73.9 73.9 73.0 74.8 2208 950 5.211
1787271209 73.9 74.8 73.0 75.8 2208 950 5.235
1787271210 74.8 74.8 73.9 75.8 2208 950 5.215
1787271211 73.9 74.8 73.0 75.8 2208 950 5.211
1787271212 73.9 73.9 73.0 75.8 2208 950 5.235
1787271213 74.8 74.8 73.9 75.8 2208 950 5.211
1787271214 73.9 74.8 73.9 75.8 2208 950 5.201
1787271215 74.8 75.8 74.8 75.8 2208 950 5.211
1787271217 74.8 74.8 73.9 75.8 2208 950 5.215
1787271218 75.8 75.8 74.8 76.7 2208 950 5.177
1787271219 74.8 75.8 74.8 76.7 2208 950 5.206
1787271220 74.8 75.8 74.8 75.8 2208 950 5.201
1787271221 74.8 75.8 74.8 76.7 2208 950 5.283
1787271222 74.8 75.8 74.8 76.7 2208 950 5.206
1787271223 75.8 75.8 75.8 77.6 2208 950 5.186
1787271225 75.8 75.8 74.8 76.7 2208 950 5.211
1787271226 75.8 75.8 75.8 76.7 2208 950 5.230
1787271227 75.8 76.7 75.8 76.7 2208 950 5.215
1787271228 75.8 75.8 75.8 77.6 2208 950 5.211
1787271229 76.7 76.7 75.8 78.5 2208 950 5.172
1787271230 75.8 76.7 75.8 76.7 2208 950 5.244
1787271231 76.7 77.6 76.7 78.5 2208 950 5.220
1787271232 77.6 77.6 76.7 78.5 2208 950 5.215
1787271234 76.7 77.6 76.7 77.6 2208 950 5.225
1787271235 76.7 76.7 75.8 77.6 2208 950 5.211
1787271236 77.6 77.6 76.7 78.5 2208 950 5.230
1787271237 77.6 77.6 76.7 78.5 2208 950 5.211
1787271238 77.6 77.6 76.7 78.5 2208 950 5.196
1787271239 77.6 77.6 76.7 78.5 2208 950 5.206
1787271240 77.6 78.5 76.7 79.5 2208 950 5.206
1787271242 77.6 77.6 76.7 79.5 2208 950 5.225
1787271243 77.6 78.5 76.7 78.5 2208 950 5.215
1787271244 73.9 73.0 73.0 73.9 2208 950 5.302
1787271245 71.2 70.2 70.2 71.2 2208 950 5.240
1787271246 69.3 69.3 68.4 72.1 2208 950 5.215
1787271247 74.8 74.8 73.9 75.8 2208 950 5.230
1787271248 75.8 76.7 75.8 77.6 2208 950 5.211
1787271249 76.7 76.7 75.8 78.5 2208 950 5.269
1787271251 76.7 76.7 75.8 77.6 2208 950 5.201
1787271252 76.7 76.7 76.7 77.6 2208 950 5.215
1787271253 76.7 76.7 76.7 78.5 2208 950 5.235
1787271254 77.6 77.6 76.7 77.6 2208 950 5.215
1787271255 77.6 78.5 77.6 80.4 2208 950 5.249
1787271256 78.5 78.5 77.6 79.5 2208 950 5.230
1787271257 77.6 78.5 77.6 78.5 2208 950 5.240
1787271258 78.5 78.5 77.6 80.4 2208 950 5.235
1787271260 78.5 78.5 77.6 79.5 2208 950 5.230
1787271261 79.5 79.5 78.5 81.3 2208 950 5.225
1787271262 78.5 78.5 77.6 79.5 2208 950 5.201
1787271263 78.5 78.5 78.5 80.4 2208 950 5.196
1787271264 78.5 79.5 78.5 79.5 2208 950 5.196
1787271265 78.5 79.5 77.6 79.5 2208 950 5.240
1787271266 78.5 78.5 77.6 79.5 2208 950 5.264
1787271267 79.5 80.4 78.5 81.3 2208 950 5.206
1787271269 79.5 80.4 78.5 81.3 2208 950 5.206
1787271270 79.5 80.4 79.5 81.3 2208 950 5.215
1787271271 79.5 79.5 78.5 80.4 2208 950 5.293
1787271272 79.5 79.5 78.5 80.4 2208 950 5.240
1787271273 79.5 79.5 78.5 80.4 2208 950 5.206
1787271274 80.4 80.4 79.5 81.3 2208 950 5.206
1787271275 79.5 80.4 79.5 81.3 2208 950 5.191
1787271277 80.4 80.4 79.5 81.3 2208 950 5.244
1787271278 80.4 80.4 79.5 81.3 2208 950 5.240
1787271279 80.4 80.4 79.5 81.3 2208 950 5.220
1787271280 80.4 80.4 79.5 81.3 2208 950 5.225
1787271281 80.4 79.5 79.5 80.4 2208 950 5.201
1787271282 80.4 80.4 80.4 82.2 2208 950 5.206
1787271283 80.4 80.4 79.5 81.3 2208 950 5.288
1787271284 80.4 80.4 79.5 82.2 2208 950 5.177
1787271286 80.4 81.3 80.4 82.2 2208 950 5.177
1787271287 81.3 81.3 80.4 82.2 2208 950 5.293
1787271288 81.3 81.3 80.4 83.2 2208 950 5.186
1787271289 80.4 81.3 80.4 82.2 2208 950 5.215
1787271290 81.3 82.2 80.4 83.2 2208 950 5.235
1787271291 81.3 82.2 80.4 83.2 2208 950 5.196
1787271292 81.3 81.3 80.4 82.2 2208 950 5.225
1787271294 81.3 82.2 81.3 83.2 2208 950 5.244
1787271295 81.3 82.2 80.4 82.2 2208 950 5.215
1787271296 81.3 82.2 80.4 83.2 2208 950 5.201
1787271297 81.3 82.2 81.3 84.1 2208 950 5.220
1787271298 81.3 82.2 80.4 83.2 2208 950 5.235
1787271299 81.3 81.3 80.4 82.2 2208 950 5.206
1787271300 82.2 82.2 81.3 82.2 2208 950 5.225
1787271302 82.2 82.2 81.3 84.1 2208 950 5.211
1787271303 81.3 82.2 81.3 83.2 2208 950 5.172
1787271304 82.2 83.2 82.2 84.1 2208 950 5.211
1787271305 82.2 83.2 82.2 84.1 2208 950 5.148
1787271306 82.2 82.2 81.3 83.2 2208 950 5.215
1787271307 76.7 75.8 75.8 76.7 2208 950 5.283
1787271308 74.8 73.9 73.9 74.8 2208 950 5.283
1787271309 75.8 75.8 74.8 76.7 2208 950 5.225
1787271310 79.5 80.4 78.5 81.3 2208 950 5.235
1787271312 80.4 80.4 79.5 81.3 2208 950 5.211
1787271313 81.3 81.3 80.4 83.2 2208 950 5.235
1787271314 81.3 82.2 80.4 82.2 2208 950 5.230
1787271315 81.3 81.3 80.4 83.2 2208 950 5.211
1787271316 82.2 82.2 81.3 83.2 2208 950 5.186
1787271317 82.2 82.2 81.3 83.2 2208 950 5.235
1787271318 82.2 82.2 81.3 83.2 2208 950 5.211
1787271320 82.2 82.2 81.3 83.2 2208 950 5.206
1787271321 82.2 82.2 81.3 83.2 2208 950 5.206
1787271322 82.2 83.2 82.2 84.1 2208 950 5.162
1787271323 82.2 82.2 81.3 83.2 2208 950 5.240
1787271324 82.2 82.2 81.3 83.2 2208 950 5.191
1787271325 82.2 82.2 81.3 83.2 2208 950 5.230
1787271326 82.2 83.2 82.2 84.1 2208 950 5.259
1787271327 82.2 83.2 82.2 84.1 2208 950 5.230
1787271329 82.2 83.2 82.2 84.1 2208 950 5.172
1787271330 83.2 83.2 82.2 84.1 2208 950 5.182
1787271331 82.2 83.2 81.3 83.2 2208 950 5.206
1787271332 83.2 83.2 82.2 84.1 2208 950 5.240
1787271333 83.2 83.2 82.2 84.1 2208 950 5.196
1787271334 83.2 83.2 82.2 84.1 2208 950 5.259
1787271335 83.2 84.1 82.2 84.1 2208 950 5.244
1787271336 83.2 84.1 83.2 85.0 2208 950 5.230
1787271338 84.1 84.1 83.2 85.0 2208 950 5.211
1787271339 84.1 84.1 83.2 84.1 2208 950 5.191
1787271340 84.1 84.1 83.2 85.0 2208 950 5.244
1787271341 84.1 84.1 83.2 85.9 2208 950 5.167
1787271342 84.1 84.1 83.2 85.0 2208 950 5.235
1787271343 84.1 84.1 83.2 85.0 2016 950 5.191
1787271344 84.1 84.1 83.2 85.0 2016 950 5.211
1787271346 84.1 84.1 83.2 85.0 2208 950 5.201
1787271347 84.1 84.1 83.2 85.0 2208 950 5.191
1787271348 84.1 85.0 84.1 85.9 2016 950 5.191
1787271349 84.1 85.0 84.1 85.0 2016 950 5.244
1787271350 84.1 84.1 83.2 85.0 2016 950 5.244
1787271351 84.1 84.1 83.2 85.9 2016 950 5.177
1787271352 84.1 85.0 84.1 85.9 2016 950 5.240
1787271354 84.1 84.1 83.2 85.0 2208 950 5.215
1787271355 84.1 84.1 83.2 85.0 2016 950 5.215
1787271356 84.1 84.1 83.2 85.0 2016 950 5.225
1787271357 84.1 84.1 84.1 85.0 2016 950 5.196
1787271358 84.1 84.1 83.2 84.1 2208 950 5.225
1787271359 84.1 85.0 84.1 85.9 2016 950 5.211
1787271360 83.2 83.2 83.2 84.1 2208 950 5.215
1787271361 84.1 84.1 83.2 85.9 2016 950 5.254
1787271362 84.1 85.0 84.1 85.9 2016 950 5.191
1787271364 84.1 84.1 84.1 85.0 2016 950 5.201
1787271365 84.1 84.1 84.1 85.9 2016 950 5.211
1787271366 84.1 84.1 83.2 84.1 2208 950 5.215
1787271367 84.1 85.0 84.1 85.9 2016 950 5.235
1787271368 85.0 85.0 84.1 85.9 2016 950 5.215
1787271369 84.1 85.0 84.1 85.9 2016 950 5.220
1787271370 78.5 77.6 77.6 78.5 2208 950 5.307
1787271371 76.7 75.8 75.8 76.7 2208 950 5.302
1787271373 79.5 79.5 78.5 80.4 2208 950 5.215
1787271374 82.2 82.2 81.3 84.1 2208 950 5.206
1787271375 83.2 84.1 82.2 84.1 2208 950 5.211
1787271376 84.1 84.1 83.2 85.0 2208 950 5.211
1787271377 84.1 84.1 83.2 85.0 2016 950 5.215
1787271378 83.2 84.1 83.2 85.0 2208 950 5.211
1787271379 84.1 84.1 83.2 85.0 2016 950 5.177
1787271381 84.1 84.1 83.2 85.0 2016 950 5.201
1787271382 84.1 84.1 83.2 85.0 2016 950 5.230
1787271383 84.1 84.1 83.2 85.0 2016 950 5.206
1787271384 84.1 84.1 83.2 84.1 2016 950 5.215
1787271385 84.1 85.0 84.1 85.9 2016 950 5.191
1787271386 84.1 85.0 84.1 85.0 2016 950 5.230
1787271387 85.0 85.0 84.1 85.9 2016 950 5.240
1787271388 84.1 85.0 84.1 85.9 2016 950 5.235
1787271390 84.1 84.1 84.1 85.0 2208 950 5.196
1787271391 85.0 85.0 84.1 85.9 2016 950 5.215
1787271392 84.1 85.0 84.1 85.9 2016 950 5.244
1787271393 84.1 85.0 84.1 85.9 2016 950 5.235
1787271394 84.1 85.0 84.1 85.0 2016 950 5.196
1787271395 85.0 85.0 84.1 85.9 2208 950 5.211
1787271396 84.1 84.1 84.1 85.0 2208 950 5.225
1787271397 84.1 85.0 84.1 85.0 2016 950 5.196
1787271399 85.0 85.9 84.1 85.9 2016 950 5.259
1787271400 85.0 85.9 84.1 85.9 2016 950 5.191
1787271401 84.1 85.0 84.1 85.0 2016 950 5.196
1787271402 85.0 85.0 84.1 85.9 2016 950 5.211
1787271403 85.0 85.0 84.1 85.9 2016 950 5.157
1787271404 85.0 85.0 84.1 85.9 2016 950 5.230
1787271405 85.0 85.9 85.0 85.9 2016 950 5.259
1787271407 85.0 85.0 84.1 85.0 1800 950 5.206
1787271408 85.0 85.9 84.1 85.9 1800 950 5.225
1787271409 85.0 85.9 84.1 85.0 1800 950 5.191
1787271410 84.1 85.0 84.1 85.9 2016 950 5.215
1787271411 85.0 85.9 84.1 85.9 2016 950 5.206
1787271412 85.0 85.9 84.1 85.9 1800 950 5.186
1787271414 85.0 84.1 84.1 85.0 1800 950 5.211
1787271415 84.1 85.0 84.1 85.0 2016 950 5.225
1787271416 85.0 85.0 84.1 85.9 1800 950 5.186
1787271417 85.0 85.9 84.1 85.0 2016 950 5.215
1787271418 85.0 85.9 84.1 85.9 1800 950 5.254
1787271419 85.0 85.9 84.1 85.9 1800 950 5.186
1787271420 85.0 85.9 84.1 85.9 1800 950 5.225
1787271422 85.0 85.9 84.1 85.9 1800 950 5.235
1787271423 85.0 85.9 84.1 85.9 1800 950 5.244
1787271424 85.0 85.0 84.1 85.9 1800 950 5.196
1787271425 85.0 85.9 84.1 85.9 1800 950 5.177
1787271426 85.0 85.9 84.1 85.0 1800 950 5.264
1787271427 85.0 85.9 84.1 85.9 1800 950 5.191
1787271428 85.0 85.9 84.1 85.9 1800 950 5.211
1787271430 85.0 85.9 84.1 85.9 1800 950 5.269
1787271431 85.9 85.9 85.0 85.9 1800 950 5.220
1787271432 85.0 85.9 84.1 85.9 1800 950 5.215
1787271433 84.1 84.1 84.1 84.1 2208 950 5.269
1787271434 78.5 77.6 77.6 78.5 2208 950 5.269
1787271435 76.7 76.7 75.8 76.7 2208 950 5.307
1787271436 76.7 75.8 74.8 76.7 2208 950 5.307
1787271437 80.4 81.3 79.5 82.2 2208 950 5.240
1787271438 82.2 83.2 82.2 84.1 2208 950 5.225
1787271440 83.2 84.1 82.2 84.1 2208 950 5.206
1787271441 84.1 84.1 83.2 85.0 2208 950 5.240
1787271442 84.1 84.1 84.1 85.0 2208 950 5.249
1787271443 84.1 85.0 84.1 85.9 2016 950 5.254
1787271444 84.1 84.1 84.1 85.0 2016 950 5.206
1787271445 85.0 85.9 84.1 85.9 2016 950 5.225
1787271446 84.1 85.0 84.1 85.9 2016 950 5.220
1787271447 85.0 85.9 84.1 85.9 1800 950 5.215
1787271449 85.0 85.0 84.1 85.9 1800 950 5.259
1787271450 85.0 85.9 84.1 85.9 1800 950 5.240
1787271451 85.0 85.9 84.1 85.9 2016 950 5.244
1787271452 85.0 85.9 84.1 85.9 1800 950 5.230
1787271453 85.0 85.0 84.1 85.0 1800 950 5.244
1787271454 84.1 85.0 84.1 85.9 1800 950 5.235
1787271455 85.0 85.0 84.1 85.0 2016 950 5.186
1787271456 85.0 85.0 84.1 85.9 2016 950 5.235
1787271458 85.0 85.9 85.0 85.9 1800 950 5.240
1787271459 85.0 85.0 84.1 85.0 1800 950 5.225
1787271460 85.0 85.0 84.1 85.9 2016 950 5.182
1787271461 85.0 85.9 84.1 85.9 1800 950 5.206
1787271462 85.0 85.9 85.0 85.9 1800 950 5.230
1787271463 85.0 85.9 84.1 85.9 1800 950 5.235
1787271465 85.0 85.9 84.1 85.9 1800 950 5.182
1787271466 85.0 85.0 84.1 85.9 1800 950 5.249
1787271467 85.0 85.9 85.0 85.9 1800 950 5.225
1787271468 85.0 85.9 84.1 85.0 1800 950 5.254
1787271469 85.0 85.9 85.0 85.9 1800 950 5.235
1787271470 85.0 85.9 84.1 85.9 1800 950 5.240
1787271471 85.0 85.0 84.1 85.9 1800 950 5.191
1787271472 85.0 85.9 84.1 85.9 1800 950 5.225
1787271474 85.0 85.9 85.0 85.9 1800 950 5.230
1787271475 85.0 85.9 84.1 85.9 1800 950 5.225
1787271476 85.0 85.9 85.0 85.9 1800 950 5.196
1787271477 85.0 85.9 85.0 85.9 1800 950 5.186
1787271478 85.9 85.9 85.0 85.9 1800 950 5.230
1787271479 85.0 86.8 85.0 85.9 1800 950 5.230
1787271480 85.0 85.0 84.1 85.0 1800 950 5.240
1787271482 85.0 85.9 84.1 85.9 1608 950 5.240
1787271483 85.9 85.9 85.0 85.9 1608 950 5.196
1787271484 85.0 85.0 84.1 85.9 1608 950 5.225
1787271485 85.9 85.9 85.0 85.9 1608 950 5.240
1787271486 85.9 85.9 85.0 85.0 1608 950 5.201
1787271487 85.0 85.9 84.1 85.0 1608 950 5.249
1787271488 85.0 85.9 85.0 85.9 1608 950 5.220
1787271490 85.0 85.9 84.1 85.9 1608 950 5.230
1787271491 84.1 84.1 84.1 85.0 1800 950 5.259
1787271492 85.9 85.9 85.0 85.9 1800 950 5.191
1787271493 85.0 85.0 84.1 85.0 1800 950 5.235
1787271494 85.0 85.9 84.1 85.9 1800 950 5.186
1787271495 85.0 85.9 84.1 85.9 1800 950 5.230
1787271496 85.9 85.9 85.0 85.9 1800 950 5.196
1787271497 85.9 86.8 85.0 85.9 1608 950 5.293
1787271499 79.5 78.5 78.5 79.5 2208 950 5.278
1787271500 77.6 76.7 76.7 78.5 2208 950 5.259
1787271501 82.2 82.2 81.3 84.1 2208 950 5.196
1787271502 84.1 85.0 84.1 85.9 2016 950 5.196
1787271503 84.1 85.0 83.2 85.0 2208 950 5.196
1787271504 85.0 85.9 84.1 85.9 2016 950 5.215
1787271505 85.0 85.9 84.1 85.9 1800 950 5.191
1787271506 85.0 85.9 85.0 85.9 1800 950 5.215
1787271508 85.0 85.9 85.0 85.9 1800 950 5.225
1787271509 85.0 85.9 85.0 85.9 1800 950 5.259
1787271510 85.0 85.9 84.1 85.0 1800 950 5.230
1787271511 85.0 85.9 84.1 85.9 1608 950 5.191
1787271512 85.0 85.9 85.0 85.9 1608 950 5.215
1787271513 85.0 85.9 84.1 85.0 1608 950 5.225
1787271514 85.0 85.9 84.1 85.0 1800 950 5.182
1787271516 85.0 85.9 85.0 85.9 1608 950 5.215
1787271517 85.0 85.9 85.0 85.9 1608 950 5.215
1787271518 85.9 85.9 85.0 85.9 1608 950 5.235
1787271519 85.0 85.9 85.0 85.9 1608 950 5.215
1787271520 85.0 86.8 85.0 85.9 1608 950 5.215
1787271521 85.9 86.8 84.1 85.0 1608 950 5.211
1787271522 85.0 85.0 84.1 85.0 1800 950 5.259
1787271524 85.0 85.9 85.0 85.0 1608 950 5.269
1787271525 85.0 85.9 85.0 85.9 1608 950 5.220
1787271526 85.9 85.9 85.0 85.9 1800 950 5.230
1787271527 85.0 85.9 84.1 85.9 1608 950 5.235
1787271528 85.9 85.0 84.1 85.9 1608 950 5.244
1787271529 85.0 85.9 85.0 85.9 1608 950 5.259
1787271530 85.9 86.8 85.0 85.9 1608 950 5.283
1787271531 85.9 86.8 85.0 85.9 1608 950 5.215
1787271533 85.9 85.9 85.0 85.9 1608 950 5.191
1787271534 85.0 85.9 84.1 85.9 1800 950 5.293
1787271535 85.9 86.8 85.0 85.9 1608 950 5.186
1787271536 85.0 85.9 84.1 85.0 1608 950 5.206
1787271537 85.0 85.9 84.1 85.9 1800 950 5.240
1787271538 85.0 85.0 84.1 85.0 1608 950 5.259
1787271539 85.0 85.9 84.1 85.9 1800 950 5.201
1787271541 85.0 85.9 84.1 85.0 1800 950 5.220
1787271542 85.0 84.1 84.1 85.9 1800 950 5.211
1787271543 85.9 85.9 85.0 85.9 1800 950 5.206
1787271544 85.0 85.0 84.1 85.9 1800 950 5.230
1787271545 85.9 85.9 85.0 85.9 1800 950 5.225
1787271546 85.0 85.9 85.0 85.9 1800 950 5.211
1787271547 85.9 86.8 85.0 85.9 1800 950 5.235
1787271548 85.9 85.9 85.0 85.9 1800 950 5.225
1787271550 85.9 85.9 85.0 86.8 1800 950 5.220
1787271551 85.0 85.9 85.0 85.9 1608 950 5.230
1787271552 85.9 86.8 85.0 85.9 1608 950 5.186
1787271553 85.0 85.9 85.0 85.9 1608 950 5.302
1787271554 85.9 85.9 85.0 85.9 1608 950 5.215
1787271555 85.9 85.9 85.0 85.9 1608 950 5.220
1787271556 85.0 85.9 85.0 85.0 1608 950 5.206
1787271557 85.0 85.9 84.1 85.0 1608 950 5.206
1787271559 85.0 85.9 85.0 85.9 1608 950 5.244
1787271560 85.0 85.9 85.0 85.9 1608 950 5.201
1787271561 82.2 81.3 81.3 82.2 2208 950 5.283
1787271562 79.5 78.5 78.5 80.4 2208 950 5.312
1787271563 77.6 77.6 76.7 77.6 2208 950 5.230
1787271564 83.2 84.1 83.2 85.0 2208 950 5.220
1787271565 85.0 85.9 84.1 85.9 2016 950 5.211
1787271566 85.0 85.9 85.0 85.9 2016 950 5.230
1787271567 85.0 85.9 85.0 85.9 1800 950 5.254
1787271569 85.0 85.9 84.1 85.0 1800 950 5.240
1787271570 85.0 85.9 85.0 85.9 1800 950 5.259
1787271571 85.0 85.9 84.1 85.9 1800 950 5.206
1787271572 85.0 85.9 84.1 85.9 1800 950 5.225
1787271573 85.9 86.8 85.0 85.9 1800 950 5.244
1787271574 85.9 86.8 85.0 85.9 1608 950 5.215
1787271575 85.0 85.9 85.0 85.9 1608 950 5.206
1787271576 85.9 86.8 85.0 85.9 1608 950 5.230
1787271578 85.9 85.9 85.0 85.9 1608 950 5.196
1787271579 85.9 85.9 85.0 85.9 1608 950 5.220
1787271580 85.9 86.8 85.0 85.9 1608 950 5.235
1787271581 85.9 85.9 85.0 85.9 1608 950 5.211
1787271582 85.9 85.9 84.1 85.9 1608 950 5.273
1787271583 85.9 86.8 85.0 85.9 1608 950 5.220
1787271584 85.0 85.9 85.0 85.9 1608 950 5.230
1787271586 85.0 85.9 84.1 85.9 1608 950 5.235
1787271587 85.9 86.8 85.0 85.0 1608 950 5.201
1787271588 85.9 85.9 85.0 85.9 1800 950 5.220
1787271589 85.0 85.9 85.0 85.9 1800 950 5.269
1787271590 85.0 85.9 85.0 85.9 1800 950 5.230
1787271591 85.0 85.9 84.1 85.0 1800 950 5.215
1787271592 85.9 86.8 85.0 85.9 1608 950 5.244
1787271593 85.0 85.9 85.0 85.9 1608 950 5.225
1787271595 85.0 85.9 85.0 85.9 1608 950 5.240
1787271596 85.9 86.8 85.0 85.9 1608 950 5.211
1787271597 85.9 85.9 85.0 85.9 1608 950 5.240
1787271598 85.9 86.8 85.0 85.9 1608 950 5.201
1787271599 85.9 86.8 85.0 85.9 1608 950 5.264
1787271600 85.0 85.9 85.0 85.9 1608 950 5.215
1787271601 85.9 85.9 85.0 85.9 1608 950 5.240
1787271603 85.9 85.9 85.0 85.9 1608 950 5.225
1787271604 85.0 85.9 85.0 85.9 1608 950 5.167
1787271605 85.9 85.9 85.0 85.0 1608 950 5.215
1787271606 85.0 85.9 85.0 85.9 1608 950 5.235
1787271607 85.9 85.9 84.1 85.9 1608 950 5.215
1787271608 85.0 85.9 84.1 85.9 1608 950 5.220
1787271609 85.0 85.0 84.1 85.0 2016 950 5.220
1787271610 85.9 85.9 84.1 85.9 1800 950 5.191
1787271612 85.0 85.9 85.0 85.9 1800 950 5.254
1787271613 85.0 85.9 85.0 85.9 1608 950 5.235
1787271614 85.9 85.9 85.0 85.9 1608 950 5.235
1787271615 85.0 85.9 85.0 85.9 1608 950 5.172
1787271616 85.0 86.8 85.0 85.9 1608 950 5.254
1787271617 85.0 85.9 84.1 85.9 1800 950 5.201
1787271618 85.9 85.9 85.0 85.9 1608 950 5.278
1787271620 85.9 85.9 85.0 85.9 1608 950 5.230
1787271621 85.0 85.9 85.0 85.9 1608 950 5.240
1787271622 85.0 85.9 85.0 85.9 1608 950 5.293
1787271623 85.0 85.0 84.1 85.0 1608 950 5.215
1787271624 81.3 80.4 80.4 82.2 2208 950 5.264
1787271625 79.5 78.5 78.5 80.4 2208 950 5.273
1787271626 77.6 76.7 76.7 77.6 2208 950 5.293
1787271627 84.1 84.1 83.2 85.0 2016 950 5.172
1787271628 85.0 85.0 84.1 85.9 2016 950 5.211
1787271630 85.0 85.0 84.1 85.0 2016 950 5.240
1787271631 85.0 85.9 85.0 85.9 1800 950 5.172
1787271632 85.0 85.9 84.1 85.9 1800 950 5.235
1787271633 85.0 85.9 84.1 85.9 1800 950 5.244
1787271634 85.9 85.9 85.0 85.9 1800 950 5.196
1787271635 85.9 85.9 85.0 85.9 1800 950 5.230
1787271637 85.9 85.9 85.0 85.9 1800 950 5.211
1787271638 85.9 85.9 85.0 85.9 1800 950 5.211
1787271639 85.9 85.9 85.0 85.9 1800 950 5.244
1787271640 85.0 85.9 84.1 85.9 1608 950 5.244
1787271641 85.0 85.9 84.1 85.0 1608 950 5.215
1787271642 85.0 86.8 85.0 85.9 1608 950 5.230
1787271643 85.0 85.9 84.1 85.9 1608 950 5.259
1787271644 85.9 85.9 85.0 85.9 1800 950 5.172
1787271646 85.9 85.9 84.1 85.9 1800 950 5.215
1787271647 85.9 85.9 85.0 85.9 1800 950 5.191
1787271648 85.9 85.9 85.0 85.9 1800 950 5.240
1787271649 85.9 86.8 85.0 85.9 1608 950 5.196
1787271650 85.0 85.9 85.0 85.9 1608 950 5.211
1787271651 85.0 86.8 85.0 85.9 1608 950 5.206
1787271652 85.0 85.9 84.1 85.0 1800 950 5.225
1787271654 85.9 85.9 84.1 85.9 1608 950 5.191
1787271655 85.0 85.9 85.0 85.9 1608 950 5.254
1787271656 85.0 85.9 84.1 85.9 1608 950 5.201
1787271657 85.0 85.9 85.0 85.9 1608 950 5.225
1787271658 84.1 85.9 84.1 85.0 1800 950 5.240
1787271659 85.0 85.9 84.1 85.9 1608 950 5.244
1787271660 85.9 86.8 85.0 85.0 1800 950 5.230
1787271661 85.0 85.9 84.1 85.0 1608 950 5.211
1787271663 85.9 85.9 85.0 85.9 1608 950 5.244
1787271664 85.9 85.9 85.0 85.9 1608 950 5.191
1787271665 85.9 85.9 85.0 85.9 1608 950 5.196
1787271666 85.0 85.9 84.1 85.9 1608 950 5.235
1787271667 85.9 86.8 85.0 85.9 1608 950 5.235
1787271668 85.0 85.9 85.0 85.9 1608 950 5.196
1787271669 85.0 85.9 85.0 85.9 1608 950 5.201
1787271670 85.0 85.9 84.1 85.0 1800 950 5.244
1787271672 85.9 85.9 85.0 85.9 1608 950 5.269
1787271673 85.0 85.9 84.1 85.0 1608 950 5.254
1787271674 85.0 85.9 84.1 85.9 1800 950 5.259
1787271675 85.9 85.9 84.1 85.9 1608 950 5.230
1787271676 85.9 85.9 85.0 85.9 1608 950 5.201
1787271677 85.0 85.9 84.1 85.0 1608 950 5.235
1787271678 85.9 85.9 85.0 85.9 1608 950 5.211
1787271680 85.9 85.9 85.0 85.9 1608 950 5.264
1787271681 85.0 85.0 84.1 85.0 1800 950 5.273
1787271682 85.0 85.9 84.1 85.0 1608 950 5.225
1787271683 85.0 85.9 85.0 85.9 1608 950 5.211
1787271684 85.0 85.9 85.0 85.9 1608 950 5.273
1787271685 85.0 85.9 84.1 85.9 1608 950 5.215
1787271686 85.0 85.9 85.0 85.9 1608 950 5.288
1787271687 80.4 80.4 80.4 81.3 2208 950 5.269
1787271688 79.5 78.5 78.5 79.5 2208 950 5.288
1787271689 77.6 76.7 76.7 77.6 2208 950 5.201
1787271691 83.2 83.2 82.2 84.1 2208 950 5.143
1787271692 85.0 85.0 84.1 85.0 2016 950 5.225
1787271693 84.1 85.0 84.1 85.0 2016 950 5.215
1787271694 85.0 85.9 84.1 85.9 2016 950 5.225
1787271695 85.0 85.9 85.0 85.9 1800 950 5.220
1787271696 85.0 85.9 84.1 85.9 1800 950 5.225
1787271697 85.9 85.9 85.0 85.9 1800 950 5.206
1787271698 85.0 86.8 85.0 85.9 1800 950 5.206
1787271700 85.9 86.8 85.0 86.8 1800 950 5.244
1787271701 85.9 85.9 85.0 85.9 1608 950 5.230
1787271702 85.0 85.9 85.0 85.9 1800 950 5.201
1787271703 84.1 85.9 84.1 85.9 1800 950 5.254
1787271704 85.9 86.8 85.0 85.9 1800 950 5.240
1787271705 85.9 85.9 85.0 85.9 1800 950 5.172
1787271706 85.0 85.9 84.1 85.9 1800 950 5.215
1787271708 85.9 85.9 85.0 85.9 1800 950 5.196
1787271709 85.0 86.8 85.0 85.9 1608 950 5.211
1787271710 85.0 85.9 84.1 85.0 1800 950 5.264
1787271711 85.9 85.9 85.0 85.9 1608 950 5.230
1787271712 85.0 85.9 84.1 85.0 1800 950 5.201
1787271713 85.9 85.9 85.0 85.9 1608 950 5.211
1787271714 85.0 85.9 84.1 85.9 1800 950 5.244
1787271715 85.0 85.9 85.0 85.9 1800 950 5.225
1787271717 85.0 85.9 85.0 85.9 1800 950 5.215
1787271718 85.0 86.8 85.0 85.9 1800 950 5.201
1787271719 85.9 85.9 85.0 85.9 1608 950 5.206
1787271720 85.0 85.9 85.0 85.9 1608 950 5.235
1787271721 85.9 85.9 85.0 85.9 1608 950 5.254
1787271722 85.0 85.9 84.1 85.9 1608 950 5.215
1787271723 85.9 85.9 85.0 85.9 1800 950 5.235
1787271725 85.0 85.9 85.0 85.9 1800 950 5.201
1787271726 85.9 85.9 85.0 85.9 1800 950 5.230
1787271727 85.9 85.9 85.0 85.9 1800 950 5.278
1787271728 85.9 86.8 85.0 85.9 1800 950 5.249
1787271729 85.0 86.8 84.1 85.9 1800 950 5.240
1787271730 85.0 85.0 84.1 85.0 1800 950 5.249
1787271731 85.0 85.9 85.0 85.9 1800 950 5.259
1787271732 85.0 85.9 85.0 85.9 1800 950 5.225
1787271733 85.9 86.8 85.0 85.9 1608 950 5.201
1787271735 85.9 85.9 85.0 85.9 1608 950 5.230
1787271736 85.9 85.9 85.0 85.0 1608 950 5.235
1787271737 85.0 86.8 85.0 85.9 1608 950 5.191
1787271738 85.0 86.8 85.0 85.0 1608 950 5.249
1787271739 85.9 85.9 84.1 85.0 1800 950 5.201
1787271740 85.0 85.9 84.1 85.0 1608 950 5.220
1787271741 85.0 85.9 84.1 85.0 1800 950 5.211
1787271743 85.0 85.0 84.1 85.9 2016 950 5.225
1787271744 85.0 85.9 84.1 85.9 1800 950 5.211
1787271745 85.0 85.9 84.1 85.0 1800 950 5.225
1787271746 85.0 85.0 84.1 85.0 2016 950 5.220
1787271747 85.0 85.9 84.1 85.9 1800 950 5.240
1787271748 85.0 85.9 84.1 85.9 1800 950 5.225
1787271749 85.0 85.9 85.0 85.9 1800 950 5.206
1787271750 82.2 82.2 81.3 82.2 2208 950 5.283
1787271751 78.5 78.5 78.5 79.5 2208 950 5.293
1787271753 77.6 77.6 76.7 77.6 2208 950 5.293
1787271754 77.6 76.7 76.7 78.5 2208 950 5.273
1787271755 79.5 80.4 79.5 82.2 2208 950 5.230
1787271756 84.1 84.1 83.2 84.1 2208 950 5.201
1787271757 84.1 85.0 84.1 85.9 2016 950 5.167
1787271758 85.0 85.9 84.1 85.9 2016 950 5.201
1787271759 85.0 85.9 84.1 85.0 2016 950 5.254
1787271760 85.9 85.9 84.1 85.9 1800 950 5.240
1787271762 85.0 85.9 84.1 85.0 2016 950 5.196
1787271763 85.0 85.9 85.0 85.9 1800 950 5.235
1787271764 85.9 85.9 84.1 85.9 1800 950 5.211
1787271765 85.0 85.0 84.1 85.0 1800 950 5.259
1787271766 85.9 85.9 84.1 85.9 1800 950 5.186
1787271767 85.0 85.9 84.1 85.0 1800 950 5.201
1787271768 85.0 85.9 84.1 85.9 1800 950 5.249
1787271769 85.0 85.0 84.1 85.9 1800 950 5.215
1787271771 85.0 85.0 84.1 85.9 1800 950 5.225
1787271772 85.9 85.9 84.1 85.9 1800 950 5.249
1787271773 85.9 86.8 85.0 85.9 1800 950 5.235
1787271774 85.9 86.8 85.0 85.9 1800 950 5.240
1787271775 85.0 85.9 84.1 85.9 1800 950 5.225
1787271776 85.9 85.9 84.1 85.9 1800 950 5.235
1787271777 85.9 85.9 85.0 85.9 1800 950 5.230
1787271779 85.0 85.9 85.0 85.9 1608 950 5.196
1787271780 85.0 85.9 84.1 85.9 1608 950 5.191
1787271781 85.0 85.9 84.1 85.9 1608 950 5.225
1787271782 85.9 85.9 85.0 85.9 1608 950 5.259
1787271783 85.0 85.9 84.1 85.9 1608 950 5.211
1787271784 85.9 86.8 85.0 85.0 1800 950 5.235
1787271785 85.0 85.9 85.0 85.9 1608 950 5.244
1787271787 85.9 85.9 84.1 85.0 1608 950 5.249
1787271788 85.9 86.8 85.0 85.9 1608 950 5.215
1787271789 85.0 85.9 85.0 85.9 1608 950 5.215
1787271790 85.0 85.9 85.0 85.9 1608 950 5.230
1787271791 85.0 85.9 84.1 85.9 1608 950 5.293
1787271792 85.0 85.0 84.1 85.0 1800 950 5.259
1787271793 85.0 85.9 84.1 85.9 1608 950 5.240
1787271794 85.0 85.9 84.1 85.9 1800 950 5.186
1787271796 85.0 85.9 85.0 85.9 1800 950 5.230
1787271797 85.0 85.9 85.0 85.9 1608 950 5.249
1787271798 85.0 85.9 85.0 85.9 1608 950 5.196
1787271799 85.0 85.9 85.0 85.9 1800 950 5.225
1787271800 85.9 85.9 85.0 85.0 1800 950 5.225
1787271801 85.0 85.9 84.1 85.0 1800 950 5.211
1787271802 85.0 85.9 84.1 85.9 1800 950 5.220
1787271803 85.0 85.9 84.1 85.9 1800 950 5.235
1787271805 85.0 85.9 85.0 85.9 1800 950 5.211
1787271806 85.0 85.9 84.1 85.9 1800 950 5.206
1787271807 85.9 85.9 85.0 85.9 1800 950 5.215
1787271808 85.0 85.9 84.1 85.9 1800 950 5.186
1787271809 85.0 85.9 84.1 85.9 1800 950 5.220
1787271810 85.0 85.9 85.0 85.9 1800 950 5.206
1787271811 85.0 85.9 85.0 85.9 1800 950 5.235
1787271812 85.9 85.9 85.0 85.9 1800 950 5.230
1787271814 85.0 85.9 84.1 85.9 1800 950 5.211
1787271815 85.9 85.9 85.0 85.9 1800 950 5.220
1787271816 80.4 79.5 79.5 80.4 2208 950 5.307
1787271817 78.5 78.5 77.6 78.5 2208 950 5.240
1787271818 81.3 82.2 80.4 82.2 2208 950 5.244
1787271819 84.1 84.1 83.2 85.0 2016 950 5.196
1787271820 85.0 85.9 84.1 85.9 2016 950 5.177
1787271821 85.0 85.0 84.1 85.9 1800 950 5.230
1787271822 85.0 85.9 84.1 85.9 1800 950 5.167
1787271824 85.9 86.8 85.0 85.9 1800 950 5.225
1787271825 85.9 85.9 85.0 85.9 1608 950 5.230
1787271826 85.9 86.8 85.0 85.9 1608 950 5.225
1787271827 85.0 85.9 85.0 85.9 1608 950 5.249
1787271828 85.9 85.9 85.0 85.9 1608 950 5.201
1787271829 85.9 85.0 84.1 85.0 1608 950 5.225
1787271830 85.0 85.9 84.1 85.9 1608 950 5.220
1787271832 85.9 85.9 85.0 85.9 1608 950 5.211
1787271833 85.9 85.9 85.0 85.0 1608 950 5.191
1787271834 85.9 85.9 85.0 85.9 1608 950 5.220
1787271835 85.9 85.9 85.0 85.9 1608 950 5.215
1787271836 85.0 85.9 84.1 85.0 1800 950 5.230
1787271837 85.0 86.8 85.0 85.9 1608 950 5.235
1787271838 85.0 85.9 85.0 85.9 1608 950 5.186
1787271839 85.0 85.9 84.1 85.0 1608 950 5.220
1787271841 85.0 85.9 84.1 85.9 1800 950 5.230
1787271842 85.0 85.9 84.1 85.9 1800 950 5.211
1787271843 85.0 85.9 85.0 85.9 1800 950 5.191
1787271844 85.0 85.9 85.0 85.9 1800 950 5.240
1787271845 85.9 85.9 85.0 85.9 1800 950 5.244
1787271846 85.9 85.9 85.0 85.9 1800 950 5.230
1787271847 85.0 85.9 85.0 85.9 1608 950 5.201
1787271848 85.9 85.9 85.0 85.9 1608 950 5.191
1787271850 85.0 85.9 85.0 85.9 1800 950 5.244
1787271851 85.0 85.9 84.1 85.9 1608 950 5.220
1787271852 85.0 85.9 84.1 85.0 1608 950 5.244
1787271853 85.0 85.9 85.0 85.9 1608 950 5.201
1787271854 85.0 85.9 85.0 85.9 1608 950 5.244
1787271855 85.9 86.8 85.0 85.9 1608 950 5.220
1787271856 85.9 85.9 84.1 85.0 1800 950 5.206
1787271858 85.0 85.9 85.0 85.9 1608 950 5.182
1787271859 85.0 85.9 85.0 85.9 1800 950 5.211
1787271860 85.0 85.0 84.1 85.9 1800 950 5.244
1787271861 85.0 85.9 84.1 85.9 1608 950 5.191
1787271862 85.0 85.9 85.0 85.9 1608 950 5.172
1787271863 85.9 86.8 85.0 85.9 1800 950 5.235
1787271864 85.9 85.9 85.0 85.9 1608 950 5.240
1787271865 85.0 85.9 85.0 85.9 1608 950 5.244
1787271867 85.0 85.9 84.1 85.9 1608 950 5.254
1787271868 85.0 85.0 84.1 85.0 1608 950 5.235
1787271869 85.0 85.9 85.0 85.9 1608 950 5.220
1787271870 85.9 85.9 85.0 85.0 1608 950 5.225
1787271871 85.0 85.9 84.1 85.9 1608 950 5.259
1787271872 85.0 85.9 85.0 85.9 1800 950 5.220
1787271873 85.0 85.9 85.0 85.9 1800 950 5.249
1787271875 85.0 85.9 85.0 85.9 1800 950 5.254
1787271876 85.9 85.9 85.0 85.9 1800 950 5.230
1787271877 85.9 85.9 85.0 85.9 1800 950 5.254
1787271878 85.0 85.9 85.0 85.9 1800 950 5.244
1787271879 80.4 79.5 79.5 80.4 2208 950 5.220
1787271880 79.5 78.5 78.5 79.5 2208 950 5.273
1787271881 80.4 81.3 80.4 82.2 2208 950 5.201
1787271882 84.1 85.0 84.1 85.9 2016 950 5.230
1787271883 85.0 85.0 85.0 85.9 2016 950 5.191
1787271885 85.0 85.9 84.1 85.9 1800 950 5.249
1787271886 85.0 85.9 85.0 85.9 1800 950 5.235
1787271887 85.9 85.9 85.0 85.9 1800 950 5.215
1787271888 85.9 85.9 85.0 85.9 1608 950 5.235
1787271889 85.9 85.9 85.0 85.9 1608 950 5.206
1787271890 85.0 85.9 85.0 85.9 1608 950 5.206
1787271891 85.0 85.9 85.0 85.9 1608 950 5.235
1787271892 85.0 85.9 84.1 85.0 1608 950 5.259
1787271894 85.0 85.9 85.0 85.9 1608 950 5.225
1787271895 85.0 85.9 85.0 85.9 1608 950 5.220
1787271896 85.9 85.9 85.0 85.9 1608 950 5.254
1787271897 85.9 85.9 85.0 85.9 1800 950 5.206
1787271898 85.9 85.9 85.0 85.9 1608 950 5.196
1787271899 85.0 85.9 85.0 85.0 1608 950 5.225
1787271900 85.9 85.9 85.0 85.9 1608 950 5.235
1787271902 85.9 85.9 85.0 85.9 1608 950 5.196
1787271903 85.0 85.9 85.0 85.9 1608 950 5.220
1787271904 85.0 85.9 85.0 85.9 1608 950 5.225
1787271905 85.9 85.9 85.0 85.9 1608 950 5.225
1787271906 85.9 85.9 85.0 85.9 1608 950 5.215
1787271907 85.0 85.9 85.0 85.9 1608 950 5.215
1787271908 85.0 85.9 84.1 85.0 1800 950 5.230
1787271909 85.9 85.9 85.0 85.9 1800 950 5.215
1787271911 85.0 85.9 84.1 85.0 1608 950 5.186
1787271912 85.9 85.9 85.0 85.9 1608 950 5.220
1787271913 85.9 86.8 85.0 85.9 1608 950 5.259
1787271914 85.0 85.9 85.0 85.9 1608 950 5.235
1787271915 85.9 85.9 85.0 85.0 1608 950 5.225
1787271916 85.0 85.9 85.0 85.0 1800 950 5.225
1787271917 85.0 85.9 85.0 85.9 1608 950 5.182
1787271918 85.9 85.9 85.0 85.0 1800 950 5.177
1787271920 85.0 85.9 84.1 85.9 1608 950 5.196
1787271921 85.0 85.9 84.1 85.0 1800 950 5.254
1787271922 85.9 86.8 85.0 85.9 1608 950 5.177
1787271923 85.0 85.9 84.1 85.0 1800 950 5.201
1787271924 85.0 85.9 85.0 85.0 1608 950 5.254
1787271925 85.0 85.9 84.1 85.9 1800 950 5.240
1787271926 85.0 86.8 85.0 85.9 1608 950 5.240
1787271927 85.0 85.9 85.0 85.9 1608 950 5.220
1787271929 85.0 85.9 85.0 85.9 1608 950 5.240
1787271930 85.9 85.9 85.0 85.9 1608 950 5.177
1787271931 85.0 85.9 84.1 85.0 1608 950 5.225
1787271932 85.9 85.9 85.0 85.9 1608 950 5.244
1787271933 85.9 85.9 85.0 85.9 1608 950 5.254
1787271934 85.0 85.9 85.0 85.9 1608 950 5.191
1787271935 85.9 85.9 85.0 85.9 1608 950 5.211
1787271936 85.9 85.9 85.0 85.9 1608 950 5.244
1787271938 85.9 86.8 85.0 85.9 1608 950 5.244
1787271939 85.0 85.9 85.0 85.9 1608 950 5.240
1787271940 85.0 85.9 85.0 85.9 1608 950 5.244
1787271941 85.9 85.9 85.0 85.9 1608 950 5.196
1787271942 81.3 80.4 80.4 81.3 2208 950 5.249
1787271943 79.5 78.5 78.5 80.4 2208 950 5.307
1787271944 80.4 81.3 80.4 82.2 2208 950 5.244
1787271945 84.1 85.0 84.1 85.9 2016 950 5.230
1787271946 85.0 85.9 85.0 85.9 1800 950 5.240
1787271948 85.0 85.9 85.0 85.9 1800 950 5.196
1787271949 85.0 85.9 85.0 85.9 1800 950 5.215
1787271950 85.0 85.9 85.0 85.9 1608 950 5.206
1787271951 85.0 85.9 85.0 85.9 1608 950 5.273
1787271952 85.9 86.8 85.0 85.9 1608 950 5.235
1787271953 85.9 86.8 85.0 85.9 1608 950 5.288
1787271954 85.9 85.9 85.0 85.9 1608 950 5.225
1787271956 85.9 86.8 85.0 85.9 1608 950 5.215
1787271957 85.0 86.8 85.0 85.9 1608 950 5.191
1787271958 85.9 85.9 85.0 85.0 1608 950 5.240
1787271959 85.0 85.9 85.0 85.9 1608 950 5.249
1787271960 85.0 85.9 85.0 85.9 1608 950 5.220
1787271961 85.9 85.9 85.0 85.9 1608 950 5.230
1787271962 85.0 85.9 85.0 85.9 1608 950 5.235
1787271964 85.9 85.9 85.0 85.9 1608 950 5.206
1787271965 85.0 85.9 84.1 85.9 1608 950 5.230
1787271966 85.0 85.9 85.0 85.9 1608 950 5.215
1787271967 85.9 86.8 85.0 85.9 1608 950 5.240
1787271968 85.0 85.9 85.0 85.9 1608 950 5.240
1787271969 85.0 85.9 85.0 85.0 1608 950 5.235
1787271970 85.9 85.9 85.0 85.9 1608 950 5.206
1787271971 85.9 85.9 85.0 85.9 1608 950 5.211
1787271972 85.0 85.9 85.0 85.9 1608 950 5.244
1787271974 85.9 85.9 85.0 85.9 1608 950 5.249
1787271975 85.9 85.9 84.1 85.9 1608 950 5.206
1787271976 85.9 85.9 85.0 85.9 1608 950 5.196
1787271977 85.0 85.9 85.0 85.9 1608 950 5.244
1787271978 85.9 85.9 85.0 85.9 1608 950 5.225
1787271979 85.0 85.9 85.0 85.9 1608 950 5.191
1787271980 85.0 85.9 85.0 85.9 1608 950 5.211
1787271981 85.0 85.9 84.1 85.9 1608 950 5.254
1787271983 85.0 85.9 85.0 85.9 1800 950 5.240
1787271984 85.0 85.9 84.1 85.9 1800 950 5.201
1787271985 85.0 85.9 84.1 85.9 1800 950 5.254
1787271986 85.0 85.9 85.0 85.9 1800 950 5.244
1787271987 85.9 85.9 85.0 85.9 1800 950 5.235
1787271988 85.0 85.9 84.1 85.9 1800 950 5.225
1787271989 85.9 85.9 85.0 85.9 1800 950 5.215
1787271990 85.9 85.9 85.0 85.9 1800 950 5.230
1787271991 85.9 85.9 85.0 85.9 1800 950 5.254
1787271993 85.9 86.8 85.0 85.9 1800 950 5.240
1787271994 85.9 85.9 85.0 85.9 1800 950 5.206
1787271995 85.9 86.8 85.0 85.9 1800 950 5.225
1787271996 85.0 85.9 85.0 85.0 1608 950 5.235
1787271997 85.9 85.9 85.0 85.9 1608 950 5.220
1787271998 85.9 85.9 85.0 85.9 1608 950 5.220
1787271999 85.0 85.9 85.0 85.9 1608 950 5.293
1787272000 85.0 85.9 84.1 85.9 1608 950 5.182
1787272002 85.0 85.9 85.0 85.9 1608 950 5.240
1787272003 85.9 85.9 85.0 85.9 1608 950 5.230
1787272004 85.9 85.9 85.0 85.9 1608 950 5.230
1787272005 82.2 82.2 81.3 82.2 2208 950 5.244
1787272006 79.5 79.5 78.5 81.3 2208 950 5.254
1787272007 78.5 77.6 77.6 78.5 2208 950 5.259
1787272008 83.2 83.2 83.2 85.0 2016 950 5.167
1787272009 85.0 85.9 84.1 85.9 1800 950 5.235
1787272010 85.0 85.9 84.1 85.9 1800 950 5.235
1787272011 85.9 85.9 85.0 85.9 1800 950 5.201
1787272013 85.9 86.8 85.9 85.9 1608 950 5.186
1787272014 85.0 85.9 85.0 85.9 1608 950 5.211
1787272015 85.0 86.8 85.0 85.9 1608 950 5.230
1787272016 85.9 85.9 85.0 85.9 1608 950 5.196
1787272017 85.9 86.8 85.0 85.9 1608 950 5.244
1787272018 85.9 85.9 85.0 85.9 1608 950 5.240
1787272019 85.9 86.8 85.0 85.9 1608 950 5.230
1787272021 85.0 85.9 85.0 85.9 1800 950 5.196
1787272022 85.9 85.9 85.0 85.9 1608 950 5.220
1787272023 85.9 86.8 85.0 85.9 1608 950 5.254
1787272024 85.9 86.8 85.0 85.9 1608 950 5.211
1787272025 85.0 85.9 85.0 85.0 1608 950 5.244
1787272026 85.9 85.9 85.0 85.9 1608 950 5.230
1787272027 85.0 85.9 85.0 85.9 1608 950 5.201
1787272029 85.0 85.9 84.1 85.9 1608 950 5.201
1787272030 85.9 85.9 85.0 85.9 1608 950 5.211
1787272031 85.9 85.9 85.0 85.9 1608 950 5.196
1787272032 85.9 86.8 85.0 85.9 1608 950 5.240
1787272033 85.9 85.9 85.0 85.9 1608 950 5.186
1787272034 85.0 85.9 85.0 85.9 1608 950 5.225
1787272036 85.0 85.9 84.1 85.9 1608 950 5.240
1787272037 85.9 86.8 85.0 85.9 1800 950 5.235
1787272038 85.9 86.8 85.0 85.9 1800 950 5.249
1787272039 85.9 85.9 85.0 85.9 1800 950 5.230
1787272040 85.9 85.9 85.0 85.9 1800 950 5.230
1787272041 85.9 85.9 84.1 85.0 1800 950 5.244
1787272042 85.9 85.9 85.0 85.9 1800 950 5.278
1787272043 85.0 85.9 85.0 85.9 1800 950 5.230
1787272044 85.9 85.9 85.0 85.9 1800 950 5.220
1787272045 85.0 85.9 85.0 85.9 1800 950 5.240
1787272047 85.9 85.9 85.0 85.9 1800 950 5.230
1787272048 85.9 85.9 85.0 85.9 1800 950 5.177
1787272049 85.0 85.9 85.0 85.9 1800 950 5.230
1787272050 85.9 86.8 85.0 85.9 1800 950 5.240
1787272051 85.9 86.8 85.0 85.9 1800 950 5.215
1787272052 85.9 85.9 85.0 85.9 1800 950 5.215
1787272053 85.0 85.9 84.1 85.9 1800 950 5.230
1787272054 85.9 86.8 85.0 85.9 1800 950 5.254
1787272056 85.0 85.9 84.1 85.9 1800 950 5.249
1787272057 85.9 86.8 85.0 85.9 1800 950 5.177
1787272058 85.0 85.9 85.0 85.9 1800 950 5.240
1787272059 85.9 86.8 85.0 85.9 1800 950 5.220
1787272060 85.0 85.9 85.0 85.9 1800 950 5.215
1787272061 85.9 85.9 85.0 85.9 1800 950 5.235
1787272062 85.0 85.9 85.0 85.9 1800 950 5.191
1787272063 85.9 85.9 85.0 85.9 1800 950 5.220
1787272064 85.0 85.0 84.1 85.0 1800 950 5.249
1787272066 85.0 85.9 85.0 85.9 1800 950 5.254
1787272067 85.9 85.9 85.0 85.9 1800 950 5.191
1787272068 84.1 84.1 83.2 84.1 2208 950 5.312
1787272069 79.5 79.5 78.5 80.4 2208 950 5.307
1787272070 78.5 77.6 77.6 78.5 2208 950 5.283
1787272071 78.5 77.6 77.6 78.5 2208 950 5.312
1787272072 80.4 80.4 80.4 82.2 2208 950 5.138
1787272073 84.1 84.1 83.2 85.0 2016 950 5.177
1787272074 84.1 85.0 84.1 85.0 2016 950 5.191
1787272075 85.0 85.9 85.0 85.9 1800 950 5.235
1787272077 85.9 85.9 85.0 85.9 1800 950 5.240
1787272078 85.9 85.9 85.0 85.9 1800 950 5.201
1787272079 85.9 86.8 85.0 85.9 1800 950 5.220
1787272080 85.0 85.9 85.0 85.9 1800 950 5.225
1787272081 85.0 85.9 85.0 85.9 1800 950 5.240
1787272082 85.0 85.9 84.1 85.9 1800 950 5.215
1787272083 85.9 86.8 85.0 85.9 1800 950 5.225
1787272084 85.0 85.9 85.0 85.9 1800 950 5.215
1787272086 85.9 85.9 85.0 85.9 1800 950 5.196
1787272087 85.0 85.9 85.0 85.9 1608 950 5.220
1787272088 85.9 86.8 85.0 85.9 1608 950 5.201
1787272089 85.9 86.8 85.0 85.9 1608 950 5.235
1787272090 85.9 85.9 85.0 85.9 1608 950 5.196
1787272091 85.9 86.8 85.0 85.9 1608 950 5.235
1787272092 85.9 86.8 85.0 85.9 1608 950 5.240
1787272094 85.9 85.9 85.0 85.9 1608 950 5.249
1787272095 85.9 85.9 85.0 85.9 1608 950 5.240
1787272096 85.9 85.9 85.0 85.9 1608 950 5.225
1787272097 85.9 85.9 85.0 85.9 1608 950 5.230
1787272098 85.9 85.9 84.1 85.9 1608 950 5.215
1787272099 85.9 85.9 85.0 85.9 1608 950 5.264
1787272100 85.0 85.9 85.0 85.0 1608 950 5.259
1787272102 85.9 85.9 85.0 85.9 1608 950 5.225
1787272103 85.9 86.8 85.0 85.9 1608 950 5.211
1787272104 85.9 86.8 85.0 85.9 1608 950 5.167
1787272105 85.0 85.9 85.0 85.9 1608 950 5.230
1787272106 85.9 85.9 84.1 85.9 1608 950 5.240
1787272107 85.0 85.0 85.0 85.9 1608 950 5.244
1787272108 85.0 85.9 85.0 85.9 1608 950 5.215
1787272109 85.0 85.9 85.0 85.9 1608 950 5.201
1787272111 85.9 85.9 85.0 85.9 1608 950 5.240
1787272112 85.9 86.8 85.0 85.9 1608 950 5.235
1787272113 85.0 85.9 85.0 85.9 1608 950 5.230
1787272114 85.9 85.9 85.0 85.9 1608 950 5.235
1787272115 85.0 85.0 84.1 85.9 1608 950 5.167
1787272116 85.0 86.8 84.1 85.0 1608 950 5.220
1787272117 85.0 85.9 85.0 85.9 1608 950 5.186
1787272118 85.0 85.0 84.1 85.9 1608 950 5.211
1787272120 85.9 85.0 84.1 85.0 1800 950 5.249
1787272121 85.9 85.9 85.0 85.9 1608 950 5.254
1787272122 85.0 85.9 85.0 85.9 1608 950 5.225
1787272123 85.0 86.8 85.0 85.9 1608 950 5.230
1787272124 85.9 85.9 85.0 85.9 1608 950 5.259
1787272125 85.0 85.9 85.0 85.9 1608 950 5.254
1787272126 85.0 85.9 84.1 85.9 1608 950 5.211
1787272127 85.0 85.9 85.0 85.0 1608 950 5.240
1787272129 85.0 85.9 85.0 85.9 1608 950 5.206
1787272130 85.0 85.9 84.1 85.9 1608 950 5.211
1787272131 85.0 85.9 85.0 85.9 1608 950 5.211
1787272132 85.9 85.9 85.0 85.9 1608 950 5.235
1787272133 80.4 80.4 79.5 80.4 2208 950 5.322
1787272134 79.5 78.5 78.5 80.4 2208 950 5.293
1787272135 79.5 80.4 79.5 82.2 2208 950 5.259
1787272136 84.1 84.1 83.2 85.0 2016 950 5.215
1787272137 84.1 85.0 84.1 85.9 2016 950 5.235
1787272139 85.9 85.9 84.1 85.0 1800 950 5.215
1787272140 85.0 85.9 84.1 85.9 1800 950 5.249
1787272141 85.0 85.9 84.1 85.9 1800 950 5.220
1787272142 85.9 86.8 85.0 85.9 1608 950 5.215
1787272143 85.9 85.9 85.0 85.9 1608 950 5.191
1787272144 85.0 85.9 84.1 85.9 1608 950 5.249
1787272145 85.0 85.9 85.0 85.0 1800 950 5.244
1787272147 85.9 85.9 85.0 85.9 1800 950 5.196
1787272148 85.9 86.8 85.0 85.9 1800 950 5.273
1787272149 85.9 85.9 84.1 85.0 1608 950 5.230
1787272150 85.9 85.9 85.0 85.9 1608 950 5.240
1787272151 85.0 85.9 85.0 85.9 1608 950 5.225
1787272152 85.9 85.9 85.0 85.9 1608 950 5.230
1787272153 85.0 85.9 84.1 85.9 1800 950 5.186
1787272154 85.9 86.8 85.0 85.9 1608 950 5.230
1787272156 85.0 85.9 85.0 85.0 1608 950 5.249
1787272157 85.9 86.8 85.0 85.9 1608 950 5.244
1787272158 85.0 85.9 85.0 85.9 1608 950 5.206
1787272159 85.9 85.9 85.0 85.0 1800 950 5.225
1787272160 85.0 85.9 85.0 85.9 1608 950 5.196
1787272161 85.0 85.9 84.1 85.0 1608 950 5.201
1787272162 85.0 85.9 84.1 85.9 1608 950 5.240
1787272163 85.0 85.9 84.1 85.9 1608 950 5.220
1787272165 85.0 85.9 84.1 85.0 1800 950 5.220
1787272166 85.0 85.9 85.0 85.9 1608 950 5.249
1787272167 85.0 85.9 84.1 85.0 1608 950 5.220
1787272168 85.0 85.9 84.1 85.9 1608 950 5.225
1787272169 85.0 85.9 84.1 85.0 1608 950 5.230
1787272170 85.0 85.9 85.0 85.9 1608 950 5.191
1787272171 85.9 86.8 85.0 85.9 1608 950 5.206
1787272172 85.0 85.9 84.1 85.0 1608 950 5.269
1787272173 85.0 85.9 85.0 85.9 1608 950 5.249
1787272175 85.0 85.9 84.1 85.0 1608 950 5.240
1787272176 85.0 85.9 84.1 85.9 1800 950 5.264
1787272177 85.0 85.9 84.1 85.9 1800 950 5.249
1787272178 85.0 85.9 85.0 85.9 1800 950 5.254
1787272179 85.0 85.9 85.0 85.9 1800 950 5.220
1787272180 85.0 85.9 85.0 85.9 1800 950 5.211
1787272181 85.0 85.9 85.0 85.9 1800 950 5.244
1787272182 85.0 85.9 85.0 85.9 1800 950 5.215
1787272184 85.0 85.9 84.1 85.9 1800 950 5.244
1787272185 85.0 85.9 84.1 85.9 1800 950 5.259
1787272186 85.9 85.9 85.0 85.9 1800 950 5.240
1787272187 85.9 85.9 85.0 85.9 1800 950 5.230
1787272188 85.9 85.9 85.0 85.9 1800 950 5.225
1787272189 85.9 86.8 85.0 85.9 1800 950 5.220
1787272190 85.0 85.9 85.0 85.0 1800 950 5.167
1787272191 85.9 85.9 85.0 85.0 1800 950 5.211
1787272192 85.9 85.9 85.0 85.9 1800 950 5.235
1787272194 85.9 85.9 85.0 85.9 1800 950 5.225
1787272195 85.0 85.9 85.0 85.9 1800 950 5.196
1787272196 84.1 84.1 83.2 84.1 2016 950 5.269
1787272197 79.5 78.5 78.5 80.4 2208 950 5.235
1787272198 78.5 77.6 76.7 78.5 2208 950 5.293
1787272199 80.4 82.2 80.4 82.2 2208 950 5.225
1787272200 84.1 85.0 83.2 85.0 2016 950 5.211
1787272201 85.0 85.9 85.0 85.9 1800 950 5.230
1787272203 85.0 85.9 85.0 85.9 1800 950 5.249
1787272204 85.0 85.9 85.0 85.9 1800 950 5.206
1787272205 85.9 85.9 85.0 85.9 1800 950 5.259
1787272206 85.9 85.9 85.0 85.9 1800 950 5.235
1787272207 85.0 85.9 85.0 85.9 1800 950 5.220
1787272208 85.0 85.0 84.1 85.9 1800 950 5.225
1787272209 85.9 86.8 85.0 86.8 1608 950 5.191
1787272210 85.0 85.9 85.0 85.9 1608 950 5.225
1787272212 85.0 85.9 85.0 85.9 1608 950 5.249
1787272213 85.0 85.9 85.0 85.9 1608 950 5.220
1787272214 85.9 85.9 85.0 85.9 1608 950 5.240
1787272215 85.0 86.8 85.0 85.9 1608 950 5.230
1787272216 85.9 86.8 85.0 85.9 1608 950 5.191
1787272217 85.0 85.9 85.0 85.9 1608 950 5.215
1787272219 85.9 85.9 85.0 85.9 1608 950 5.191
1787272220 85.9 85.9 85.0 85.0 1608 950 5.215
1787272221 85.0 85.9 84.1 85.9 1608 950 5.220
1787272222 85.0 85.9 85.0 85.9 1800 950 5.249
1787272223 85.9 85.9 85.0 85.9 1608 950 5.201
1787272224 85.0 85.9 85.0 85.9 1800 950 5.220
1787272225 85.0 85.9 85.0 85.9 1608 950 5.211
1787272227 85.0 85.9 85.0 85.9 1608 950 5.211
1787272228 85.9 85.9 84.1 85.9 1608 950 5.249
1787272229 85.9 85.9 85.0 85.9 1608 950 5.230
1787272230 85.9 85.9 85.0 85.9 1608 950 5.220
1787272231 85.9 85.9 85.0 85.9 1608 950 5.215
1787272232 85.9 85.9 85.0 85.9 1800 950 5.273
1787272233 85.0 85.9 85.0 85.9 1800 950 5.211
1787272234 85.0 85.9 85.0 85.9 1800 950 5.215
1787272236 85.9 85.9 85.0 85.9 1800 950 5.201
1787272237 85.9 85.9 85.0 85.9 1800 950 5.201
1787272238 85.9 85.9 85.0 85.9 1800 950 5.249
1787272239 85.0 85.9 85.0 85.9 1800 950 5.191
1787272240 85.9 85.9 85.0 85.9 1800 950 5.220
1787272241 85.0 85.9 85.0 85.9 1800 950 5.230
1787272242 85.9 85.9 85.0 85.9 1800 950 5.177
1787272243 85.0 85.9 84.1 85.9 1800 950 5.264
1787272245 85.0 85.9 85.0 85.9 1800 950 5.225
1787272246 85.9 86.8 85.0 85.9 1800 950 5.240
1787272247 85.0 85.9 84.1 85.9 1800 950 5.225
1787272248 85.9 85.9 84.1 85.0 1800 950 5.211
1787272249 85.9 85.9 84.1 85.9 1800 950 5.191
1787272250 85.9 85.9 85.0 85.9 1800 950 5.254
1787272251 85.0 85.9 84.1 85.9 1800 950 5.240
1787272252 85.0 85.0 85.0 85.9 1800 950 5.240
1787272254 85.9 85.9 85.0 85.9 1800 950 5.230
1787272255 85.9 85.9 84.1 85.9 1800 950 5.211
1787272256 85.9 85.9 85.0 85.9 1800 950 5.225
1787272257 85.9 85.9 85.0 85.9 1800 950 5.206
1787272258 85.9 85.9 85.0 85.9 1800 950 5.215
1787272259 85.0 85.9 84.1 85.9 1800 950 5.215
1787272260 80.4 79.5 79.5 80.4 2208 950 5.240
1787272261 78.5 78.5 77.6 79.5 2208 950 5.283
1787272262 82.2 83.2 82.2 83.2 2208 950 5.230
1787272263 85.0 85.9 84.1 85.9 2016 950 5.191
1787272265 84.1 85.9 84.1 85.9 2016 950 5.206
1787272266 85.0 85.9 85.0 85.9 1800 950 5.225
1787272267 85.0 85.0 84.1 85.0 2016 950 5.225
1787272268 85.9 86.8 85.0 85.9 1800 950 5.230
1787272269 85.0 85.9 84.1 85.9 1800 950 5.186
1787272270 85.0 85.9 85.0 85.9 1800 950 5.230
1787272271 85.9 86.8 85.0 85.9 1800 950 5.244
1787272272 85.9 86.8 85.0 85.9 1800 950 5.211
1787272274 85.9 86.8 85.0 85.9 1800 950 5.191
1787272275 85.9 86.8 85.0 86.8 1800 950 5.230
1787272276 85.0 85.9 85.0 85.9 1800 950 5.230
1787272277 85.9 86.8 85.0 85.9 1800 950 5.215
1787272278 85.0 85.9 84.1 85.9 1800 950 5.235
1787272279 85.0 85.0 84.1 85.0 1608 950 5.230
1787272280 85.0 85.9 85.0 85.9 1608 950 5.215
1787272282 85.9 85.9 85.0 85.9 1608 950 5.283
1787272283 85.9 85.9 84.1 85.9 1608 950 5.249
1787272284 85.9 86.8 85.0 85.9 1608 950 5.196
1787272285 85.0 85.9 84.1 85.0 1608 950 5.273
1787272286 85.0 85.9 84.1 85.0 1608 950 5.240
1787272287 85.0 85.9 84.1 85.0 1608 950 5.191
1787272288 85.0 85.9 84.1 85.0 1608 950 5.220
1787272289 85.0 85.9 84.1 85.0 1800 950 5.201
1787272290 85.0 85.9 84.1 85.0 1608 950 5.230
1787272292 85.0 85.9 84.1 85.0 1800 950 5.249
1787272293 85.0 85.9 85.0 85.9 1800 950 5.201
1787272294 85.0 85.9 85.0 85.9 1800 950 5.186
1787272295 85.0 85.9 84.1 85.0 1800 950 5.235
1787272296 85.0 85.9 85.0 85.9 1800 950 5.196
1787272297 85.9 85.9 85.0 85.9 1800 950 5.215
1787272298 85.0 85.9 84.1 85.0 1800 950 5.220
1787272299 85.0 85.9 84.1 85.9 1608 950 5.206
1787272300 85.0 85.9 84.1 85.9 1608 950 5.244
1787272302 85.0 85.9 84.1 85.9 1800 950 5.211
1787272303 85.9 85.9 85.0 85.9 1800 950 5.215
1787272304 85.9 86.8 85.0 85.9 1800 950 5.196
1787272305 85.0 85.9 84.1 85.9 1800 950 5.244
1787272306 85.9 85.9 85.0 85.9 1800 950 5.244
1787272307 85.9 85.9 85.0 85.9 1800 950 5.220
1787272308 85.9 85.9 84.1 85.9 1800 950 5.235
1787272309 85.9 85.9 85.0 85.9 1800 950 5.230
1787272311 85.0 85.0 84.1 85.0 1800 950 5.220
1787272312 85.0 85.9 84.1 85.9 1800 950 5.220
1787272313 85.9 86.8 85.9 85.9 1608 950 5.220
1787272314 85.0 85.9 85.0 85.0 1800 950 5.215
1787272315 85.0 85.9 85.0 85.9 1800 950 5.215
1787272316 85.9 85.9 85.0 85.9 1800 950 5.244
1787272317 85.9 85.9 85.0 85.9 1800 950 5.215
1787272318 85.0 85.9 85.0 85.9 1800 950 5.220
1787272319 84.1 85.0 84.1 85.9 1800 950 5.235
1787272321 85.9 86.8 85.0 85.9 1608 950 5.259
1787272322 85.0 85.9 85.0 85.9 1608 950 5.259
1787272323 82.2 81.3 81.3 82.2 2208 950 5.288
1787272324 79.5 78.5 78.5 80.4 2208 950 5.264
1787272325 78.5 77.6 76.7 77.6 2208 950 5.249
1787272326 83.2 83.2 82.2 84.1 2208 950 5.206
1787272327 84.1 85.9 84.1 85.0 2016 950 5.225
1787272328 85.0 85.9 85.0 85.9 2016 950 5.206
1787272329 85.0 85.9 84.1 85.9 1800 950 5.201
1787272331 85.0 85.9 85.0 85.9 1800 950 5.215
1787272332 85.0 85.9 85.0 85.9 1800 950 5.235
1787272333 85.9 85.0 84.1 85.9 1800 950 5.254
1787272334 85.9 86.8 85.0 85.9 1800 950 5.201
1787272335 85.9 86.8 85.0 85.9 1800 950 5.244
1787272336 85.9 85.9 85.0 85.9 1608 950 5.249
1787272337 85.9 85.9 85.0 85.9 1608 950 5.211
1787272338 85.9 86.8 85.0 85.9 1608 950 5.240
1787272340 85.9 85.9 85.0 85.9 1608 950 5.225
1787272341 85.0 85.0 84.1 85.0 1800 950 5.240
1787272342 85.9 85.9 85.0 85.9 1608 950 5.215
1787272343 85.0 85.9 84.1 85.9 1608 950 5.235
1787272344 85.0 85.9 84.1 85.9 1608 950 5.249
1787272345 85.9 85.9 85.0 85.9 1608 950 5.206
1787272346 85.0 85.9 85.0 85.0 1608 950 5.259
1787272347 85.9 86.8 85.0 85.9 1608 950 5.225
1787272349 85.0 85.9 85.0 85.9 1608 950 5.225
1787272350 85.9 86.8 85.0 85.9 1608 950 5.220
1787272351 85.9 85.9 85.0 85.9 1608 950 5.240
1787272352 85.0 85.9 85.0 85.9 1608 950 5.235
1787272353 85.9 85.9 84.1 85.9 1608 950 5.186
1787272354 85.0 85.9 85.0 85.9 1800 950 5.206
1787272355 85.0 85.9 85.0 85.0 1608 950 5.298
1787272356 85.0 85.9 84.1 85.9 1608 950 5.244
1787272358 85.0 85.9 84.1 85.9 1608 950 5.240
1787272359 85.0 85.9 85.0 85.0 1608 950 5.206
1787272360 85.0 85.9 84.1 85.0 1800 950 5.215
1787272361 85.0 85.9 84.1 85.0 1800 950 5.206
1787272362 85.0 85.9 84.1 85.0 1608 950 5.244
1787272363 85.0 85.9 84.1 85.9 1800 950 5.235
1787272364 85.0 85.9 84.1 85.9 1608 950 5.211
1787272365 85.0 85.0 84.1 85.0 1800 950 5.215
1787272366 85.0 85.9 85.0 85.9 1800 950 5.244
1787272368 85.0 85.9 85.0 85.9 1800 950 5.220
1787272369 85.9 85.9 85.0 85.9 1800 950 5.235
1787272370 85.0 85.9 85.0 85.9 1800 950 5.244
1787272371 85.0 85.9 85.0 85.9 1800 950 5.215
1787272372 85.0 85.9 84.1 85.9 1800 950 5.215
1787272373 85.9 85.9 85.0 85.9 1800 950 5.196
1787272374 85.9 86.8 85.0 85.9 1608 950 5.211
1787272375 85.0 85.9 85.0 85.9 1608 950 5.230
1787272376 85.0 85.9 84.1 85.9 1608 950 5.254
1787272378 85.9 86.8 85.0 85.9 1608 950 5.230
1787272379 85.0 85.9 84.1 85.9 1608 950 5.220
1787272380 85.9 85.9 85.0 85.9 1608 950 5.206
1787272381 85.0 85.9 85.0 85.9 1608 950 5.244
1787272382 85.0 85.9 85.0 85.9 1608 950 5.230
1787272383 85.0 85.9 85.0 85.9 1608 950 5.235
1787272384 85.0 85.9 84.1 85.0 1800 950 5.235
1787272386 85.9 85.9 85.0 85.9 1608 950 5.240
1787272387 80.4 79.5 79.5 80.4 2208 950 5.312
1787272388 79.5 78.5 78.5 80.4 2208 950 5.235
1787272389 77.6 76.7 76.7 78.5 2208 950 5.264
1787272390 77.6 76.7 76.7 77.6 2208 950 5.244
1787272391 83.2 84.1 83.2 85.0 2208 950 5.211
1787272392 84.1 85.0 84.1 85.9 2016 950 5.235
1787272393 85.0 85.9 84.1 85.9 2016 950 5.240
1787272394 85.9 85.9 84.1 85.9 1800 950 5.220
1787272395 85.0 85.9 84.1 85.9 1800 950 5.201
1787272397 85.9 86.8 85.0 85.9 1800 950 5.211
1787272398 85.9 85.9 85.0 85.9 1800 950 5.206
1787272399 85.9 85.9 85.0 85.9 1800 950 5.225
1787272400 85.9 85.9 85.0 85.9 1800 950 5.254
1787272401 85.0 85.9 85.0 85.9 1608 950 5.215
1787272402 85.0 85.9 84.1 85.9 1608 950 5.225
1787272403 85.9 85.9 85.0 85.9 1608 950 5.249
1787272405 85.9 86.8 85.0 85.9 1608 950 5.211
1787272406 85.9 85.9 85.0 85.9 1608 950 5.235
1787272407 85.0 85.9 85.0 85.9 1608 950 5.196
1787272408 85.9 85.9 84.1 85.9 1608 950 5.211
1787272409 85.0 85.9 85.0 85.9 1608 950 5.269
1787272410 85.9 86.8 85.0 85.9 1800 950 5.211
1787272411 85.0 85.9 84.1 85.0 1608 950 5.235
1787272412 85.0 85.9 85.0 85.9 1608 950 5.211
1787272414 85.0 85.9 85.0 85.0 1608 950 5.211
1787272415 85.0 85.0 84.1 85.0 1800 950 5.235
1787272416 85.0 85.9 85.0 85.9 1608 950 5.259
1787272417 85.0 85.9 84.1 85.9 1608 950 5.244
1787272418 85.0 85.9 84.1 85.9 1608 950 5.211
1787272419 84.1 85.0 84.1 85.0 1800 950 5.211
1787272420 85.9 85.9 85.0 85.9 1800 950 5.225
1787272421 85.9 85.9 85.0 85.9 1800 950 5.220
1787272423 85.0 85.9 84.1 85.9 1800 950 5.206
1787272424 85.0 85.9 85.0 85.9 1608 950 5.186
1787272425 85.9 86.8 85.0 85.9 1608 950 5.249
1787272426 85.9 86.8 85.0 85.0 1608 950 5.225
1787272427 85.0 85.9 85.0 85.9 1608 950 5.259
1787272428 85.0 85.9 85.0 85.9 1608 950 5.230
1787272429 85.0 85.9 85.0 85.9 1608 950 5.230
1787272430 85.9 85.9 85.0 85.9 1608 950 5.259
1787272432 85.0 85.9 84.1 85.0 1608 950 5.225
1787272433 85.0 85.9 84.1 85.0 1608 950 5.182
1787272434 85.9 85.9 85.0 85.0 1608 950 5.211
1787272435 85.9 86.8 85.0 85.9 1800 950 5.206
1787272436 85.0 85.9 85.0 85.9 1800 950 5.191
1787272437 85.9 85.9 85.0 85.9 1800 950 5.249
1787272438 85.0 85.9 85.0 85.9 1800 950 5.230
1787272439 85.0 86.8 85.0 85.9 1800 950 5.211
1787272440 85.9 85.9 85.0 85.0 1800 950 5.254
1787272442 85.9 86.8 85.0 85.9 1800 950 5.230
1787272443 85.0 85.9 85.0 85.9 1800 950 5.206
1787272444 85.0 85.0 85.0 85.9 1800 950 5.259
1787272445 85.0 85.9 84.1 85.9 1800 950 5.201
1787272446 85.0 85.9 85.0 85.0 1608 950 5.240
1787272447 85.0 85.9 84.1 85.9 1800 950 5.211
1787272448 85.0 85.9 84.1 85.9 1608 950 5.240
1787272449 85.0 86.8 85.0 85.9 1608 950 5.230
1787272451 85.9 85.9 84.1 85.9 1608 950 5.244
1787272452 79.5 79.5 78.5 79.5 2208 950 5.196
1787272453 78.5 77.6 77.6 78.5 2208 950 5.269
1787272454 82.2 82.2 81.3 84.1 2208 950 5.249
1787272455 85.0 85.9 84.1 85.9 2016 950 5.244
1787272456 85.9 85.9 84.1 85.9 1800 950 5.220
1787272457 85.0 85.9 85.0 85.9 1800 950 5.206
1787272458 85.9 86.8 85.0 85.9 1800 950 5.235
1787272460 85.9 85.9 84.1 85.0 1608 950 5.201
1787272461 85.9 85.9 85.0 85.9 1608 950 5.167
1787272462 85.9 86.8 85.0 85.9 1608 950 5.206
1787272463 85.9 85.9 85.0 85.9 1608 950 5.235
1787272464 85.9 86.8 85.0 85.9 1608 950 5.225
1787272465 85.9 86.8 85.0 85.9 1608 950 5.220
1787272466 85.0 85.9 85.0 85.9 1608 950 5.254
1787272468 85.9 86.8 85.0 85.9 1608 950 5.235
1787272469 85.9 85.9 85.0 85.9 1608 950 5.240
1787272470 85.9 85.9 84.1 85.0 1608 950 5.240
1787272471 85.0 85.9 85.0 85.9 1608 950 5.240
1787272472 85.0 85.9 84.1 85.9 1800 950 5.191
1787272473 85.9 86.8 85.0 85.9 1800 950 5.249
1787272474 85.9 86.8 85.0 85.9 1800 950 5.254
1787272475 85.9 85.9 85.0 85.9 1800 950 5.201
1787272477 85.9 86.8 85.9 85.9 1800 950 5.264
1787272478 85.0 85.9 85.0 85.9 1608 950 5.225
1787272479 85.9 86.8 85.0 85.9 1608 950 5.230
1787272480 85.0 85.9 85.0 85.9 1608 950 5.177
1787272481 85.9 85.9 85.0 85.9 1608 950 5.220
1787272482 85.9 85.9 85.0 85.9 1608 950 5.225
1787272483 85.9 86.8 85.0 85.9 1608 950 5.182
1787272484 85.9 86.8 85.0 85.9 1608 950 5.235
1787272486 85.9 86.8 85.0 85.9 1608 950 5.249
1787272487 85.9 86.8 85.0 85.9 1608 950 5.201
1787272488 85.9 85.9 85.0 85.9 1608 950 5.240
1787272489 85.0 85.9 84.1 85.9 1608 950 5.244
1787272490 85.9 85.9 85.0 85.9 1608 950 5.225
1787272491 85.0 85.9 85.0 85.9 1608 950 5.215
1787272492 85.9 86.8 85.0 85.9 1608 950 5.240
1787272493 85.9 85.9 85.0 85.9 1608 950 5.220
1787272495 85.0 85.0 84.1 85.0 1608 950 5.269
1787272496 85.0 85.9 85.0 85.0 1608 950 5.211
1787272497 85.9 85.9 85.0 85.0 1608 950 5.249
1787272498 85.0 85.9 85.0 85.9 1608 950 5.283
1787272499 85.9 85.9 85.0 85.9 1608 950 5.249
1787272500 85.0 85.9 85.0 85.9 1608 950 5.220
1787272501 85.0 85.9 85.0 85.9 1608 950 5.269
1787272502 85.0 85.0 84.1 85.0 1800 950 5.240
1787272503 85.0 85.9 85.0 85.9 1608 950 5.240
1787272505 85.9 85.9 85.0 85.0 1608 950 5.259
1787272506 85.9 85.9 85.0 85.9 1608 950 5.220
1787272507 85.0 85.9 85.0 85.9 1608 950 5.307
1787272508 85.0 85.9 85.0 85.9 1608 950 5.225
1787272509 85.9 85.9 85.0 85.0 1608 950 5.249
1787272510 85.0 85.0 84.1 85.0 1800 950 5.235
1787272511 85.0 85.9 85.0 85.0 1608 950 5.206
1787272512 85.0 85.9 84.1 85.0 1608 950 5.283
1787272513 85.9 85.9 85.0 85.0 1608 950 5.244
1787272515 80.4 79.5 79.5 80.4 2208 950 5.312
1787272516 78.5 78.5 78.5 79.5 2208 950 5.307
1787272517 83.2 84.1 82.2 84.1 2208 950 5.201
1787272518 84.1 84.1 84.1 85.9 2016 950 5.225
1787272519 85.9 85.9 85.0 85.9 1800 950 5.230
1787272520 85.0 85.9 85.0 85.9 1800 950 5.215
1787272521 85.0 85.9 84.1 85.9 1800 950 5.211
1787272522 85.9 86.8 85.0 85.9 1800 950 5.186
1787272524 85.0 85.9 85.0 85.9 1608 950 5.220
1787272525 85.0 86.8 85.0 85.9 1608 950 5.235
1787272526 85.9 85.9 85.0 85.9 1608 950 5.240
1787272527 85.0 85.9 84.1 85.0 1608 950 5.230
1787272528 85.0 85.9 85.0 85.0 1608 950 5.254
1787272529 85.0 85.9 85.0 85.0 1608 950 5.259
1787272530 85.0 85.9 85.0 85.0 1608 950 5.235
1787272531 85.0 85.9 84.1 85.0 1800 950 5.201
1787272532 85.9 86.8 85.0 85.9 1608 950 5.264
1787272534 85.9 85.9 85.0 85.9 1608 950 5.259
1787272535 85.9 85.9 85.0 85.9 1608 950 5.220
1787272536 85.0 85.9 85.0 85.9 1608 950 5.230
1787272537 85.0 85.9 85.0 85.9 1608 950 5.206
1787272538 85.9 86.8 85.0 85.9 1608 950 5.225
1787272539 85.9 85.9 85.0 85.9 1608 950 5.225
1787272540 85.9 85.9 85.0 85.9 1608 950 5.225
1787272542 85.9 85.9 85.0 85.9 1608 950 5.211
1787272543 85.9 85.9 85.0 85.0 1800 950 5.196
1787272544 85.0 85.9 84.1 85.9 1608 950 5.278
1787272545 85.0 85.0 84.1 85.0 1800 950 5.220
1787272546 85.9 85.9 85.0 85.9 1608 950 5.211
1787272547 85.0 85.9 85.0 85.9 1608 950 5.259
1787272548 85.9 85.9 85.0 85.9 1608 950 5.211
1787272549 85.9 85.9 85.0 85.9 1608 950 5.220
1787272550 85.0 85.9 85.0 85.9 1608 950 5.230
1787272552 85.0 85.9 85.0 85.9 1608 950 5.211
1787272553 85.9 85.9 85.0 85.9 1608 950 5.244
1787272554 85.9 85.9 85.0 85.9 1608 950 5.211
1787272555 85.0 85.9 85.0 85.9 1608 950 5.215
1787272556 85.9 85.9 85.0 85.9 1608 950 5.254
1787272557 85.0 85.9 84.1 85.9 1608 950 5.240
1787272558 85.0 85.9 84.1 85.9 1608 950 5.211
1787272559 85.9 85.9 84.1 85.9 1608 950 5.211
1787272560 85.0 85.9 84.1 85.9 1608 950 5.201
1787272562 85.9 85.9 85.0 85.0 1608 950 5.215
1787272563 85.0 85.9 84.1 85.9 1608 950 5.230
1787272564 85.0 85.9 84.1 85.0 1608 950 5.235
1787272565 85.0 85.9 85.0 85.9 1608 950 5.254
1787272566 85.0 85.9 85.0 85.9 1608 950 5.249
1787272567 85.9 86.8 85.0 85.9 1608 950 5.206
1787272568 85.0 85.9 84.1 85.9 1608 950 5.215
1787272569 84.1 85.0 84.1 85.0 1800 950 5.264
1787272571 85.9 85.9 85.0 85.9 1800 950 5.211
1787272572 85.9 85.9 84.1 85.9 1800 950 5.206
1787272573 85.0 85.9 85.0 85.0 1608 950 5.211
1787272574 85.9 85.9 85.0 85.9 1800 950 5.273
1787272575 85.0 85.9 85.0 85.9 1800 950 5.235
1787272576 85.9 86.8 85.0 85.9 1800 950 5.206
1787272577 82.2 82.2 82.2 82.2 2208 950 5.288
1787272578 80.4 79.5 78.5 81.3 2208 950 5.293
1787272579 78.5 78.5 77.6 79.5 2208 950 5.225
1787272580 84.1 84.1 83.2 85.0 2016 950 5.201
1787272582 85.0 85.9 84.1 85.9 2016 950 5.240
1787272583 84.1 85.0 84.1 85.9 1800 950 5.201
1787272584 85.0 85.9 84.1 85.9 1800 950 5.206
1787272585 85.9 86.8 85.0 86.8 1608 950 5.201
1787272586 85.9 86.8 85.0 85.9 1608 950 5.225
1787272587 85.9 85.9 85.0 85.9 1608 950 5.206
1787272588 85.9 86.8 85.0 85.9 1608 950 5.191
1787272590 85.9 86.8 85.0 85.9 1608 950 5.240
1787272591 85.0 85.9 85.0 85.9 1608 950 5.244
1787272592 85.0 85.9 85.0 85.9 1608 950 5.244
1787272593 85.9 85.9 85.0 85.9 1608 950 5.240
1787272594 85.9 86.8 85.0 85.9 1608 950 5.230
1787272595 85.0 86.8 85.0 85.9 1608 950 5.264
1787272596 85.9 86.8 85.0 85.0 1608 950 5.220
1787272597 85.0 85.9 84.1 85.0 1608 950 5.293
1787272599 85.0 85.9 85.0 85.9 1608 950 5.215
1787272600 85.9 85.9 84.1 85.9 1608 950 5.220
1787272601 85.9 86.8 85.0 85.9 1608 950 5.240
1787272602 85.0 85.9 84.1 85.9 1608 950 5.254
1787272603 85.9 85.9 84.1 85.9 1608 950 5.196
1787272604 85.9 85.9 84.1 85.9 1800 950 5.244
1787272605 85.0 85.9 85.0 85.0 1608 950 5.269
1787272606 85.0 85.0 84.1 85.0 1800 950 5.249
1787272608 85.9 85.9 85.0 85.9 1608 950 5.211
1787272609 85.0 85.9 84.1 85.0 1608 950 5.249
1787272610 85.0 85.9 84.1 85.9 1608 950 5.249
1787272611 85.0 85.0 84.1 85.0 1608 950 5.206
1787272612 85.0 85.9 84.1 85.0 1800 950 5.215
1787272613 85.9 85.9 85.0 85.9 1608 950 5.220
1787272614 85.0 85.9 84.1 85.0 1608 950 5.206
1787272615 85.0 85.9 85.0 85.9 1608 950 5.201
1787272616 85.0 85.9 85.0 85.9 1608 950 5.211
1787272618 85.0 85.9 85.0 85.9 1608 950 5.220
1787272619 85.0 85.9 84.1 85.9 1800 950 5.230
1787272620 85.9 85.9 84.1 85.9 1800 950 5.211
1787272621 85.0 85.9 84.1 85.9 1800 950 5.191
1787272622 85.9 85.9 85.0 85.9 1800 950 5.206
1787272623 85.0 85.9 84.1 85.9 1800 950 5.206
1787272624 85.9 85.9 85.0 85.9 1800 950 5.196
1787272625 85.9 85.9 84.1 85.9 1800 950 5.240
1787272626 85.9 85.9 85.0 85.9 1800 950 5.235
1787272628 85.9 85.9 85.0 85.9 1800 950 5.249
1787272629 85.9 86.8 85.0 85.9 1800 950 5.206
1787272630 85.9 86.8 85.0 85.9 1608 950 5.259
1787272631 85.0 85.9 85.0 85.9 1608 950 5.225
1787272632 85.9 85.9 85.0 85.9 1608 950 5.215
1787272633 85.0 85.9 84.1 85.0 1800 950 5.249
1787272634 85.0 85.9 84.1 85.0 1800 950 5.240
1787272635 85.9 85.9 84.1 85.9 1608 950 5.230
1787272636 85.9 85.9 85.0 85.9 1608 950 5.201
1787272638 85.0 85.9 84.1 85.0 1608 950 5.235
1787272639 85.0 85.9 85.0 85.9 1608 950 5.269
1787272640 85.0 85.9 85.0 85.9 1608 950 5.215
1787272641 80.4 80.4 79.5 80.4 2208 950 5.264
1787272642 79.5 78.5 77.6 78.5 2208 950 5.244
1787272643 83.2 82.2 82.2 83.2 2208 950 5.235
1787272644 85.0 85.0 84.1 85.9 2016 950 5.235
1787272645 85.9 85.9 85.0 85.9 1800 950 5.235
1787272646 85.0 85.9 85.0 85.9 1800 950 5.264
1787272648 85.9 86.8 85.0 85.9 1800 950 5.206
1787272649 85.9 86.8 85.9 85.9 1608 950 5.215
1787272650 85.9 86.8 85.0 85.9 1416 950 5.211
1787272651 85.9 85.9 85.0 85.9 1416 950 5.259
1787272652 85.0 85.9 85.0 85.0 1416 950 5.259
1787272653 85.0 85.9 84.1 85.0 1800 950 5.264
1787272654 85.9 86.8 85.0 85.9 1800 950 5.240
1787272656 85.9 85.9 85.0 85.9 1800 950 5.244
1787272657 85.9 85.9 85.0 85.9 1800 950 5.244
1787272658 85.9 86.8 85.0 85.9 1800 950 5.220
1787272659 85.0 85.9 85.0 85.9 1800 950 5.244
1787272660 85.0 85.9 85.0 85.9 1800 950 5.215
1787272661 85.0 85.9 85.0 85.9 1800 950 5.206
1787272662 85.0 85.9 85.0 85.9 1608 950 5.264
1787272663 85.0 85.9 84.1 85.0 1608 950 5.211
1787272664 85.0 85.9 85.0 85.9 1608 950 5.244
1787272666 85.0 85.9 84.1 85.0 1608 950 5.254
1787272667 85.0 85.9 85.0 85.9 1608 950 5.235
1787272668 85.0 86.8 85.0 85.9 1608 950 5.244
1787272669 85.0 85.9 85.0 85.9 1608 950 5.225
1787272670 85.9 85.9 85.0 85.0 1608 950 5.240
1787272671 85.9 85.9 85.0 85.9 1608 950 5.230
1787272672 85.0 85.9 84.1 85.9 1608 950 5.196
1787272673 85.9 85.9 85.0 85.9 1608 950 5.230
1787272674 85.0 86.8 85.0 85.9 1800 950 5.259
1787272676 85.0 85.9 85.0 85.9 1800 950 5.235
1787272677 85.9 85.9 85.0 85.9 1800 950 5.225
1787272678 85.0 85.9 85.0 85.9 1800 950 5.201
1787272679 85.9 85.9 85.0 85.9 1800 950 5.201
1787272680 85.9 86.8 85.0 85.9 1800 950 5.249
1787272681 85.0 85.9 84.1 85.9 1800 950 5.254
1787272682 85.9 85.9 85.0 85.9 1800 950 5.249
1787272683 85.0 85.9 85.0 85.9 1800 950 5.244
1787272684 85.0 85.9 84.1 85.0 1800 950 5.244
1787272686 85.0 85.9 84.1 85.9 1800 950 5.211
1787272687 85.0 85.9 85.0 85.9 1800 950 5.249
1787272688 85.0 85.9 85.0 85.9 1800 950 5.249
1787272689 85.9 85.9 85.0 85.9 1608 950 5.220
1787272690 85.0 85.9 84.1 85.9 1608 950 5.220
1787272691 85.0 85.9 85.0 85.9 1608 950 5.215
1787272692 85.9 85.9 85.0 85.9 1608 950 5.230
1787272693 85.0 85.9 85.0 85.0 1608 950 5.215
1787272695 85.0 85.0 84.1 85.0 1800 950 5.225
1787272696 85.9 86.8 85.0 85.0 1608 950 5.225
1787272697 85.9 85.9 84.1 85.9 1608 950 5.230
1787272698 85.0 85.9 84.1 85.9 1608 950 5.259
1787272699 85.0 85.9 85.0 85.0 1608 950 5.220
1787272700 85.0 85.9 84.1 85.9 1608 950 5.201
1787272701 85.0 85.9 84.1 85.9 1800 950 5.235
1787272702 85.0 85.9 85.0 85.9 1608 950 5.283
1787272703 82.2 82.2 81.3 82.2 2208 950 5.235
1787272705 79.5 78.5 78.5 81.3 2208 950 5.240
1787272706 78.5 77.6 77.6 78.5 2208 950 5.273
1787272707 77.6 76.7 76.7 77.6 2208 950 5.249
1787272708 81.3 82.2 81.3 83.2 2208 950 5.220
1787272709 84.1 84.1 84.1 85.0 2016 950 5.211
1787272710 85.0 85.0 84.1 85.9 2016 950 5.206
1787272711 85.0 85.9 84.1 85.9 2016 950 5.201
1787272712 85.0 85.9 84.1 85.0 1800 950 5.186
1787272713 85.9 85.9 85.0 85.9 1800 950 5.244
1787272715 85.0 85.9 85.0 85.9 1608 950 5.240
1787272716 85.9 85.9 85.0 85.9 1608 950 5.196
1787272717 85.9 85.9 85.0 85.0 1608 950 5.196
1787272718 85.0 86.8 85.0 85.9 1608 950 5.235
1787272719 85.0 85.9 84.1 85.9 1608 950 5.196
1787272720 85.9 85.9 85.0 85.9 1608 950 5.186
1787272721 85.0 85.9 85.0 85.9 1608 950 5.211
1787272723 85.9 86.8 85.0 85.9 1608 950 5.186
1787272724 85.9 85.9 84.1 85.9 1800 950 5.201
1787272725 85.0 85.9 85.0 85.9 1608 950 5.249
1787272726 85.9 86.8 85.0 85.9 1608 950 5.230
1787272727 85.9 86.8 85.0 86.8 1608 950 5.220
1787272728 85.9 86.8 85.9 85.9 1608 950 5.206
1787272729 85.9 85.9 85.0 85.9 1608 950 5.254
1787272730 85.0 85.9 85.0 85.9 1608 950 5.240
1787272732 85.0 85.9 84.1 85.9 1800 950 5.244
1787272733 85.9 85.9 85.0 85.9 1608 950 5.220
1787272734 85.9 85.0 84.1 85.0 1608 950 5.244
1787272735 85.0 85.9 85.0 85.9 1608 950 5.230
1787272736 85.0 85.9 85.0 85.9 1608 950 5.215
1787272737 85.9 85.9 85.0 85.9 1800 950 5.240
1787272738 85.0 85.9 84.1 85.0 1608 950 5.230
1787272739 85.0 85.9 85.0 85.9 1608 950 5.211
1787272741 85.0 85.9 84.1 85.0 1608 950 5.230
1787272742 85.0 85.9 85.0 85.0 1608 950 5.264
1787272743 85.0 85.9 84.1 85.0 1800 950 5.201
1787272744 85.0 85.9 84.1 85.0 1608 950 5.201
1787272745 85.0 85.9 85.0 85.9 1608 950 5.201
1787272746 85.9 85.9 85.0 85.9 1608 950 5.244
1787272747 85.0 85.9 85.0 85.0 1608 950 5.225
1787272748 85.0 85.9 85.0 85.0 1608 950 5.249
1787272749 85.0 85.9 84.1 85.9 1608 950 5.201
1787272751 85.9 85.9 85.0 85.9 1800 950 5.211
1787272752 85.0 85.9 84.1 85.9 1800 950 5.211
1787272753 85.0 85.9 84.1 85.9 1800 950 5.211
1787272754 85.9 85.9 85.0 85.9 1800 950 5.235
1787272755 85.0 85.9 85.0 85.0 1800 950 5.215
1787272756 85.9 86.8 85.0 85.9 1800 950 5.220
1787272757 85.0 85.9 85.0 85.9 1608 950 5.235
1787272758 85.0 85.9 85.0 85.9 1800 950 5.244
1787272760 85.0 85.9 84.1 85.9 1800 950 5.220
1787272761 85.0 85.9 84.1 85.0 1608 950 5.201
1787272762 85.0 85.9 85.0 85.9 1608 950 5.230
1787272763 85.0 85.9 84.1 85.0 1608 950 5.235
1787272764 85.0 85.9 84.1 85.9 1608 950 5.273
1787272765 85.0 85.9 84.1 85.9 1608 950 5.220
1787272766 85.0 85.9 84.1 85.9 1608 950 5.220
1787272767 85.0 85.9 84.1 85.0 1608 950 5.278
1787272768 80.4 80.4 79.5 80.4 2208 950 5.288
1787272770 79.5 78.5 77.6 79.5 2208 950 5.254
1787272771 83.2 84.1 83.2 84.1 2208 950 5.240
1787272772 84.1 85.0 84.1 85.9 2016 950 5.215
1787272773 85.9 85.9 85.0 85.9 1800 950 5.215
1787272774 85.9 85.9 85.0 85.9 1608 950 5.191
1787272775 85.9 85.9 85.0 85.9 1608 950 5.215
1787272776 85.9 86.8 85.0 85.9 1608 950 5.230
1787272777 85.0 85.0 84.1 85.9 1608 950 5.244
1787272778 85.0 85.9 84.1 85.0 1800 950 5.215
1787272780 85.0 85.9 84.1 85.0 1608 950 5.206
1787272781 85.0 85.9 84.1 85.0 1800 950 5.249
1787272782 85.0 85.9 84.1 85.0 1800 950 5.230
1787272783 85.0 85.9 84.1 85.9 1800 950 5.249
1787272784 85.0 85.0 84.1 85.9 1800 950 5.206
1787272785 85.0 85.9 85.0 85.9 1800 950 5.235
1787272786 85.0 85.9 85.0 85.9 1800 950 5.249
1787272787 85.9 85.9 85.0 85.9 1800 950 5.235
1787272789 85.9 85.9 85.0 85.9 1800 950 5.235
1787272790 85.0 85.9 84.1 85.0 1608 950 5.215
1787272791 85.0 85.0 84.1 85.0 1800 950 5.220
1787272792 85.0 85.9 84.1 85.9 1800 950 5.240
1787272793 85.0 85.9 85.0 85.9 1800 950 5.220
1787272794 85.9 85.9 85.0 85.9 1800 950 5.196
1787272795 85.0 85.9 84.1 85.0 2016 950 5.230
1787272796 85.0 85.9 85.0 85.9 1800 950 5.240
1787272797 85.9 85.9 85.0 85.9 1800 950 5.235
1787272799 85.0 85.9 84.1 85.9 1800 950 5.230
1787272800 85.0 85.9 85.0 85.9 1800 950 5.215
1787272801 85.0 85.9 85.0 85.9 1800 950 5.206
1787272802 85.9 85.9 85.0 85.9 1800 950 5.249
1787272803 85.0 86.8 85.0 85.9 1800 950 5.259
1787272804 85.0 85.0 84.1 85.9 1800 950 5.235
1787272805 85.9 85.9 85.0 85.9 1800 950 5.215
1787272806 85.9 85.9 85.0 85.9 1800 950 5.215
1787272807 85.9 86.8 85.0 85.9 1800 950 5.240
1787272809 85.9 85.9 85.0 85.9 1608 950 5.206
1787272810 85.9 85.9 85.0 85.9 1608 950 5.215
1787272811 85.0 85.9 85.0 85.9 1608 950 5.244
1787272812 85.0 85.9 85.0 85.9 1608 950 5.220
1787272813 85.0 85.9 84.1 85.0 1608 950 5.240
1787272814 85.0 85.9 85.0 85.0 1608 950 5.220
1787272815 85.9 85.9 84.1 85.9 1608 950 5.201
1787272816 85.0 85.9 85.0 85.9 1608 950 5.230
1787272818 85.0 85.9 85.0 85.0 1608 950 5.244
1787272819 85.9 85.9 84.1 85.9 1608 950 5.244
1787272820 85.0 85.9 84.1 85.9 1608 950 5.211
1787272821 85.0 85.9 85.0 85.9 1608 950 5.206
1787272822 85.0 85.9 85.0 85.9 1608 950 5.186
1787272823 85.9 85.9 85.0 85.9 1608 950 5.186
1787272824 85.9 85.9 85.0 85.9 1608 950 5.249
1787272825 85.0 85.9 85.0 85.0 1608 950 5.172
1787272827 85.0 85.9 85.0 85.9 1608 950 5.235
1787272828 85.9 85.9 84.1 85.0 1608 950 5.220
1787272829 85.0 85.0 84.1 85.9 1608 950 5.288
1787272830 85.0 85.9 85.0 85.0 1608 950 5.235
1787272831 83.2 82.2 82.2 83.2 2208 950 5.312
1787272832 79.5 78.5 78.5 80.4 2208 950 5.283
1787272833 78.5 77.6 77.6 78.5 2208 950 5.249
1787272834 82.2 83.2 82.2 83.2 2208 950 5.201
1787272835 85.0 85.9 85.0 85.9 2016 950 5.249
1787272836 85.0 85.9 85.0 85.9 1800 950 5.278
1787272838 85.9 85.9 85.0 85.9 1800 950 5.201
1787272839 85.9 85.9 85.0 86.8 1800 950 5.269
1787272840 85.9 85.9 85.0 85.9 1608 950 5.196
1787272841 85.0 85.0 84.1 85.0 1800 950 5.240
1787272842 85.0 85.9 84.1 85.9 1608 950 5.254
1787272843 85.0 85.9 84.1 85.0 1608 950 5.186
1787272844 85.0 85.9 84.1 85.0 1800 950 5.240
1787272845 85.0 85.9 84.1 85.0 1800 950 5.191
1787272847 85.0 85.0 84.1 85.9 1608 950 5.230
1787272848 85.0 85.9 84.1 85.0 1608 950 5.225
1787272849 85.0 85.9 84.1 85.0 1608 950 5.230
1787272850 85.0 85.9 84.1 85.9 1608 950 5.230
1787272851 85.0 85.9 84.1 85.9 1608 950 5.235
1787272852 85.0 85.9 84.1 85.0 1800 950 5.273
1787272853 85.0 85.9 84.1 85.9 1608 950 5.225
1787272854 85.0 85.9 85.0 85.9 1608 950 5.196
1787272855 85.0 85.9 84.1 85.0 1608 950 5.230
1787272857 85.0 85.9 84.1 85.9 1608 950 5.254
1787272858 85.0 85.9 84.1 85.0 1800 950 5.240
1787272859 85.9 85.9 85.0 85.0 1608 950 5.220
1787272860 85.0 85.0 84.1 85.0 1800 950 5.254
1787272861 85.0 85.9 85.0 85.9 1800 950 5.240
1787272862 85.9 85.9 85.0 85.9 2016 950 5.288
1787272863 85.0 85.9 85.0 85.9 1800 950 5.235
1787272864 85.0 85.9 85.0 85.9 1608 950 5.225
1787272865 85.0 85.0 84.1 85.0 1608 950 5.235
1787272867 85.0 85.9 84.1 85.9 1608 950 5.211
1787272868 85.0 85.9 84.1 85.0 1800 950 5.220
1787272869 85.0 85.9 84.1 85.0 1608 950 5.211
1787272870 85.9 85.9 85.0 85.9 1608 950 5.201
1787272871 85.0 85.9 84.1 85.9 1608 950 5.177
1787272872 85.0 85.9 84.1 85.9 1608 950 5.206
1787272873 85.0 85.9 85.0 85.0 1608 950 5.235
1787272874 85.0 86.8 85.0 85.9 1608 950 5.215
1787272876 85.0 85.9 85.0 85.0 1608 950 5.215
1787272877 85.0 85.9 85.0 85.9 1608 950 5.196
1787272878 85.0 85.9 84.1 85.9 1608 950 5.172
1787272879 85.0 85.9 84.1 85.9 1608 950 5.240
1787272880 85.0 85.9 84.1 85.0 1608 950 5.249
1787272881 85.0 85.9 85.0 85.0 1608 950 5.215
1787272882 85.0 85.9 85.0 85.9 1608 950 5.254
1787272883 85.0 85.9 84.1 85.9 1608 950 5.215
1787272884 85.0 85.9 84.1 85.0 1608 950 5.172
1787272886 85.9 85.9 84.1 85.0 1608 950 5.254
1787272887 85.0 85.9 85.0 85.9 1608 950 5.254
1787272888 85.0 85.9 85.0 85.9 1608 950 5.240
1787272889 85.0 85.9 85.0 85.0 1608 950 5.235
1787272890 85.0 85.9 85.0 85.9 1608 950 5.201
1787272891 85.0 85.9 84.1 85.9 1608 950 5.211
1787272892 85.0 85.9 85.0 85.9 1608 950 5.201
1787272893 85.0 85.9 85.0 85.9 1608 950 5.235
1787272894 81.3 81.3 80.4 81.3 2208 950 5.235
1787272896 79.5 78.5 78.5 81.3 2208 950 5.273
1787272897 79.5 80.4 79.5 81.3 2208 950 5.215
1787272898 85.0 85.0 84.1 85.9 2016 950 5.211
1787272899 85.0 85.9 85.0 86.8 1800 950 5.240
1787272900 85.0 85.9 84.1 85.9 1608 950 5.220
1787272901 85.0 85.9 84.1 85.9 1608 950 5.215
1787272902 85.9 86.8 85.9 85.9 1608 950 5.201
1787272904 85.9 86.8 85.0 85.9 1608 950 5.201
1787272905 85.9 85.9 85.0 85.9 1608 950 5.220
1787272906 85.0 85.9 85.0 85.9 1608 950 5.215
1787272907 85.0 85.9 85.0 85.0 1608 950 5.225
1787272908 85.0 85.9 84.1 85.0 1608 950 5.215
1787272909 85.0 85.9 84.1 85.9 1800 950 5.196
1787272910 85.0 85.9 84.1 85.0 1800 950 5.182
1787272911 85.0 85.0 84.1 85.9 1800 950 5.240
1787272912 85.0 85.9 85.0 85.9 1800 950 5.278
1787272914 85.9 85.9 84.1 85.9 1800 950 5.240
1787272915 85.0 85.9 85.0 85.9 1800 950 5.225
1787272916 85.0 85.9 85.0 85.9 1800 950 5.225
1787272917 85.0 85.9 84.1 85.0 2016 950 5.240
1787272918 85.0 85.9 84.1 85.9 1800 950 5.211
1787272919 85.0 85.9 85.0 85.9 1800 950 5.254
1787272920 85.0 85.9 84.1 85.0 1800 950 5.225
1787272921 85.0 85.0 84.1 85.9 1800 950 5.244
1787272923 85.9 86.8 85.0 85.9 1800 950 5.249
1787272924 85.0 86.8 85.0 85.9 1800 950 5.264
1787272925 85.0 85.9 84.1 85.0 1800 950 5.225
1787272926 85.9 85.9 84.1 85.9 1800 950 5.215
1787272927 85.0 85.9 84.1 85.9 1800 950 5.254
1787272928 85.9 85.9 85.0 85.9 1608 950 5.249
1787272929 85.0 85.9 84.1 85.0 1608 950 5.230
1787272930 85.0 85.9 85.0 85.9 1608 950 5.220
1787272931 85.0 85.9 85.0 85.9 1608 950 5.196
1787272933 85.0 85.9 85.0 85.0 1608 950 5.230
1787272934 85.0 85.9 85.0 85.9 1608 950 5.254
1787272935 85.0 85.0 84.1 85.9 1608 950 5.259
1787272936 85.0 85.9 84.1 85.9 1608 950 5.244
1787272937 85.0 85.9 84.1 85.0 1608 950 5.225
1787272938 85.0 85.9 84.1 85.0 1608 950 5.201
1787272939 85.0 85.9 84.1 85.0 1608 950 5.240
1787272940 85.0 85.9 84.1 85.9 1608 950 5.254
1787272942 85.0 85.9 85.0 85.9 1800 950 5.191
1787272943 85.0 85.9 84.1 85.9 1608 950 5.230
1787272944 85.0 85.9 84.1 85.0 1608 950 5.244
1787272945 85.0 85.9 85.0 85.9 1608 950 5.206
1787272946 85.0 85.0 84.1 85.0 1800 950 5.206
1787272947 85.0 86.8 85.0 85.9 1800 950 5.235
1787272948 85.0 85.9 85.0 85.0 2016 950 5.167
1787272949 85.9 85.9 85.0 85.9 1800 950 5.206
1787272951 85.9 85.9 85.0 85.9 1800 950 5.225
1787272952 85.9 85.9 85.0 85.9 1800 950 5.283
1787272953 85.0 85.9 84.1 85.9 1800 950 5.220
1787272954 85.0 85.9 85.0 85.9 1800 950 5.240
1787272955 85.9 86.8 85.0 85.9 1800 950 5.240
1787272956 85.9 85.9 84.1 85.9 1800 950 5.244
1787272957 85.0 85.9 84.1 85.0 2016 950 5.307
1787272958 80.4 79.5 79.5 80.4 2208 950 5.293
1787272959 78.5 78.5 77.6 79.5 2208 950 5.302
1787272960 82.2 82.2 81.3 83.2 2208 950 5.220
1787272962 85.0 85.9 84.1 85.9 2016 950 5.167
1787272963 85.0 85.9 84.1 85.0 2016 950 5.206
1787272964 85.0 85.9 85.0 85.9 1800 950 5.211
1787272965 85.9 85.9 84.1 85.9 1800 950 5.201
1787272966 85.0 85.9 85.0 85.9 1800 950 5.244
1787272967 85.0 85.9 84.1 85.9 1800 950 5.264
1787272968 85.0 85.9 85.0 85.9 1800 950 5.230
1787272969 85.9 85.9 85.0 85.9 1608 950 5.240
1787272971 85.0 85.9 85.0 85.9 1608 950 5.196
1787272972 85.0 85.9 84.1 85.9 1608 950 5.220
1787272973 85.0 85.9 85.0 85.9 1608 950 5.230
1787272974 85.0 85.9 84.1 85.9 1608 950 5.244
1787272975 85.0 85.9 85.0 85.9 1608 950 5.230
1787272976 85.0 85.0 84.1 85.9 1800 950 5.278
1787272977 85.0 85.9 84.1 85.9 1608 950 5.254
1787272978 85.0 85.9 85.0 85.9 1800 950 5.249
1787272980 85.9 85.9 85.0 85.9 1800 950 5.215
1787272981 85.9 85.9 85.0 85.9 1800 950 5.211
1787272982 85.9 85.9 85.0 85.9 1800 950 5.201
1787272983 85.9 86.8 85.0 85.9 1800 950 5.293
1787272984 85.9 85.9 85.0 85.9 1608 950 5.244
1787272985 85.0 85.9 85.0 85.9 1608 950 5.254
1787272986 85.9 85.9 85.0 85.9 1608 950 5.225
1787272987 85.0 85.9 84.1 85.0 1800 950 5.264
1787272988 85.9 85.9 85.0 85.9 1608 950 5.254
1787272990 85.9 85.9 85.0 85.9 1608 950 5.230
1787272991 85.0 85.9 84.1 85.9 1608 950 5.230
1787272992 85.0 85.9 84.1 85.0 1800 950 5.182
1787272993 85.0 85.9 84.1 85.9 1608 950 5.225
1787272994 85.0 85.9 85.0 85.9 1608 950 5.225
1787272995 85.0 85.9 85.0 85.9 1608 950 5.215
1787272996 85.0 85.9 85.0 85.9 1608 950 5.235
1787272997 85.9 85.9 84.1 85.9 1800 950 5.235
1787272998 85.9 85.9 85.0 85.9 1800 950 5.254
1787273000 85.9 85.9 85.0 85.9 1800 950 5.244
1787273001 85.0 85.9 84.1 85.9 1800 950 5.196
1787273002 85.9 85.9 85.0 85.9 1800 950 5.225
1787273003 85.0 85.9 85.0 85.9 1800 950 5.225
1787273004 85.9 85.9 85.0 85.9 1800 950 5.240
1787273005 85.0 85.9 85.0 85.9 1800 950 5.225
1787273006 85.0 85.9 85.0 85.9 1800 950 5.211
1787273007 85.9 85.9 85.0 85.9 1800 950 5.244
1787273009 85.9 85.9 85.0 85.9 1800 950 5.206
1787273010 85.9 85.9 85.0 85.9 1800 950 5.225
1787273011 85.0 85.9 85.0 85.9 1800 950 5.215
1787273012 85.0 85.9 84.1 85.9 1800 950 5.230
1787273013 85.9 85.9 85.0 85.9 1800 950 5.244
1787273014 85.0 85.9 85.0 85.9 1800 950 5.244
1787273015 85.0 86.8 85.0 85.9 1800 950 5.244
1787273016 85.0 85.9 84.1 85.0 2016 950 5.196
1787273017 85.9 85.9 85.0 85.9 1800 950 5.244
1787273019 85.9 85.9 85.0 85.9 1608 950 5.220
1787273020 85.0 85.9 84.1 85.9 1608 950 5.230
1787273021 81.3 80.4 80.4 81.3 2208 950 5.283
1787273022 80.4 79.5 79.5 80.4 2208 950 5.278
1787273023 78.5 77.6 77.6 78.5 2208 950 5.254
1787273024 77.6 76.7 76.7 77.6 2208 950 5.264
1787273025 76.7 76.7 75.8 76.7 2208 950 5.312
1787273026 75.8 75.8 74.8 76.7 2208 950 5.293
1787273027 75.8 74.8 74.8 75.8 2208 950 5.283
