epoch soc_c npu_c ddr_c bigcore_c cpu_mhz npu_mhz volt_v
1787278553 57.3 56.4 56.4 58.2 2208 950 5.254
1787278554 56.4 55.5 54.5 55.5 2208 950 5.307
1787278555 61.9 61.9 61.0 63.8 2208 950 5.157
1787278556 63.8 63.8 62.8 63.8 2208 950 5.235
1787278557 64.7 65.6 63.8 65.6 2208 950 5.215
1787278558 65.6 65.6 64.7 66.5 2208 950 5.220
1787278559 66.5 66.5 65.6 67.5 2208 950 5.206
1787278561 66.5 67.5 65.6 67.5 2208 950 5.196
1787278562 67.5 68.4 66.5 69.3 2208 950 5.220
1787278563 68.4 69.3 67.5 69.3 2208 950 5.201
1787278564 67.5 67.5 66.5 67.5 2208 950 5.230
1787278565 68.4 69.3 67.5 69.3 2208 950 5.211
1787278566 69.3 70.2 68.4 70.2 2208 950 5.235
1787278567 69.3 69.3 68.4 69.3 2208 950 5.225
1787278568 70.2 71.2 69.3 71.2 2208 950 5.225
1787278570 69.3 70.2 69.3 71.2 2208 950 5.157
1787278571 70.2 70.2 69.3 71.2 2208 950 5.196
1787278572 71.2 71.2 69.3 72.1 2208 950 5.211
1787278573 70.2 71.2 69.3 70.2 2208 950 5.177
1787278574 71.2 72.1 70.2 73.0 2208 950 5.157
1787278575 72.1 72.1 71.2 73.0 2208 950 5.225
1787278576 71.2 72.1 70.2 73.0 2208 950 5.177
1787278577 72.1 72.1 71.2 73.0 2208 950 5.196
1787278579 71.2 72.1 70.2 73.0 2208 950 5.186
1787278580 72.1 73.0 72.1 73.0 2208 950 5.254
1787278581 73.0 73.9 72.1 73.9 2208 950 5.196
1787278582 73.0 73.0 72.1 73.9 2208 950 5.191
1787278583 73.0 73.9 72.1 73.9 2208 950 5.211
1787278584 73.0 73.9 73.0 74.8 2208 950 5.220
1787278585 73.0 73.9 72.1 73.9 2208 950 5.254
1787278586 73.0 73.9 73.0 73.9 2208 950 5.186
1787278588 73.9 73.9 73.0 74.8 2208 950 5.191
1787278589 73.9 74.8 73.0 74.8 2208 950 5.225
1787278590 73.9 73.9 73.0 74.8 2208 950 5.177
1787278591 73.9 74.8 73.0 74.8 2208 950 5.230
1787278592 73.9 75.8 73.9 74.8 2208 950 5.215
1787278593 75.8 76.7 74.8 76.7 2208 950 5.206
1787278594 74.8 75.8 73.9 75.8 2208 950 5.230
1787278595 75.8 75.8 74.8 76.7 2208 950 5.201
1787278597 75.8 76.7 74.8 76.7 2208 950 5.215
1787278598 75.8 75.8 74.8 76.7 2208 950 5.153
1787278599 75.8 76.7 74.8 77.6 2208 950 5.191
1787278600 75.8 76.7 74.8 77.6 2208 950 5.230
1787278601 77.6 77.6 76.7 78.5 2208 950 5.215
1787278602 76.7 77.6 75.8 78.5 2208 950 5.177
1787278603 77.6 77.6 76.7 78.5 2208 950 5.225
1787278604 76.7 77.6 75.8 78.5 2208 950 5.220
1787278606 77.6 78.5 77.6 79.5 2208 950 5.206
1787278607 77.6 78.5 76.7 79.5 2208 950 5.211
1787278608 77.6 78.5 76.7 78.5 2208 950 5.206
1787278609 78.5 79.5 77.6 79.5 2208 950 5.157
1787278610 78.5 78.5 77.6 79.5 2208 950 5.220
1787278611 77.6 77.6 76.7 78.5 2208 950 5.211
1787278612 77.6 77.6 76.7 79.5 2208 950 5.196
1787278614 78.5 78.5 77.6 79.5 2208 950 5.215
1787278615 78.5 79.5 77.6 80.4 2208 950 5.201
1787278616 75.8 75.8 74.8 75.8 2208 950 5.235
1787278617 78.5 78.5 77.6 79.5 2208 950 5.172
1787278618 78.5 79.5 77.6 79.5 2208 950 5.196
1787278619 79.5 79.5 77.6 80.4 2208 950 5.186
1787278620 79.5 79.5 78.5 80.4 2208 950 5.259
1787278621 79.5 79.5 78.5 79.5 2208 950 5.235
1787278623 79.5 79.5 78.5 81.3 2208 950 5.182
1787278624 79.5 79.5 78.5 80.4 2208 950 5.196
1787278625 80.4 80.4 79.5 81.3 2208 950 5.148
1787278626 80.4 80.4 79.5 80.4 2208 950 5.182
1787278627 81.3 81.3 79.5 82.2 2208 950 5.235
1787278628 80.4 80.4 79.5 81.3 2208 950 5.191
1787278629 80.4 81.3 80.4 82.2 2208 950 5.220
1787278631 81.3 81.3 80.4 82.2 2208 950 5.215
1787278632 80.4 81.3 79.5 82.2 2208 950 5.211
1787278633 81.3 82.2 80.4 83.2 2208 950 5.206
1787278634 81.3 82.2 80.4 82.2 2208 950 5.206
1787278635 81.3 81.3 80.4 82.2 2208 950 5.162
1787278636 81.3 82.2 80.4 83.2 2208 950 5.244
1787278637 81.3 82.2 80.4 82.2 2208 950 5.157
1787278639 82.2 83.2 81.3 84.1 2208 950 5.177
1787278640 82.2 83.2 81.3 83.2 2208 950 5.191
1787278641 82.2 82.2 81.3 84.1 2208 950 5.254
1787278642 81.3 81.3 80.4 82.2 2208 950 5.215
1787278643 82.2 82.2 81.3 84.1 2208 950 5.201
1787278644 82.2 83.2 81.3 83.2 2208 950 5.167
1787278645 82.2 82.2 81.3 84.1 2208 950 5.211
1787278646 82.2 83.2 81.3 84.1 2208 950 5.215
1787278648 82.2 83.2 81.3 83.2 2208 950 5.235
1787278649 83.2 83.2 82.2 84.1 2208 950 5.240
1787278650 83.2 83.2 82.2 84.1 2208 950 5.196
1787278651 83.2 83.2 82.2 84.1 2208 950 5.230
1787278652 83.2 83.2 82.2 84.1 2208 950 5.191
1787278653 83.2 84.1 83.2 85.0 2208 950 5.191
1787278654 83.2 84.1 82.2 85.0 2208 950 5.211
1787278655 83.2 84.1 82.2 84.1 2208 950 5.196
1787278657 84.1 85.0 83.2 85.0 2016 950 5.201
1787278658 83.2 84.1 82.2 84.1 2208 950 5.211
1787278659 83.2 84.1 83.2 85.0 2208 950 5.157
1787278660 84.1 84.1 83.2 85.0 2016 950 5.215
1787278661 84.1 85.0 83.2 85.0 2016 950 5.215
1787278662 85.0 85.0 84.1 85.9 2016 950 5.186
1787278663 84.1 84.1 83.2 85.0 2208 950 5.244
1787278665 84.1 85.0 84.1 85.9 2016 950 5.220
1787278666 83.2 84.1 83.2 85.0 2208 950 5.220
1787278667 84.1 85.0 83.2 85.0 2208 950 5.201
1787278668 85.0 85.0 84.1 85.0 2016 950 5.211
1787278669 85.0 85.9 84.1 85.9 2016 950 5.215
1787278670 85.0 85.0 84.1 85.0 2016 950 5.186
1787278671 85.0 85.0 84.1 85.0 2016 950 5.172
1787278673 85.0 85.0 84.1 85.0 2016 950 5.206
1787278674 84.1 84.1 83.2 84.1 2208 950 5.259
1787278675 85.0 85.0 84.1 85.9 2016 950 5.249
1787278676 85.0 85.0 83.2 84.1 2208 950 5.302
1787278677 81.3 81.3 80.4 82.2 2208 950 5.206
1787278678 85.0 85.0 84.1 85.9 2016 950 5.196
1787278679 84.1 85.0 83.2 85.0 2016 950 5.225
1787278680 85.0 85.0 84.1 85.9 2208 950 5.196
1787278682 85.0 85.0 84.1 85.0 2016 950 5.283
1787278683 85.0 85.0 84.1 85.9 2016 950 5.196
1787278684 85.0 85.0 84.1 85.0 2016 950 5.186
1787278685 85.0 85.0 84.1 85.9 2016 950 5.244
1787278686 85.0 85.9 84.1 85.9 2016 950 5.225
1787278687 85.0 85.9 84.1 86.8 2016 950 5.230
1787278688 85.0 85.9 84.1 85.9 2016 950 5.220
1787278689 85.0 85.0 84.1 85.0 2016 950 5.211
1787278691 85.0 85.0 84.1 85.9 2016 950 5.230
1787278692 85.0 85.9 84.1 86.8 1800 950 5.206
1787278693 85.0 85.9 84.1 85.0 2016 950 5.235
1787278694 85.0 85.9 84.1 85.9 2016 950 5.215
1787278695 85.0 85.0 84.1 85.9 2016 950 5.264
1787278696 85.0 85.0 84.1 85.0 1800 950 5.186
1787278697 85.0 85.9 84.1 85.9 1800 950 5.196
1787278699 85.0 85.0 84.1 85.0 1800 950 5.186
1787278700 85.9 85.9 85.0 86.8 1800 950 5.172
1787278701 85.0 85.9 85.0 85.9 1800 950 5.215
1787278702 85.0 86.8 84.1 85.9 1800 950 5.191
1787278703 85.0 85.9 85.0 85.9 1800 950 5.167
1787278704 85.0 85.9 84.1 85.9 2016 950 5.167
1787278706 85.0 86.8 85.0 85.9 1800 950 5.206
1787278707 85.0 85.9 84.1 85.9 1800 950 5.220
1787278708 85.0 85.9 85.0 85.9 1800 950 5.211
1787278709 85.9 86.8 85.0 85.9 1800 950 5.196
1787278710 85.0 85.9 84.1 85.9 1800 950 5.211
1787278711 85.0 85.9 84.1 85.9 1800 950 5.186
1787278713 85.0 85.9 84.1 85.9 1800 950 5.215
1787278714 85.0 86.8 85.0 85.9 1800 950 5.220
1787278715 85.0 86.8 85.0 85.9 1800 950 5.201
1787278716 85.9 86.8 85.0 85.9 1800 950 5.220
1787278717 85.9 86.8 85.0 86.8 1800 950 5.235
1787278718 85.0 85.9 85.0 86.8 1608 950 5.206
1787278719 85.0 85.9 85.0 85.9 1800 950 5.240
1787278721 85.0 86.8 85.0 85.9 1608 950 5.215
1787278722 85.9 86.8 85.0 85.9 1608 950 5.186
1787278723 85.0 85.0 85.0 85.0 1800 950 5.186
1787278724 85.9 86.8 85.0 85.9 1608 950 5.177
1787278725 85.0 85.9 85.0 85.9 1800 950 5.259
1787278726 85.0 85.9 85.0 85.9 1608 950 5.220
1787278727 85.9 86.8 85.0 85.9 1608 950 5.206
1787278729 85.9 86.8 85.0 85.9 1608 950 5.196
1787278730 85.0 86.8 85.0 85.9 1800 950 5.201
1787278731 85.9 86.8 85.0 85.9 1608 950 5.225
1787278732 85.0 85.0 84.1 85.9 1608 950 5.220
1787278733 85.0 86.8 85.0 85.9 1608 950 5.211
1787278734 85.9 86.8 85.0 85.9 1608 950 5.215
1787278735 85.9 85.9 85.0 85.9 1608 950 5.211
1787278737 85.9 85.9 85.0 85.0 1800 950 5.215
1787278738 83.2 83.2 82.2 84.1 2208 950 5.196
1787278739 85.0 85.9 84.1 85.9 1800 950 5.196
1787278740 85.0 86.8 85.0 85.9 1800 950 5.182
1787278741 85.0 85.9 84.1 85.9 1800 950 5.206
1787278742 85.0 85.9 84.1 85.9 1608 950 5.215
1787278743 85.0 86.8 85.0 85.9 1800 950 5.230
1787278744 85.0 85.9 85.0 85.9 1608 950 5.201
1787278746 85.9 86.8 84.1 85.0 1608 950 5.215
1787278747 85.9 86.8 85.0 85.9 1608 950 5.215
1787278748 85.9 86.8 85.0 86.8 1608 950 5.220
1787278749 85.9 86.8 85.0 85.9 1416 950 5.206
1787278750 85.9 85.9 85.0 85.9 1608 950 5.240
1787278751 85.0 86.8 85.0 85.9 1416 950 5.225
1787278752 85.0 86.8 85.0 85.0 1608 950 5.211
1787278754 85.9 86.8 85.0 85.9 1416 950 5.186
1787278755 85.9 86.8 85.0 85.9 1608 950 5.220
1787278756 85.0 85.9 85.0 85.9 1608 950 5.201
1787278757 85.9 86.8 85.0 85.9 1608 950 5.196
1787278758 85.0 85.9 84.1 85.9 1608 950 5.186
1787278759 85.9 86.8 85.0 85.9 1416 950 5.235
1787278761 85.0 85.9 84.1 85.0 1608 950 5.172
1787278762 85.0 85.9 84.1 85.9 1800 950 5.254
1787278763 85.0 85.9 85.0 85.9 1800 950 5.220
1787278764 85.0 85.9 85.0 85.9 1800 950 5.201
1787278765 85.9 86.8 85.0 85.9 1608 950 5.186
1787278766 85.9 86.8 85.0 85.9 1608 950 5.196
1787278767 85.0 85.9 84.1 85.0 1800 950 5.264
1787278768 85.9 86.8 85.0 85.9 1608 950 5.215
1787278770 85.9 86.8 85.0 85.9 1608 950 5.215
1787278771 85.9 86.8 85.0 85.9 1608 950 5.211
1787278772 85.9 86.8 85.0 86.8 1608 950 5.191
1787278773 85.9 86.8 85.0 85.9 1608 950 5.206
1787278774 85.9 86.8 85.0 86.8 1608 950 5.215
1787278775 85.9 86.8 85.0 85.9 1416 950 5.225
1787278776 85.9 86.8 85.0 85.9 1416 950 5.215
1787278778 85.9 86.8 85.0 85.9 1416 950 5.225
1787278779 85.9 86.8 85.0 86.8 1416 950 5.191
1787278780 85.9 86.8 85.0 85.9 1416 950 5.230
1787278781 85.9 86.8 85.0 85.9 1416 950 5.211
1787278782 85.9 86.8 85.9 86.8 1416 950 5.191
1787278783 85.9 86.8 85.0 85.9 1416 950 5.196
1787278785 85.9 86.8 85.9 86.8 1416 950 5.230
1787278786 85.9 86.8 85.0 85.9 1416 950 5.191
1787278787 85.9 85.9 85.0 85.9 1416 950 5.206
1787278788 85.9 86.8 85.0 85.9 1416 950 5.196
1787278789 85.9 86.8 85.0 85.9 1416 950 5.215
1787278790 85.9 86.8 85.0 85.9 1416 950 5.186
1787278791 85.0 85.9 85.0 85.9 1416 950 5.230
1787278793 85.0 86.8 85.0 85.9 1416 950 5.211
1787278794 85.9 86.8 85.0 85.9 1416 950 5.215
1787278795 85.9 86.8 85.0 85.9 1416 950 5.249
1787278796 85.9 86.8 85.9 86.8 1416 950 5.235
1787278797 85.9 86.8 85.0 85.9 1416 950 5.254
1787278798 82.2 82.2 81.3 82.2 2208 950 5.240
1787278799 85.0 85.0 84.1 85.9 1800 950 5.230
1787278801 85.9 86.8 85.0 85.9 1608 950 5.230
1787278802 86.8 86.8 85.9 85.9 1200 950 5.196
1787278803 85.9 86.8 85.0 85.9 1200 950 5.167
1787278804 85.9 86.8 85.0 85.9 1200 950 5.235
1787278805 85.9 86.8 85.0 85.9 1416 950 5.211
1787278806 85.9 86.8 85.0 85.9 1200 950 5.235
1787278808 85.9 86.8 85.0 85.9 1416 950 5.225
1787278809 85.9 86.8 85.0 85.9 1416 950 5.293
1787278810 85.9 86.8 85.0 85.9 1416 950 5.215
1787278811 85.9 86.8 85.0 85.9 1200 950 5.215
1787278812 85.0 86.8 85.0 85.9 1416 950 5.244
1787278813 85.9 86.8 85.0 85.9 1200 950 5.215
1787278814 85.9 86.8 85.0 85.0 1200 950 5.215
1787278816 86.8 86.8 85.0 85.9 1200 950 5.211
1787278817 86.8 86.8 85.9 85.9 1200 950 5.215
1787278818 85.9 86.8 85.0 85.9 1416 950 5.215
1787278819 85.9 86.8 85.0 85.9 1200 950 5.220
1787278820 85.9 86.8 85.0 85.9 1200 950 5.235
1787278821 85.9 86.8 85.0 85.9 1200 950 5.177
1787278823 85.9 85.9 85.0 85.9 1200 950 5.177
1787278824 85.9 86.8 85.9 85.9 1200 950 5.215
1787278825 85.9 86.8 85.0 85.9 1200 950 5.211
1787278826 85.9 86.8 85.0 85.9 1200 950 5.269
1787278827 85.9 86.8 85.0 85.9 1416 950 5.172
1787278828 85.9 86.8 85.0 85.9 1416 950 5.220
1787278829 85.0 85.9 85.0 85.9 1416 950 5.225
1787278831 85.0 86.8 85.0 85.9 1416 950 5.254
1787278832 85.9 86.8 85.0 85.9 1416 950 5.201
1787278833 86.8 87.8 85.0 85.9 1416 950 5.220
1787278834 85.9 86.8 85.0 85.9 1416 950 5.201
1787278835 85.9 86.8 85.0 85.9 1416 950 5.220
1787278836 86.8 86.8 85.9 86.8 1416 950 5.201
1787278837 85.9 86.8 85.9 85.9 1416 950 5.191
1787278839 85.9 86.8 85.9 85.9 1416 950 5.211
1787278840 85.9 86.8 85.0 85.9 1416 950 5.230
1787278841 86.8 87.8 85.9 86.8 1416 950 5.235
1787278842 85.9 86.8 85.0 85.9 1416 950 5.215
1787278843 86.8 86.8 85.0 85.9 1200 950 5.240
1787278844 85.9 85.9 85.0 85.0 1200 950 5.215
1787278845 86.8 86.8 85.9 86.8 1008 950 5.230
1787278847 85.9 86.8 85.0 85.9 1008 950 5.259
1787278848 85.9 86.8 85.0 85.9 1008 950 5.186
1787278849 85.9 86.8 85.0 85.9 1008 950 5.225
1787278850 85.9 86.8 85.9 85.9 1008 950 5.211
1787278851 85.9 86.8 85.0 85.9 1008 950 5.225
1787278852 85.9 86.8 85.0 85.9 1008 950 5.235
1787278854 85.9 86.8 85.0 85.9 1008 950 5.215
1787278855 85.9 86.8 85.0 85.9 1008 950 5.235
1787278856 85.9 85.9 85.0 85.9 1200 950 5.244
1787278857 85.9 86.8 85.0 85.9 1008 950 5.244
1787278858 85.9 86.8 85.0 85.9 1008 950 5.215
1787278859 83.2 83.2 82.2 83.2 1800 950 5.293
1787278860 80.4 79.5 78.5 79.5 2208 950 5.288
1787278862 83.2 83.2 82.2 84.1 2208 950 5.240
1787278863 85.9 86.8 85.0 86.8 1608 950 5.201
1787278864 85.0 86.8 85.0 85.9 1416 950 5.230
1787278865 85.0 85.9 85.0 85.9 1608 950 5.230
1787278866 85.9 86.8 85.0 85.9 1608 950 5.220
1787278867 85.9 86.8 85.9 85.9 1416 950 5.230
1787278868 85.9 85.9 85.0 85.9 1416 950 5.211
1787278870 85.9 86.8 85.9 86.8 1416 950 5.230
1787278871 85.9 86.8 85.0 85.9 1416 950 5.244
1787278872 85.9 86.8 85.0 85.9 1416 950 5.206
1787278873 85.9 86.8 85.0 86.8 1416 950 5.206
1787278874 85.9 87.8 85.9 86.8 1416 950 5.206
1787278875 85.9 86.8 85.0 86.8 1200 950 5.225
1787278877 86.8 86.8 85.0 85.9 1200 950 5.240
1787278878 85.9 86.8 85.0 85.9 1200 950 5.220
1787278879 85.9 87.8 85.0 85.9 1416 950 5.177
1787278880 86.8 86.8 85.0 85.9 1200 950 5.182
1787278881 85.9 86.8 85.9 86.8 1200 950 5.196
1787278882 86.8 87.8 85.9 85.9 1008 950 5.196
1787278883 86.8 87.8 85.9 86.8 1008 950 5.220
1787278885 85.9 86.8 85.0 85.9 1008 950 5.196
1787278886 85.9 86.8 85.0 85.9 1008 950 5.225
1787278887 86.8 86.8 85.0 85.9 1008 950 5.225
1787278888 85.9 86.8 85.9 85.9 1008 950 5.230
1787278889 85.9 86.8 85.0 85.9 1008 950 5.196
1787278890 85.9 86.8 85.0 85.9 1008 950 5.172
1787278892 85.9 86.8 85.0 85.9 1008 950 5.196
1787278893 85.9 87.8 85.0 85.9 1008 950 5.206
1787278894 85.9 86.8 85.0 85.9 1008 950 5.240
1787278895 85.9 86.8 85.0 85.9 1008 950 5.259
1787278896 85.9 86.8 85.0 85.9 1008 950 5.167
1787278897 85.9 86.8 85.0 85.9 1008 950 5.244
1787278899 85.9 86.8 85.0 85.9 1008 950 5.215
1787278900 86.8 86.8 85.9 85.9 1008 950 5.220
1787278901 86.8 86.8 85.9 86.8 1008 950 5.191
1787278902 85.9 86.8 85.9 85.9 1008 950 5.235
1787278903 86.8 87.8 85.9 86.8 1008 950 5.206
1787278904 85.9 86.8 85.0 85.9 816 950 5.201
1787278906 85.9 86.8 85.0 85.9 816 950 5.249
1787278907 85.9 86.8 85.9 85.9 816 950 5.235
1787278908 85.9 86.8 85.9 85.9 816 950 5.211
1787278909 85.9 86.8 85.0 85.9 1008 950 5.225
1787278910 85.9 86.8 85.0 85.0 1008 950 5.196
1787278911 85.9 86.8 85.0 85.9 816 950 5.211
1787278913 85.9 86.8 85.0 85.9 1008 950 5.191
1787278914 85.9 86.8 85.0 85.9 1008 950 5.240
1787278915 85.9 86.8 85.0 85.9 816 950 5.206
1787278916 85.9 85.9 85.0 85.9 1008 950 5.215
1787278917 85.9 86.8 85.0 85.9 816 950 5.196
1787278918 85.9 86.8 85.0 85.9 1008 950 5.206
1787278920 85.9 86.8 85.0 85.9 816 950 5.220
1787278921 85.9 86.8 85.0 85.9 816 950 5.211
1787278922 83.2 83.2 82.2 83.2 1608 950 5.249
1787278923 85.9 86.8 85.0 85.9 1800 950 5.162
1787278924 85.9 87.8 85.9 86.8 1200 950 5.225
1787278925 85.9 86.8 85.0 85.9 1008 950 5.206
1787278927 85.9 86.8 85.0 85.0 816 950 5.235
1787278928 85.9 86.8 85.0 85.9 816 950 5.235
1787278929 85.9 86.8 85.0 85.9 816 950 5.220
1787278930 85.9 86.8 85.0 85.9 816 950 5.167
1787278931 85.9 86.8 85.9 85.9 1008 950 5.230
1787278932 85.9 86.8 85.0 85.9 816 950 5.191
1787278934 85.9 86.8 85.0 85.9 1008 950 5.244
1787278935 85.9 86.8 85.0 85.9 816 950 5.235
1787278936 85.9 86.8 85.0 85.9 816 950 5.206
1787278937 85.9 86.8 85.0 85.9 1008 950 5.244
1787278938 85.9 86.8 85.0 85.9 1008 950 5.206
1787278939 85.9 86.8 85.0 85.9 816 950 5.201
1787278941 85.9 86.8 85.0 85.9 816 950 5.254
1787278942 85.9 87.8 85.0 85.9 1008 950 5.182
1787278943 85.9 86.8 85.0 85.9 1008 950 5.206
1787278944 85.9 86.8 85.9 85.9 816 950 5.186
1787278945 85.9 86.8 85.0 85.9 816 950 5.162
1787278947 85.9 86.8 85.0 85.9 816 950 5.201
1787278948 85.9 86.8 85.0 85.9 816 950 5.235
1787278949 85.9 86.8 85.0 85.9 816 950 5.235
1787278950 85.9 86.8 85.0 85.9 816 950 5.201
1787278951 85.9 86.8 85.0 85.9 816 950 5.196
1787278952 85.9 87.8 85.0 85.9 816 950 5.230
1787278954 85.9 86.8 85.0 85.9 816 950 5.230
1787278955 85.9 86.8 85.0 85.9 1008 950 5.201
1787278956 86.8 86.8 85.9 85.9 1008 950 5.186
1787278957 85.9 86.8 85.0 85.9 816 950 5.196
1787278958 85.9 86.8 85.0 85.9 816 950 5.220
1787278959 85.9 86.8 85.0 85.9 816 950 5.167
1787278961 85.9 86.8 85.0 85.9 816 950 5.215
1787278962 85.9 86.8 85.0 85.9 816 950 5.254
1787278963 85.9 86.8 85.0 85.9 816 950 5.230
1787278964 85.9 86.8 85.0 85.9 1008 950 5.196
1787278965 85.9 86.8 85.0 85.9 816 950 5.162
1787278966 85.9 86.8 85.0 85.9 816 950 5.211
1787278968 85.9 86.8 85.0 85.9 816 950 5.182
1787278969 85.9 86.8 85.0 85.9 816 950 5.157
1787278970 85.9 86.8 85.0 85.9 816 950 5.211
1787278971 85.9 86.8 85.0 85.9 816 950 5.220
1787278972 85.9 86.8 85.0 85.9 816 950 5.230
1787278974 85.9 86.8 85.0 85.9 816 950 5.191
1787278975 85.9 86.8 85.0 85.9 816 950 5.215
1787278976 85.9 86.8 85.0 85.9 816 950 5.206
1787278977 85.9 86.8 85.0 85.9 816 950 5.206
1787278978 85.9 86.8 85.0 85.9 816 950 5.215
1787278979 86.8 86.8 85.0 85.9 816 950 5.206
1787278981 85.9 86.8 85.0 85.9 816 950 5.191
1787278982 85.9 86.8 85.0 85.9 816 950 5.215
1787278983 84.1 84.1 83.2 83.2 1416 950 5.288
1787278984 85.0 85.9 85.0 85.9 1608 950 5.235
1787278985 85.9 87.8 85.0 86.8 1200 950 5.215
1787278986 85.9 87.8 85.0 85.9 1200 950 5.220
1787278988 86.8 87.8 85.9 85.9 1008 950 5.201
1787278989 86.8 86.8 85.9 86.8 816 950 5.220
1787278990 85.9 86.8 85.0 85.9 816 950 5.240
1787278991 85.9 85.9 85.0 85.9 816 950 5.240
1787278992 85.9 86.8 85.0 85.9 816 950 5.230
1787278993 85.9 86.8 85.0 85.9 816 950 5.211
1787278995 85.9 86.8 85.9 85.9 816 950 5.230
1787278996 85.9 86.8 85.0 85.9 816 950 5.230
1787278997 85.9 85.9 85.0 85.9 816 950 5.220
1787278998 85.9 86.8 85.0 85.9 816 950 5.230
1787278999 85.9 86.8 85.0 85.9 816 950 5.225
1787279000 85.9 86.8 85.0 85.9 1008 950 5.225
1787279002 85.9 86.8 85.0 85.9 816 950 5.269
1787279003 85.9 87.8 85.9 85.9 816 950 5.249
1787279004 85.9 86.8 85.0 85.9 1008 950 5.196
1787279005 85.9 86.8 85.0 85.9 816 950 5.225
1787279006 85.9 86.8 85.0 85.9 816 950 5.206
1787279007 85.9 86.8 85.9 85.9 816 950 5.211
1787279009 85.9 86.8 85.0 85.9 816 950 5.196
1787279010 85.9 86.8 85.9 85.9 816 950 5.235
1787279011 85.9 87.8 85.0 85.9 816 950 5.215
1787279012 85.9 86.8 85.0 85.9 816 950 5.215
1787279013 85.9 86.8 85.0 85.9 816 950 5.167
1787279015 85.9 86.8 85.0 85.9 816 950 5.235
1787279016 85.9 86.8 85.9 85.9 816 950 5.230
1787279017 85.9 86.8 85.0 85.9 1008 950 5.249
1787279018 85.9 87.8 85.0 85.9 816 950 5.225
1787279019 85.9 87.8 85.9 85.9 1008 950 5.235
1787279020 85.9 86.8 85.0 85.9 1008 950 5.254
1787279022 86.8 86.8 85.0 85.9 1008 950 5.220
1787279023 85.9 85.9 85.0 85.9 1008 950 5.225
1787279024 85.9 86.8 85.0 85.9 816 950 5.225
1787279025 85.9 86.8 85.0 85.9 816 950 5.196
1787279026 85.9 86.8 85.9 85.9 816 950 5.249
1787279027 85.9 86.8 85.0 85.9 816 950 5.215
1787279029 85.9 86.8 85.9 85.9 816 950 5.225
1787279030 85.9 86.8 85.0 85.9 816 950 5.211
1787279031 85.9 87.8 85.0 85.9 816 950 5.230
1787279032 85.9 86.8 85.0 85.9 1008 950 5.244
1787279033 86.8 86.8 85.9 85.9 816 950 5.230
1787279034 85.9 87.8 85.0 85.9 816 950 5.220
1787279036 85.9 86.8 85.0 85.9 816 950 5.230
1787279037 85.9 85.9 85.0 85.0 1008 950 5.215
1787279038 85.9 86.8 85.0 85.9 816 950 5.254
1787279039 85.9 86.8 85.9 85.9 1008 950 5.235
1787279040 85.9 86.8 85.9 85.9 816 950 5.215
1787279041 85.9 86.8 85.0 85.9 816 950 5.235
1787279043 85.9 86.8 85.0 85.9 816 950 5.196
1787279044 85.9 86.8 85.0 85.9 816 950 5.191
1787279045 85.9 86.8 85.0 85.9 1800 950 5.215
1787279046 85.9 86.8 85.0 86.8 1416 950 5.225
1787279047 85.9 86.8 85.0 85.9 1008 950 5.230
1787279048 85.9 86.8 85.0 85.9 1008 950 5.215
1787279050 85.9 86.8 85.0 85.9 1008 950 5.235
1787279051 85.9 86.8 85.0 85.9 816 950 5.206
1787279052 85.9 86.8 85.0 85.9 816 950 5.206
1787279053 85.9 86.8 85.0 85.9 816 950 5.196
1787279054 85.9 86.8 85.0 85.9 816 950 5.191
1787279055 85.9 86.8 85.0 85.9 816 950 5.196
1787279057 85.9 87.8 85.0 85.9 816 950 5.244
1787279058 85.9 86.8 85.0 85.9 1008 950 5.225
1787279059 85.9 86.8 85.0 85.9 1008 950 5.206
1787279060 86.8 86.8 85.9 85.9 816 950 5.225
1787279061 85.9 86.8 85.9 85.9 816 950 5.244
1787279062 85.9 86.8 85.0 85.9 816 950 5.225
1787279064 85.9 86.8 85.0 85.9 816 950 5.196
1787279065 85.9 86.8 85.0 85.9 816 950 5.215
1787279066 85.9 86.8 85.0 85.9 816 950 5.235
1787279067 85.9 86.8 85.0 85.9 816 950 5.230
1787279068 86.8 86.8 85.9 85.9 816 950 5.191
1787279070 85.9 86.8 85.9 85.9 816 950 5.244
1787279071 85.9 86.8 85.0 85.9 816 950 5.240
1787279072 85.9 86.8 85.0 85.9 1008 950 5.220
1787279073 85.9 86.8 85.9 85.9 816 950 5.220
1787279074 85.9 86.8 85.9 85.9 1008 950 5.206
1787279075 85.9 86.8 85.0 85.9 816 950 5.201
1787279077 85.9 86.8 85.0 85.9 816 950 5.249
1787279078 85.9 86.8 85.0 85.9 1008 950 5.215
1787279079 85.9 86.8 85.0 85.9 816 950 5.235
1787279080 85.9 86.8 85.0 85.9 1008 950 5.215
1787279081 85.9 86.8 85.0 85.9 816 950 5.191
1787279082 85.9 86.8 85.9 85.9 816 950 5.206
1787279084 86.8 86.8 85.9 85.9 816 950 5.249
1787279085 85.9 86.8 85.0 85.9 1008 950 5.249
1787279086 85.9 87.8 85.9 85.9 816 950 5.225
1787279087 85.9 86.8 85.0 85.9 816 950 5.196
1787279088 85.9 86.8 85.0 85.9 816 950 5.240
1787279090 85.9 86.8 85.0 85.9 816 950 5.244
1787279091 85.9 87.8 85.9 85.9 816 950 5.259
1787279092 85.9 86.8 85.0 85.9 816 950 5.215
1787279093 85.9 86.8 85.9 85.9 816 950 5.230
1787279094 86.8 86.8 85.0 85.9 816 950 5.206
1787279095 85.9 86.8 85.0 85.9 816 950 5.206
1787279097 85.9 86.8 85.0 85.9 816 950 5.244
1787279098 85.9 86.8 85.0 85.9 816 950 5.240
1787279099 85.9 86.8 85.0 85.9 816 950 5.148
1787279100 85.9 86.8 85.0 85.9 816 950 5.206
1787279101 85.9 86.8 85.0 85.9 1008 950 5.206
1787279102 85.9 86.8 85.0 85.9 816 950 5.215
1787279104 85.9 86.8 85.0 85.9 816 950 5.254
1787279105 85.9 86.8 85.0 85.9 816 950 5.244
1787279106 85.0 85.9 84.1 85.9 1608 950 5.206
1787279107 86.8 87.8 85.9 86.8 1416 950 5.235
1787279108 86.8 87.8 85.9 86.8 1200 950 5.138
1787279109 85.9 86.8 85.9 85.9 816 950 5.215
1787279111 85.9 86.8 85.9 85.9 816 950 5.211
1787279112 85.9 86.8 85.9 85.9 816 950 5.220
1787279113 85.9 87.8 85.0 85.9 816 950 5.186
1787279114 85.9 85.9 85.0 85.9 816 950 5.215
1787279115 85.9 86.8 85.9 85.9 816 950 5.162
1787279116 85.9 86.8 85.0 85.9 816 950 5.225
1787279118 85.9 86.8 85.9 85.9 816 950 5.215
1787279119 85.9 86.8 85.0 85.9 816 950 5.167
1787279120 85.9 86.8 85.9 85.9 1008 950 5.230
1787279121 85.9 86.8 85.0 85.9 816 950 5.259
1787279122 86.8 86.8 85.0 85.9 816 950 5.244
1787279123 85.9 86.8 85.0 85.9 816 950 5.220
1787279125 85.9 86.8 85.9 85.9 816 950 5.211
1787279126 85.9 87.8 85.0 85.9 1008 950 5.264
1787279127 85.9 87.8 85.9 85.9 816 950 5.240
1787279128 85.9 87.8 85.9 85.9 816 950 5.215
1787279129 85.9 85.9 85.0 85.9 816 950 5.215
1787279130 86.8 86.8 85.9 85.9 816 950 5.148
1787279132 85.9 86.8 85.9 85.9 816 950 5.230
1787279133 85.9 87.8 85.9 85.9 816 950 5.201
1787279134 85.9 86.8 85.0 85.9 816 950 5.215
1787279135 85.9 86.8 85.0 85.9 816 950 5.240
1787279136 85.9 86.8 85.9 85.9 816 950 5.206
1787279138 86.8 87.8 85.9 85.9 816 950 5.230
1787279139 85.9 87.8 85.9 85.9 1008 950 5.225
1787279140 85.9 86.8 85.0 85.9 816 950 5.215
1787279141 85.9 86.8 85.9 85.9 816 950 5.249
1787279142 86.8 86.8 85.9 85.9 816 950 5.196
1787279143 86.8 86.8 85.0 85.9 816 950 5.240
1787279145 85.9 86.8 85.0 85.9 816 950 5.240
1787279146 85.9 86.8 85.0 85.9 1008 950 5.201
1787279147 85.9 86.8 85.9 85.9 816 950 5.211
1787279148 85.9 86.8 85.0 85.9 816 950 5.215
1787279149 85.9 86.8 85.0 85.9 816 950 5.235
1787279150 85.9 87.8 85.0 85.9 816 950 5.249
1787279152 85.9 86.8 85.0 85.9 816 950 5.201
1787279153 85.9 86.8 85.9 86.8 816 950 5.235
1787279154 86.8 86.8 85.9 85.9 816 950 5.196
1787279155 85.9 86.8 85.0 85.9 816 950 5.249
1787279156 85.9 86.8 85.9 85.9 816 950 5.215
1787279157 85.9 87.8 85.9 85.9 816 950 5.211
1787279159 85.9 87.8 85.9 85.9 816 950 5.186
1787279160 85.9 87.8 85.9 85.9 816 950 5.206
1787279161 86.8 87.8 85.9 86.8 816 950 5.225
1787279162 85.9 87.8 85.9 85.9 816 950 5.211
1787279163 86.8 86.8 85.9 85.9 816 950 5.225
1787279165 86.8 87.8 85.9 85.9 816 950 5.186
1787279166 85.9 86.8 85.9 85.9 816 950 5.225
1787279167 82.2 81.3 81.3 82.2 2208 950 5.225
1787279168 79.5 79.5 78.5 79.5 2208 950 5.254
1787279169 85.0 85.0 84.1 85.9 2016 950 5.172
1787279170 85.9 86.8 85.0 85.9 1608 950 5.211
1787279171 85.9 86.8 85.9 86.8 1416 950 5.182
1787279172 86.8 86.8 85.9 85.9 1200 950 5.220
1787279174 86.8 86.8 85.9 85.9 1008 950 5.235
1787279175 86.8 87.8 85.9 85.9 816 950 5.191
1787279176 86.8 86.8 85.0 85.9 816 950 5.215
1787279177 85.9 86.8 85.0 85.9 816 950 5.220
1787279178 85.9 86.8 85.9 85.9 816 950 5.215
1787279180 85.9 86.8 85.0 85.9 816 950 5.225
1787279181 86.8 86.8 85.9 85.9 816 950 5.186
1787279182 85.9 86.8 85.0 85.9 816 950 5.254
1787279183 85.9 86.8 85.0 85.9 816 950 5.249
1787279184 85.9 86.8 85.0 85.9 816 950 5.249
1787279185 85.9 86.8 85.0 85.9 816 950 5.191
1787279187 85.9 86.8 85.0 85.9 816 950 5.177
1787279188 85.9 86.8 85.9 85.9 816 950 5.235
1787279189 86.8 86.8 85.9 85.9 816 950 5.249
1787279190 85.9 86.8 85.0 85.9 816 950 5.220
1787279191 86.8 86.8 85.0 85.9 816 950 5.186
1787279192 86.8 86.8 85.0 85.9 816 950 5.235
1787279194 85.9 86.8 85.9 85.9 816 950 5.249
1787279195 85.9 86.8 85.0 85.9 816 950 5.225
1787279196 85.9 86.8 85.9 85.9 816 950 5.235
1787279197 85.9 86.8 85.9 85.9 816 950 5.182
1787279198 86.8 86.8 85.0 85.9 816 950 5.225
1787279199 85.9 86.8 85.0 85.9 816 950 5.240
1787279201 85.9 86.8 85.0 85.9 816 950 5.225
1787279202 85.9 86.8 85.9 85.9 816 950 5.215
1787279203 85.9 86.8 85.9 85.9 816 950 5.240
1787279204 85.9 86.8 85.9 85.9 816 950 5.215
1787279205 86.8 86.8 85.9 85.9 816 950 5.211
1787279206 85.9 86.8 85.9 85.9 816 950 5.254
1787279208 86.8 87.8 85.9 85.9 816 950 5.235
1787279209 85.9 87.8 85.9 85.9 816 950 5.225
1787279210 85.9 86.8 85.0 85.9 816 950 5.230
1787279211 85.9 87.8 85.0 85.9 816 950 5.244
1787279212 85.9 86.8 85.9 85.9 816 950 5.244
1787279213 85.9 86.8 85.0 85.9 816 950 5.249
1787279215 86.8 86.8 85.9 85.9 816 950 5.220
1787279216 85.9 86.8 85.0 85.9 816 950 5.196
1787279217 85.9 86.8 85.9 85.9 816 950 5.201
1787279218 86.8 86.8 85.0 85.9 816 950 5.259
1787279219 85.9 86.8 85.9 85.9 816 950 5.201
1787279221 86.8 86.8 85.0 85.9 816 950 5.235
1787279222 85.9 86.8 85.9 85.9 816 950 5.235
1787279223 85.9 86.8 85.0 85.9 1008 950 5.196
1787279224 85.9 86.8 85.0 85.9 816 950 5.240
1787279225 85.9 86.8 85.9 85.9 816 950 5.177
1787279226 86.8 86.8 85.0 85.9 816 950 5.230
1787279228 85.9 86.8 85.0 85.9 816 950 5.206
1787279229 85.9 86.8 85.9 85.0 1008 950 5.298
1787279230 85.0 85.0 84.1 85.0 1800 950 5.225
1787279231 86.8 86.8 85.9 85.9 1200 950 5.196
1787279232 86.8 87.8 85.9 86.8 1200 950 5.191
1787279233 85.9 87.8 85.9 85.9 1008 950 5.206
1787279234 85.9 86.8 85.9 85.9 816 950 5.211
1787279236 85.9 86.8 85.0 85.9 816 950 5.196
1787279237 85.9 86.8 85.0 85.9 816 950 5.206
1787279238 85.9 86.8 85.9 85.9 816 950 5.215
1787279239 85.9 86.8 85.0 85.9 816 950 5.196
1787279240 85.9 86.8 85.0 85.9 1008 950 5.206
1787279241 86.8 86.8 85.0 85.9 816 950 5.196
1787279243 85.9 86.8 85.0 85.9 1008 950 5.235
1787279244 85.9 86.8 85.0 85.9 816 950 5.220
1787279245 85.9 86.8 85.0 85.9 1008 950 5.235
1787279246 85.9 86.8 85.0 85.9 1008 950 5.211
1787279247 85.9 86.8 85.9 85.9 816 950 5.191
1787279248 85.9 86.8 85.9 85.9 816 950 5.196
1787279250 85.9 86.8 85.0 85.9 1008 950 5.235
1787279251 85.9 86.8 85.0 85.9 1008 950 5.244
1787279252 85.9 86.8 85.0 85.9 1008 950 5.215
1787279253 85.9 86.8 85.9 85.9 816 950 5.172
1787279254 85.9 87.8 85.9 85.9 816 950 5.225
1787279255 85.9 86.8 85.0 85.9 816 950 5.211
1787279257 85.9 86.8 85.0 85.9 1008 950 5.186
1787279258 85.9 86.8 85.9 85.9 816 950 5.211
1787279259 85.9 86.8 85.0 85.9 816 950 5.235
1787279260 85.9 87.8 85.0 85.9 1008 950 5.259
1787279261 85.9 86.8 85.0 85.9 1008 950 5.196
1787279263 85.9 87.8 85.9 85.9 816 950 5.225
1787279264 85.9 86.8 85.0 85.9 1008 950 5.206
1787279265 85.9 86.8 85.9 85.9 816 950 5.201
1787279266 85.9 86.8 85.9 85.9 816 950 5.157
1787279267 85.9 86.8 85.0 85.9 816 950 5.215
1787279268 85.9 86.8 85.9 85.9 816 950 5.235
1787279270 85.9 86.8 85.0 85.9 816 950 5.206
1787279271 85.9 86.8 85.0 85.9 816 950 5.215
1787279272 85.9 86.8 85.9 85.9 816 950 5.240
1787279273 85.9 86.8 85.9 85.9 816 950 5.215
1787279274 85.9 86.8 85.0 85.9 1008 950 5.211
1787279275 85.9 86.8 85.0 85.9 1008 950 5.240
1787279277 85.9 86.8 85.0 85.9 816 950 5.191
1787279278 85.9 86.8 85.9 85.9 816 950 5.230
1787279279 85.9 86.8 85.0 85.9 816 950 5.167
1787279280 86.8 87.8 85.9 85.9 816 950 5.215
1787279281 85.9 86.8 85.9 85.9 816 950 5.201
1787279283 85.9 86.8 85.0 85.9 816 950 5.201
1787279284 85.9 86.8 85.0 85.9 816 950 5.211
1787279285 85.9 86.8 85.9 85.9 816 950 5.235
1787279286 85.9 86.8 85.9 85.9 816 950 5.249
1787279287 85.9 86.8 85.0 85.9 816 950 5.201
1787279288 85.9 86.8 85.9 85.9 816 950 5.235
1787279290 85.9 85.9 85.0 85.9 816 950 5.157
1787279291 81.3 81.3 80.4 81.3 2208 950 5.244
1787279292 79.5 79.5 78.5 79.5 2208 950 5.215
1787279293 79.5 78.5 77.6 78.5 2208 950 5.235
1787279294 77.6 77.6 76.7 77.6 2208 950 5.283
1787279295 77.6 76.7 75.8 77.6 2208 950 5.215
1787279296 76.7 76.7 75.8 76.7 2208 950 5.283
1787279297 76.7 75.8 74.8 76.7 2208 950 5.220
1787279298 75.8 74.8 74.8 75.8 2208 950 5.244
1787279299 75.8 74.8 73.9 75.8 2208 950 5.293
1787279300 74.8 74.8 73.9 74.8 2208 950 5.269
1787279301 74.8 74.8 73.9 74.8 2208 950 5.269
1787279303 74.8 73.9 73.0 73.9 2208 950 5.302
1787279304 73.9 73.9 73.0 74.8 2208 950 5.283
1787279305 73.9 73.0 73.0 73.9 2208 950 5.225
1787279306 73.0 73.0 73.0 73.0 2208 950 5.254
1787279307 73.0 73.0 72.1 73.0 2208 950 5.225
1787279308 78.5 79.5 77.6 80.4 2208 950 5.157
1787279309 81.3 82.2 80.4 82.2 2208 950 5.177
1787279310 83.2 84.1 82.2 84.1 2208 950 5.157
1787279311 84.1 85.0 83.2 85.0 2208 950 5.211
1787279312 85.0 85.0 84.1 85.9 2016 950 5.206
1787279314 85.0 85.9 84.1 85.9 2016 950 5.254
1787279315 85.9 85.9 85.0 85.0 2208 950 5.206
1787279316 85.9 86.8 85.0 86.8 1800 950 5.215
1787279317 85.0 85.0 84.1 85.9 1800 950 5.211
1787279318 85.9 85.9 85.0 85.9 1800 950 5.182
1787279319 85.9 86.8 85.0 85.9 1800 950 5.201
1787279320 85.9 86.8 85.0 85.9 1800 950 5.196
1787279322 85.9 86.8 85.0 86.8 1800 950 5.211
1787279323 85.9 86.8 85.0 85.9 1608 950 5.211
1787279324 85.0 85.9 84.1 85.9 1608 950 5.244
1787279325 85.9 86.8 85.0 85.9 1608 950 5.225
1787279326 85.9 86.8 85.0 85.9 1608 950 5.211
1787279327 85.9 86.8 85.0 85.9 1608 950 5.191
1787279328 85.9 86.8 85.0 85.9 1608 950 5.201
1787279330 86.8 86.8 85.0 85.9 1608 950 5.235
1787279331 85.9 86.8 85.0 85.9 1608 950 5.177
1787279332 86.8 87.8 85.0 86.8 1416 950 5.215
1787279333 85.9 86.8 85.0 86.8 1416 950 5.186
1787279334 85.9 86.8 85.0 86.8 1416 950 5.201
1787279335 86.8 87.8 85.9 86.8 1416 950 5.191
1787279336 85.9 86.8 85.9 86.8 1416 950 5.157
1787279338 86.8 87.8 85.9 85.9 1200 950 5.215
1787279339 86.8 87.8 85.9 85.9 1200 950 5.230
1787279340 85.9 86.8 85.0 85.9 1200 950 5.206
1787279341 85.9 86.8 85.0 85.9 1200 950 5.215
1787279342 85.9 87.8 85.9 86.8 1200 950 5.220
1787279343 86.8 86.8 85.9 86.8 1200 950 5.191
1787279345 86.8 87.8 85.0 85.9 1008 950 5.167
1787279346 86.8 86.8 85.0 85.9 1008 950 5.235
1787279347 85.9 86.8 85.0 85.9 1008 950 5.215
1787279348 86.8 86.8 85.9 86.8 1008 950 5.230
1787279349 85.9 86.8 85.9 85.9 1008 950 5.220
1787279350 85.9 87.8 85.9 85.9 1008 950 5.157
1787279352 85.9 87.8 85.9 85.9 1008 950 5.196
1787279353 86.8 87.8 85.9 86.8 1008 950 5.211
1787279354 85.9 86.8 85.9 85.9 1008 950 5.220
1787279355 85.9 86.8 85.9 85.9 1008 950 5.196
1787279356 85.9 86.8 85.9 86.8 1008 950 5.186
1787279357 86.8 87.8 85.9 85.9 1008 950 5.220
1787279359 86.8 87.8 85.0 85.9 1008 950 5.254
1787279360 85.9 86.8 85.0 85.9 1008 950 5.211
1787279361 86.8 86.8 85.9 85.9 816 950 5.196
1787279362 85.9 86.8 85.0 85.9 1008 950 5.230
1787279363 85.9 86.8 85.9 85.9 816 950 5.225
1787279364 85.9 87.8 85.0 85.9 816 950 5.235
1787279366 86.8 86.8 85.0 85.9 1008 950 5.201
1787279367 85.9 86.8 85.0 85.9 816 950 5.225
1787279368 85.9 86.8 85.0 85.9 816 950 5.206
1787279369 85.0 85.0 84.1 85.9 1800 950 5.211
1787279370 86.8 86.8 85.9 85.9 1416 950 5.206
1787279371 85.9 87.8 85.0 85.9 1200 950 5.196
1787279373 86.8 86.8 85.9 86.8 1008 950 5.215
1787279374 86.8 86.8 85.0 85.9 1008 950 5.220
1787279375 86.8 87.8 85.9 86.8 1008 950 5.225
1787279376 85.9 85.9 85.0 85.9 816 950 5.225
1787279377 85.9 86.8 85.0 85.9 1008 950 5.211
1787279378 85.9 87.8 85.9 85.9 1008 950 5.172
1787279380 85.9 87.8 85.0 85.9 816 950 5.230
1787279381 85.9 85.9 85.0 85.9 816 950 5.254
1787279382 86.8 86.8 85.0 85.9 816 950 5.215
1787279383 85.9 86.8 85.0 85.9 816 950 5.215
1787279384 85.9 86.8 85.0 85.9 816 950 5.244
1787279385 85.9 86.8 85.9 85.9 816 950 5.254
1787279387 85.9 86.8 85.9 85.9 816 950 5.177
1787279388 85.9 86.8 85.9 85.9 816 950 5.244
1787279389 85.9 85.9 85.0 85.9 816 950 5.249
1787279390 85.9 86.8 85.9 85.9 816 950 5.182
1787279391 85.9 87.8 85.9 85.9 816 950 5.196
1787279392 85.9 86.8 85.9 85.9 816 950 5.201
1787279394 85.9 86.8 85.0 85.9 816 950 5.225
1787279395 85.9 86.8 85.9 85.9 816 950 5.249
1787279396 85.9 86.8 85.0 85.9 816 950 5.254
1787279397 86.8 86.8 85.9 85.9 816 950 5.249
1787279398 86.8 86.8 85.0 85.9 1008 950 5.220
1787279399 85.9 86.8 85.0 85.9 816 950 5.201
1787279401 86.8 86.8 85.9 85.9 816 950 5.235
1787279402 86.8 86.8 85.0 85.9 816 950 5.230
1787279403 85.9 86.8 85.0 85.9 816 950 5.240
1787279404 85.9 86.8 85.9 85.9 816 950 5.215
1787279405 86.8 87.8 85.9 85.9 816 950 5.215
1787279407 85.9 86.8 85.0 85.9 816 950 5.211
1787279408 85.9 86.8 85.0 85.9 816 950 5.230
1787279409 85.9 86.8 85.9 85.9 816 950 5.211
1787279410 85.9 86.8 85.9 85.9 816 950 5.215
1787279411 86.8 87.8 85.9 85.9 816 950 5.215
1787279412 85.9 86.8 85.0 85.9 816 950 5.225
1787279414 85.9 86.8 85.9 85.9 1008 950 5.230
1787279415 85.9 86.8 85.0 85.9 816 950 5.143
1787279416 85.9 86.8 85.0 85.9 816 950 5.244
1787279417 85.9 87.8 85.9 85.9 816 950 5.230
1787279418 86.8 86.8 85.9 85.9 816 950 5.249
1787279419 85.9 86.8 85.0 85.9 1008 950 5.182
1787279421 85.9 86.8 85.0 85.9 816 950 5.264
1787279422 85.9 87.8 85.0 85.9 816 950 5.244
1787279423 85.9 86.8 85.9 85.9 816 950 5.249
1787279424 86.8 86.8 85.9 85.9 816 950 5.211
1787279425 85.9 86.8 85.0 85.9 816 950 5.211
1787279426 86.8 86.8 85.0 85.9 816 950 5.244
1787279428 86.8 86.8 85.0 85.9 816 950 5.220
1787279429 86.8 86.8 85.9 85.9 816 950 5.215
1787279430 83.2 84.1 83.2 85.0 2016 950 5.225
1787279431 85.9 86.8 85.9 85.9 1416 950 5.259
1787279432 86.8 87.8 85.9 86.8 1008 950 5.167
1787279433 85.9 86.8 85.9 85.9 816 950 5.157
1787279435 86.8 86.8 85.0 85.9 816 950 5.220
1787279436 85.9 86.8 85.0 85.9 816 950 5.206
1787279437 86.8 87.8 85.9 85.9 816 950 5.215
1787279438 85.9 86.8 85.0 85.9 816 950 5.215
1787279439 85.9 86.8 85.0 85.9 816 950 5.211
1787279440 86.8 87.8 85.9 85.9 816 950 5.254
1787279442 86.8 86.8 85.0 85.9 816 950 5.240
1787279443 85.9 86.8 85.0 85.9 816 950 5.244
1787279444 86.8 86.8 85.0 85.9 816 950 5.220
1787279445 85.9 86.8 85.9 86.8 816 950 5.182
1787279446 85.9 86.8 85.9 85.9 816 950 5.225
1787279448 85.9 86.8 85.9 85.9 816 950 5.172
1787279449 85.9 87.8 85.9 85.9 816 950 5.235
1787279450 85.9 86.8 85.0 85.9 816 950 5.215
1787279451 85.9 86.8 85.0 85.9 816 950 5.278
1787279452 86.8 86.8 85.9 85.9 816 950 5.206
1787279453 86.8 87.8 85.9 85.9 816 950 5.244
1787279455 86.8 86.8 85.9 85.9 816 950 5.182
1787279456 86.8 87.8 85.9 85.9 816 950 5.225
1787279457 86.8 86.8 85.9 85.9 816 950 5.235
1787279458 85.9 86.8 85.9 85.9 816 950 5.206
1787279459 86.8 87.8 85.9 86.8 816 950 5.249
1787279460 85.9 86.8 85.0 85.9 816 950 5.206
1787279462 85.9 86.8 85.9 85.9 816 950 5.215
1787279463 85.9 86.8 85.0 85.9 816 950 5.225
1787279464 86.8 86.8 85.9 85.9 816 950 5.240
1787279465 85.9 86.8 85.0 85.9 816 950 5.220
1787279466 85.9 86.8 85.9 85.9 816 950 5.201
1787279467 85.9 87.8 85.9 85.9 816 950 5.249
1787279469 86.8 86.8 85.9 85.9 816 950 5.215
1787279470 85.9 86.8 85.0 85.9 816 950 5.225
1787279471 85.9 86.8 85.9 85.9 816 950 5.191
1787279472 85.9 86.8 85.0 85.9 816 950 5.225
1787279473 85.9 87.8 85.9 85.9 816 950 5.201
1787279475 85.9 86.8 85.9 85.9 816 950 5.211
1787279476 85.9 86.8 85.9 85.9 816 950 5.225
1787279477 86.8 86.8 85.9 85.9 816 950 5.206
1787279478 86.8 86.8 85.0 85.9 816 950 5.249
1787279479 86.8 87.8 85.9 85.9 816 950 5.215
1787279480 86.8 86.8 85.0 85.9 816 950 5.244
1787279482 85.9 87.8 85.9 85.9 816 950 5.211
1787279483 85.9 86.8 85.0 85.9 816 950 5.235
1787279484 85.9 86.8 85.9 85.9 816 950 5.240
1787279485 86.8 87.8 85.9 86.8 816 950 5.220
1787279486 86.8 87.8 85.9 86.8 816 950 5.254
1787279487 85.9 86.8 85.0 85.9 816 950 5.235
1787279489 85.9 86.8 85.0 85.9 816 950 5.215
1787279490 85.9 86.8 85.0 85.9 816 950 5.220
1787279491 83.2 82.2 81.3 83.2 1608 950 5.240
1787279492 80.4 80.4 79.5 80.4 2208 950 5.273
1787279493 79.5 78.5 78.5 79.5 2208 950 5.225
1787279494 78.5 77.6 77.6 78.5 2208 950 5.293
1787279495 77.6 76.7 76.7 77.6 2208 950 5.215
1787279496 76.7 76.7 75.8 76.7 2208 950 5.220
1787279497 76.7 76.7 75.8 76.7 2208 950 5.293
1787279498 75.8 75.8 74.8 76.7 2208 950 5.288
1787279500 75.8 74.8 74.8 75.8 2208 950 5.307
1787279501 75.8 74.8 74.8 75.8 2208 950 5.288
1787279502 74.8 74.8 73.9 74.8 2208 950 5.254
1787279503 74.8 73.9 73.9 75.8 2208 950 5.302
1787279504 74.8 73.9 73.0 74.8 2208 950 5.211
1787279505 73.9 73.0 73.0 73.9 2208 950 5.283
1787279506 73.9 73.0 73.0 73.9 2208 950 5.254
1787279507 73.9 73.0 73.0 73.0 2208 950 5.293
1787279508 74.8 75.8 74.8 75.8 2208 950 5.206
1787279509 78.5 79.5 77.6 78.5 2208 950 5.201
1787279510 79.5 80.4 78.5 80.4 2208 950 5.230
1787279511 79.5 80.4 79.5 80.4 2208 950 5.225
1787279512 79.5 80.4 79.5 80.4 2208 950 5.254
1787279513 80.4 81.3 79.5 80.4 2208 950 5.244
1787279514 80.4 81.3 79.5 81.3 2208 950 5.240
1787279516 80.4 81.3 80.4 81.3 2208 950 5.220
1787279517 81.3 81.3 80.4 81.3 2208 950 5.240
1787279518 81.3 82.2 80.4 81.3 2208 950 5.249
1787279519 77.6 77.6 76.7 77.6 2208 950 5.283
1787279520 76.7 76.7 75.8 76.7 2208 950 5.240
1787279521 75.8 75.8 74.8 76.7 2208 950 5.186
1787279522 82.2 83.2 81.3 83.2 2208 950 5.225
1787279523 84.1 84.1 83.2 85.0 2208 950 5.201
1787279524 84.1 85.0 83.2 85.9 2208 950 5.148
1787279525 85.0 85.9 84.1 85.9 2016 950 5.201
1787279527 85.9 85.9 85.0 86.8 2016 950 5.211
1787279528 85.0 85.9 85.0 85.9 1800 950 5.211
1787279529 85.0 85.9 85.0 85.9 1800 950 5.182
1787279530 85.0 86.8 85.0 85.9 1800 950 5.220
1787279531 85.9 86.8 85.0 86.8 1800 950 5.225
1787279532 85.0 85.9 85.0 85.9 1800 950 5.186
1787279533 85.9 86.8 85.0 86.8 1800 950 5.177
1787279535 85.9 86.8 85.0 86.8 1608 950 5.225
1787279536 85.9 86.8 85.0 85.9 1608 950 5.220
1787279537 85.9 86.8 85.0 85.9 1608 950 5.201
1787279538 85.9 86.8 85.9 86.8 1608 950 5.182
1787279539 85.9 86.8 85.0 86.8 1608 950 5.172
1787279540 85.9 86.8 85.9 86.8 1608 950 5.249
1787279542 85.9 85.9 85.0 85.9 1608 950 5.206
1787279543 86.8 86.8 85.9 86.8 1416 950 5.225
1787279544 85.9 86.8 85.0 85.9 1608 950 5.220
1787279545 85.9 86.8 85.0 85.9 1416 950 5.182
1787279546 85.9 86.8 85.0 85.9 1416 950 5.254
1787279547 85.9 87.8 85.0 86.8 1416 950 5.225
1787279548 86.8 86.8 85.0 85.9 1416 950 5.153
1787279550 85.9 86.8 85.0 85.9 1416 950 5.186
1787279551 85.9 86.8 85.0 85.9 1416 950 5.220
1787279552 86.8 86.8 85.9 86.8 1416 950 5.225
1787279553 85.9 86.8 85.0 85.9 1416 950 5.186
1787279554 86.8 87.8 85.9 86.8 1200 950 5.186
1787279555 85.9 87.8 85.0 85.9 1200 950 5.225
1787279557 86.8 86.8 85.0 85.9 1200 950 5.215
1787279558 85.9 86.8 85.0 85.9 1416 950 5.191
1787279559 86.8 86.8 85.9 86.8 1200 950 5.211
1787279560 86.8 87.8 85.9 85.9 1008 950 5.206
1787279561 86.8 87.8 85.9 86.8 1008 950 5.211
1787279562 86.8 86.8 85.9 86.8 1008 950 5.259
1787279564 85.9 86.8 85.0 85.9 1008 950 5.240
1787279565 85.9 86.8 85.9 85.9 1008 950 5.220
1787279566 86.8 87.8 85.9 86.8 1008 950 5.211
1787279567 85.9 86.8 85.0 85.9 816 950 5.244
1787279568 85.9 86.8 85.0 85.9 816 950 5.235
1787279569 85.0 85.9 85.0 85.0 1008 950 5.249
1787279570 85.9 86.8 85.0 85.9 816 950 5.240
1787279572 85.9 86.8 85.0 85.9 816 950 5.206
1787279573 85.9 86.8 85.0 85.9 816 950 5.235
1787279574 85.9 86.8 85.0 85.9 1008 950 5.225
1787279575 85.9 86.8 85.0 85.9 1008 950 5.235
1787279576 85.9 86.8 85.0 85.9 816 950 5.230
1787279578 85.9 86.8 85.0 85.9 1008 950 5.191
1787279579 85.9 86.8 85.0 85.9 816 950 5.182
1787279580 85.9 86.8 85.0 85.9 1008 950 5.220
1787279581 85.9 86.8 85.0 85.9 816 950 5.225
1787279582 82.2 81.3 81.3 82.2 2208 950 5.235
1787279583 79.5 79.5 78.5 80.4 2208 950 5.278
1787279584 79.5 78.5 77.6 79.5 2208 950 5.293
1787279585 77.6 77.6 76.7 77.6 2208 950 5.259
1787279587 77.6 76.7 75.8 76.7 2208 950 5.211
1787279588 76.7 75.8 75.8 76.7 2208 950 5.249
1787279589 75.8 75.8 74.8 76.7 2208 950 5.240
1787279590 75.8 74.8 74.8 75.8 2208 950 5.283
1787279591 74.8 74.8 73.9 75.8 2208 950 5.283
1787279592 74.8 73.9 73.9 74.8 2208 950 5.269
1787279593 74.8 73.9 73.0 74.8 2208 950 5.264
1787279594 73.9 73.9 73.0 74.8 2208 950 5.293
1787279595 73.9 73.9 73.0 73.9 2208 950 5.293
1787279596 73.9 73.0 73.0 73.9 2208 950 5.293
1787279597 73.0 73.0 72.1 73.0 2208 950 5.244
1787279598 73.0 72.1 72.1 73.0 2208 950 5.302
1787279599 73.0 72.1 72.1 73.0 2208 950 5.283
1787279600 73.0 72.1 71.2 72.1 2208 950 5.259
1787279601 72.1 72.1 71.2 72.1 2208 950 5.288
1787279603 72.1 71.2 71.2 72.1 2208 950 5.254
1787279604 72.1 71.2 71.2 72.1 2208 950 5.293
1787279605 72.1 71.2 70.2 72.1 2208 950 5.225
1787279606 71.2 71.2 70.2 71.2 2208 950 5.269
1787279607 78.5 79.5 77.6 80.4 2208 950 5.182
1787279608 81.3 81.3 80.4 82.2 2208 950 5.191
1787279609 82.2 83.2 81.3 84.1 2208 950 5.167
1787279610 83.2 84.1 82.2 84.1 2208 950 5.211
1787279611 84.1 85.0 83.2 85.9 2208 950 5.191
1787279613 85.0 85.0 83.2 85.9 2016 950 5.211
1787279614 85.0 86.8 84.1 85.9 2016 950 5.172
1787279615 85.0 85.0 83.2 85.0 2208 950 5.196
1787279616 85.0 86.8 84.1 85.9 2016 950 5.191
1787279617 85.0 85.9 84.1 85.9 2016 950 5.201
1787279618 85.0 85.0 84.1 85.0 1800 950 5.206
1787279619 85.9 86.8 85.0 86.8 1800 950 5.215
1787279621 85.9 86.8 85.0 85.9 1800 950 5.230
1787279622 85.9 86.8 85.0 85.9 1800 950 5.206
1787279623 85.9 86.8 85.0 86.8 1800 950 5.196
1787279624 85.9 86.8 85.0 85.9 1608 950 5.264
1787279625 85.9 85.9 85.0 85.9 1608 950 5.167
1787279626 85.0 86.8 85.0 85.9 1800 950 5.201
1787279627 85.9 86.8 85.0 86.8 1608 950 5.235
1787279629 85.9 86.8 85.0 85.9 1608 950 5.201
1787279630 86.8 86.8 85.9 85.9 1608 950 5.196
1787279631 85.9 86.8 85.0 86.8 1608 950 5.186
1787279632 85.9 86.8 85.0 85.9 1608 950 5.167
1787279633 85.9 86.8 85.0 85.9 1416 950 5.211
1787279634 85.9 86.8 85.0 85.9 1416 950 5.225
1787279635 85.9 86.8 85.0 85.9 1608 950 5.196
1787279637 86.8 86.8 85.0 85.9 1416 950 5.191
1787279638 85.9 86.8 85.0 85.9 1416 950 5.220
1787279639 85.9 86.8 85.9 85.9 1416 950 5.182
1787279640 85.9 86.8 85.0 85.9 1416 950 5.220
1787279641 86.8 87.8 85.9 86.8 1416 950 5.215
1787279642 86.8 86.8 85.0 86.8 1416 950 5.230
1787279644 86.8 87.8 85.9 86.8 1416 950 5.191
1787279645 85.9 86.8 85.0 85.9 1416 950 5.249
1787279646 85.9 87.8 85.9 86.8 1200 950 5.225
1787279647 85.9 86.8 85.0 85.9 1200 950 5.211
1787279648 85.9 86.8 85.9 85.9 1200 950 5.191
1787279649 86.8 86.8 85.9 86.8 1200 950 5.182
1787279650 85.9 87.8 85.9 86.8 1200 950 5.220
1787279652 86.8 86.8 85.9 86.8 1200 950 5.225
1787279653 85.9 86.8 85.9 85.9 1200 950 5.162
1787279654 86.8 87.8 85.9 86.8 1200 950 5.230
1787279655 85.9 86.8 85.0 85.9 1008 950 5.191
1787279656 85.9 86.8 85.0 85.9 1008 950 5.215
1787279657 85.9 86.8 85.9 86.8 1008 950 5.201
1787279659 85.9 85.9 85.0 85.9 1008 950 5.215
1787279660 85.9 86.8 85.0 85.9 1008 950 5.143
1787279661 85.9 87.8 85.9 85.9 1008 950 5.230
1787279662 85.9 86.8 85.9 85.9 1008 950 5.215
1787279663 86.8 86.8 85.0 85.9 1008 950 5.215
1787279664 85.9 86.8 85.9 86.8 1008 950 5.230
1787279666 86.8 87.8 85.9 86.8 1008 950 5.196
1787279667 85.0 84.1 83.2 84.1 1608 950 5.269
1787279668 85.9 86.8 85.0 85.9 1800 950 5.196
1787279669 86.8 87.8 85.9 86.8 1416 950 5.211
1787279670 86.8 87.8 85.9 86.8 1008 950 5.211
1787279671 86.8 86.8 85.0 85.9 1008 950 5.230
1787279672 86.8 86.8 85.9 86.8 1008 950 5.230
1787279674 86.8 86.8 85.9 85.9 1008 950 5.191
1787279675 86.8 86.8 85.0 85.9 1008 950 5.225
1787279676 86.8 87.8 85.9 85.9 1008 950 5.235
1787279677 86.8 86.8 85.9 85.9 816 950 5.240
1787279678 85.9 86.8 85.0 85.9 816 950 5.211
1787279679 85.9 86.8 85.0 85.9 1008 950 5.230
1787279681 85.9 86.8 85.0 85.9 1008 950 5.220
1787279682 85.9 86.8 85.0 85.9 816 950 5.206
1787279683 85.9 86.8 85.0 85.9 816 950 5.191
1787279684 85.9 86.8 85.0 85.9 816 950 5.220
1787279685 85.9 86.8 85.0 85.9 816 950 5.162
1787279686 85.9 86.8 85.0 85.9 816 950 5.225
1787279688 86.8 86.8 85.0 85.9 816 950 5.211
1787279689 85.9 86.8 85.0 85.9 816 950 5.254
1787279690 85.9 86.8 85.0 85.9 1008 950 5.182
1787279691 85.9 86.8 85.0 85.9 816 950 5.225
1787279692 85.9 86.8 85.0 85.9 1008 950 5.201
1787279694 86.8 86.8 85.0 85.9 816 950 5.230
1787279695 85.9 86.8 85.0 85.9 1008 950 5.215
1787279696 85.9 86.8 85.9 85.9 816 950 5.211
1787279697 85.0 85.9 85.0 85.0 1008 950 5.230
1787279698 85.9 86.8 85.0 85.9 1008 950 5.191
1787279699 85.9 86.8 85.0 85.9 1008 950 5.240
1787279701 85.9 86.8 85.0 85.9 1008 950 5.235
1787279702 85.9 85.9 85.0 85.9 1008 950 5.220
1787279703 85.9 86.8 85.0 85.9 816 950 5.201
1787279704 85.9 86.8 85.0 85.9 1008 950 5.230
1787279705 85.9 86.8 85.0 85.9 816 950 5.191
1787279706 85.9 86.8 85.0 85.9 1008 950 5.235
1787279708 85.9 86.8 85.0 85.9 1008 950 5.196
1787279709 85.9 86.8 85.0 85.9 816 950 5.264
1787279710 85.9 86.8 85.0 85.9 816 950 5.201
1787279711 85.9 86.8 85.0 85.9 816 950 5.225
1787279712 85.9 86.8 85.0 85.9 816 950 5.182
1787279713 85.9 86.8 85.0 85.9 816 950 5.211
1787279715 85.9 86.8 85.9 85.9 816 950 5.215
1787279716 85.9 86.8 85.0 85.9 1008 950 5.244
1787279717 85.9 86.8 85.9 85.9 816 950 5.186
1787279718 85.9 86.8 85.0 85.9 816 950 5.220
1787279719 85.9 85.9 85.0 85.9 816 950 5.225
1787279720 85.9 86.8 85.0 85.9 816 950 5.162
1787279722 85.9 86.8 85.0 85.9 816 950 5.230
1787279723 85.9 86.8 85.0 85.9 816 950 5.206
1787279724 85.9 86.8 85.0 85.9 816 950 5.249
1787279725 85.9 86.8 85.0 85.9 816 950 5.215
1787279726 85.9 86.8 85.0 85.9 816 950 5.240
1787279727 85.9 86.8 85.0 85.9 816 950 5.215
1787279729 85.0 85.9 84.1 85.9 1800 950 5.215
1787279730 85.9 86.8 85.0 85.9 1608 950 5.215
1787279731 85.9 87.8 85.9 85.9 1200 950 5.225
1787279732 85.9 86.8 85.0 85.9 1200 950 5.264
1787279733 86.8 86.8 85.9 86.8 1008 950 5.240
1787279734 86.8 86.8 85.9 86.8 816 950 5.206
1787279736 85.9 86.8 85.0 85.9 816 950 5.240
1787279737 85.9 86.8 85.0 85.9 1008 950 5.225
1787279738 85.9 86.8 85.0 85.9 816 950 5.201
1787279739 85.9 86.8 85.0 85.9 816 950 5.240
1787279740 85.9 86.8 85.0 85.9 1008 950 5.244
1787279741 85.9 86.8 85.0 85.9 816 950 5.186
1787279743 85.9 86.8 85.0 85.9 816 950 5.177
1787279744 85.9 86.8 85.0 85.9 816 950 5.230
1787279745 85.9 86.8 85.0 85.9 1008 950 5.211
1787279746 85.9 86.8 85.0 85.9 816 950 5.244
1787279747 85.9 86.8 85.0 85.9 1008 950 5.220
1787279748 85.9 86.8 85.9 85.9 1008 950 5.177
1787279750 85.9 87.8 85.0 85.9 816 950 5.215
1787279751 85.9 86.8 85.0 85.9 1008 950 5.172
1787279752 85.9 86.8 85.0 85.9 1008 950 5.225
1787279753 85.9 86.8 85.0 85.9 816 950 5.273
1787279754 85.9 86.8 85.0 85.9 816 950 5.157
1787279755 85.9 87.8 85.0 85.9 816 950 5.186
1787279757 85.9 86.8 85.0 85.9 816 950 5.186
1787279758 85.9 86.8 85.0 85.9 816 950 5.201
1787279759 85.9 85.9 85.0 85.9 1008 950 5.235
1787279760 85.9 86.8 85.0 85.9 1008 950 5.249
1787279761 85.9 86.8 85.9 85.9 816 950 5.230
1787279763 85.9 86.8 85.9 85.9 816 950 5.220
1787279764 85.9 86.8 85.0 85.9 816 950 5.254
1787279765 86.8 86.8 85.9 85.9 816 950 5.240
1787279766 85.9 86.8 85.0 85.9 816 950 5.196
1787279767 85.9 86.8 85.0 85.9 816 950 5.240
1787279768 85.9 86.8 85.0 85.9 1008 950 5.201
1787279770 85.9 86.8 85.0 85.9 816 950 5.206
1787279771 85.9 86.8 85.0 85.9 816 950 5.206
1787279772 85.9 86.8 85.0 85.9 816 950 5.196
1787279773 85.9 86.8 85.0 85.9 816 950 5.249
1787279774 85.9 86.8 85.0 85.0 816 950 5.230
1787279775 85.9 86.8 85.0 85.9 816 950 5.167
1787279777 85.9 86.8 85.0 85.9 816 950 5.230
1787279778 85.9 86.8 85.0 85.9 816 950 5.215
1787279779 85.9 86.8 85.0 85.9 816 950 5.196
1787279780 85.9 86.8 85.0 85.9 816 950 5.215
1787279781 85.9 86.8 85.0 85.9 816 950 5.220
1787279782 85.9 86.8 85.9 85.9 816 950 5.172
1787279784 85.9 86.8 85.0 85.9 816 950 5.235
1787279785 85.9 86.8 85.0 85.9 816 950 5.211
1787279786 85.9 86.8 85.0 85.9 816 950 5.167
1787279787 86.8 87.8 85.9 85.9 816 950 5.177
1787279788 85.9 87.8 85.0 85.9 816 950 5.196
1787279790 82.2 81.3 81.3 82.2 2016 950 5.215
1787279791 80.4 79.5 78.5 80.4 2208 950 5.244
1787279792 78.5 78.5 77.6 79.5 2208 950 5.273
1787279793 77.6 77.6 76.7 77.6 2208 950 5.293
1787279794 77.6 76.7 76.7 77.6 2208 950 5.259
1787279795 76.7 76.7 75.8 76.7 2208 950 5.244
1787279796 75.8 75.8 74.8 75.8 2208 950 5.235
1787279797 75.8 74.8 74.8 75.8 2208 950 5.254
1787279798 75.8 74.8 74.8 75.8 2208 950 5.288
1787279799 74.8 74.8 73.9 74.8 2208 950 5.244
1787279800 74.8 73.9 73.9 74.8 2208 950 5.235
1787279801 74.8 73.9 73.0 74.8 2208 950 5.254
1787279802 73.9 73.9 73.0 73.9 2208 950 5.269
1787279803 73.9 73.0 73.0 73.9 2208 950 5.283
1787279805 73.0 73.0 73.0 73.0 2208 950 5.307
1787279806 73.0 73.0 72.1 73.0 2208 950 5.312
1787279807 75.8 76.7 74.8 75.8 2208 950 5.235
1787279808 77.6 78.5 77.6 78.5 2208 950 5.215
1787279809 78.5 78.5 77.6 78.5 2208 950 5.196
1787279810 79.5 79.5 78.5 79.5 2208 950 5.196
1787279811 78.5 79.5 77.6 79.5 2208 950 5.191
1787279812 79.5 79.5 78.5 79.5 2208 950 5.230
1787279813 79.5 80.4 78.5 80.4 2208 950 5.211
1787279814 79.5 79.5 79.5 79.5 2208 950 5.293
1787279815 79.5 80.4 79.5 80.4 2208 950 5.264
1787279816 80.4 81.3 79.5 81.3 2208 950 5.249
1787279817 76.7 76.7 75.8 77.6 2208 950 5.211
1787279818 75.8 74.8 74.8 75.8 2208 950 5.235
1787279819 79.5 79.5 78.5 81.3 2208 950 5.182
1787279821 83.2 84.1 82.2 84.1 2208 950 5.211
1787279822 84.1 85.0 83.2 85.0 2208 950 5.225
1787279823 84.1 85.0 84.1 85.0 2016 950 5.220
1787279824 85.0 85.9 84.1 85.9 2016 950 5.230
1787279825 85.0 85.9 85.0 86.8 1800 950 5.153
1787279826 85.0 85.9 84.1 85.9 2016 950 5.186
1787279828 85.9 85.9 85.0 85.9 1800 950 5.162
1787279829 85.0 85.9 84.1 85.0 1800 950 5.162
1787279830 85.9 86.8 85.0 85.9 1800 950 5.157
1787279831 85.9 86.8 85.0 85.9 1800 950 5.215
1787279832 85.9 85.9 85.0 85.9 1800 950 5.215
1787279833 85.9 86.8 85.0 85.9 1800 950 5.211
1787279834 85.9 86.8 85.0 86.8 1800 950 5.225
1787279836 85.9 86.8 85.0 85.9 1608 950 5.211
1787279837 86.8 87.8 85.0 85.9 1608 950 5.220
1787279838 85.9 86.8 85.0 85.9 1608 950 5.215
1787279839 85.9 86.8 85.0 85.9 1608 950 5.230
1787279840 85.9 86.8 85.0 85.9 1608 950 5.191
1787279841 85.9 86.8 85.0 85.9 1608 950 5.225
1787279842 85.9 86.8 85.0 85.9 1608 950 5.186
1787279844 85.9 86.8 85.0 85.9 1608 950 5.215
1787279845 85.9 87.8 85.0 86.8 1608 950 5.235
1787279846 85.9 86.8 85.0 85.9 1416 950 5.196
1787279847 85.9 86.8 85.0 85.9 1416 950 5.206
1787279848 85.9 86.8 85.0 85.9 1416 950 5.225
1787279849 85.9 86.8 85.0 85.9 1416 950 5.215
1787279851 85.9 86.8 85.0 85.9 1416 950 5.225
1787279852 85.9 85.9 85.0 85.0 1416 950 5.244
1787279853 85.9 86.8 85.0 85.9 1416 950 5.225
1787279854 86.8 87.8 85.0 85.9 1416 950 5.182
1787279855 85.9 86.8 85.0 85.9 1416 950 5.206
1787279856 85.9 86.8 85.0 86.8 1416 950 5.182
1787279857 85.9 86.8 85.0 85.9 1416 950 5.201
1787279859 85.9 87.8 85.9 86.8 1416 950 5.206
1787279860 85.9 86.8 85.9 85.9 1200 950 5.215
1787279861 85.9 86.8 85.0 85.9 1200 950 5.220
1787279862 86.8 86.8 85.9 85.9 1200 950 5.249
1787279863 86.8 87.8 85.9 85.9 1200 950 5.196
1787279864 85.9 86.8 85.9 85.9 1008 950 5.196
1787279866 85.9 86.8 85.0 85.9 1008 950 5.230
1787279867 85.9 86.8 85.0 85.9 1008 950 5.182
1787279868 85.9 86.8 85.0 85.9 1008 950 5.206
1787279869 86.8 86.8 85.9 85.9 1008 950 5.230
1787279870 85.9 87.8 85.9 86.8 1008 950 5.196
1787279871 85.9 87.8 85.9 85.9 1008 950 5.215
1787279873 85.9 87.8 85.9 85.9 1008 950 5.220
1787279874 86.8 86.8 85.9 86.8 1008 950 5.230
1787279875 85.9 86.8 85.0 85.9 816 950 5.191
1787279876 85.9 86.8 85.9 85.9 816 950 5.201
1787279877 85.9 86.8 85.0 85.9 816 950 5.182
1787279878 85.9 86.8 85.9 85.9 816 950 5.220
1787279880 85.9 86.8 85.0 85.9 1008 950 5.196
1787279881 80.4 79.5 79.5 80.4 2208 950 5.264
1787279882 78.5 78.5 77.6 79.5 2208 950 5.269
1787279883 78.5 77.6 77.6 78.5 2208 950 5.283
1787279884 77.6 76.7 76.7 77.6 2208 950 5.273
1787279885 76.7 75.8 75.8 76.7 2208 950 5.230
1787279886 76.7 75.8 74.8 76.7 2208 950 5.235
1787279887 75.8 74.8 74.8 75.8 2208 950 5.273
1787279888 74.8 74.8 73.9 74.8 2208 950 5.273
1787279889 74.8 73.9 73.9 75.8 2208 950 5.293
1787279890 73.9 73.9 73.0 73.9 2208 950 5.278
1787279891 73.9 73.0 73.0 73.9 2208 950 5.230
1787279893 73.9 73.0 73.0 73.9 2208 950 5.244
1787279894 73.0 73.0 73.0 73.9 2208 950 5.269
1787279895 73.0 73.0 72.1 73.0 2208 950 5.283
1787279896 73.0 72.1 72.1 73.0 2208 950 5.302
1787279897 73.0 72.1 71.2 72.1 2208 950 5.220
1787279898 72.1 72.1 71.2 72.1 2208 950 5.211
1787279899 72.1 71.2 71.2 72.1 2208 950 5.269
1787279900 72.1 71.2 71.2 72.1 2208 950 5.288
1787279901 72.1 71.2 71.2 72.1 2208 950 5.259
1787279902 71.2 71.2 70.2 71.2 2208 950 5.269
1787279903 71.2 71.2 70.2 71.2 2208 950 5.293
1787279904 76.7 77.6 75.8 77.6 2208 950 5.220
1787279905 79.5 80.4 78.5 81.3 2208 950 5.201
1787279907 81.3 82.2 80.4 82.2 2208 950 5.186
1787279908 82.2 83.2 81.3 84.1 2208 950 5.186
1787279909 83.2 84.1 82.2 84.1 2208 950 5.157
1787279910 83.2 85.0 82.2 85.0 2208 950 5.244
1787279911 84.1 85.0 83.2 85.9 2016 950 5.211
1787279912 85.0 85.9 84.1 85.9 2016 950 5.211
1787279913 85.0 85.9 84.1 85.9 2016 950 5.162
1787279915 85.9 85.9 84.1 85.9 2016 950 5.196
1787279916 85.0 85.9 85.0 85.9 2016 950 5.138
1787279917 85.0 86.8 85.0 85.9 2016 950 5.177
1787279918 85.9 86.8 85.0 86.8 2016 950 5.211
1787279919 85.9 86.8 85.0 85.9 1608 950 5.235
1787279920 85.0 85.9 84.1 85.9 1608 950 5.186
1787279921 85.9 86.8 85.0 85.9 1800 950 5.225
1787279922 85.0 86.8 84.1 85.9 2016 950 5.220
1787279924 85.9 86.8 85.0 86.8 1800 950 5.182
1787279925 85.9 86.8 85.0 85.9 1608 950 5.215
1787279926 85.9 86.8 85.0 85.9 1608 950 5.196
1787279927 85.9 86.8 85.0 85.9 1608 950 5.201
1787279928 85.0 85.9 85.0 85.9 1608 950 5.215
1787279929 85.9 86.8 85.0 86.8 1608 950 5.172
1787279931 85.9 86.8 85.0 85.9 1608 950 5.235
1787279932 85.9 86.8 85.0 86.8 1608 950 5.264
1787279933 85.9 86.8 85.0 85.9 1608 950 5.230
1787279934 85.0 85.9 85.0 85.9 1608 950 5.235
1787279935 85.9 86.8 85.0 86.8 1608 950 5.288
1787279936 85.9 87.8 85.0 85.9 1608 950 5.206
1787279937 85.9 86.8 85.0 85.9 1416 950 5.186
1787279938 86.8 87.8 85.0 85.9 1416 950 5.206
1787279940 85.9 87.8 85.9 86.8 1416 950 5.225
1787279941 85.9 86.8 85.0 86.8 1416 950 5.215
1787279942 85.9 86.8 85.0 85.9 1416 950 5.220
1787279943 85.9 86.8 85.0 85.9 1200 950 5.201
1787279944 86.8 86.8 85.0 85.9 1200 950 5.215
1787279945 86.8 86.8 85.0 85.9 1416 950 5.225
1787279947 85.9 86.8 85.9 86.8 1200 950 5.153
1787279948 86.8 87.8 85.9 86.8 1200 950 5.196
1787279949 85.9 87.8 85.0 85.9 1200 950 5.182
1787279950 85.9 87.8 85.0 85.9 1200 950 5.220
1787279951 86.8 86.8 85.0 86.8 1200 950 5.240
1787279952 85.9 86.8 85.0 85.9 1008 950 5.235
1787279954 85.9 86.8 85.0 85.9 1008 950 5.215
1787279955 85.9 86.8 85.9 85.9 1008 950 5.220
1787279956 85.9 86.8 85.0 85.9 1008 950 5.225
1787279957 86.8 86.8 85.9 85.9 1008 950 5.162
1787279958 86.8 87.8 85.9 85.9 1008 950 5.215
1787279959 85.9 86.8 85.9 85.9 1008 950 5.225
1787279961 85.9 86.8 85.0 85.9 1200 950 5.244
1787279962 86.8 86.8 85.0 85.9 1008 950 5.225
1787279963 86.8 87.8 85.9 85.9 1008 950 5.225
1787279964 86.8 87.8 85.9 85.9 1008 950 5.191
1787279965 85.0 85.9 84.1 85.9 1800 950 5.235
1787279966 85.9 86.8 85.0 85.9 1416 950 5.211
1787279968 85.9 87.8 85.9 86.8 1416 950 5.254
1787279969 86.8 87.8 85.9 86.8 816 950 5.182
1787279970 85.9 86.8 85.0 85.9 816 950 5.148
1787279971 85.9 86.8 85.0 85.9 1008 950 5.186
1787279972 85.9 86.8 85.0 85.0 1008 950 5.244
1787279973 85.9 86.8 85.0 85.9 1008 950 5.215
1787279975 85.9 86.8 85.0 85.9 816 950 5.206
1787279976 85.9 86.8 85.0 85.9 816 950 5.191
1787279977 85.9 86.8 85.0 85.9 816 950 5.196
1787279978 85.9 86.8 85.0 85.9 1008 950 5.206
1787279979 85.9 86.8 85.0 85.9 816 950 5.186
1787279980 85.9 86.8 85.0 85.9 816 950 5.225
1787279982 85.9 86.8 85.0 85.9 1008 950 5.235
1787279983 85.9 86.8 85.0 85.9 816 950 5.240
1787279984 85.9 86.8 85.0 85.9 816 950 5.215
1787279985 85.9 86.8 85.0 85.9 816 950 5.211
1787279986 85.9 86.8 85.0 85.9 816 950 5.186
1787279987 85.9 86.8 85.0 85.9 816 950 5.240
1787279989 85.9 86.8 85.0 85.9 1008 950 5.240
1787279990 85.0 85.9 85.0 85.0 1008 950 5.254
1787279991 85.9 86.8 85.0 85.9 1008 950 5.182
1787279992 85.9 86.8 85.0 85.9 816 950 5.211
1787279993 85.9 86.8 85.0 85.9 1008 950 5.220
1787279995 85.9 86.8 85.0 85.9 816 950 5.235
1787279996 85.9 86.8 85.0 85.9 1008 950 5.215
1787279997 85.9 86.8 85.0 85.9 1008 950 5.196
1787279998 85.9 86.8 85.0 85.9 1008 950 5.215
1787279999 85.9 86.8 85.0 85.9 816 950 5.201
1787280000 85.9 86.8 85.0 85.9 816 950 5.220
1787280002 85.9 86.8 85.0 85.9 816 950 5.220
1787280003 85.9 85.9 85.0 85.0 1008 950 5.235
1787280004 85.9 86.8 85.0 85.9 816 950 5.249
1787280005 85.9 87.8 85.0 85.9 1008 950 5.206
1787280006 85.9 86.8 85.0 85.9 816 950 5.254
1787280007 85.9 86.8 85.9 85.9 816 950 5.153
1787280009 85.9 85.9 85.0 85.0 1008 950 5.167
1787280010 85.9 86.8 85.0 85.9 1008 950 5.244
1787280011 85.9 86.8 85.0 85.9 816 950 5.191
1787280012 85.9 86.8 85.0 85.9 816 950 5.172
1787280013 85.9 86.8 85.0 85.9 1008 950 5.206
1787280014 85.9 86.8 85.0 85.9 816 950 5.259
1787280016 85.9 86.8 85.0 85.9 816 950 5.225
1787280017 85.0 86.8 85.0 85.9 816 950 5.240
1787280018 85.9 86.8 85.0 85.9 816 950 5.215
1787280019 85.9 86.8 85.0 85.9 816 950 5.254
1787280020 85.9 86.8 85.0 85.9 1008 950 5.206
1787280021 85.9 86.8 85.0 85.9 1008 950 5.230
1787280023 85.9 86.8 85.0 85.9 816 950 5.220
1787280024 85.9 86.8 85.0 85.9 816 950 5.230
1787280025 85.9 86.8 85.0 85.9 816 950 5.196
1787280026 83.2 84.1 82.2 84.1 2016 950 5.249
1787280027 85.9 86.8 85.9 85.9 1416 950 5.201
1787280028 85.9 86.8 85.9 85.9 1200 950 5.254
1787280029 86.8 87.8 85.9 86.8 816 950 5.211
1787280031 85.9 86.8 85.9 85.9 816 950 5.201
1787280032 86.8 86.8 85.0 85.9 816 950 5.264
1787280033 85.9 86.8 85.0 85.9 816 950 5.235
1787280034 85.9 86.8 85.0 85.9 816 950 5.201
1787280035 85.9 87.8 85.0 85.9 816 950 5.148
1787280037 85.9 86.8 85.0 85.9 816 950 5.196
1787280038 85.9 86.8 85.9 85.9 816 950 5.254
1787280039 85.9 86.8 85.9 85.9 816 950 5.162
1787280040 85.9 86.8 85.9 85.9 816 950 5.215
1787280041 85.9 86.8 85.0 85.9 816 950 5.230
1787280042 85.9 86.8 85.0 85.9 816 950 5.230
1787280044 85.9 85.9 85.0 85.9 816 950 5.235
1787280045 85.9 86.8 85.0 85.9 816 950 5.211
1787280046 85.9 86.8 85.0 85.9 1008 950 5.157
1787280047 85.9 86.8 85.0 85.9 1008 950 5.264
1787280048 85.9 86.8 85.0 85.9 1008 950 5.172
1787280049 85.9 86.8 85.0 85.9 816 950 5.273
1787280051 85.9 86.8 85.0 85.9 816 950 5.264
1787280052 85.9 87.8 85.0 85.9 816 950 5.230
1787280053 85.9 87.8 85.0 85.9 816 950 5.191
1787280054 85.9 86.8 85.0 85.9 1008 950 5.220
1787280055 85.9 86.8 85.0 85.9 816 950 5.235
1787280056 85.9 87.8 85.0 85.9 816 950 5.220
1787280058 85.9 86.8 85.0 85.9 1008 950 5.220
1787280059 85.9 86.8 85.9 85.9 1008 950 5.254
1787280060 85.9 86.8 85.0 85.9 816 950 5.249
1787280061 85.9 86.8 85.0 85.9 1008 950 5.240
1787280062 85.9 85.9 85.0 85.0 1008 950 5.230
1787280063 85.9 86.8 85.0 85.9 816 950 5.225
1787280065 85.9 86.8 85.0 85.9 816 950 5.215
1787280066 85.9 86.8 85.0 85.9 1008 950 5.215
1787280067 85.9 85.9 85.0 85.9 816 950 5.235
1787280068 85.9 86.8 85.0 85.9 816 950 5.254
1787280069 85.9 86.8 85.9 85.9 816 950 5.211
1787280070 85.9 86.8 85.9 85.9 1008 950 5.191
1787280072 85.9 87.8 85.0 85.9 816 950 5.177
1787280073 85.9 86.8 85.0 85.9 1008 950 5.264
1787280074 85.9 86.8 85.0 85.9 816 950 5.167
1787280075 85.9 86.8 85.9 85.9 816 950 5.206
1787280076 85.9 86.8 85.9 86.8 816 950 5.215
1787280077 85.9 86.8 85.0 85.9 816 950 5.215
1787280079 85.9 86.8 85.0 85.9 816 950 5.215
1787280080 85.9 86.8 85.0 85.9 816 950 5.240
1787280081 85.9 86.8 85.0 85.9 816 950 5.249
1787280082 85.9 86.8 85.0 85.9 816 950 5.211
1787280083 85.9 87.8 85.0 85.9 816 950 5.215
1787280084 85.9 85.9 85.0 85.9 816 950 5.215
1787280086 85.9 85.9 85.0 85.0 1008 950 5.244
1787280087 85.9 85.9 85.0 85.0 1008 950 5.293
1787280088 81.3 80.4 79.5 81.3 2208 950 5.283
1787280089 79.5 78.5 78.5 79.5 2208 950 5.307
1787280090 78.5 77.6 76.7 78.5 2208 950 5.307
1787280091 77.6 76.7 76.7 77.6 2208 950 5.307
1787280092 77.6 75.8 75.8 76.7 2208 950 5.273
1787280093 76.7 75.8 74.8 76.7 2208 950 5.293
1787280094 75.8 75.8 74.8 75.8 2208 950 5.283
1787280095 75.8 74.8 73.9 75.8 2208 950 5.293
1787280096 74.8 74.8 73.9 74.8 2208 950 5.307
1787280097 74.8 73.9 73.9 74.8 2208 950 5.254
1787280099 73.9 73.9 73.0 74.8 2208 950 5.283
1787280100 73.9 73.9 73.0 73.9 2208 950 5.298
1787280101 73.9 73.0 73.0 73.0 2208 950 5.278
1787280102 73.0 73.0 72.1 73.0 2208 950 5.269
1787280103 73.0 73.0 72.1 73.0 2208 950 5.259
1787280104 73.0 73.0 72.1 73.0 2208 950 5.225
1787280105 77.6 77.6 75.8 78.5 2208 950 5.196
1787280106 78.5 78.5 77.6 78.5 2208 950 5.254
1787280107 79.5 79.5 78.5 79.5 2208 950 5.215
1787280108 79.5 80.4 78.5 79.5 2208 950 5.249
1787280109 79.5 80.4 78.5 80.4 2208 950 5.230
1787280110 80.4 81.3 79.5 80.4 2208 950 5.230
1787280111 80.4 81.3 79.5 80.4 2208 950 5.206
1787280112 79.5 78.5 77.6 78.5 2208 950 5.235
1787280113 78.5 78.5 77.6 78.5 2208 950 5.254
1787280115 79.5 78.5 78.5 80.4 2208 950 5.225
1787280116 75.8 75.8 74.8 75.8 2208 950 5.298
1787280117 74.8 74.8 73.9 74.8 2208 950 5.283
1787280118 80.4 81.3 80.4 82.2 2208 950 5.240
1787280119 83.2 84.1 82.2 84.1 2208 950 5.215
1787280120 84.1 84.1 83.2 85.0 2208 950 5.230
1787280121 85.0 85.9 84.1 85.9 2208 950 5.201
1787280122 85.0 85.9 84.1 85.0 2016 950 5.196
1787280123 85.0 85.9 84.1 85.9 2016 950 5.167
1787280125 85.0 85.9 84.1 85.9 1800 950 5.230
1787280126 85.9 86.8 84.1 86.8 1800 950 5.264
1787280127 85.9 86.8 85.0 86.8 1800 950 5.182
1787280128 85.0 85.9 85.0 85.9 1800 950 5.211
1787280129 85.9 86.8 85.0 86.8 1800 950 5.211
1787280130 85.9 86.8 85.0 85.9 1800 950 5.225
1787280131 85.9 86.8 85.0 85.9 1608 950 5.211
1787280133 85.9 86.8 85.0 85.9 1608 950 5.215
1787280134 85.9 86.8 85.0 85.9 1608 950 5.211
1787280135 85.9 86.8 85.0 85.9 1608 950 5.220
1787280136 85.9 86.8 85.0 85.9 1608 950 5.254
1787280137 85.9 86.8 85.0 85.9 1608 950 5.235
1787280138 85.9 86.8 85.0 85.9 1608 950 5.196
1787280139 86.8 87.8 85.9 86.8 1416 950 5.215
1787280141 85.9 86.8 85.0 85.9 1416 950 5.196
1787280142 85.9 86.8 85.0 85.9 1608 950 5.225
1787280143 85.9 86.8 85.0 85.9 1608 950 5.191
1787280144 85.9 87.8 85.9 85.9 1416 950 5.201
1787280145 85.9 87.8 85.9 85.9 1416 950 5.215
1787280146 85.9 86.8 85.9 86.8 1416 950 5.273
1787280147 85.9 86.8 85.9 85.9 1416 950 5.235
1787280149 85.9 86.8 85.0 86.8 1416 950 5.186
1787280150 85.9 86.8 85.0 85.9 1416 950 5.177
1787280151 85.9 86.8 85.0 85.9 1200 950 5.225
1787280152 85.9 86.8 85.0 85.0 1416 950 5.230
1787280153 85.9 86.8 85.0 85.0 1416 950 5.220
1787280154 86.8 87.8 85.0 86.8 1200 950 5.148
1787280155 85.9 86.8 85.0 85.9 1200 950 5.215
1787280157 85.9 86.8 85.0 85.9 1200 950 5.254
1787280158 85.9 86.8 85.0 85.9 1200 950 5.215
1787280159 85.9 86.8 85.0 85.9 1200 950 5.220
1787280160 86.8 86.8 85.9 86.8 1200 950 5.211
1787280161 86.8 87.8 85.9 86.8 1008 950 5.211
1787280162 85.9 86.8 85.9 85.9 1008 950 5.235
1787280164 86.8 86.8 85.0 85.9 1008 950 5.211
1787280165 85.9 86.8 85.9 85.9 1008 950 5.244
1787280166 85.9 86.8 85.9 85.9 1008 950 5.211
1787280167 85.9 87.8 85.0 85.9 1008 950 5.220
1787280168 85.9 86.8 85.9 85.9 1008 950 5.162
1787280169 85.9 87.8 85.9 85.9 1008 950 5.186
1787280171 86.8 87.8 85.9 85.9 1008 950 5.206
1787280172 85.9 86.8 85.0 85.9 1008 950 5.215
1787280173 86.8 87.8 85.9 85.9 1008 950 5.191
1787280174 86.8 87.8 85.9 86.8 1008 950 5.215
1787280175 86.8 87.8 85.9 85.9 1008 950 5.211
1787280176 86.8 87.8 85.9 86.8 816 950 5.196
1787280178 84.1 83.2 83.2 84.1 1416 950 5.225
1787280179 80.4 79.5 79.5 80.4 2208 950 5.283
1787280180 79.5 78.5 78.5 80.4 2208 950 5.240
1787280181 77.6 77.6 76.7 78.5 2208 950 5.269
1787280182 77.6 76.7 75.8 77.6 2208 950 5.254
1787280183 76.7 75.8 75.8 76.7 2208 950 5.283
1787280184 76.7 75.8 74.8 76.7 2208 950 5.283
1787280185 75.8 74.8 74.8 75.8 2208 950 5.230
1787280186 74.8 74.8 73.9 75.8 2208 950 5.264
1787280187 74.8 74.8 73.9 74.8 2208 950 5.249
1787280188 74.8 73.9 73.9 74.8 2208 950 5.244
1787280189 73.9 73.9 73.0 73.9 2208 950 5.269
1787280190 73.9 73.0 73.0 73.9 2208 950 5.230
1787280192 73.9 73.0 72.1 73.9 2208 950 5.293
1787280193 73.0 73.0 72.1 73.0 2208 950 5.264
1787280194 73.0 73.0 72.1 73.0 2208 950 5.259
1787280195 73.0 73.0 72.1 73.9 2208 950 5.240
1787280196 73.0 72.1 72.1 73.0 2208 950 5.269
1787280197 72.1 72.1 71.2 72.1 2208 950 5.302
1787280198 72.1 71.2 71.2 72.1 2208 950 5.293
1787280199 72.1 71.2 71.2 72.1 2208 950 5.254
1787280200 72.1 71.2 71.2 71.2 2208 950 5.293
1787280201 72.1 71.2 71.2 71.2 2208 950 5.273
1787280202 76.7 77.6 75.8 77.6 2208 950 5.206
1787280203 80.4 81.3 79.5 81.3 2208 950 5.186
1787280204 81.3 82.2 81.3 83.2 2208 950 5.249
1787280206 83.2 84.1 82.2 84.1 2208 950 5.157
1787280207 84.1 84.1 83.2 85.0 2208 950 5.240
1787280208 84.1 85.0 83.2 85.0 2208 950 5.225
1787280209 85.0 85.0 84.1 85.9 2016 950 5.235
1787280210 85.0 85.9 84.1 85.9 2016 950 5.201
1787280211 85.0 85.9 84.1 85.9 2016 950 5.215
1787280212 85.0 85.9 84.1 85.9 2016 950 5.230
1787280214 85.0 86.8 85.0 86.8 1800 950 5.206
1787280215 85.0 85.9 85.0 85.9 1800 950 5.215
1787280216 85.9 86.8 84.1 85.9 1800 950 5.211
1787280217 85.0 86.8 85.0 85.9 1800 950 5.172
1787280218 85.9 86.8 85.0 85.9 1800 950 5.225
1787280219 85.9 86.8 85.0 85.9 1608 950 5.211
1787280221 85.9 86.8 85.0 85.0 1800 950 5.225
1787280222 85.9 86.8 85.0 85.9 1608 950 5.244
1787280223 85.9 86.8 85.0 85.9 1608 950 5.201
1787280224 85.9 86.8 85.0 85.9 1608 950 5.230
1787280225 85.9 87.8 85.9 85.9 1608 950 5.186
1787280226 85.9 86.8 85.0 85.9 1608 950 5.182
1787280227 85.9 86.8 85.0 86.8 1608 950 5.225
1787280229 85.9 86.8 85.0 85.9 1608 950 5.196
1787280230 85.9 86.8 85.0 85.9 1608 950 5.196
1787280231 85.9 86.8 85.0 85.9 1608 950 5.167
1787280232 86.8 86.8 85.0 85.9 1608 950 5.211
1787280233 85.9 86.8 85.0 86.8 1608 950 5.206
1787280234 85.9 86.8 85.0 85.9 1416 950 5.215
1787280235 85.9 87.8 85.9 85.9 1416 950 5.206
1787280237 85.9 86.8 85.0 85.9 1416 950 5.254
1787280238 85.9 86.8 85.0 86.8 1416 950 5.220
1787280239 86.8 87.8 85.0 86.8 1416 950 5.215
1787280240 85.9 87.8 85.9 85.9 1416 950 5.211
1787280241 85.9 86.8 85.0 85.9 1200 950 5.191
1787280242 85.9 86.8 85.0 85.9 1200 950 5.201
1787280244 86.8 86.8 85.9 85.9 1200 950 5.177
1787280245 85.9 86.8 85.0 85.9 1200 950 5.235
1787280246 86.8 86.8 85.0 85.9 1200 950 5.240
1787280247 86.8 86.8 85.9 85.9 1200 950 5.225
1787280248 86.8 87.8 85.9 86.8 1008 950 5.201
1787280249 86.8 86.8 85.9 85.9 1008 950 5.211
1787280251 86.8 86.8 85.9 85.9 1008 950 5.191
1787280252 85.9 86.8 85.9 86.8 1008 950 5.196
1787280253 85.9 87.8 85.9 85.9 1008 950 5.211
1787280254 85.9 86.8 85.0 85.9 1008 950 5.240
1787280255 85.9 86.8 85.0 85.9 1008 950 5.230
1787280256 85.9 86.8 85.0 85.9 1008 950 5.220
1787280257 85.9 86.8 85.0 85.9 1008 950 5.240
1787280259 86.8 86.8 85.0 85.9 1200 950 5.220
1787280260 85.9 86.8 85.0 85.9 1008 950 5.206
1787280261 85.9 86.8 85.9 85.9 1008 950 5.191
1787280262 85.9 86.8 85.9 85.9 1008 950 5.206
1787280263 85.0 85.9 85.0 85.9 1800 950 5.191
1787280264 85.9 87.8 85.9 85.9 1200 950 5.225
1787280266 85.9 85.9 85.0 86.8 1200 950 5.235
1787280267 85.9 86.8 85.9 86.8 1200 950 5.206
1787280268 86.8 87.8 85.9 85.9 1008 950 5.230
1787280269 85.9 86.8 85.0 85.9 816 950 5.196
1787280270 85.9 86.8 85.0 85.9 816 950 5.240
1787280271 85.9 86.8 85.0 85.9 816 950 5.215
1787280273 85.9 86.8 85.0 85.9 816 950 5.240
1787280274 85.9 86.8 85.0 85.9 1008 950 5.177
1787280275 85.9 86.8 85.0 85.9 1008 950 5.264
1787280276 85.9 86.8 85.0 85.9 816 950 5.186
1787280277 85.9 86.8 85.0 85.9 816 950 5.235
1787280278 85.9 86.8 85.0 85.9 816 950 5.215
1787280280 85.9 86.8 85.0 85.9 816 950 5.186
1787280281 85.9 86.8 85.0 85.9 816 950 5.230
1787280282 85.9 86.8 85.0 85.9 816 950 5.235
1787280283 85.9 86.8 85.9 85.9 816 950 5.220
1787280284 85.9 86.8 85.0 85.9 816 950 5.240
1787280285 85.9 86.8 85.0 85.9 816 950 5.186
1787280287 85.9 86.8 85.9 85.9 816 950 5.249
1787280288 85.9 86.8 85.0 85.9 816 950 5.201
1787280289 85.9 86.8 85.0 85.9 816 950 5.220
1787280290 85.9 86.8 85.0 85.9 1008 950 5.196
1787280291 85.9 86.8 85.0 85.9 816 950 5.215
1787280293 85.9 86.8 85.9 85.9 816 950 5.196
1787280294 85.9 86.8 85.9 85.9 816 950 5.201
1787280295 85.9 86.8 85.0 85.9 816 950 5.220
1787280296 85.9 86.8 85.0 85.9 816 950 5.215
1787280297 85.9 86.8 85.0 85.9 816 950 5.206
1787280298 85.9 86.8 85.0 85.9 1008 950 5.240
1787280300 85.9 86.8 85.0 85.9 816 950 5.244
1787280301 85.9 86.8 85.9 85.9 816 950 5.201
1787280302 85.9 86.8 85.0 85.9 1008 950 5.211
1787280303 85.9 86.8 85.0 85.9 1008 950 5.215
1787280304 85.9 86.8 85.0 85.9 816 950 5.186
1787280305 85.9 86.8 85.0 85.9 816 950 5.264
1787280307 85.9 86.8 85.0 85.9 1008 950 5.182
1787280308 85.9 86.8 85.9 85.9 816 950 5.191
1787280309 85.9 86.8 85.9 85.9 816 950 5.167
1787280310 85.9 86.8 85.9 85.9 816 950 5.220
1787280311 85.9 86.8 85.9 85.9 816 950 5.235
1787280313 86.8 86.8 85.0 85.9 816 950 5.206
1787280314 85.9 86.8 85.9 85.9 816 950 5.206
1787280315 85.9 86.8 85.0 85.9 816 950 5.220
1787280316 85.9 86.8 85.0 85.9 816 950 5.215
1787280317 85.9 86.8 85.9 85.9 816 950 5.230
1787280318 86.8 86.8 85.9 85.9 816 950 5.196
1787280320 85.9 86.8 85.9 85.9 816 950 5.172
1787280321 86.8 86.8 85.9 85.9 816 950 5.230
1787280322 85.9 85.9 85.0 85.9 816 950 5.220
1787280323 85.9 86.8 85.9 85.9 816 950 5.215
1787280324 84.1 85.0 84.1 85.0 1800 950 5.240
1787280325 85.9 86.8 85.0 85.9 1416 950 5.240
1787280327 86.8 87.8 85.9 85.9 816 950 5.186
1787280328 85.9 86.8 85.0 85.9 816 950 5.211
1787280329 85.9 86.8 85.0 85.9 816 950 5.244
1787280330 86.8 86.8 85.0 85.9 816 950 5.220
1787280331 86.8 86.8 85.9 85.9 816 950 5.211
1787280333 86.8 87.8 85.9 85.9 816 950 5.201
1787280334 85.9 87.8 85.9 85.9 816 950 5.215
1787280335 85.9 86.8 85.0 85.9 816 950 5.143
1787280336 85.9 86.8 85.0 85.9 816 950 5.225
1787280337 85.9 86.8 85.9 85.9 816 950 5.211
1787280338 85.9 86.8 85.9 85.9 816 950 5.254
1787280339 86.8 87.8 85.9 85.9 816 950 5.172
1787280341 85.9 87.8 85.9 85.9 816 950 5.196
1787280342 86.8 86.8 85.9 85.9 816 950 5.235
1787280343 86.8 86.8 85.0 85.9 816 950 5.201
1787280344 85.9 86.8 85.0 85.9 816 950 5.244
1787280345 85.9 86.8 85.9 85.9 816 950 5.249
1787280347 85.9 87.8 85.0 85.9 1008 950 5.196
1787280348 86.8 86.8 85.9 85.9 816 950 5.225
1787280349 85.9 87.8 85.9 85.9 816 950 5.191
1787280350 85.9 86.8 85.9 85.9 816 950 5.211
1787280351 85.9 86.8 85.0 85.9 816 950 5.220
1787280352 85.9 86.8 85.9 86.8 816 950 5.186
1787280354 86.8 87.8 85.9 86.8 816 950 5.225
1787280355 86.8 87.8 85.9 86.8 816 950 5.215
1787280356 85.9 87.8 85.9 85.9 816 950 5.215
1787280357 86.8 86.8 85.9 85.9 816 950 5.201
1787280358 85.9 86.8 85.9 85.9 816 950 5.201
1787280360 86.8 87.8 85.9 85.9 816 950 5.254
1787280361 86.8 87.8 85.9 85.9 600 950 5.264
1787280362 85.9 86.8 85.0 85.9 600 950 5.235
1787280363 85.9 86.8 85.0 85.9 600 950 5.235
1787280364 85.9 86.8 85.0 85.9 816 950 5.244
1787280365 85.9 86.8 85.0 85.9 816 950 5.225
1787280367 85.9 86.8 85.0 85.9 816 950 5.215
1787280368 85.9 86.8 85.0 85.0 816 950 5.186
1787280369 85.9 86.8 85.0 85.9 816 950 5.235
1787280370 85.9 86.8 85.0 85.9 600 950 5.201
1787280371 85.9 86.8 85.0 85.0 816 950 5.225
1787280373 85.9 86.8 85.0 85.9 816 950 5.249
1787280374 85.9 86.8 85.0 85.9 816 950 5.230
1787280375 85.9 86.8 85.0 85.0 816 950 5.230
1787280376 85.9 86.8 85.0 85.9 816 950 5.196
1787280377 85.9 86.8 85.0 85.9 816 950 5.206
1787280379 85.9 86.8 85.0 85.9 600 950 5.230
1787280380 85.9 86.8 85.0 85.0 816 950 5.225
1787280381 85.9 86.8 85.0 85.9 816 950 5.206
1787280382 85.9 86.8 85.0 85.0 816 950 5.235
1787280383 85.9 85.9 85.0 85.9 816 950 5.186
1787280384 85.9 86.8 85.0 85.9 816 950 5.225
1787280386 81.3 81.3 80.4 81.3 2208 950 5.259
1787280387 79.5 79.5 78.5 79.5 2208 950 5.249
1787280388 78.5 77.6 76.7 77.6 2208 950 5.278
1787280389 77.6 76.7 76.7 76.7 2208 950 5.225
1787280390 76.7 76.7 75.8 76.7 2208 950 5.278
1787280391 76.7 75.8 75.8 76.7 2208 950 5.298
1787280392 75.8 75.8 74.8 75.8 2208 950 5.283
1787280393 75.8 74.8 73.9 75.8 2208 950 5.254
1787280394 74.8 74.8 73.9 74.8 2208 950 5.293
1787280395 74.8 73.9 73.9 74.8 2208 950 5.293
1787280396 73.9 73.9 73.0 74.8 2208 950 5.293
1787280397 73.9 73.9 73.0 74.8 2208 950 5.293
1787280398 73.9 73.0 73.0 73.9 2208 950 5.273
1787280400 73.9 73.0 73.0 73.9 2208 950 5.302
1787280401 73.0 73.0 72.1 73.0 2208 950 5.264
1787280402 73.0 73.0 72.1 73.0 2208 950 5.273
1787280403 76.7 77.6 76.7 76.7 2208 950 5.225
1787280404 78.5 79.5 77.6 78.5 2208 950 5.235
1787280405 78.5 79.5 78.5 79.5 2208 950 5.230
1787280406 79.5 80.4 78.5 79.5 2208 950 5.220
1787280407 79.5 80.4 78.5 80.4 2208 950 5.206
1787280408 80.4 80.4 79.5 80.4 2208 950 5.240
1787280409 80.4 81.3 79.5 81.3 2208 950 5.201
1787280410 81.3 81.3 80.4 81.3 2208 950 5.206
1787280411 80.4 80.4 79.5 80.4 2208 950 5.177
1787280412 80.4 80.4 79.5 80.4 2208 950 5.230
1787280413 76.7 76.7 75.8 77.6 2208 950 5.293
1787280414 75.8 74.8 73.9 74.8 2208 950 5.288
1787280416 80.4 81.3 79.5 80.4 2208 950 5.278
1787280417 83.2 84.1 82.2 85.0 2208 950 5.177
1787280418 85.0 85.0 83.2 85.9 2016 950 5.215
1787280419 85.0 85.9 84.1 85.9 2016 950 5.220
1787280420 85.9 86.8 85.0 86.8 2016 950 5.182
1787280421 85.0 85.9 84.1 85.9 2016 950 5.235
1787280422 85.0 85.0 84.1 85.9 2016 950 5.264
1787280423 85.9 85.9 85.0 86.8 1800 950 5.225
1787280425 85.9 85.9 85.0 85.9 1800 950 5.230
1787280426 85.9 86.8 85.0 85.9 1800 950 5.215
1787280427 85.9 86.8 85.0 86.8 1800 950 5.220
1787280428 85.9 86.8 85.0 85.9 1608 950 5.215
1787280429 85.9 86.8 85.0 85.9 1608 950 5.148
1787280430 85.9 86.8 85.0 85.9 1608 950 5.162
1787280432 85.9 86.8 85.0 85.9 1608 950 5.235
1787280433 85.9 86.8 85.0 85.9 1608 950 5.167
1787280434 85.9 86.8 85.0 85.9 1608 950 5.273
1787280435 85.9 86.8 85.0 85.9 1608 950 5.215
1787280436 85.9 87.8 85.9 86.8 1608 950 5.191
1787280437 85.9 87.8 85.9 86.8 1416 950 5.167
1787280438 85.9 86.8 85.9 85.9 1416 950 5.186
1787280440 85.9 86.8 85.0 85.9 1416 950 5.206
1787280441 85.9 87.8 85.9 85.9 1416 950 5.215
1787280442 85.9 86.8 85.0 86.8 1416 950 5.225
1787280443 86.8 87.8 85.0 86.8 1416 950 5.230
1787280444 86.8 86.8 85.0 85.9 1416 950 5.177
1787280445 86.8 87.8 85.0 86.8 1416 950 5.215
1787280447 86.8 87.8 85.9 86.8 1200 950 5.196
1787280448 86.8 87.8 85.0 86.8 1200 950 5.177
1787280449 86.8 86.8 85.0 86.8 1200 950 5.220
1787280450 86.8 86.8 85.9 86.8 1200 950 5.191
1787280451 86.8 87.8 85.0 86.8 1008 950 5.162
1787280452 86.8 86.8 85.9 85.9 1008 950 5.240
1787280454 85.9 86.8 85.0 85.9 1008 950 5.230
1787280455 85.9 86.8 85.0 85.9 1008 950 5.230
1787280456 86.8 87.8 85.9 85.9 1008 950 5.259
1787280457 85.9 86.8 85.9 85.9 1008 950 5.225
1787280458 86.8 86.8 85.9 86.8 1008 950 5.225
1787280459 86.8 86.8 85.9 86.8 1008 950 5.235
1787280461 86.8 87.8 85.9 86.8 1008 950 5.196
1787280462 86.8 87.8 85.9 86.8 1008 950 5.186
1787280463 85.9 86.8 85.0 85.9 816 950 5.220
1787280464 85.9 86.8 85.0 85.9 816 950 5.249
1787280465 85.9 86.8 85.0 85.9 816 950 5.196
1787280466 85.9 86.8 85.0 85.9 1008 950 5.269
1787280468 85.9 86.8 85.0 85.9 816 950 5.206
1787280469 85.9 86.8 85.9 85.9 1008 950 5.191
1787280470 86.8 86.8 85.0 85.9 816 950 5.211
1787280471 85.9 86.8 85.0 85.9 1008 950 5.215
1787280472 85.9 86.8 85.0 85.9 816 950 5.196
1787280474 85.9 86.8 85.0 85.9 816 950 5.177
1787280475 85.9 86.8 85.0 85.9 1008 950 5.225
1787280476 83.2 82.2 81.3 82.2 1608 950 5.278
1787280477 79.5 78.5 78.5 80.4 2208 950 5.230
1787280478 79.5 78.5 77.6 80.4 2208 950 5.220
1787280479 77.6 77.6 76.7 77.6 2208 950 5.215
1787280480 76.7 76.7 75.8 76.7 2208 950 5.293
1787280481 76.7 75.8 75.8 76.7 2208 950 5.293
1787280482 75.8 75.8 74.8 75.8 2208 950 5.244
1787280483 75.8 74.8 73.9 74.8 2208 950 5.235
1787280484 74.8 74.8 73.9 74.8 2208 950 5.254
1787280486 74.8 73.9 73.9 73.9 2208 950 5.230
1787280487 73.9 73.9 73.0 74.8 2208 950 5.249
1787280488 73.9 73.0 73.0 73.9 2208 950 5.293
1787280489 73.9 73.0 73.0 73.9 2208 950 5.302
1787280490 73.0 73.0 72.1 73.0 2208 950 5.244
1787280491 73.0 73.0 72.1 73.0 2208 950 5.249
1787280492 73.0 72.1 71.2 73.0 2208 950 5.259
1787280493 73.0 72.1 71.2 72.1 2208 950 5.273
1787280494 72.1 72.1 71.2 72.1 2208 950 5.235
1787280495 72.1 72.1 71.2 72.1 2208 950 5.293
1787280496 72.1 71.2 71.2 71.2 2208 950 5.264
1787280497 71.2 71.2 71.2 71.2 2208 950 5.244
1787280498 72.1 71.2 70.2 71.2 2208 950 5.293
1787280499 71.2 71.2 70.2 71.2 2208 950 5.288
1787280501 76.7 76.7 75.8 76.7 2208 950 5.186
1787280502 81.3 81.3 79.5 82.2 2208 950 5.211
1787280503 82.2 83.2 81.3 84.1 2208 950 5.215
1787280504 82.2 83.2 81.3 84.1 2208 950 5.215
1787280505 84.1 84.1 83.2 85.0 2208 950 5.215
1787280506 84.1 85.0 83.2 85.0 2208 950 5.191
1787280507 85.0 85.9 84.1 85.0 2208 950 5.249
1787280508 85.0 85.9 84.1 85.9 2016 950 5.215
1787280510 85.0 85.9 84.1 85.9 2016 950 5.211
1787280511 85.0 85.0 84.1 85.9 2016 950 5.211
1787280512 85.9 86.8 85.0 85.9 1800 950 5.235
1787280513 85.0 85.0 84.1 85.0 1800 950 5.206
1787280514 85.0 85.9 85.0 86.8 2016 950 5.201
1787280515 85.0 85.9 84.1 85.9 1800 950 5.225
1787280516 85.9 86.8 85.0 85.9 1800 950 5.215
1787280518 85.9 86.8 85.0 85.9 1800 950 5.191
1787280519 85.9 86.8 85.0 85.9 1800 950 5.196
1787280520 85.9 86.8 85.0 86.8 1800 950 5.235
1787280521 85.9 86.8 85.0 86.8 1608 950 5.220
1787280522 85.9 86.8 85.0 85.9 1608 950 5.201
1787280523 85.9 86.8 85.0 85.9 1608 950 5.254
1787280524 85.9 85.9 85.0 85.9 1608 950 5.215
1787280526 85.9 86.8 85.0 86.8 1608 950 5.211
1787280527 85.9 86.8 85.0 85.9 1608 950 5.240
1787280528 85.9 86.8 85.0 86.8 1608 950 5.240
1787280529 85.9 86.8 85.0 85.9 1608 950 5.211
1787280530 85.9 86.8 85.0 85.9 1608 950 5.220
1787280531 85.9 86.8 85.0 85.9 1608 950 5.206
1787280533 86.8 86.8 85.0 85.9 1608 950 5.225
1787280534 85.9 86.8 85.0 85.9 1608 950 5.206
1787280535 85.9 86.8 85.0 85.9 1608 950 5.225
1787280536 85.9 86.8 85.9 86.8 1416 950 5.230
1787280537 85.9 86.8 85.0 85.9 1416 950 5.220
1787280538 85.9 86.8 85.0 86.8 1416 950 5.230
1787280539 85.9 86.8 85.0 85.9 1416 950 5.201
1787280541 86.8 87.8 85.9 85.9 1416 950 5.182
1787280542 85.9 87.8 85.0 85.9 1416 950 5.215
1787280543 85.9 86.8 85.0 86.8 1416 950 5.240
1787280544 86.8 87.8 85.9 85.9 1416 950 5.186
1787280545 85.9 86.8 85.0 85.9 1416 950 5.220
1787280546 86.8 86.8 85.9 85.9 1416 950 5.225
1787280547 86.8 86.8 85.9 86.8 1416 950 5.220
1787280549 85.9 86.8 85.0 85.9 1416 950 5.225
1787280550 85.9 86.8 85.0 85.9 1416 950 5.254
1787280551 85.9 86.8 85.0 85.9 1416 950 5.235
1787280552 85.9 86.8 85.0 85.9 1416 950 5.225
1787280553 85.9 86.8 85.0 85.9 1416 950 5.196
1787280554 86.8 86.8 85.0 85.9 1416 950 5.206
1787280555 85.9 86.8 85.0 86.8 1416 950 5.240
1787280557 85.9 86.8 85.0 85.9 1608 950 5.240
1787280558 85.9 86.8 85.9 86.8 1416 950 5.206
1787280559 85.9 87.8 85.9 86.8 1416 950 5.215
1787280560 85.9 87.8 85.9 86.8 1200 950 5.191
1787280561 84.1 85.0 84.1 85.9 2016 950 5.235
1787280562 85.9 86.8 85.0 86.8 1608 950 5.196
1787280564 85.9 87.8 85.9 85.9 1608 950 5.264
1787280565 85.9 86.8 85.0 86.8 1608 950 5.191
1787280566 85.9 87.8 85.9 85.9 1416 950 5.225
1787280567 85.9 86.8 85.0 85.9 1416 950 5.186
1787280568 85.9 87.8 85.9 86.8 1416 950 5.211
1787280569 85.9 86.8 85.0 85.9 1416 950 5.215
1787280570 86.8 86.8 85.0 86.8 1416 950 5.186
1787280572 85.9 86.8 85.0 85.9 1200 950 5.196
1787280573 85.9 87.8 85.0 86.8 1200 950 5.206
1787280574 85.9 86.8 85.9 85.9 1200 950 5.215
1787280575 85.9 86.8 85.9 85.9 1200 950 5.215
1787280576 86.8 87.8 85.9 86.8 1200 950 5.230
1787280577 85.9 87.8 85.9 85.9 1200 950 5.186
1787280579 85.9 86.8 85.0 85.9 1200 950 5.244
1787280580 86.8 86.8 85.0 85.9 1200 950 5.201
1787280581 86.8 86.8 85.9 85.9 1200 950 5.196
1787280582 85.9 86.8 85.9 85.9 1200 950 5.206
1787280583 85.9 87.8 85.9 86.8 1200 950 5.249
1787280584 85.9 86.8 85.0 85.9 1200 950 5.230
1787280586 85.9 86.8 85.0 85.9 1200 950 5.235
1787280587 86.8 87.8 85.9 86.8 1008 950 5.220
1787280588 85.9 86.8 85.0 85.9 1008 950 5.211
1787280589 85.9 86.8 85.0 85.9 1200 950 5.153
1787280590 85.9 86.8 85.0 85.9 1008 950 5.235
1787280591 86.8 87.8 85.9 86.8 1008 950 5.225
1787280593 85.9 86.8 85.0 85.9 1008 950 5.172
1787280594 85.9 86.8 85.9 85.9 1008 950 5.191
1787280595 85.9 87.8 85.9 86.8 1008 950 5.230
1787280596 85.9 86.8 85.0 85.9 816 950 5.220
1787280597 85.9 86.8 85.9 85.9 816 950 5.182
1787280598 85.9 86.8 85.0 85.9 1008 950 5.157
1787280600 85.9 86.8 85.0 85.9 816 950 5.167
1787280601 85.9 86.8 85.0 85.9 1008 950 5.220
1787280602 85.9 86.8 85.0 85.9 816 950 5.215
1787280603 85.9 86.8 85.0 85.9 1008 950 5.220
1787280604 85.9 86.8 85.0 85.9 1008 950 5.220
1787280605 85.9 86.8 85.0 85.9 816 950 5.196
1787280607 85.9 86.8 85.0 85.9 816 950 5.254
1787280608 85.9 86.8 85.0 85.9 1008 950 5.215
1787280609 85.9 86.8 85.9 85.9 816 950 5.249
1787280610 85.9 85.9 85.0 85.9 816 950 5.206
1787280611 85.9 86.8 85.0 85.9 1008 950 5.215
1787280612 85.9 86.8 85.0 85.9 816 950 5.235
1787280614 85.9 87.8 85.0 85.9 1008 950 5.235
1787280615 85.9 86.8 85.0 85.9 816 950 5.230
1787280616 85.9 86.8 85.0 85.9 816 950 5.249
1787280617 85.9 86.8 85.0 85.9 816 950 5.172
1787280618 85.9 86.8 85.0 85.9 816 950 5.177
1787280619 85.9 86.8 85.0 85.9 816 950 5.230
1787280621 85.9 86.8 85.0 85.9 816 950 5.230
1787280622 84.1 83.2 83.2 83.2 1416 950 5.273
1787280623 85.0 86.8 85.0 85.9 1800 950 5.206
1787280624 85.9 86.8 85.0 85.9 1200 950 5.206
1787280625 86.8 86.8 85.9 85.9 1008 950 5.215
1787280626 85.9 86.8 85.9 85.9 1008 950 5.196
1787280627 86.8 87.8 85.9 86.8 1008 950 5.211
1787280629 86.8 87.8 85.9 85.9 1008 950 5.244
1787280630 85.9 87.8 85.9 85.9 1008 950 5.196
1787280631 85.9 87.8 85.9 86.8 1008 950 5.201
1787280632 85.9 86.8 85.9 85.9 1008 950 5.249
1787280633 86.8 86.8 85.9 86.8 1008 950 5.259
1787280635 85.9 87.8 85.9 86.8 1008 950 5.191
1787280636 85.9 86.8 85.9 85.9 1008 950 5.206
1787280637 85.9 87.8 85.9 85.9 1008 950 5.191
1787280638 86.8 86.8 85.9 85.9 1008 950 5.196
1787280639 86.8 87.8 85.9 86.8 1008 950 5.201
1787280640 85.9 87.8 85.9 85.9 816 950 5.206
1787280642 85.9 86.8 85.0 85.9 816 950 5.191
1787280643 86.8 86.8 85.9 85.9 816 950 5.230
1787280644 85.9 86.8 85.0 85.9 816 950 5.269
1787280645 85.9 86.8 85.0 85.9 816 950 5.201
1787280646 85.9 87.8 85.0 85.9 816 950 5.230
1787280647 85.9 86.8 85.9 85.9 816 950 5.230
1787280649 86.8 86.8 85.9 85.9 816 950 5.225
1787280650 85.9 86.8 85.0 85.9 816 950 5.235
1787280651 85.9 87.8 85.9 85.9 816 950 5.240
1787280652 86.8 86.8 85.0 85.9 816 950 5.244
