epoch soc_c npu_c ddr_c bigcore_c cpu_mhz npu_mhz volt_v
1787278553 56.4 55.5 55.5 56.4 2208 950 5.293
1787278554 58.2 59.2 58.2 60.1 2208 950 5.215
1787278556 61.9 62.8 61.9 62.8 2208 950 5.235
1787278557 62.8 63.8 62.8 63.8 2208 950 5.225
1787278558 63.8 64.7 62.8 65.6 2208 950 5.269
1787278559 64.7 65.6 63.8 65.6 2208 950 5.196
1787278560 65.6 66.5 64.7 67.5 2208 950 5.240
1787278561 65.6 65.6 64.7 66.5 2208 950 5.244
1787278562 66.5 66.5 65.6 66.5 2208 950 5.201
1787278563 66.5 67.5 66.5 68.4 2208 950 5.235
1787278565 66.5 67.5 66.5 67.5 2208 950 5.220
1787278566 67.5 68.4 66.5 68.4 2208 950 5.206
1787278567 67.5 68.4 67.5 68.4 2208 950 5.191
1787278568 68.4 68.4 67.5 69.3 2208 950 5.201
1787278569 68.4 68.4 67.5 69.3 2208 950 5.220
1787278570 69.3 69.3 68.4 70.2 2208 950 5.215
1787278571 69.3 69.3 68.4 69.3 2208 950 5.230
1787278573 69.3 69.3 68.4 70.2 2208 950 5.148
1787278574 70.2 71.2 69.3 71.2 2208 950 5.211
1787278575 71.2 71.2 69.3 71.2 2208 950 5.206
1787278576 70.2 71.2 70.2 72.1 2208 950 5.196
1787278577 70.2 71.2 69.3 71.2 2208 950 5.254
1787278578 71.2 71.2 70.2 73.0 2208 950 5.259
1787278579 71.2 71.2 70.2 72.1 2208 950 5.220
1787278580 72.1 72.1 71.2 73.9 2208 950 5.249
1787278582 71.2 71.2 70.2 72.1 2208 950 5.211
1787278583 71.2 72.1 71.2 73.0 2208 950 5.196
1787278584 72.1 72.1 71.2 73.0 2208 950 5.235
1787278585 72.1 73.0 71.2 73.9 2208 950 5.240
1787278586 72.1 73.0 72.1 73.9 2208 950 5.230
1787278587 73.0 73.0 72.1 73.9 2208 950 5.206
1787278588 73.0 73.0 72.1 73.9 2208 950 5.211
1787278589 73.0 73.9 72.1 73.9 2208 950 5.206
1787278590 72.1 73.0 72.1 73.9 2208 950 5.235
1787278592 73.0 73.9 73.0 74.8 2208 950 5.249
1787278593 73.0 73.9 73.0 74.8 2208 950 5.201
1787278594 73.9 74.8 73.0 75.8 2208 950 5.235
1787278595 73.9 74.8 73.9 75.8 2208 950 5.230
1787278596 74.8 74.8 73.9 75.8 2208 950 5.215
1787278597 74.8 74.8 73.9 75.8 2208 950 5.249
1787278598 74.8 74.8 73.9 75.8 2208 950 5.191
1787278600 74.8 75.8 73.9 76.7 2208 950 5.230
1787278601 75.8 75.8 74.8 76.7 2208 950 5.240
1787278602 74.8 75.8 74.8 76.7 2208 950 5.206
1787278603 76.7 76.7 75.8 77.6 2208 950 5.186
1787278604 75.8 76.7 74.8 76.7 2208 950 5.220
1787278605 75.8 75.8 74.8 76.7 2208 950 5.240
1787278606 75.8 76.7 75.8 77.6 2208 950 5.201
1787278608 75.8 76.7 75.8 77.6 2208 950 5.191
1787278609 76.7 76.7 75.8 77.6 2208 950 5.230
1787278610 75.8 76.7 75.8 77.6 2208 950 5.215
1787278611 76.7 76.7 75.8 78.5 2208 950 5.201
1787278612 76.7 76.7 75.8 76.7 2208 950 5.220
1787278613 76.7 76.7 75.8 78.5 2208 950 5.206
1787278614 76.7 77.6 76.7 78.5 2208 950 5.196
1787278616 74.8 74.8 73.9 76.7 2208 950 5.235
1787278617 75.8 75.8 74.8 76.7 2208 950 5.196
1787278618 77.6 77.6 76.7 78.5 2208 950 5.215
1787278619 77.6 78.5 77.6 78.5 2208 950 5.240
1787278620 77.6 77.6 76.7 78.5 2208 950 5.215
1787278621 77.6 78.5 77.6 79.5 2208 950 5.206
1787278622 78.5 78.5 77.6 79.5 2208 950 5.220
1787278623 78.5 78.5 77.6 79.5 2208 950 5.240
1787278625 77.6 77.6 77.6 78.5 2208 950 5.220
1787278626 78.5 78.5 77.6 79.5 2208 950 5.264
1787278627 77.6 79.5 77.6 79.5 2208 950 5.206
1787278628 78.5 78.5 77.6 79.5 2208 950 5.206
1787278629 78.5 79.5 78.5 80.4 2208 950 5.240
1787278630 78.5 79.5 77.6 80.4 2208 950 5.254
1787278631 79.5 79.5 78.5 80.4 2208 950 5.244
1787278633 79.5 80.4 79.5 81.3 2208 950 5.235
1787278634 79.5 80.4 78.5 80.4 2208 950 5.162
1787278635 79.5 79.5 78.5 80.4 2208 950 5.201
1787278636 79.5 79.5 78.5 80.4 2208 950 5.240
1787278637 80.4 80.4 79.5 81.3 2208 950 5.244
1787278638 80.4 80.4 79.5 81.3 2208 950 5.206
1787278639 80.4 80.4 79.5 81.3 2208 950 5.215
1787278641 80.4 81.3 79.5 82.2 2208 950 5.196
1787278642 80.4 80.4 79.5 81.3 2208 950 5.225
1787278643 79.5 80.4 79.5 81.3 2208 950 5.162
1787278644 79.5 80.4 79.5 81.3 2208 950 5.259
1787278645 80.4 80.4 79.5 82.2 2208 950 5.230
1787278646 81.3 82.2 80.4 82.2 2208 950 5.215
1787278647 80.4 81.3 80.4 81.3 2208 950 5.215
1787278648 80.4 81.3 80.4 82.2 2208 950 5.235
1787278650 81.3 81.3 80.4 82.2 2208 950 5.240
1787278651 82.2 82.2 81.3 83.2 2208 950 5.201
1787278652 81.3 82.2 80.4 83.2 2208 950 5.196
1787278653 81.3 81.3 80.4 82.2 2208 950 5.225
1787278654 81.3 82.2 80.4 84.1 2208 950 5.206
1787278655 81.3 82.2 80.4 83.2 2208 950 5.240
1787278656 82.2 82.2 81.3 83.2 2208 950 5.206
1787278658 81.3 81.3 80.4 82.2 2208 950 5.201
1787278659 81.3 82.2 81.3 83.2 2208 950 5.220
1787278660 82.2 82.2 81.3 83.2 2208 950 5.249
1787278661 82.2 82.2 81.3 83.2 2208 950 5.162
1787278662 82.2 83.2 82.2 83.2 2208 950 5.211
1787278663 82.2 83.2 81.3 83.2 2208 950 5.244
1787278664 83.2 82.2 82.2 83.2 2208 950 5.201
1787278665 82.2 83.2 81.3 83.2 2208 950 5.225
1787278666 82.2 83.2 82.2 84.1 2208 950 5.196
1787278668 83.2 83.2 82.2 84.1 2208 950 5.244
1787278669 83.2 83.2 82.2 84.1 2208 950 5.172
1787278670 83.2 83.2 82.2 84.1 2208 950 5.235
1787278671 83.2 83.2 82.2 85.0 2208 950 5.153
1787278672 83.2 84.1 83.2 84.1 2208 950 5.235
1787278673 83.2 84.1 82.2 85.0 2208 950 5.225
1787278675 83.2 84.1 82.2 85.0 2208 950 5.225
1787278676 84.1 84.1 83.2 85.0 2016 950 5.191
1787278677 81.3 82.2 80.4 82.2 2208 950 5.235
1787278678 82.2 83.2 82.2 84.1 2208 950 5.230
1787278679 83.2 83.2 82.2 84.1 2208 950 5.206
1787278680 83.2 84.1 82.2 84.1 2208 950 5.196
1787278681 84.1 84.1 83.2 85.0 2208 950 5.177
1787278682 83.2 84.1 82.2 84.1 2208 950 5.225
1787278684 84.1 84.1 83.2 85.0 2208 950 5.235
1787278685 84.1 84.1 83.2 85.0 2016 950 5.230
1787278686 83.2 84.1 83.2 85.0 2208 950 5.240
1787278687 84.1 84.1 83.2 85.0 2208 950 5.249
1787278688 84.1 84.1 83.2 85.0 2016 950 5.191
1787278689 84.1 84.1 83.2 85.9 2208 950 5.225
1787278690 84.1 85.0 84.1 85.9 2016 950 5.177
1787278691 84.1 85.0 83.2 85.0 2208 950 5.196
1787278693 84.1 84.1 83.2 85.0 2208 950 5.215
1787278694 84.1 84.1 83.2 85.0 2016 950 5.273
1787278695 84.1 84.1 84.1 85.9 2016 950 5.240
1787278696 83.2 83.2 83.2 84.1 2208 950 5.230
1787278697 84.1 85.0 84.1 85.0 2016 950 5.206
1787278698 84.1 84.1 83.2 85.0 2208 950 5.283
1787278699 84.1 85.0 84.1 85.0 2208 950 5.240
1787278701 84.1 84.1 83.2 85.0 2016 950 5.244
1787278702 84.1 85.0 84.1 85.0 2208 950 5.196
1787278703 84.1 84.1 83.2 85.0 2016 950 5.215
1787278704 84.1 84.1 83.2 85.0 2208 950 5.240
1787278705 84.1 85.0 84.1 85.9 2016 950 5.220
1787278706 84.1 85.0 84.1 85.9 2016 950 5.235
1787278707 84.1 85.0 84.1 85.0 2016 950 5.240
1787278708 84.1 85.0 84.1 85.9 2016 950 5.206
1787278710 84.1 85.0 84.1 85.0 2016 950 5.240
1787278711 84.1 85.0 84.1 85.0 2016 950 5.211
1787278712 84.1 85.0 84.1 85.0 2016 950 5.215
1787278713 85.0 85.0 84.1 85.9 2016 950 5.244
1787278714 85.0 85.9 84.1 85.9 2016 950 5.215
1787278715 84.1 85.0 84.1 85.9 1800 950 5.249
1787278716 84.1 85.0 84.1 85.0 1800 950 5.249
1787278718 84.1 85.0 84.1 85.0 2016 950 5.157
1787278719 85.0 85.9 84.1 85.9 2016 950 5.220
1787278720 84.1 85.0 84.1 85.0 2016 950 5.269
1787278721 84.1 85.0 84.1 85.0 2016 950 5.191
1787278722 84.1 85.0 84.1 85.9 2016 950 5.225
1787278723 85.0 85.9 84.1 85.9 2016 950 5.244
1787278724 85.0 85.0 84.1 85.9 2016 950 5.235
1787278726 84.1 85.9 84.1 85.9 1800 950 5.191
1787278727 84.1 85.0 83.2 85.0 1800 950 5.215
1787278728 85.0 85.9 84.1 85.0 1800 950 5.206
1787278729 85.0 85.9 84.1 85.9 1800 950 5.269
1787278730 85.0 85.0 84.1 85.9 1800 950 5.215
1787278731 84.1 85.0 84.1 85.0 1800 950 5.249
1787278732 84.1 85.0 84.1 85.9 1800 950 5.196
1787278734 84.1 85.0 84.1 85.0 2016 950 5.244
1787278735 85.0 85.9 84.1 85.9 1800 950 5.220
1787278736 85.0 85.9 84.1 85.0 1800 950 5.191
1787278737 85.0 85.9 84.1 85.9 1800 950 5.293
1787278738 83.2 83.2 82.2 83.2 2208 950 5.249
1787278739 84.1 85.0 84.1 85.9 2016 950 5.201
1787278740 84.1 85.0 84.1 85.0 2016 950 5.201
1787278741 85.9 85.9 85.0 85.9 1800 950 5.220
1787278742 85.0 85.9 84.1 85.9 1800 950 5.196
1787278744 84.1 85.0 84.1 85.0 2016 950 5.273
1787278745 84.1 85.0 84.1 85.0 1800 950 5.201
1787278746 84.1 85.0 84.1 85.0 1800 950 5.259
1787278747 84.1 85.0 84.1 85.0 1800 950 5.240
1787278748 85.0 85.9 84.1 85.9 1800 950 5.220
1787278749 85.0 85.0 84.1 85.9 1800 950 5.244
1787278750 85.0 85.9 85.0 85.9 1800 950 5.201
1787278751 84.1 84.1 83.2 84.1 2208 950 5.220
1787278753 85.0 85.9 84.1 85.9 1800 950 5.307
1787278754 85.0 85.9 84.1 85.9 1800 950 5.196
1787278755 84.1 85.0 84.1 85.9 1800 950 5.191
1787278756 85.0 85.9 84.1 85.9 1800 950 5.215
1787278757 85.0 85.9 84.1 85.0 1800 950 5.201
1787278758 85.0 85.9 84.1 85.9 1800 950 5.220
1787278759 85.0 85.9 85.0 85.9 1800 950 5.215
1787278760 84.1 85.0 84.1 85.0 2016 950 5.215
1787278762 84.1 85.0 84.1 85.0 1800 950 5.235
1787278763 84.1 85.9 84.1 85.0 1800 950 5.211
1787278764 85.0 85.9 84.1 85.0 1800 950 5.153
1787278765 85.0 85.9 84.1 85.9 1800 950 5.182
1787278766 85.0 85.9 84.1 85.9 1800 950 5.211
1787278767 85.0 85.9 84.1 85.9 1800 950 5.206
1787278769 85.0 85.9 85.0 85.9 1800 950 5.254
1787278770 85.0 85.9 84.1 85.9 1800 950 5.230
1787278771 85.9 85.9 85.0 85.9 1800 950 5.240
1787278772 85.0 85.9 84.1 85.9 1800 950 5.220
1787278773 85.0 85.9 84.1 85.9 1800 950 5.235
1787278774 85.0 85.9 85.0 85.9 1800 950 5.269
1787278775 85.0 85.0 84.1 85.9 1800 950 5.211
1787278777 85.0 85.9 84.1 85.9 1800 950 5.196
1787278778 85.9 85.9 85.0 85.9 1800 950 5.186
1787278779 85.0 85.9 85.0 85.9 1800 950 5.230
1787278780 85.9 85.9 85.0 85.9 1800 950 5.230
1787278781 85.0 85.9 84.1 85.9 1800 950 5.215
1787278782 85.0 85.9 84.1 85.9 1608 950 5.215
1787278784 84.1 85.0 84.1 85.0 1800 950 5.211
1787278785 85.0 85.9 85.0 85.9 1800 950 5.230
1787278786 85.9 85.9 84.1 85.9 1800 950 5.191
1787278787 85.9 85.9 84.1 85.0 1800 950 5.220
1787278788 85.0 85.0 84.1 85.0 1800 950 5.220
1787278789 85.0 85.9 84.1 85.9 1800 950 5.254
1787278790 85.0 85.0 84.1 85.0 2016 950 5.191
1787278791 85.9 85.9 85.0 85.9 1800 950 5.235
1787278793 85.0 85.9 84.1 85.9 1800 950 5.259
1787278794 84.1 85.0 84.1 85.0 1800 950 5.235
1787278795 85.9 86.8 85.0 85.9 1608 950 5.206
1787278796 85.0 85.9 85.0 85.9 1608 950 5.240
1787278797 85.0 85.9 84.1 85.9 1608 950 5.206
1787278798 83.2 82.2 82.2 83.2 2208 950 5.283
1787278799 84.1 84.1 83.2 85.0 2208 950 5.177
1787278800 85.9 85.9 85.0 85.9 1800 950 5.215
1787278802 85.9 85.9 85.0 85.9 1800 950 5.211
1787278803 85.9 86.8 85.0 85.9 1800 950 5.225
1787278804 85.0 85.9 84.1 85.0 1800 950 5.215
1787278805 85.9 85.9 85.0 85.9 1800 950 5.191
1787278806 85.0 85.9 84.1 85.9 1800 950 5.196
1787278807 85.9 85.9 85.0 85.9 1608 950 5.215
1787278808 85.0 85.9 84.1 85.9 1608 950 5.254
1787278810 85.0 85.9 85.0 85.9 1608 950 5.177
1787278811 85.0 85.9 84.1 85.9 1608 950 5.201
1787278812 85.0 85.9 84.1 85.9 1608 950 5.249
1787278813 85.0 85.9 85.0 85.9 1800 950 5.220
1787278814 85.0 85.9 84.1 85.0 1800 950 5.230
1787278815 85.0 85.9 85.0 85.9 1608 950 5.201
1787278816 85.0 85.9 84.1 85.9 1608 950 5.225
1787278818 85.0 85.9 84.1 85.0 1608 950 5.225
1787278819 85.0 85.9 85.0 85.9 1800 950 5.240
1787278820 85.9 86.8 85.0 85.9 1800 950 5.230
1787278821 85.0 85.0 84.1 85.0 2016 950 5.259
1787278822 85.0 85.9 85.0 85.9 1800 950 5.186
1787278823 85.0 85.9 84.1 85.0 1800 950 5.215
1787278824 85.9 85.9 85.0 85.9 1800 950 5.235
1787278826 85.9 85.9 85.0 85.9 1800 950 5.196
1787278827 85.0 85.9 84.1 85.9 1800 950 5.225
1787278828 85.9 85.9 85.0 85.9 1800 950 5.244
1787278829 85.9 85.9 84.1 85.9 1608 950 5.264
1787278830 85.0 85.9 84.1 85.9 1800 950 5.240
1787278831 85.0 85.9 84.1 85.0 1800 950 5.206
1787278832 85.0 85.9 84.1 85.9 1800 950 5.167
1787278833 85.0 85.9 84.1 85.9 1800 950 5.220
1787278835 85.0 85.9 85.0 85.0 1608 950 5.191
1787278836 85.0 85.9 84.1 85.9 1608 950 5.244
1787278837 85.9 86.8 85.0 85.9 1608 950 5.220
1787278838 85.0 85.9 84.1 85.9 1608 950 5.215
1787278839 85.0 85.9 84.1 85.9 1608 950 5.235
1787278840 85.0 85.9 85.0 85.9 1608 950 5.220
1787278841 85.0 85.9 85.0 85.9 1608 950 5.186
1787278842 85.0 85.9 85.0 85.0 1608 950 5.220
1787278844 85.9 85.9 85.0 85.9 1608 950 5.254
1787278845 85.9 85.9 85.0 85.9 1608 950 5.201
1787278846 85.0 85.0 84.1 85.0 1608 950 5.201
1787278847 85.0 85.9 84.1 85.0 1608 950 5.215
1787278848 85.0 85.9 84.1 85.9 1608 950 5.249
1787278849 85.0 85.9 85.0 85.9 1608 950 5.235
1787278850 85.0 85.9 84.1 85.9 1608 950 5.244
1787278852 85.0 85.9 85.0 85.9 1608 950 5.240
1787278853 85.9 85.9 85.0 85.9 1608 950 5.167
1787278854 85.0 85.9 84.1 85.9 1608 950 5.215
1787278855 85.9 85.9 85.0 85.9 1608 950 5.230
1787278856 85.0 85.9 84.1 85.9 1608 950 5.215
1787278857 85.9 85.9 85.0 85.9 1608 950 5.220
1787278859 85.0 85.9 85.0 85.9 1608 950 5.211
1787278860 81.3 80.4 80.4 80.4 2208 950 5.215
1787278861 78.5 78.5 78.5 78.5 2208 950 5.225
1787278862 83.2 83.2 82.2 84.1 2208 950 5.225
1787278863 85.0 85.9 84.1 85.9 2016 950 5.172
1787278864 84.1 85.0 84.1 85.9 2016 950 5.220
1787278865 85.9 85.9 85.0 85.9 1800 950 5.186
1787278866 85.0 85.9 85.0 85.9 1800 950 5.215
1787278867 85.9 86.8 85.0 85.9 1800 950 5.230
1787278869 85.9 86.8 85.0 85.9 1800 950 5.196
1787278870 85.9 86.8 85.0 85.9 1800 950 5.206
1787278871 85.0 85.9 84.1 85.0 1800 950 5.215
1787278872 85.0 85.9 85.0 85.9 1608 950 5.211
1787278873 85.0 85.9 84.1 85.9 1608 950 5.230
1787278874 85.0 85.0 84.1 85.0 1608 950 5.215
1787278875 85.0 85.9 84.1 85.9 1800 950 5.225
1787278877 85.9 86.8 85.0 85.9 1608 950 5.177
1787278878 85.0 85.9 84.1 85.9 1608 950 5.254
1787278879 85.0 85.9 84.1 85.0 1800 950 5.220
1787278880 85.0 85.9 85.0 85.0 1608 950 5.244
1787278881 85.9 86.8 85.0 85.9 1608 950 5.162
1787278882 85.0 85.9 85.0 85.9 1608 950 5.206
1787278883 85.9 85.9 85.0 85.9 1608 950 5.206
1787278884 85.0 85.9 85.0 85.9 1608 950 5.225
1787278886 85.0 85.9 84.1 85.9 1608 950 5.220
1787278887 85.0 85.9 84.1 85.0 1608 950 5.230
1787278888 85.0 85.9 84.1 85.9 1608 950 5.211
1787278889 85.0 85.9 84.1 85.0 1608 950 5.244
1787278890 85.0 85.9 85.0 85.0 1800 950 5.196
1787278891 85.0 85.0 84.1 85.0 1800 950 5.196
1787278892 85.0 85.9 84.1 85.9 1800 950 5.244
1787278893 85.9 86.8 85.0 85.9 1800 950 5.225
1787278895 85.0 85.9 85.0 85.9 1800 950 5.225
1787278896 85.9 85.9 85.0 85.9 1800 950 5.206
1787278897 85.9 85.9 85.0 85.9 1800 950 5.235
1787278898 85.0 85.9 85.0 85.9 1800 950 5.191
1787278899 85.9 86.8 85.0 85.9 1800 950 5.235
1787278900 85.9 85.9 85.0 85.9 1608 950 5.215
1787278901 85.9 85.9 85.0 85.9 1608 950 5.206
1787278903 85.0 85.0 84.1 85.0 1800 950 5.220
1787278904 85.0 85.9 84.1 85.9 1608 950 5.191
1787278905 85.0 85.9 85.0 85.9 1608 950 5.235
1787278906 85.0 85.9 85.0 85.0 1608 950 5.235
1787278907 85.0 85.9 85.0 85.9 1608 950 5.191
1787278908 85.0 85.9 84.1 85.9 1608 950 5.240
1787278909 85.0 85.9 84.1 85.9 1800 950 5.225
1787278910 85.0 85.9 84.1 85.0 1800 950 5.240
1787278912 85.0 85.9 85.0 85.9 1800 950 5.191
1787278913 85.9 85.9 84.1 85.9 1800 950 5.191
1787278914 85.0 85.9 84.1 85.9 1800 950 5.230
1787278915 85.0 85.9 85.0 85.9 1800 950 5.225
1787278916 85.0 85.9 84.1 85.9 1800 950 5.240
1787278917 85.0 85.0 84.1 85.9 1800 950 5.254
1787278918 85.0 85.9 84.1 85.9 1800 950 5.191
1787278919 85.0 85.9 85.0 85.0 1800 950 5.186
1787278921 85.0 85.9 84.1 85.0 1800 950 5.186
1787278922 85.9 85.9 84.1 85.0 2016 950 5.249
1787278923 84.1 84.1 84.1 85.9 2016 950 5.191
1787278924 85.9 85.9 84.1 85.9 1800 950 5.220
1787278925 85.9 85.9 85.0 85.9 1800 950 5.167
1787278926 85.0 85.9 84.1 85.9 1800 950 5.186
1787278927 85.9 85.9 85.0 85.9 1800 950 5.215
1787278928 85.0 85.9 84.1 85.0 1800 950 5.235
1787278929 85.0 85.9 85.0 85.9 1800 950 5.211
1787278931 85.0 85.9 85.0 85.9 1800 950 5.211
1787278932 85.9 86.8 85.0 85.9 1608 950 5.177
1787278933 85.0 85.9 84.1 85.0 1608 950 5.230
1787278934 84.1 85.0 84.1 84.1 2016 950 5.220
1787278935 85.9 85.9 85.0 85.9 1800 950 5.211
1787278936 85.0 85.9 84.1 85.9 1800 950 5.201
1787278937 85.0 85.9 84.1 85.9 1800 950 5.230
1787278938 85.9 85.9 85.0 85.9 1800 950 5.259
1787278940 85.9 85.9 85.0 85.9 1800 950 5.264
1787278941 85.9 85.9 85.0 85.9 1800 950 5.220
1787278942 85.9 85.9 84.1 85.9 1800 950 5.186
1787278943 85.0 86.8 85.0 85.9 1800 950 5.235
1787278944 85.0 85.9 84.1 85.9 1800 950 5.206
1787278945 85.0 85.9 85.0 85.9 1800 950 5.220
1787278946 85.0 85.9 84.1 85.9 1800 950 5.162
1787278947 85.0 85.9 84.1 85.0 1800 950 5.211
1787278949 85.9 85.9 85.0 85.9 1800 950 5.211
1787278950 85.0 85.9 84.1 85.9 1800 950 5.206
1787278951 85.9 85.9 85.0 85.9 1800 950 5.220
1787278952 85.9 85.9 85.0 85.9 1800 950 5.215
1787278953 85.0 85.9 84.1 85.0 1800 950 5.206
1787278954 85.0 85.9 85.0 85.9 1800 950 5.230
1787278955 85.0 85.9 85.0 85.9 1800 950 5.211
1787278956 85.0 85.9 85.0 85.9 1800 950 5.249
1787278957 85.0 85.9 85.0 85.9 1800 950 5.220
1787278959 85.9 85.9 85.0 85.9 1608 950 5.196
1787278960 85.0 85.9 85.0 85.9 1608 950 5.211
1787278961 85.0 85.9 85.0 85.0 1608 950 5.225
1787278962 85.0 85.0 84.1 85.9 1800 950 5.215
1787278963 85.0 85.9 85.0 85.9 1800 950 5.206
1787278964 85.9 85.9 85.0 85.9 1800 950 5.240
1787278965 85.9 85.9 84.1 85.9 1800 950 5.196
1787278966 85.0 85.9 84.1 85.0 1800 950 5.220
1787278967 85.9 85.9 84.1 85.0 1608 950 5.225
1787278969 85.9 85.9 84.1 85.9 1800 950 5.244
1787278970 85.0 85.9 84.1 85.9 1800 950 5.215
1787278971 85.0 85.9 85.0 85.9 1608 950 5.211
1787278972 85.0 86.8 85.0 85.9 1608 950 5.235
1787278973 85.0 85.9 85.0 85.0 1608 950 5.220
1787278974 85.0 85.9 84.1 85.9 1608 950 5.201
1787278975 85.0 85.9 84.1 85.9 1608 950 5.211
1787278976 85.0 85.0 84.1 85.0 1608 950 5.259
1787278978 85.0 85.9 84.1 85.9 1608 950 5.230
1787278979 85.0 85.9 84.1 85.9 1608 950 5.278
1787278980 85.0 85.9 85.0 85.9 1608 950 5.215
1787278981 85.0 85.9 84.1 85.0 1800 950 5.186
1787278982 85.0 85.9 85.0 85.9 1800 950 5.215
1787278983 81.3 81.3 80.4 82.2 2208 950 5.298
1787278984 85.0 85.9 84.1 85.9 2016 950 5.215
1787278985 85.0 85.9 85.0 85.9 1800 950 5.235
1787278987 85.9 86.8 85.0 85.9 1608 950 5.196
1787278988 85.9 85.9 85.0 85.9 1608 950 5.206
1787278989 85.9 85.9 85.0 85.9 1608 950 5.225
1787278990 85.9 85.9 85.0 85.9 1608 950 5.196
1787278991 85.0 85.9 85.0 85.9 1608 950 5.211
1787278992 85.0 85.9 84.1 85.9 1608 950 5.172
1787278993 85.0 85.9 84.1 85.9 1608 950 5.240
1787278994 85.0 85.0 84.1 85.0 1608 950 5.273
1787278996 85.0 85.9 84.1 85.9 1800 950 5.182
1787278997 85.0 85.9 85.0 85.0 1800 950 5.201
1787278998 85.0 85.9 84.1 85.9 1800 950 5.225
1787278999 85.0 85.9 85.0 85.9 1800 950 5.230
1787279000 85.0 85.9 85.0 85.9 1800 950 5.206
1787279001 85.9 85.9 84.1 85.9 1800 950 5.211
1787279002 85.9 85.9 84.1 85.9 1800 950 5.264
1787279003 85.0 85.9 85.0 85.9 1800 950 5.191
1787279004 85.0 85.0 84.1 85.0 1800 950 5.215
1787279006 85.9 85.9 84.1 85.9 1800 950 5.264
1787279007 85.0 85.9 85.0 85.9 1800 950 5.235
1787279008 85.0 85.9 85.0 85.9 1800 950 5.225
1787279009 85.0 85.9 85.0 85.9 1800 950 5.191
1787279010 85.9 85.9 85.0 85.9 1800 950 5.182
1787279011 85.9 85.9 85.0 85.9 1800 950 5.215
1787279012 85.0 85.9 84.1 85.0 1800 950 5.215
1787279013 85.0 85.9 85.0 85.9 1800 950 5.211
1787279014 85.0 85.9 84.1 85.0 1800 950 5.182
1787279016 85.0 85.9 85.0 85.9 1800 950 5.211
1787279017 85.0 85.9 84.1 85.9 1800 950 5.240
1787279018 85.0 85.9 84.1 85.9 1800 950 5.186
1787279019 85.0 85.9 85.0 85.9 1800 950 5.230
1787279020 85.0 85.9 85.0 85.9 1800 950 5.220
1787279021 85.9 85.9 84.1 85.0 2016 950 5.191
1787279022 85.9 85.9 85.0 85.9 1800 950 5.182
1787279023 85.9 85.9 85.0 85.9 1800 950 5.206
1787279024 85.9 85.9 85.0 85.9 1800 950 5.211
1787279026 85.0 85.9 85.0 85.9 1800 950 5.182
1787279027 85.9 85.9 85.0 85.9 1800 950 5.230
1787279028 85.0 85.9 84.1 85.9 1608 950 5.259
1787279029 85.9 85.9 85.0 85.9 1608 950 5.230
1787279030 85.0 85.9 84.1 85.9 1800 950 5.240
1787279031 85.9 85.9 85.0 85.9 1800 950 5.206
1787279032 85.0 85.9 84.1 85.9 1800 950 5.196
1787279033 85.0 85.9 85.0 85.9 1800 950 5.240
1787279034 85.0 86.8 85.0 85.9 1800 950 5.177
1787279036 85.0 85.9 85.0 85.9 1800 950 5.240
1787279037 85.0 85.9 84.1 85.9 1800 950 5.196
1787279038 85.0 85.9 85.0 85.9 1800 950 5.215
1787279039 85.0 85.9 85.0 85.9 1800 950 5.211
1787279040 85.0 85.9 84.1 85.0 1800 950 5.215
1787279041 85.0 85.0 84.1 85.9 1800 950 5.259
1787279042 85.0 85.9 84.1 85.0 1800 950 5.182
1787279043 85.9 85.9 85.0 85.9 1800 950 5.244
1787279045 82.2 83.2 82.2 85.0 2208 950 5.215
1787279046 85.9 85.9 85.0 85.9 1800 950 5.167
1787279047 85.9 85.9 85.0 85.9 1800 950 5.249
1787279048 85.9 85.9 85.0 85.9 1800 950 5.240
1787279049 85.0 85.9 85.0 85.9 1800 950 5.254
1787279050 85.0 85.9 84.1 85.9 1800 950 5.186
1787279051 85.0 85.9 84.1 85.9 1800 950 5.211
1787279052 85.9 85.9 85.0 85.9 1800 950 5.225
1787279054 85.0 85.9 84.1 85.9 1800 950 5.264
1787279055 85.0 85.9 85.0 85.0 1800 950 5.220
1787279056 85.0 85.9 84.1 85.0 1800 950 5.235
1787279057 85.0 85.9 85.0 85.9 1800 950 5.220
1787279058 85.9 85.9 85.0 85.9 1800 950 5.225
1787279059 85.0 85.9 85.0 85.0 1800 950 5.206
1787279060 85.0 85.9 85.0 85.0 1800 950 5.235
1787279061 85.0 85.9 85.0 85.9 1800 950 5.244
1787279062 85.0 85.9 84.1 85.0 1800 950 5.211
1787279063 85.0 85.9 85.0 85.9 1800 950 5.235
1787279065 85.9 86.8 85.9 86.8 1608 950 5.220
1787279066 85.0 85.9 84.1 85.0 1608 950 5.225
1787279067 85.0 85.9 84.1 85.0 1608 950 5.215
1787279068 85.0 85.9 85.0 85.9 1608 950 5.220
1787279069 85.0 85.9 85.0 85.9 1800 950 5.215
1787279070 85.0 85.9 84.1 85.9 1800 950 5.177
1787279071 85.9 85.9 84.1 85.9 1800 950 5.235
1787279072 85.0 85.9 85.0 85.9 1800 950 5.230
1787279074 85.0 85.9 84.1 85.9 1800 950 5.244
1787279075 85.9 85.9 85.0 85.9 1800 950 5.215
1787279076 85.0 85.9 84.1 85.9 1800 950 5.230
1787279077 85.0 85.9 85.0 85.9 1800 950 5.201
1787279078 85.0 85.9 85.0 85.9 1800 950 5.225
1787279079 85.0 85.9 85.0 85.9 1800 950 5.182
1787279080 85.0 85.9 85.0 85.9 1800 950 5.206
1787279081 85.0 85.9 84.1 85.9 1800 950 5.273
1787279082 85.9 85.9 85.0 85.9 1800 950 5.196
1787279084 85.9 85.9 85.0 85.9 1800 950 5.235
1787279085 85.9 85.9 85.0 85.9 1800 950 5.220
1787279086 85.0 85.9 84.1 85.9 1800 950 5.206
1787279087 85.0 85.9 85.0 85.9 1800 950 5.249
1787279088 85.0 85.9 85.0 85.0 1800 950 5.215
1787279089 85.9 86.8 85.0 85.9 1800 950 5.269
1787279090 85.0 85.0 84.1 85.0 1800 950 5.172
1787279091 85.9 85.9 85.0 85.9 1800 950 5.206
1787279092 85.0 85.0 84.1 85.9 1800 950 5.230
1787279094 85.0 85.9 85.0 85.9 1800 950 5.240
1787279095 85.0 85.9 84.1 85.9 1800 950 5.269
1787279096 85.9 85.9 85.0 85.9 1800 950 5.177
1787279097 85.9 85.9 85.0 85.9 1800 950 5.211
1787279098 85.0 85.9 85.0 85.9 1800 950 5.230
1787279099 85.9 85.9 85.0 85.9 1800 950 5.235
1787279100 85.9 85.9 85.0 85.9 1800 950 5.191
1787279101 85.0 85.9 85.0 85.9 1800 950 5.215
1787279102 85.9 85.9 85.0 85.9 1800 950 5.186
1787279104 85.9 85.9 85.0 85.9 1800 950 5.235
1787279105 85.0 86.8 85.0 85.0 1800 950 5.201
1787279106 84.1 84.1 83.2 85.0 2016 950 5.288
1787279107 85.9 85.9 85.0 85.9 1608 950 5.211
1787279108 85.9 85.9 85.0 85.9 1608 950 5.235
1787279109 85.0 85.9 84.1 85.9 1608 950 5.249
1787279110 85.0 85.9 84.1 85.9 1608 950 5.249
1787279111 85.0 85.9 85.0 85.9 1608 950 5.220
1787279113 85.0 85.0 84.1 85.0 1800 950 5.244
1787279114 85.0 85.9 84.1 85.9 1608 950 5.264
1787279115 85.9 85.9 85.0 85.9 1608 950 5.230
1787279116 85.0 85.9 84.1 85.9 1608 950 5.230
1787279117 85.9 85.9 85.0 85.9 1800 950 5.225
1787279118 85.0 85.9 85.0 85.0 1800 950 5.182
1787279119 85.9 85.9 85.0 85.9 1800 950 5.235
1787279120 85.0 85.9 84.1 85.0 1800 950 5.269
1787279121 85.0 85.9 84.1 85.9 1800 950 5.254
1787279123 85.0 85.9 85.0 85.9 1800 950 5.259
1787279124 85.0 85.9 84.1 85.9 1800 950 5.220
1787279125 85.0 86.8 85.0 85.9 1800 950 5.211
1787279126 85.9 85.9 85.0 85.9 1800 950 5.215
1787279127 85.9 85.9 85.0 85.9 1800 950 5.240
1787279128 85.0 85.9 85.0 85.9 1800 950 5.264
1787279129 85.9 85.9 85.0 85.9 1800 950 5.225
1787279130 85.9 85.9 85.0 85.9 1800 950 5.215
1787279131 85.9 85.9 85.0 85.9 1800 950 5.240
1787279133 85.0 85.0 84.1 85.0 1800 950 5.235
1787279134 85.9 85.9 85.0 85.9 1800 950 5.215
1787279135 85.0 85.9 85.0 85.0 1608 950 5.215
1787279136 85.9 85.9 85.0 85.9 1608 950 5.230
1787279137 85.0 85.0 84.1 85.0 1608 950 5.172
1787279138 85.0 85.9 85.0 85.9 1608 950 5.249
1787279139 85.0 85.9 84.1 85.9 1608 950 5.191
1787279140 85.0 85.9 85.0 85.0 1608 950 5.206
1787279142 85.0 85.9 85.0 85.9 1608 950 5.215
1787279143 85.9 85.9 84.1 85.9 1608 950 5.225
1787279144 85.0 85.9 84.1 85.0 1608 950 5.206
1787279145 85.0 85.9 84.1 85.9 1608 950 5.215
1787279146 85.0 85.9 84.1 85.0 1608 950 5.230
1787279147 85.0 85.9 85.0 85.9 1608 950 5.244
1787279148 85.0 85.9 84.1 85.9 1608 950 5.215
1787279149 85.9 86.8 85.0 85.9 1608 950 5.196
1787279150 85.0 85.9 85.0 85.9 1608 950 5.206
1787279152 85.9 86.8 85.0 85.9 1608 950 5.220
1787279153 85.9 86.8 85.0 85.9 1608 950 5.196
1787279154 85.9 86.8 85.0 85.9 1608 950 5.206
1787279155 85.0 85.9 84.1 85.0 1608 950 5.215
1787279156 85.9 85.9 85.0 85.0 1608 950 5.225
1787279157 85.0 86.8 85.0 85.9 1608 950 5.225
1787279158 85.0 85.9 84.1 85.9 1800 950 5.225
1787279159 85.0 85.9 84.1 85.0 1608 950 5.225
1787279161 85.0 86.8 85.0 85.9 1608 950 5.259
1787279162 85.0 85.9 85.0 85.9 1608 950 5.225
1787279163 85.9 85.9 85.0 85.0 1608 950 5.249
1787279164 85.0 85.9 85.0 85.0 1608 950 5.206
1787279165 85.0 85.9 84.1 85.9 1800 950 5.220
1787279166 85.9 86.8 85.0 85.9 1800 950 5.230
1787279167 80.4 80.4 80.4 81.3 2208 950 5.264
1787279168 81.3 82.2 81.3 83.2 2208 950 5.220
1787279169 85.0 85.0 84.1 85.0 2016 950 5.225
1787279170 85.0 85.9 85.0 85.9 1800 950 5.215
1787279172 85.9 85.9 85.0 86.8 1608 950 5.196
1787279173 85.9 86.8 85.0 85.9 1608 950 5.206
1787279174 85.9 86.8 85.0 85.9 1608 950 5.230
1787279175 85.9 86.8 85.0 85.9 1608 950 5.264
1787279176 85.0 85.9 85.0 85.9 1608 950 5.182
1787279177 85.9 85.9 85.0 85.9 1608 950 5.215
1787279178 85.9 85.9 85.0 85.9 1608 950 5.211
1787279180 85.9 85.9 85.0 85.9 1608 950 5.191
1787279181 85.0 85.0 84.1 85.9 1608 950 5.249
1787279182 85.0 85.0 84.1 85.0 1800 950 5.240
1787279183 85.0 85.9 85.0 85.9 1608 950 5.211
1787279184 85.0 85.9 84.1 85.9 1608 950 5.220
1787279185 85.0 85.9 85.0 85.9 1608 950 5.240
1787279186 85.0 85.9 84.1 85.0 1800 950 5.235
1787279187 85.0 85.9 85.0 85.9 1608 950 5.220
1787279189 85.9 85.9 85.0 85.0 1800 950 5.201
1787279190 85.0 85.9 85.0 85.9 1608 950 5.215
1787279191 85.0 85.9 84.1 85.0 1800 950 5.182
1787279192 85.0 85.9 84.1 85.0 1608 950 5.225
1787279193 85.0 85.9 84.1 85.0 1608 950 5.249
1787279194 85.0 85.9 85.0 85.9 1608 950 5.191
1787279195 85.0 85.9 85.0 85.9 1608 950 5.177
1787279196 85.0 85.9 85.0 85.9 1608 950 5.225
1787279198 85.0 85.9 85.0 85.0 1608 950 5.215
1787279199 85.0 85.9 84.1 85.9 1800 950 5.235
1787279200 85.0 85.9 84.1 85.0 1800 950 5.225
1787279201 85.0 85.0 84.1 85.0 1608 950 5.191
1787279202 85.0 86.8 85.0 85.9 1608 950 5.235
1787279203 85.0 85.9 85.0 85.9 1608 950 5.235
1787279204 85.0 85.9 85.0 85.0 1608 950 5.244
1787279205 85.9 85.9 84.1 85.9 1608 950 5.220
1787279206 85.0 85.9 85.0 85.9 1800 950 5.157
1787279208 85.0 85.9 84.1 85.0 1608 950 5.225
1787279209 85.0 85.9 85.0 85.9 1608 950 5.201
1787279210 85.0 85.9 85.0 85.9 1608 950 5.215
1787279211 85.0 85.9 84.1 85.9 1800 950 5.235
1787279212 85.0 85.9 85.0 85.9 1800 950 5.215
1787279213 85.9 85.9 85.0 85.9 1800 950 5.211
1787279214 85.0 85.9 85.0 85.9 1800 950 5.215
1787279215 85.0 85.9 85.0 85.9 1800 950 5.196
1787279217 85.9 85.9 85.0 85.9 1800 950 5.215
1787279218 85.9 86.8 85.0 85.9 1800 950 5.230
1787279219 85.9 86.8 85.0 85.9 1608 950 5.215
1787279220 85.9 86.8 85.0 85.9 1608 950 5.196
1787279221 85.0 85.9 85.0 85.9 1800 950 5.240
1787279222 85.9 86.8 85.0 85.9 1608 950 5.254
1787279223 85.0 85.9 85.0 85.9 1608 950 5.259
1787279224 85.0 85.9 84.1 85.0 1608 950 5.230
1787279225 85.0 85.9 85.0 85.0 1608 950 5.230
1787279227 85.9 85.9 85.0 85.9 1608 950 5.215
1787279228 85.0 85.9 85.0 85.0 1800 950 5.220
1787279229 83.2 83.2 82.2 83.2 2016 950 5.235
1787279230 84.1 84.1 83.2 85.0 2016 950 5.244
1787279231 85.9 85.9 85.0 85.9 1800 950 5.215
1787279232 85.9 85.9 85.0 85.9 1608 950 5.215
1787279233 85.0 85.9 84.1 85.0 1608 950 5.182
1787279235 85.0 85.9 85.0 85.9 1608 950 5.220
1787279236 85.0 85.9 85.0 85.9 1608 950 5.177
1787279237 85.0 85.9 85.0 85.9 1608 950 5.215
1787279238 85.9 85.9 85.0 85.9 1608 950 5.240
1787279239 85.0 85.9 85.0 85.9 1800 950 5.225
1787279240 85.0 85.9 85.0 85.0 1608 950 5.186
1787279241 85.0 85.9 85.0 85.9 1608 950 5.220
1787279242 85.9 85.9 85.0 85.9 1608 950 5.225
1787279244 85.0 85.9 84.1 85.9 1608 950 5.254
1787279245 85.0 85.9 84.1 85.9 1608 950 5.240
1787279246 85.9 86.8 85.0 85.9 1608 950 5.206
1787279247 85.0 85.9 85.0 85.9 1800 950 5.220
1787279248 85.0 85.9 85.0 85.9 1800 950 5.220
1787279249 85.9 86.8 85.0 85.9 1800 950 5.191
1787279250 85.0 85.9 85.0 85.0 1800 950 5.177
1787279251 85.0 85.9 84.1 85.0 1800 950 5.230
1787279252 85.9 85.9 85.0 85.9 1800 950 5.220
1787279254 85.0 85.9 85.0 85.9 1800 950 5.269
1787279255 85.9 85.9 85.0 85.9 1800 950 5.196
1787279256 85.9 85.9 85.0 85.9 1800 950 5.220
1787279257 85.9 86.8 85.0 85.9 1800 950 5.273
1787279258 85.9 85.9 85.0 85.9 1800 950 5.196
1787279259 85.9 86.8 85.0 85.9 1800 950 5.244
1787279260 85.9 85.9 85.0 85.9 1608 950 5.191
1787279261 85.0 85.9 85.0 85.9 1608 950 5.240
1787279263 85.0 86.8 85.0 85.9 1608 950 5.196
1787279264 85.0 85.9 85.0 85.0 1608 950 5.201
1787279265 85.0 85.9 84.1 85.9 1608 950 5.201
1787279266 85.9 85.9 85.0 85.9 1608 950 5.230
1787279267 85.0 85.9 85.0 85.9 1608 950 5.196
1787279268 85.9 85.9 85.0 85.9 1608 950 5.225
1787279269 85.9 85.9 85.0 85.9 1608 950 5.235
1787279270 85.0 85.9 85.0 85.9 1608 950 5.235
1787279272 85.9 85.9 85.0 85.0 1608 950 5.235
1787279273 85.0 85.9 85.0 85.9 1608 950 5.220
1787279274 85.0 85.0 84.1 85.9 1608 950 5.244
1787279275 85.9 86.8 85.0 85.9 1608 950 5.206
1787279276 85.9 85.9 85.0 85.0 1608 950 5.211
1787279277 85.9 85.9 85.0 85.0 1608 950 5.220
1787279278 85.0 85.9 85.0 85.9 1608 950 5.201
1787279279 85.0 86.8 85.0 85.9 1608 950 5.225
1787279281 85.0 85.9 85.0 85.9 1608 950 5.235
1787279282 85.9 85.9 84.1 85.9 1608 950 5.225
1787279283 85.9 85.9 84.1 85.9 1608 950 5.244
1787279284 85.0 85.9 85.0 85.9 1608 950 5.172
1787279285 85.0 85.9 85.0 85.9 1608 950 5.220
1787279286 85.0 85.9 85.0 85.9 1608 950 5.215
1787279287 85.9 85.9 85.0 85.9 1608 950 5.215
1787279288 85.0 86.8 85.0 85.9 1608 950 5.220
1787279289 85.0 85.9 84.1 85.9 1608 950 5.235
1787279291 80.4 79.5 79.5 80.4 2208 950 5.244
1787279292 78.5 78.5 78.5 79.5 2208 950 5.288
1787279293 77.6 77.6 76.7 77.6 2208 950 5.240
1787279294 76.7 76.7 75.8 77.6 2208 950 5.244
1787279295 76.7 75.8 75.8 76.7 2208 950 5.288
1787279296 75.8 75.8 74.8 75.8 2208 950 5.273
1787279297 75.8 74.8 74.8 75.8 2208 950 5.269
1787279298 74.8 74.8 73.9 75.8 2208 950 5.225
1787279299 74.8 73.9 73.9 74.8 2208 950 5.264
1787279300 74.8 73.9 73.9 74.8 2208 950 5.235
1787279301 73.9 73.9 73.0 74.8 2208 950 5.298
1787279302 73.9 73.0 73.0 73.9 2208 950 5.293
1787279303 73.0 73.0 72.1 73.9 2208 950 5.269
1787279305 73.0 73.0 72.1 73.0 2208 950 5.302
1787279306 73.0 72.1 72.1 73.0 2208 950 5.278
1787279307 73.0 72.1 72.1 73.0 2208 950 5.254
1787279308 75.8 76.7 74.8 76.7 2208 950 5.182
1787279309 79.5 80.4 79.5 81.3 2208 950 5.211
1787279310 81.3 82.2 81.3 83.2 2208 950 5.235
1787279311 82.2 83.2 81.3 83.2 2208 950 5.269
1787279312 83.2 84.1 82.2 84.1 2208 950 5.201
1787279313 84.1 84.1 83.2 85.0 2208 950 5.225
1787279315 84.1 84.1 83.2 85.9 2016 950 5.186
1787279316 84.1 85.0 83.2 85.9 2208 950 5.182
1787279317 84.1 85.0 84.1 85.0 2016 950 5.211
1787279318 85.0 85.9 84.1 85.0 2016 950 5.215
1787279319 85.0 85.9 84.1 85.0 2016 950 5.230
1787279320 85.0 85.9 85.0 85.9 1800 950 5.211
1787279321 85.0 85.9 84.1 85.9 1800 950 5.201
1787279322 84.1 85.0 84.1 85.9 1800 950 5.215
1787279324 85.0 85.9 84.1 85.0 1800 950 5.215
1787279325 84.1 85.0 84.1 85.0 2208 950 5.186
1787279326 85.0 85.9 84.1 85.9 2016 950 5.220
1787279327 85.9 85.9 85.0 85.9 1800 950 5.235
1787279328 85.0 85.9 84.1 85.9 1800 950 5.240
1787279329 85.9 85.9 85.0 85.9 1800 950 5.235
1787279330 85.0 85.9 85.0 85.9 1800 950 5.191
1787279332 85.0 85.9 84.1 85.9 1800 950 5.215
1787279333 85.9 85.9 85.0 85.9 1800 950 5.215
1787279334 85.0 85.9 85.0 85.9 1800 950 5.215
1787279335 85.9 85.9 85.0 85.9 1800 950 5.244
1787279336 85.9 86.8 85.0 85.9 1800 950 5.206
1787279337 85.9 85.9 85.0 85.9 1608 950 5.225
1787279338 85.9 85.9 85.0 85.9 1608 950 5.215
1787279339 85.0 85.9 85.0 85.9 1608 950 5.196
1787279341 85.9 85.9 85.0 85.9 1608 950 5.259
1787279342 85.0 85.9 85.0 85.9 1608 950 5.186
1787279343 85.9 85.9 84.1 85.9 1608 950 5.211
1787279344 85.0 85.9 85.0 85.9 1800 950 5.201
1787279345 85.9 85.9 85.0 85.9 1800 950 5.230
1787279346 85.0 85.9 84.1 85.9 1800 950 5.235
1787279347 85.0 85.9 85.0 85.9 1800 950 5.182
1787279348 85.9 86.8 85.0 85.9 1608 950 5.220
1787279350 85.0 85.9 84.1 85.9 1800 950 5.215
1787279351 85.9 85.9 85.0 85.9 1608 950 5.172
1787279352 85.9 86.8 85.0 85.9 1608 950 5.191
1787279353 85.9 86.8 85.0 85.9 1608 950 5.254
1787279354 85.9 86.8 85.0 85.9 1608 950 5.206
1787279355 84.1 85.0 84.1 85.0 1800 950 5.235
1787279356 85.0 85.9 84.1 85.9 1608 950 5.230
1787279358 85.9 86.8 85.0 85.9 1608 950 5.225
1787279359 85.9 86.8 85.0 85.9 1608 950 5.215
1787279360 85.0 85.9 84.1 85.9 1608 950 5.235
1787279361 85.9 86.8 85.0 85.9 1608 950 5.201
1787279362 85.9 85.9 84.1 85.0 1800 950 5.235
1787279363 85.9 85.9 85.0 85.9 1608 950 5.206
1787279364 85.9 85.9 84.1 85.0 1608 950 5.269
1787279365 85.0 85.9 85.0 85.9 1608 950 5.230
1787279367 85.0 85.9 85.0 85.9 1608 950 5.206
1787279368 85.0 85.9 85.0 85.9 1608 950 5.240
1787279369 82.2 83.2 82.2 84.1 2208 950 5.186
1787279370 85.9 86.8 85.0 85.9 1608 950 5.196
1787279371 85.0 85.9 85.0 85.9 1608 950 5.220
1787279372 85.9 86.8 85.0 85.9 1608 950 5.244
1787279373 85.9 85.9 85.0 85.9 1608 950 5.235
1787279375 85.9 86.8 85.0 85.9 1608 950 5.211
1787279376 85.0 85.9 85.0 85.0 1608 950 5.206
1787279377 85.0 86.8 85.0 85.9 1608 950 5.211
1787279378 85.0 85.9 85.0 85.9 1608 950 5.235
1787279379 85.0 85.9 84.1 85.0 1608 950 5.249
1787279380 85.0 85.0 84.1 85.0 1800 950 5.215
1787279381 85.0 85.0 84.1 85.0 1800 950 5.225
1787279382 85.9 85.9 84.1 85.0 1608 950 5.220
1787279384 85.0 85.9 84.1 85.0 1800 950 5.172
1787279385 85.0 85.9 85.0 85.0 1608 950 5.235
1787279386 85.0 85.9 85.0 85.9 1608 950 5.235
1787279387 85.0 85.9 85.0 85.0 1608 950 5.225
1787279388 85.0 85.0 84.1 85.0 1608 950 5.244
1787279389 84.1 85.9 84.1 85.9 1800 950 5.273
1787279390 85.0 85.0 84.1 85.0 1608 950 5.249
1787279391 85.0 85.9 84.1 85.9 1800 950 5.240
1787279392 85.0 85.0 84.1 85.0 1608 950 5.215
1787279394 85.0 86.8 85.0 85.0 1608 950 5.196
1787279395 85.9 85.9 85.0 85.9 1608 950 5.196
1787279396 85.0 85.9 84.1 85.0 1608 950 5.244
1787279397 85.0 85.0 84.1 85.0 1800 950 5.201
1787279398 85.9 85.9 85.0 85.9 1608 950 5.225
1787279399 85.0 85.9 85.0 85.0 1608 950 5.206
1787279400 85.0 85.9 85.0 85.9 1608 950 5.206
1787279401 85.0 85.9 84.1 85.0 1800 950 5.225
1787279402 85.0 85.0 84.1 85.0 1800 950 5.206
1787279404 85.0 85.9 84.1 85.9 1608 950 5.215
1787279405 85.0 85.9 84.1 85.9 1800 950 5.249
1787279406 85.0 85.9 84.1 85.9 1608 950 5.254
1787279407 85.0 85.9 85.0 85.9 1608 950 5.254
1787279408 85.0 85.9 84.1 85.0 1608 950 5.215
1787279409 85.0 85.0 84.1 85.9 1608 950 5.225
1787279410 85.0 85.0 84.1 85.0 1608 950 5.225
1787279411 85.0 85.0 84.1 85.0 1608 950 5.191
1787279413 85.0 85.0 84.1 85.0 1800 950 5.220
1787279414 85.0 85.9 84.1 85.0 1608 950 5.235
1787279415 85.0 85.0 84.1 85.0 1608 950 5.215
1787279416 85.0 85.9 84.1 85.0 1608 950 5.201
1787279417 85.0 85.9 84.1 85.9 1608 950 5.244
1787279418 85.0 85.9 84.1 85.0 1608 950 5.249
1787279419 85.0 85.9 85.0 85.9 1608 950 5.235
1787279420 85.9 85.9 85.0 85.0 1608 950 5.244
1787279421 85.0 85.9 84.1 85.0 1608 950 5.191
1787279422 85.0 85.9 85.0 85.9 1608 950 5.244
1787279424 85.0 85.9 85.0 85.0 1608 950 5.211
1787279425 85.9 85.9 84.1 85.9 1608 950 5.162
1787279426 85.0 85.9 84.1 85.0 1800 950 5.225
1787279427 85.9 85.9 85.0 85.9 1608 950 5.215
1787279428 85.0 85.9 84.1 85.9 1608 950 5.215
1787279429 85.0 85.9 84.1 85.9 1800 950 5.244
1787279430 85.0 85.9 84.1 86.8 2016 950 5.235
1787279431 85.9 86.8 85.0 85.9 1800 950 5.235
1787279433 85.0 85.9 85.0 85.9 1608 950 5.215
1787279434 85.9 85.9 85.0 85.0 1608 950 5.201
1787279435 85.0 85.9 85.0 85.0 1608 950 5.211
1787279436 85.0 85.0 84.1 85.9 1800 950 5.259
1787279437 85.0 85.9 85.0 85.9 1608 950 5.201
1787279438 85.9 86.8 85.0 85.9 1608 950 5.196
1787279439 85.9 85.9 85.0 85.9 1608 950 5.206
1787279440 85.0 85.9 85.0 85.9 1608 950 5.220
1787279442 85.0 85.9 85.0 85.9 1608 950 5.206
1787279443 85.0 85.9 85.0 85.9 1608 950 5.206
1787279444 85.0 85.9 85.0 85.9 1608 950 5.225
1787279445 85.9 85.9 85.0 85.9 1800 950 5.225
1787279446 85.0 85.9 85.0 85.9 1800 950 5.215
1787279447 85.9 86.8 85.0 85.9 1800 950 5.259
1787279448 85.9 85.9 85.0 85.9 1800 950 5.235
1787279449 85.9 85.9 85.0 85.9 1800 950 5.283
1787279451 85.0 85.9 85.0 85.9 1800 950 5.211
1787279452 85.9 85.9 85.0 85.9 1800 950 5.254
1787279453 85.9 85.9 85.0 85.9 1800 950 5.201
1787279454 85.9 85.9 85.0 85.9 1800 950 5.172
1787279455 85.9 85.9 85.0 85.9 1800 950 5.206
1787279456 85.0 85.9 85.0 85.9 1800 950 5.235
1787279457 85.0 85.9 85.0 85.9 1800 950 5.225
1787279458 85.0 85.9 85.0 85.9 1800 950 5.240
1787279459 85.9 85.9 85.0 85.9 1800 950 5.201
1787279460 85.0 85.9 84.1 85.9 1608 950 5.244
1787279462 85.0 85.9 85.0 85.0 1608 950 5.240
1787279463 85.0 85.9 84.1 85.9 1608 950 5.240
1787279464 85.0 85.9 84.1 85.9 1608 950 5.196
1787279465 85.0 85.9 85.0 85.9 1608 950 5.220
1787279466 85.0 85.9 85.0 85.9 1608 950 5.230
1787279467 85.0 85.9 85.0 85.9 1800 950 5.211
1787279468 85.0 85.9 85.0 85.9 1800 950 5.220
1787279469 85.9 85.9 85.0 85.9 1800 950 5.259
1787279470 85.0 85.9 85.0 85.9 1800 950 5.249
1787279472 85.9 85.9 85.0 85.9 1800 950 5.235
1787279473 85.9 85.9 85.0 85.9 1800 950 5.201
1787279474 85.9 85.9 85.0 85.9 1800 950 5.215
1787279475 85.9 85.9 85.0 85.9 1608 950 5.215
1787279476 85.0 85.0 85.0 85.9 1800 950 5.225
1787279477 85.0 85.0 84.1 85.0 1608 950 5.235
1787279478 85.9 85.9 85.0 85.9 1608 950 5.244
1787279479 85.0 85.9 85.0 85.9 1608 950 5.230
1787279480 85.0 85.9 84.1 85.0 1608 950 5.157
1787279482 85.0 85.9 85.0 85.0 1608 950 5.230
1787279483 84.1 85.0 84.1 85.0 1608 950 5.225
1787279484 85.0 85.9 85.0 85.9 1608 950 5.235
1787279485 85.0 85.9 84.1 85.0 1800 950 5.225
1787279486 85.0 85.9 85.0 85.9 1608 950 5.220
1787279487 85.0 85.9 85.0 85.0 1800 950 5.182
1787279488 85.0 85.9 85.0 85.9 1608 950 5.235
1787279489 85.0 85.9 85.0 85.9 1608 950 5.225
1787279490 85.0 85.9 85.0 85.0 1608 950 5.230
1787279492 80.4 79.5 79.5 81.3 2208 950 5.211
1787279493 78.5 77.6 77.6 78.5 2208 950 5.264
1787279494 77.6 76.7 76.7 77.6 2208 950 5.230
1787279495 76.7 76.7 75.8 77.6 2208 950 5.235
1787279496 76.7 75.8 75.8 76.7 2208 950 5.273
1787279497 75.8 75.8 74.8 75.8 2208 950 5.240
1787279498 75.8 74.8 74.8 75.8 2208 950 5.220
1787279499 74.8 74.8 73.9 74.8 2208 950 5.307
1787279500 74.8 73.9 73.9 74.8 2208 950 5.249
1787279501 73.9 73.9 73.0 74.8 2208 950 5.307
1787279502 73.9 73.0 73.0 73.9 2208 950 5.264
1787279503 73.0 73.0 73.0 73.9 2208 950 5.269
1787279504 73.9 73.0 72.1 73.0 2208 950 5.307
1787279505 73.0 72.1 72.1 73.0 2208 950 5.273
1787279507 73.0 72.1 71.2 73.0 2208 950 5.244
1787279508 72.1 72.1 71.2 73.0 2208 950 5.240
1787279509 75.8 76.7 75.8 76.7 2208 950 5.249
1787279510 77.6 78.5 77.6 77.6 2208 950 5.244
1787279511 77.6 78.5 77.6 78.5 2208 950 5.235
1787279512 78.5 78.5 77.6 79.5 2208 950 5.220
1787279513 78.5 79.5 78.5 79.5 2208 950 5.215
1787279514 78.5 78.5 78.5 79.5 2208 950 5.254
1787279515 78.5 79.5 78.5 80.4 2208 950 5.249
1787279516 79.5 80.4 78.5 80.4 2208 950 5.225
1787279517 79.5 79.5 79.5 80.4 2208 950 5.206
1787279518 78.5 78.5 77.6 78.5 2208 950 5.269
1787279519 75.8 74.8 73.9 74.8 2208 950 5.244
1787279520 74.8 73.9 73.9 74.8 2208 950 5.283
1787279522 77.6 78.5 77.6 79.5 2208 950 5.201
1787279523 81.3 82.2 81.3 83.2 2208 950 5.206
1787279524 82.2 83.2 81.3 83.2 2208 950 5.191
1787279525 84.1 84.1 83.2 85.0 2208 950 5.201
1787279526 83.2 84.1 83.2 85.0 2208 950 5.191
1787279527 83.2 84.1 83.2 85.0 2208 950 5.215
1787279528 84.1 84.1 83.2 85.0 2208 950 5.240
1787279529 84.1 85.0 84.1 85.0 2208 950 5.182
1787279531 85.0 85.0 84.1 85.0 2016 950 5.138
1787279532 84.1 84.1 83.2 85.0 2016 950 5.215
1787279533 85.0 85.9 84.1 85.9 2016 950 5.206
1787279534 85.0 85.9 84.1 85.9 2016 950 5.206
1787279535 85.0 85.9 84.1 85.9 2016 950 5.182
1787279536 85.0 85.9 84.1 85.9 2016 950 5.225
1787279537 85.0 85.9 84.1 85.9 1800 950 5.191
1787279539 85.0 85.9 84.1 85.9 1800 950 5.211
1787279540 85.0 85.9 84.1 85.9 1800 950 5.211
1787279541 85.0 85.9 84.1 85.0 2016 950 5.211
1787279542 85.9 85.9 84.1 85.9 1800 950 5.201
1787279543 85.9 85.9 84.1 85.9 1800 950 5.225
1787279544 85.0 85.9 84.1 85.9 2016 950 5.235
1787279545 85.0 85.9 84.1 85.9 1800 950 5.206
1787279546 85.0 85.9 85.0 85.9 1800 950 5.201
1787279548 85.0 85.9 84.1 85.9 1800 950 5.220
1787279549 85.9 85.9 85.0 85.9 1800 950 5.206
1787279550 85.0 85.9 85.0 85.9 1608 950 5.244
1787279551 85.0 85.9 84.1 85.9 1608 950 5.283
1787279552 85.0 85.0 84.1 85.0 1608 950 5.215
1787279553 85.0 85.9 84.1 85.9 1608 950 5.220
1787279555 85.0 85.9 85.0 85.9 1608 950 5.177
1787279556 85.0 85.9 84.1 85.0 1800 950 5.240
1787279557 85.0 85.9 84.1 85.9 1800 950 5.244
1787279558 85.0 85.9 84.1 85.9 1608 950 5.244
1787279559 85.9 85.9 85.0 85.9 1800 950 5.225
1787279560 85.9 86.8 85.0 86.8 1800 950 5.215
1787279561 85.0 85.9 84.1 85.0 1608 950 5.220
1787279563 85.0 85.9 85.0 85.9 1608 950 5.201
1787279564 85.0 85.9 84.1 85.0 1800 950 5.172
1787279565 85.0 85.0 84.1 85.9 1608 950 5.196
1787279566 85.9 85.9 85.0 85.9 1608 950 5.235
1787279567 84.1 84.1 84.1 85.0 2016 950 5.230
1787279568 85.0 85.9 84.1 85.9 1800 950 5.211
1787279569 85.0 85.9 85.0 85.9 1800 950 5.225
1787279570 85.0 85.9 84.1 85.9 1800 950 5.220
1787279572 85.0 85.9 85.0 85.9 1800 950 5.215
1787279573 85.0 85.9 84.1 85.0 1800 950 5.244
1787279574 85.0 85.0 84.1 85.0 1800 950 5.186
1787279575 85.9 85.9 85.0 85.9 1800 950 5.211
1787279576 85.9 85.9 85.0 85.9 1800 950 5.244
1787279577 85.0 85.9 84.1 85.0 1800 950 5.206
1787279578 85.0 85.0 84.1 85.0 1800 950 5.225
1787279579 85.0 85.9 85.0 85.9 1800 950 5.230
1787279580 85.9 85.9 85.0 85.9 1800 950 5.206
1787279582 85.0 85.0 84.1 85.0 2016 950 5.288
1787279583 80.4 79.5 79.5 81.3 2208 950 5.240
1787279584 78.5 77.6 76.7 78.5 2208 950 5.288
1787279585 77.6 77.6 76.7 78.5 2208 950 5.288
1787279586 76.7 75.8 75.8 76.7 2208 950 5.235
1787279587 76.7 75.8 75.8 75.8 2208 950 5.293
1787279588 75.8 74.8 74.8 75.8 2208 950 5.249
1787279589 74.8 74.8 73.9 75.8 2208 950 5.288
1787279590 74.8 73.9 73.9 74.8 2208 950 5.244
1787279591 73.9 73.9 73.0 74.8 2208 950 5.264
1787279592 73.9 73.0 73.0 73.9 2208 950 5.235
1787279593 73.9 73.0 73.0 73.9 2208 950 5.312
1787279594 73.0 73.0 72.1 73.9 2208 950 5.307
1787279595 73.0 73.0 72.1 73.0 2208 950 5.307
1787279597 73.0 72.1 72.1 73.0 2208 950 5.312
1787279598 73.0 72.1 71.2 72.1 2208 950 5.302
1787279599 72.1 72.1 71.2 73.0 2208 950 5.278
1787279600 72.1 71.2 71.2 72.1 2208 950 5.254
1787279601 72.1 71.2 70.2 72.1 2208 950 5.273
1787279602 71.2 71.2 70.2 71.2 2208 950 5.254
1787279603 71.2 71.2 70.2 71.2 2208 950 5.264
1787279604 71.2 70.2 70.2 71.2 2208 950 5.302
1787279605 71.2 70.2 70.2 71.2 2208 950 5.240
1787279606 73.0 73.9 73.0 74.8 2208 950 5.201
1787279607 78.5 79.5 77.6 79.5 2208 950 5.235
1787279608 80.4 80.4 79.5 82.2 2208 950 5.177
1787279610 81.3 81.3 80.4 82.2 2208 950 5.196
1787279611 83.2 83.2 82.2 84.1 2208 950 5.186
1787279612 83.2 83.2 82.2 84.1 2208 950 5.191
1787279613 84.1 84.1 83.2 84.1 2208 950 5.191
1787279614 84.1 84.1 83.2 85.0 2208 950 5.167
1787279615 84.1 84.1 83.2 85.0 2016 950 5.201
1787279616 84.1 84.1 83.2 85.0 2208 950 5.244
1787279618 84.1 85.0 84.1 85.9 2016 950 5.196
1787279619 85.0 85.0 84.1 85.9 2016 950 5.191
1787279620 84.1 85.9 84.1 85.9 2016 950 5.206
1787279621 85.0 85.0 84.1 85.9 2016 950 5.211
1787279622 85.0 85.0 84.1 85.9 2016 950 5.220
1787279623 85.0 85.9 85.0 85.9 2016 950 5.215
1787279625 85.0 85.9 84.1 85.9 2016 950 5.201
1787279626 85.0 85.0 84.1 85.9 2016 950 5.215
1787279627 85.0 85.9 84.1 85.9 1800 950 5.235
1787279628 85.0 85.0 84.1 85.9 1800 950 5.225
1787279629 85.0 85.0 85.0 85.9 1800 950 5.240
1787279630 85.0 85.0 84.1 85.9 1800 950 5.293
1787279631 85.0 85.9 84.1 85.9 1800 950 5.235
1787279632 85.9 85.9 84.1 85.9 1800 950 5.249
1787279634 85.0 85.0 84.1 85.9 1800 950 5.254
1787279635 85.0 85.9 84.1 85.9 1800 950 5.206
1787279636 85.0 85.9 84.1 85.9 1800 950 5.249
1787279637 85.0 85.9 85.0 85.9 1800 950 5.244
1787279638 85.0 85.0 84.1 85.9 1800 950 5.215
1787279639 85.0 85.9 84.1 85.9 1800 950 5.215
1787279640 85.0 85.9 84.1 85.9 1800 950 5.235
1787279641 85.9 86.8 85.0 86.8 1608 950 5.244
1787279643 85.0 85.9 84.1 85.9 1608 950 5.211
1787279644 85.9 85.9 85.0 85.9 1608 950 5.196
1787279645 85.0 85.9 85.0 85.9 1608 950 5.215
1787279646 85.9 85.9 85.0 85.9 1608 950 5.230
1787279647 85.0 85.9 84.1 85.9 1608 950 5.215
1787279648 85.0 85.9 85.0 85.9 1608 950 5.220
1787279650 85.0 85.0 84.1 85.9 1608 950 5.220
1787279651 85.0 85.9 84.1 85.9 1800 950 5.191
1787279652 85.0 85.9 84.1 85.0 1608 950 5.196
1787279653 85.9 85.9 85.0 85.9 1608 950 5.201
1787279654 85.9 85.9 85.0 85.9 1608 950 5.201
1787279655 85.0 85.9 85.0 85.0 1800 950 5.225
1787279656 85.0 85.9 84.1 85.9 1608 950 5.220
1787279657 85.0 85.9 85.0 85.0 1608 950 5.215
1787279659 85.9 85.9 85.0 85.9 1608 950 5.244
1787279660 85.0 85.9 84.1 85.0 1800 950 5.215
1787279661 85.0 85.9 84.1 85.0 1800 950 5.259
1787279662 85.9 85.9 85.0 85.9 1608 950 5.215
1787279663 85.0 85.9 84.1 85.9 1608 950 5.206
1787279664 85.0 85.9 84.1 85.9 1608 950 5.220
1787279665 85.9 86.8 85.0 85.9 1608 950 5.211
1787279666 85.9 85.9 85.0 85.9 1800 950 5.201
1787279668 84.1 85.0 84.1 85.9 2016 950 5.269
1787279669 85.9 86.8 85.0 86.8 1608 950 5.220
1787279670 85.0 85.9 85.0 85.9 1800 950 5.249
1787279671 85.9 85.9 85.0 85.0 1800 950 5.230
1787279672 85.0 85.9 85.0 85.9 1608 950 5.206
1787279673 85.0 85.9 85.0 85.9 1608 950 5.220
1787279674 85.9 85.9 85.0 85.9 1608 950 5.235
1787279675 85.0 85.9 85.0 85.9 1608 950 5.269
1787279677 85.9 85.9 85.0 85.9 1608 950 5.235
1787279678 85.0 85.9 84.1 85.9 1608 950 5.201
1787279679 85.0 85.9 85.0 85.0 1608 950 5.196
1787279680 85.0 85.9 85.0 85.0 1608 950 5.230
1787279681 85.0 85.0 84.1 85.9 1800 950 5.240
1787279682 85.0 85.9 84.1 85.0 2016 950 5.215
1787279683 85.9 85.9 85.0 85.9 1800 950 5.225
1787279684 85.9 85.9 85.0 85.9 1800 950 5.201
1787279686 85.0 85.9 84.1 85.9 1800 950 5.225
1787279687 85.9 85.9 85.0 85.9 1800 950 5.186
1787279688 85.0 85.9 84.1 85.0 1800 950 5.206
1787279689 85.9 85.9 85.0 85.9 1800 950 5.211
1787279690 84.1 85.0 84.1 85.9 2016 950 5.235
1787279691 85.0 85.9 85.0 85.9 1800 950 5.215
1787279692 85.0 85.9 85.0 85.9 1800 950 5.230
1787279693 85.9 85.9 85.0 85.9 1800 950 5.211
1787279694 85.0 85.9 85.0 85.9 1800 950 5.177
1787279696 85.0 85.9 85.0 85.9 1800 950 5.225
1787279697 85.9 85.9 84.1 85.9 1800 950 5.240
1787279698 85.0 85.0 84.1 85.9 1800 950 5.225
1787279699 85.9 86.8 85.9 85.9 1800 950 5.186
1787279700 85.0 85.9 85.0 85.9 1608 950 5.225
1787279701 85.0 85.9 85.0 85.0 1608 950 5.235
1787279702 85.0 85.9 84.1 85.0 1608 950 5.235
1787279703 85.0 85.9 84.1 85.0 1608 950 5.191
1787279705 85.0 85.9 85.0 85.9 1608 950 5.235
1787279706 85.0 85.9 85.0 85.9 1608 950 5.240
1787279707 85.0 85.9 84.1 85.9 1608 950 5.191
1787279708 85.0 85.9 85.0 85.9 1608 950 5.244
1787279709 85.0 85.9 84.1 85.9 1608 950 5.206
1787279710 85.0 85.9 84.1 85.9 1608 950 5.157
1787279711 85.0 85.0 84.1 85.0 1800 950 5.211
1787279712 85.0 85.9 84.1 85.9 1608 950 5.201
1787279714 85.0 85.9 85.0 85.9 1800 950 5.230
1787279715 85.0 85.9 84.1 85.9 1800 950 5.206
1787279716 85.0 85.0 84.1 85.0 1800 950 5.196
1787279717 85.9 85.9 85.0 85.9 1800 950 5.220
1787279718 85.0 85.9 85.0 85.9 1800 950 5.264
1787279719 85.0 85.9 85.0 85.9 1800 950 5.215
1787279720 85.9 86.8 85.0 85.9 1608 950 5.177
1787279721 85.9 86.8 85.0 85.9 1608 950 5.269
1787279722 85.9 85.9 85.0 85.9 1608 950 5.244
1787279724 85.9 85.9 85.0 85.9 1608 950 5.230
1787279725 85.0 85.9 85.0 85.0 1608 950 5.196
1787279726 85.0 86.8 85.0 85.9 1608 950 5.230
1787279727 85.0 85.9 85.0 85.9 1608 950 5.240
1787279728 82.2 81.3 81.3 82.2 2208 950 5.288
1787279729 84.1 85.0 84.1 85.9 2016 950 5.269
1787279730 85.9 86.8 85.0 85.9 1800 950 5.249
1787279731 85.9 86.8 85.0 85.9 1608 950 5.206
1787279733 85.9 86.8 85.0 85.9 1608 950 5.201
1787279734 85.0 85.0 84.1 85.0 1608 950 5.230
1787279735 85.9 86.8 85.0 85.9 1608 950 5.235
1787279736 85.0 85.9 85.0 85.0 1608 950 5.215
1787279737 85.0 85.0 84.1 85.0 1800 950 5.182
1787279738 85.0 85.9 84.1 85.9 1800 950 5.225
1787279739 85.0 85.9 85.0 85.9 1608 950 5.240
1787279740 85.0 85.9 84.1 85.0 1608 950 5.211
1787279741 85.9 85.9 85.0 85.9 1608 950 5.230
1787279743 85.9 85.9 85.0 85.9 1608 950 5.162
1787279744 85.0 85.9 84.1 85.0 1608 950 5.220
1787279745 85.0 85.9 85.0 85.0 1800 950 5.215
1787279746 85.9 85.9 84.1 85.9 1608 950 5.186
1787279747 85.0 85.9 85.0 85.9 1608 950 5.240
1787279748 85.9 85.9 85.0 85.9 1608 950 5.244
1787279749 85.0 85.9 85.0 85.9 1608 950 5.220
1787279750 85.0 85.9 85.0 85.9 1608 950 5.264
1787279752 85.0 85.9 84.1 85.9 1608 950 5.264
1787279753 85.0 85.9 84.1 85.0 1608 950 5.201
1787279754 85.0 85.9 85.0 85.9 1800 950 5.215
1787279755 85.9 85.9 84.1 85.9 1608 950 5.215
1787279756 85.0 85.9 85.0 85.9 1608 950 5.211
1787279757 85.0 85.9 84.1 85.9 1608 950 5.206
1787279758 85.0 85.9 85.0 85.0 1800 950 5.196
1787279759 85.0 85.9 85.0 85.9 1800 950 5.254
1787279760 85.9 85.9 85.0 85.0 1608 950 5.249
1787279762 85.0 85.9 84.1 85.9 1608 950 5.206
1787279763 85.0 85.9 85.0 85.0 1800 950 5.167
1787279764 85.9 85.9 85.0 85.9 1608 950 5.249
1787279765 85.0 85.9 84.1 85.9 1608 950 5.244
1787279766 85.9 85.9 85.0 85.9 1608 950 5.230
1787279767 85.9 85.9 84.1 85.0 1608 950 5.215
1787279768 85.9 85.9 85.0 85.9 1608 950 5.220
1787279769 85.0 85.9 85.0 85.0 1608 950 5.220
1787279771 85.0 85.9 84.1 85.9 1608 950 5.211
1787279772 85.0 85.9 84.1 85.9 1608 950 5.225
1787279773 85.0 85.9 85.0 85.0 1800 950 5.264
1787279774 85.0 85.9 85.0 85.9 1608 950 5.215
1787279775 85.0 85.9 84.1 85.0 1800 950 5.206
1787279776 85.0 85.9 84.1 85.9 1608 950 5.186
1787279777 85.0 85.9 84.1 85.9 1800 950 5.240
1787279778 85.0 85.9 85.0 85.9 1608 950 5.283
1787279779 85.0 85.9 84.1 85.9 1800 950 5.211
1787279781 85.0 85.9 84.1 85.9 1608 950 5.230
1787279782 85.0 85.9 85.0 85.9 1608 950 5.249
1787279783 85.9 85.9 85.0 85.9 1608 950 5.240
1787279784 85.0 85.9 85.0 85.9 1608 950 5.240
1787279785 85.0 85.9 84.1 85.0 1608 950 5.254
1787279786 85.0 85.9 85.0 85.9 1608 950 5.230
1787279787 85.0 85.9 84.1 85.9 1608 950 5.230
1787279788 85.0 85.9 85.0 85.0 1800 950 5.240
1787279789 81.3 80.4 80.4 81.3 2208 950 5.240
1787279790 79.5 78.5 78.5 79.5 2208 950 5.235
1787279792 77.6 77.6 76.7 78.5 2208 950 5.225
1787279793 77.6 76.7 76.7 76.7 2208 950 5.298
1787279794 76.7 75.8 75.8 76.7 2208 950 5.302
1787279795 75.8 75.8 74.8 75.8 2208 950 5.269
1787279796 75.8 74.8 74.8 75.8 2208 950 5.278
1787279797 74.8 74.8 73.9 74.8 2208 950 5.293
1787279798 74.8 73.9 73.9 75.8 2208 950 5.298
1787279799 73.9 73.9 73.0 73.9 2208 950 5.264
1787279800 73.9 73.0 73.0 73.9 2208 950 5.240
1787279801 73.9 73.0 73.0 73.9 2208 950 5.273
1787279802 73.0 73.0 72.1 73.9 2208 950 5.307
1787279803 73.0 73.0 72.1 73.0 2208 950 5.230
1787279804 73.0 72.1 72.1 73.0 2208 950 5.278
1787279805 72.1 72.1 71.2 73.0 2208 950 5.293
1787279807 73.0 73.0 72.1 73.9 2208 950 5.249
1787279808 76.7 76.7 75.8 76.7 2208 950 5.240
1787279809 76.7 76.7 76.7 77.6 2208 950 5.249
1787279810 77.6 77.6 76.7 77.6 2208 950 5.225
1787279811 77.6 78.5 77.6 78.5 2208 950 5.215
1787279812 78.5 78.5 78.5 79.5 2208 950 5.283
1787279813 78.5 79.5 78.5 79.5 2208 950 5.220
1787279814 78.5 78.5 77.6 79.5 2208 950 5.254
1787279815 78.5 78.5 77.6 78.5 2208 950 5.215
1787279816 79.5 79.5 78.5 79.5 2208 950 5.249
1787279817 76.7 75.8 75.8 76.7 2208 950 5.278
1787279818 75.8 74.8 73.9 75.8 2208 950 5.298
1787279819 76.7 75.8 75.8 77.6 2208 950 5.206
1787279820 80.4 81.3 80.4 82.2 2208 950 5.153
1787279822 81.3 82.2 80.4 83.2 2208 950 5.124
1787279823 82.2 83.2 81.3 83.2 2208 950 5.191
1787279824 83.2 84.1 83.2 84.1 2208 950 5.235
1787279825 84.1 84.1 82.2 84.1 2208 950 5.249
1787279826 84.1 85.0 83.2 85.9 2208 950 5.230
1787279827 84.1 85.0 84.1 85.9 2016 950 5.186
1787279828 84.1 85.0 83.2 85.9 2016 950 5.182
1787279830 85.0 85.9 84.1 85.9 2016 950 5.259
1787279831 85.0 85.0 84.1 85.0 2016 950 5.225
1787279832 85.0 85.9 84.1 85.9 2016 950 5.211
1787279833 85.0 85.9 84.1 85.9 2016 950 5.211
1787279834 85.9 85.9 84.1 85.9 2016 950 5.177
1787279835 85.0 85.9 84.1 85.9 1800 950 5.196
1787279836 85.9 85.9 85.0 85.9 1800 950 5.220
1787279838 85.0 85.9 84.1 85.9 2016 950 5.206
1787279839 85.9 85.9 85.0 85.9 1800 950 5.177
1787279840 85.0 85.9 84.1 85.0 1800 950 5.220
1787279841 85.0 85.9 84.1 85.9 1800 950 5.215
1787279842 85.9 85.0 84.1 85.0 2016 950 5.182
1787279843 85.9 85.9 85.0 85.9 1800 950 5.249
1787279844 85.0 85.9 85.0 85.9 1800 950 5.230
1787279846 85.9 85.9 85.0 85.9 1608 950 5.225
1787279847 85.0 85.9 85.0 85.9 1608 950 5.215
1787279848 85.0 85.9 84.1 85.9 1608 950 5.196
1787279849 85.0 85.9 84.1 85.9 1800 950 5.235
1787279850 85.0 85.9 84.1 85.0 1800 950 5.201
1787279851 85.9 85.9 85.0 85.9 1800 950 5.211
1787279852 85.9 86.8 85.0 85.9 1608 950 5.186
1787279854 85.9 86.8 85.0 85.9 1800 950 5.220
1787279855 85.0 85.9 84.1 85.0 2016 950 5.230
1787279856 85.0 85.9 85.0 85.9 1800 950 5.235
1787279857 85.9 85.9 85.0 85.9 1800 950 5.201
1787279858 85.0 85.9 85.0 85.9 1800 950 5.244
1787279859 85.9 86.8 85.0 86.8 1608 950 5.196
1787279860 85.9 85.9 85.0 85.9 1608 950 5.211
1787279862 85.9 85.9 85.0 85.9 1608 950 5.249
1787279863 85.9 86.8 85.0 85.9 1608 950 5.240
1787279864 85.9 85.9 85.0 85.9 1608 950 5.196
1787279865 85.9 85.9 85.0 85.9 1608 950 5.225
1787279866 85.9 86.8 85.0 85.9 1608 950 5.206
1787279867 85.9 86.8 85.9 85.9 1608 950 5.240
1787279868 85.9 86.8 85.0 85.9 1608 950 5.235
1787279869 85.9 86.8 85.0 85.9 1608 950 5.177
1787279871 85.9 86.8 85.0 85.9 1608 950 5.215
1787279872 85.0 85.9 85.0 85.9 1416 950 5.249
1787279873 85.9 86.8 85.9 85.9 1416 950 5.182
1787279874 85.9 85.9 85.0 85.9 1416 950 5.230
1787279875 85.9 86.8 85.9 86.8 1200 950 5.220
1787279876 85.9 86.8 85.0 85.9 1200 950 5.206
1787279878 85.0 85.0 84.1 85.9 1200 950 5.215
1787279879 85.9 86.8 85.0 85.9 1416 950 5.230
1787279880 84.1 84.1 83.2 84.1 1800 950 5.288
1787279881 80.4 79.5 79.5 80.4 2208 950 5.288
1787279882 78.5 77.6 77.6 78.5 2208 950 5.259
1787279883 77.6 77.6 76.7 77.6 2208 950 5.235
1787279884 76.7 75.8 75.8 77.6 2208 950 5.288
1787279885 75.8 75.8 74.8 76.7 2208 950 5.264
1787279886 75.8 74.8 74.8 75.8 2208 950 5.288
1787279887 75.8 74.8 73.9 75.8 2208 950 5.298
1787279888 74.8 73.9 73.9 74.8 2208 950 5.254
1787279889 73.9 73.9 73.9 73.9 2208 950 5.307
1787279891 73.9 73.9 73.0 73.9 2208 950 5.249
1787279892 73.9 73.0 73.0 73.9 2208 950 5.244
1787279893 73.0 73.0 72.1 73.0 2208 950 5.312
1787279894 73.0 72.1 72.1 73.0 2208 950 5.293
1787279895 73.0 72.1 72.1 72.1 2208 950 5.283
1787279896 72.1 72.1 71.2 73.0 2208 950 5.240
1787279897 72.1 72.1 71.2 72.1 2208 950 5.293
1787279898 72.1 71.2 70.2 72.1 2208 950 5.254
1787279899 71.2 71.2 70.2 72.1 2208 950 5.283
1787279900 71.2 70.2 70.2 71.2 2208 950 5.249
1787279901 71.2 70.2 70.2 71.2 2208 950 5.230
1787279902 71.2 70.2 70.2 71.2 2208 950 5.220
1787279903 70.2 70.2 69.3 71.2 2208 950 5.302
1787279904 74.8 75.8 73.9 76.7 2208 950 5.220
1787279906 78.5 78.5 77.6 79.5 2208 950 5.186
1787279907 79.5 80.4 79.5 81.3 2208 950 5.191
1787279908 81.3 82.2 80.4 82.2 2208 950 5.153
1787279909 82.2 82.2 81.3 83.2 2208 950 5.235
1787279910 82.2 82.2 81.3 83.2 2208 950 5.215
1787279911 83.2 83.2 82.2 84.1 2208 950 5.196
1787279912 83.2 84.1 82.2 85.0 2208 950 5.172
1787279914 84.1 84.1 83.2 85.0 2208 950 5.162
1787279915 84.1 84.1 83.2 85.0 2208 950 5.230
1787279916 84.1 85.0 83.2 85.0 2208 950 5.230
1787279917 84.1 84.1 84.1 85.0 2208 950 5.240
1787279918 84.1 85.0 83.2 85.0 2208 950 5.182
1787279919 84.1 85.0 84.1 85.9 2016 950 5.235
1787279920 85.0 85.0 84.1 85.0 2016 950 5.273
1787279922 85.0 85.9 84.1 85.9 2016 950 5.215
1787279923 84.1 85.0 84.1 85.9 2016 950 5.269
1787279924 85.0 84.1 84.1 85.9 2016 950 5.196
1787279925 84.1 85.9 84.1 85.9 2016 950 5.220
1787279926 85.0 85.9 84.1 85.9 2016 950 5.215
1787279927 85.0 85.9 84.1 85.9 2016 950 5.220
1787279928 85.0 85.9 84.1 86.8 1800 950 5.220
1787279929 85.0 85.9 85.0 85.9 1800 950 5.206
1787279931 85.0 85.9 84.1 85.9 1800 950 5.201
1787279932 85.0 85.9 85.0 85.9 1800 950 5.220
1787279933 84.1 85.0 84.1 85.0 1800 950 5.201
1787279934 85.0 85.0 84.1 85.9 2016 950 5.254
1787279935 85.0 85.9 85.0 85.9 1800 950 5.225
1787279936 85.0 85.9 84.1 85.0 1800 950 5.225
1787279937 85.0 85.9 84.1 85.0 1800 950 5.230
1787279939 85.0 85.9 84.1 85.9 1800 950 5.254
1787279940 85.0 85.9 84.1 85.9 1800 950 5.230
1787279941 84.1 85.0 84.1 85.9 1800 950 5.259
1787279942 85.0 85.0 84.1 85.9 1800 950 5.157
1787279943 85.9 85.9 85.0 86.8 1800 950 5.225
1787279944 85.0 85.9 85.0 85.9 1608 950 5.264
1787279945 85.0 85.9 84.1 85.9 1608 950 5.249
1787279946 85.0 85.9 84.1 85.9 1608 950 5.244
1787279948 85.0 85.9 84.1 85.9 1608 950 5.225
1787279949 85.0 85.9 85.0 85.0 1608 950 5.211
1787279950 85.0 85.9 84.1 85.9 1608 950 5.240
1787279951 85.9 85.9 85.0 85.9 1800 950 5.206
1787279952 85.9 85.9 85.0 85.9 1800 950 5.220
1787279953 85.0 85.9 85.0 85.9 1800 950 5.186
1787279954 85.9 86.8 85.0 85.9 1800 950 5.230
1787279956 85.0 85.9 85.0 85.9 1800 950 5.182
1787279957 85.0 85.9 85.0 85.9 1800 950 5.230
1787279958 85.0 85.9 85.0 85.9 1800 950 5.254
1787279959 85.0 85.9 85.0 85.9 1800 950 5.201
1787279960 85.9 85.9 85.0 85.9 1800 950 5.230
1787279961 85.0 85.0 84.1 85.9 1608 950 5.182
1787279962 85.0 85.9 85.0 85.9 1608 950 5.162
1787279964 85.0 85.9 85.0 85.0 1608 950 5.196
1787279965 83.2 82.2 82.2 82.2 2208 950 5.240
1787279966 85.0 85.9 84.1 85.9 2016 950 5.182
1787279967 85.9 86.8 85.0 86.8 1608 950 5.177
1787279968 85.9 85.9 85.0 85.9 1608 950 5.220
1787279969 85.9 85.9 85.0 85.9 1608 950 5.259
1787279970 85.0 85.9 85.0 85.9 1608 950 5.220
1787279971 85.0 85.9 84.1 85.0 1608 950 5.215
1787279973 85.0 85.9 84.1 85.0 1800 950 5.191
1787279974 85.0 85.9 84.1 85.0 1608 950 5.220
1787279975 85.0 85.9 84.1 85.9 1800 950 5.201
1787279976 85.0 85.0 84.1 85.0 1800 950 5.225
1787279977 85.0 85.0 84.1 85.0 1608 950 5.225
1787279978 85.0 85.9 84.1 85.0 1608 950 5.225
1787279979 85.0 85.9 84.1 85.0 1800 950 5.201
1787279980 85.0 85.9 85.0 85.0 1800 950 5.215
1787279982 85.0 85.9 84.1 85.9 1800 950 5.244
1787279983 85.0 85.9 85.0 85.9 1800 950 5.201
1787279984 85.9 85.9 85.0 85.9 1800 950 5.206
1787279985 85.0 85.9 84.1 85.9 1800 950 5.235
1787279986 85.0 85.9 84.1 85.9 1800 950 5.235
1787279987 85.9 86.8 85.0 85.9 1800 950 5.215
1787279988 85.0 85.9 84.1 85.0 1608 950 5.211
1787279989 85.0 85.9 85.0 85.9 1608 950 5.230
1787279991 85.9 85.9 84.1 85.9 1800 950 5.196
1787279992 85.0 85.9 84.1 85.9 1800 950 5.206
1787279993 85.9 85.9 85.0 85.9 1800 950 5.225
1787279994 85.0 85.9 84.1 85.9 1800 950 5.225
1787279995 85.0 85.9 84.1 85.0 1800 950 5.235
1787279996 85.9 85.9 85.0 85.9 1800 950 5.206
1787279997 85.0 85.9 85.0 85.9 1800 950 5.220
1787279998 85.0 85.9 84.1 85.0 1800 950 5.235
1787279999 85.0 86.8 85.0 85.9 1800 950 5.230
1787280000 85.0 85.9 85.0 85.0 1800 950 5.211
1787280002 85.9 85.9 85.0 85.9 1800 950 5.235
1787280003 85.0 85.9 84.1 85.0 1608 950 5.220
1787280004 85.0 85.9 85.0 85.9 1608 950 5.201
1787280005 84.1 85.9 84.1 85.0 1608 950 5.206
1787280006 85.9 85.9 85.0 85.9 1608 950 5.215
1787280007 85.0 85.9 84.1 85.0 1608 950 5.191
1787280008 85.0 85.9 84.1 85.9 1608 950 5.196
1787280010 84.1 85.9 84.1 85.0 1608 950 5.201
1787280011 85.9 85.9 85.0 85.0 1608 950 5.225
1787280012 85.0 85.9 85.0 85.9 1608 950 5.225
1787280013 85.0 85.9 85.0 85.0 1608 950 5.244
1787280014 85.0 85.9 85.0 85.0 1800 950 5.235
1787280015 85.0 85.9 84.1 85.0 1608 950 5.215
1787280016 85.0 85.9 84.1 85.0 1608 950 5.235
1787280017 85.0 85.9 84.1 85.0 1608 950 5.235
1787280019 85.0 85.9 84.1 85.0 1800 950 5.186
1787280020 85.0 85.9 84.1 85.9 1800 950 5.186
1787280021 85.0 85.9 84.1 85.0 1608 950 5.206
1787280022 85.0 85.9 84.1 85.9 1608 950 5.264
1787280023 85.0 85.9 85.0 85.0 1608 950 5.225
1787280024 85.0 85.9 84.1 85.9 1608 950 5.225
1787280025 85.0 85.9 84.1 85.0 1608 950 5.254
1787280026 84.1 84.1 84.1 85.0 2208 950 5.220
1787280027 85.0 85.9 85.0 85.9 1800 950 5.191
1787280029 85.9 86.8 85.0 85.9 1800 950 5.240
1787280030 85.9 86.8 85.0 85.9 1608 950 5.235
1787280031 85.0 85.9 84.1 85.9 1608 950 5.206
1787280032 85.9 85.9 85.0 85.0 1800 950 5.206
1787280033 85.0 85.9 85.0 85.9 1608 950 5.230
1787280034 85.0 85.9 84.1 85.0 1800 950 5.240
1787280035 85.0 85.9 85.0 85.9 1608 950 5.244
1787280036 85.0 86.8 85.0 85.9 1800 950 5.196
1787280038 85.9 85.9 85.0 85.9 1800 950 5.201
1787280039 85.0 85.9 85.0 85.0 1800 950 5.225
1787280040 85.0 85.9 85.0 85.9 1800 950 5.230
1787280041 85.9 85.9 84.1 85.0 1800 950 5.254
1787280042 85.0 85.9 84.1 85.9 1800 950 5.240
1787280043 85.0 85.9 85.0 85.9 1800 950 5.211
1787280044 85.9 85.9 85.0 85.9 1800 950 5.206
1787280045 85.0 85.9 85.0 85.9 1800 950 5.215
1787280046 85.0 85.9 85.0 85.9 1800 950 5.201
1787280048 85.9 86.8 85.0 85.9 1800 950 5.240
1787280049 85.0 85.9 84.1 85.0 1800 950 5.201
1787280050 85.0 85.9 85.0 85.9 1800 950 5.240
1787280051 85.9 85.9 85.0 85.9 1800 950 5.254
1787280052 85.9 86.8 85.0 85.9 1800 950 5.240
1787280053 85.0 85.9 85.0 85.9 1800 950 5.230
1787280054 85.9 85.9 85.0 85.9 1800 950 5.206
1787280055 85.9 85.9 85.0 85.9 1800 950 5.230
1787280056 85.9 85.9 85.0 85.9 1800 950 5.157
1787280058 85.0 85.9 85.0 85.9 1800 950 5.220
1787280059 85.0 85.9 85.0 85.9 1800 950 5.211
1787280060 85.0 85.9 85.0 85.9 1608 950 5.206
1787280061 85.0 85.9 85.0 85.9 1608 950 5.264
1787280062 85.9 85.9 85.0 85.9 1608 950 5.278
1787280063 85.0 85.0 84.1 85.0 1800 950 5.182
1787280064 85.9 85.9 85.0 85.9 1608 950 5.244
1787280065 85.0 85.0 84.1 85.9 1608 950 5.235
1787280066 85.9 86.8 85.0 85.9 1608 950 5.259
1787280068 85.0 85.9 85.0 85.9 1608 950 5.240
1787280069 85.0 85.9 84.1 85.9 1608 950 5.249
1787280070 85.9 85.9 85.0 85.9 1608 950 5.225
1787280071 85.0 85.9 85.0 85.9 1608 950 5.157
1787280072 85.0 85.9 85.0 85.9 1608 950 5.201
1787280073 85.0 85.9 84.1 85.9 1800 950 5.206
1787280074 85.0 85.9 85.0 85.9 1608 950 5.244
1787280075 85.0 85.9 84.1 85.9 1608 950 5.211
1787280077 85.0 85.9 84.1 85.9 1608 950 5.201
1787280078 85.0 85.9 84.1 85.9 1800 950 5.230
1787280079 85.0 85.9 84.1 85.0 1800 950 5.215
1787280080 85.9 85.9 85.0 85.0 1608 950 5.225
1787280081 85.9 85.9 84.1 85.9 1800 950 5.240
1787280082 85.0 85.9 85.0 85.9 1608 950 5.215
1787280083 85.0 85.0 84.1 85.0 1800 950 5.215
1787280084 85.0 85.9 84.1 85.0 1800 950 5.225
1787280085 85.0 85.9 84.1 85.0 1800 950 5.211
1787280087 85.0 85.9 85.0 85.9 1800 950 5.288
1787280088 80.4 79.5 79.5 81.3 2208 950 5.259
1787280089 78.5 77.6 77.6 78.5 2208 950 5.283
1787280090 77.6 76.7 76.7 78.5 2208 950 5.259
1787280091 76.7 75.8 75.8 76.7 2208 950 5.230
1787280092 75.8 75.8 74.8 75.8 2208 950 5.254
1787280093 75.8 74.8 74.8 75.8 2208 950 5.283
1787280094 74.8 74.8 73.9 74.8 2208 950 5.283
1787280095 74.8 73.9 73.9 74.8 2208 950 5.230
1787280096 74.8 73.9 73.0 73.9 2208 950 5.240
1787280097 73.9 73.0 73.0 73.9 2208 950 5.244
1787280098 73.9 73.0 73.0 73.9 2208 950 5.273
1787280099 73.0 73.0 72.1 73.9 2208 950 5.254
1787280101 73.0 72.1 72.1 73.0 2208 950 5.225
1787280102 73.0 72.1 72.1 73.0 2208 950 5.249
1787280103 72.1 72.1 71.2 73.0 2208 950 5.254
1787280104 72.1 71.2 71.2 72.1 2208 950 5.307
1787280105 75.8 75.8 74.8 75.8 2208 950 5.240
1787280106 76.7 76.7 75.8 76.7 2208 950 5.235
1787280107 76.7 77.6 76.7 77.6 2208 950 5.225
1787280108 77.6 77.6 76.7 77.6 2208 950 5.230
1787280109 77.6 78.5 77.6 78.5 2208 950 5.211
1787280110 78.5 78.5 77.6 78.5 2208 950 5.225
1787280111 78.5 79.5 77.6 79.5 2208 950 5.259
1787280112 78.5 79.5 77.6 79.5 2208 950 5.240
1787280113 79.5 80.4 79.5 80.4 2208 950 5.167
1787280114 79.5 79.5 78.5 79.5 2208 950 5.225
1787280115 75.8 74.8 73.9 75.8 2208 950 5.283
1787280117 73.9 73.9 73.9 74.8 2208 950 5.293
1787280118 79.5 79.5 78.5 80.4 2208 950 5.201
1787280119 81.3 82.2 80.4 83.2 2208 950 5.225
1787280120 83.2 83.2 82.2 84.1 2208 950 5.148
1787280121 83.2 83.2 82.2 85.0 2208 950 5.215
1787280122 84.1 84.1 83.2 85.0 2016 950 5.182
1787280123 84.1 84.1 83.2 85.0 2016 950 5.215
1787280124 84.1 85.0 83.2 85.0 2208 950 5.206
1787280126 84.1 85.0 84.1 85.9 2016 950 5.220
1787280127 85.0 85.9 84.1 85.9 2016 950 5.220
1787280128 85.0 85.0 84.1 85.9 2016 950 5.186
1787280129 85.0 85.0 84.1 85.9 2016 950 5.201
1787280130 85.0 85.9 84.1 85.9 2016 950 5.211
1787280131 85.0 85.9 84.1 85.9 2016 950 5.220
1787280132 85.0 85.9 84.1 85.0 1800 950 5.191
1787280134 85.9 85.9 85.0 85.9 1800 950 5.220
1787280135 85.0 85.9 84.1 85.0 1800 950 5.206
1787280136 85.0 85.9 84.1 85.9 1800 950 5.182
1787280137 85.0 85.9 84.1 85.9 1800 950 5.186
1787280138 85.9 86.8 85.0 85.9 1800 950 5.172
1787280139 85.0 85.9 84.1 85.0 1800 950 5.215
1787280140 85.9 86.8 85.0 85.9 1608 950 5.211
1787280142 85.9 85.9 85.0 85.9 1608 950 5.206
1787280143 85.9 85.9 84.1 85.9 1608 950 5.206
1787280144 85.9 86.8 85.0 85.9 1608 950 5.215
1787280145 85.9 85.9 85.0 85.9 1608 950 5.211
1787280146 85.9 85.9 85.0 85.9 1608 950 5.191
1787280147 85.9 86.8 85.0 85.9 1608 950 5.244
1787280148 85.0 85.9 84.1 85.9 1608 950 5.230
1787280150 85.9 86.8 85.0 85.9 1608 950 5.240
1787280151 85.0 86.8 85.0 85.9 1608 950 5.211
1787280152 85.9 85.9 85.0 85.9 1608 950 5.211
1787280153 85.9 86.8 85.0 85.9 1608 950 5.225
1787280154 85.9 86.8 85.0 85.9 1608 950 5.191
1787280155 85.0 86.8 85.0 85.9 1608 950 5.230
1787280157 85.9 86.8 85.0 85.9 1608 950 5.215
1787280158 85.0 85.9 85.0 85.9 1608 950 5.225
1787280159 85.9 86.8 85.0 85.9 1608 950 5.220
1787280160 85.9 86.8 85.9 85.9 1608 950 5.211
1787280161 85.9 86.8 85.0 85.9 1608 950 5.220
1787280162 85.9 85.9 85.0 85.9 1416 950 5.196
1787280163 85.9 85.9 85.0 85.9 1416 950 5.225
1787280165 85.9 86.8 85.0 85.9 1416 950 5.225
1787280166 85.0 85.9 84.1 85.0 1608 950 5.182
1787280167 85.9 86.8 85.0 85.9 1416 950 5.215
1787280168 85.9 85.9 85.0 85.9 1416 950 5.240
1787280169 85.9 86.8 85.0 85.9 1416 950 5.254
1787280170 85.9 86.8 85.0 85.9 1416 950 5.240
1787280171 85.9 86.8 85.0 85.9 1416 950 5.230
1787280173 85.0 85.9 85.0 85.0 1416 950 5.215
1787280174 85.9 86.8 85.0 85.9 1416 950 5.215
1787280175 85.9 86.8 85.0 85.9 1416 950 5.259
1787280176 85.9 85.9 85.0 85.9 1416 950 5.186
1787280177 85.9 86.8 85.0 85.9 1416 950 5.240
1787280178 80.4 79.5 79.5 80.4 2208 950 5.307
1787280179 78.5 78.5 77.6 79.5 2208 950 5.240
1787280180 78.5 77.6 77.6 79.5 2208 950 5.288
1787280182 76.7 76.7 75.8 76.7 2208 950 5.259
1787280183 76.7 75.8 75.8 76.7 2208 950 5.254
1787280184 75.8 74.8 74.8 75.8 2208 950 5.249
1787280185 75.8 74.8 74.8 75.8 2208 950 5.235
1787280186 74.8 74.8 73.9 75.8 2208 950 5.230
1787280187 74.8 73.9 73.9 75.8 2208 950 5.240
1787280188 73.9 73.9 73.0 74.8 2208 950 5.298
1787280189 73.9 73.0 73.0 73.9 2208 950 5.249
1787280190 73.9 73.0 73.0 73.9 2208 950 5.254
1787280191 73.0 73.0 72.1 73.0 2208 950 5.273
1787280192 73.0 72.1 72.1 73.0 2208 950 5.244
1787280193 73.0 72.1 71.2 73.0 2208 950 5.230
1787280194 72.1 72.1 71.2 72.1 2208 950 5.293
1787280195 72.1 71.2 71.2 72.1 2208 950 5.225
1787280197 71.2 71.2 71.2 72.1 2208 950 5.283
1787280198 71.2 71.2 70.2 72.1 2208 950 5.254
1787280199 71.2 71.2 70.2 71.2 2208 950 5.235
1787280200 71.2 70.2 70.2 71.2 2208 950 5.302
1787280201 70.2 70.2 70.2 71.2 2208 950 5.244
1787280202 73.0 73.9 72.1 74.8 2208 950 5.196
1787280203 77.6 77.6 76.7 78.5 2208 950 5.220
1787280204 80.4 80.4 79.5 80.4 2208 950 5.244
1787280205 80.4 81.3 80.4 82.2 2208 950 5.235
1787280206 81.3 82.2 81.3 83.2 2208 950 5.225
1787280208 82.2 83.2 82.2 83.2 2208 950 5.177
1787280209 83.2 84.1 82.2 84.1 2208 950 5.182
1787280210 84.1 84.1 83.2 85.0 2208 950 5.211
1787280211 84.1 84.1 83.2 85.0 2208 950 5.225
1787280212 84.1 84.1 83.2 85.0 2016 950 5.206
1787280213 85.0 85.0 84.1 85.0 2208 950 5.225
1787280214 84.1 85.0 84.1 85.0 2016 950 5.215
1787280216 84.1 84.1 84.1 85.9 2016 950 5.225
1787280217 84.1 85.0 83.2 85.0 2016 950 5.235
1787280218 85.0 85.9 84.1 85.9 2016 950 5.215
1787280219 85.9 85.9 85.0 86.8 2016 950 5.182
1787280220 85.0 85.9 84.1 85.9 1800 950 5.225
1787280221 85.0 85.9 84.1 85.9 1800 950 5.244
1787280222 85.0 85.0 84.1 85.9 1800 950 5.225
1787280224 84.1 85.0 84.1 85.0 2016 950 5.220
1787280225 85.0 85.0 84.1 85.0 2016 950 5.157
1787280226 85.0 85.9 84.1 85.9 1800 950 5.177
1787280227 85.0 85.9 84.1 85.9 1800 950 5.211
1787280228 85.0 85.9 84.1 85.0 1800 950 5.211
1787280229 85.0 85.9 84.1 85.9 1800 950 5.220
1787280230 85.0 85.9 84.1 85.9 1800 950 5.201
1787280231 85.0 85.9 84.1 85.9 1800 950 5.240
1787280233 85.0 85.0 84.1 85.9 1800 950 5.211
1787280234 85.9 85.9 85.0 85.9 1800 950 5.215
1787280235 85.9 86.8 85.0 85.9 1800 950 5.259
1787280236 85.0 85.9 85.0 85.9 1800 950 5.191
1787280237 85.9 85.9 85.0 85.9 1800 950 5.235
1787280238 85.9 86.8 85.0 85.9 1608 950 5.201
1787280240 85.0 85.9 85.0 85.0 1800 950 5.230
1787280241 85.0 85.9 85.0 85.9 1608 950 5.186
1787280242 85.0 85.9 85.0 85.9 1608 950 5.206
1787280243 85.9 86.8 85.0 85.9 1608 950 5.215
1787280244 85.0 85.9 85.0 85.9 1608 950 5.196
1787280245 85.0 85.9 84.1 85.0 1800 950 5.215
1787280246 85.9 85.9 84.1 85.0 1608 950 5.225
1787280247 85.9 85.9 84.1 85.9 1608 950 5.240
1787280249 85.0 86.8 85.0 85.9 1608 950 5.220
1787280250 85.0 85.9 85.0 85.0 1608 950 5.230
1787280251 85.9 85.9 85.0 85.9 1608 950 5.259
1787280252 85.0 85.9 84.1 85.9 1800 950 5.215
1787280253 85.0 85.9 84.1 85.9 1608 950 5.249
1787280254 85.9 85.9 85.0 86.8 1800 950 5.186
1787280255 85.0 85.9 85.0 85.9 1608 950 5.269
1787280257 85.0 85.9 85.0 85.9 1608 950 5.215
1787280258 85.0 85.9 85.0 85.9 1608 950 5.235
1787280259 85.0 85.9 84.1 85.0 1800 950 5.244
1787280260 85.0 85.9 84.1 85.9 1608 950 5.211
1787280261 85.0 85.9 85.0 85.9 1608 950 5.206
1787280262 85.0 85.9 84.1 85.9 1608 950 5.143
1787280263 84.1 85.0 84.1 85.9 2016 950 5.206
1787280264 85.9 86.8 85.9 86.8 1608 950 5.211
1787280266 85.0 85.9 84.1 85.9 1608 950 5.215
1787280267 85.0 85.9 85.0 85.9 1608 950 5.307
1787280268 85.0 85.9 85.0 85.9 1608 950 5.191
1787280269 85.0 85.9 85.0 85.9 1608 950 5.215
1787280270 85.0 85.9 85.0 85.9 1608 950 5.230
1787280271 85.0 85.9 85.0 85.0 1608 950 5.225
1787280272 85.9 85.9 85.0 85.0 1608 950 5.215
1787280274 85.0 85.9 84.1 85.0 1800 950 5.206
1787280275 85.0 85.9 85.0 85.0 1800 950 5.206
1787280276 85.0 85.9 85.0 85.9 1608 950 5.240
1787280277 85.0 85.0 84.1 85.0 1608 950 5.240
1787280278 85.0 85.0 84.1 85.0 1608 950 5.201
1787280279 85.9 85.9 84.1 85.0 1608 950 5.225
1787280280 85.0 85.9 85.0 85.9 1608 950 5.215
1787280281 85.9 86.8 85.0 85.0 1608 950 5.211
1787280283 85.9 86.8 85.9 86.8 1608 950 5.230
1787280284 85.0 85.9 85.0 85.0 1800 950 5.215
1787280285 85.0 85.9 85.0 85.9 1608 950 5.211
1787280286 85.0 85.9 85.0 85.9 1608 950 5.254
1787280287 85.0 85.9 84.1 85.9 1800 950 5.182
1787280288 85.0 85.9 85.0 85.0 1608 950 5.230
1787280289 85.0 85.9 85.0 85.0 1608 950 5.196
1787280290 85.0 85.0 84.1 85.0 1800 950 5.230
1787280291 85.0 85.0 84.1 85.0 1800 950 5.220
1787280293 85.0 85.0 84.1 85.9 1608 950 5.230
1787280294 85.0 85.9 84.1 85.9 1608 950 5.254
1787280295 85.0 85.9 85.0 85.0 1608 950 5.244
1787280296 85.9 85.9 85.0 85.9 1608 950 5.259
1787280297 85.0 85.9 85.0 85.9 1608 950 5.230
1787280298 85.0 85.9 84.1 85.0 1608 950 5.225
1787280299 85.0 85.9 85.0 85.9 1608 950 5.225
1787280300 85.0 85.9 85.0 85.9 1608 950 5.244
1787280302 85.0 85.9 84.1 85.9 1608 950 5.225
1787280303 85.0 85.9 85.0 85.9 1608 950 5.225
1787280304 85.0 85.9 84.1 85.0 1608 950 5.230
1787280305 85.0 85.9 85.0 85.9 1608 950 5.138
1787280306 85.9 85.9 84.1 85.9 1800 950 5.235
1787280307 85.0 85.9 85.0 85.9 1800 950 5.162
1787280308 85.9 85.9 85.0 85.9 1800 950 5.225
1787280309 85.9 85.9 85.0 85.9 1800 950 5.235
1787280310 85.0 85.9 85.0 85.9 1800 950 5.240
1787280312 85.9 85.9 85.0 85.9 1800 950 5.254
1787280313 85.0 85.9 85.0 85.9 1608 950 5.172
1787280314 85.0 85.9 85.0 85.9 1608 950 5.186
1787280315 85.9 85.9 84.1 85.0 1608 950 5.225
1787280316 85.9 85.9 85.0 85.9 1608 950 5.206
1787280317 85.0 85.9 85.0 85.9 1608 950 5.220
1787280318 85.0 85.9 84.1 85.0 1800 950 5.206
1787280319 85.0 85.9 84.1 85.9 1800 950 5.211
1787280321 85.0 85.9 85.0 85.9 1608 950 5.225
1787280322 85.0 85.9 84.1 85.0 1608 950 5.182
1787280323 85.0 85.9 85.0 85.9 1608 950 5.206
1787280324 81.3 81.3 80.4 81.3 2208 950 5.215
1787280325 85.0 85.9 85.0 85.9 2016 950 5.240
1787280326 85.9 86.8 85.0 86.8 1800 950 5.235
1787280327 85.0 85.9 85.0 85.9 1416 950 5.249
1787280328 85.0 85.9 85.0 85.0 1416 950 5.225
1787280329 85.0 85.0 84.1 85.0 1608 950 5.244
1787280331 85.0 85.9 85.0 85.0 1608 950 5.235
1787280332 85.0 85.9 84.1 85.0 1608 950 5.191
1787280333 85.9 85.9 85.0 85.9 1608 950 5.206
1787280334 85.0 85.9 85.0 85.9 1608 950 5.225
1787280335 85.0 85.9 85.0 85.0 1608 950 5.215
1787280336 85.0 85.9 84.1 85.9 1608 950 5.225
1787280337 85.0 85.9 85.0 85.0 1608 950 5.230
1787280338 85.0 85.9 85.0 85.9 1608 950 5.211
1787280340 85.0 85.9 85.0 85.0 1608 950 5.220
1787280341 85.0 85.9 84.1 85.0 1800 950 5.186
1787280342 85.9 85.9 85.0 85.9 1608 950 5.201
1787280343 85.0 85.9 85.0 85.9 1608 950 5.244
1787280344 85.0 85.9 85.0 85.9 1608 950 5.215
1787280345 85.0 85.9 85.0 85.9 1800 950 5.215
1787280346 85.0 85.9 85.0 85.9 1608 950 5.235
1787280347 85.9 86.8 85.0 85.9 1608 950 5.201
1787280348 85.0 85.9 85.0 85.9 1608 950 5.244
1787280350 85.0 85.9 85.0 85.0 1800 950 5.249
1787280351 85.9 86.8 85.0 85.9 1608 950 5.220
1787280352 85.0 85.9 85.0 85.9 1608 950 5.244
1787280353 85.0 85.9 85.0 85.9 1608 950 5.206
1787280354 85.9 85.9 85.0 85.0 1608 950 5.244
1787280355 85.0 85.9 85.0 85.9 1608 950 5.191
1787280356 85.0 85.9 84.1 85.0 1800 950 5.220
1787280357 85.0 85.9 84.1 85.0 1608 950 5.244
1787280358 85.0 85.9 84.1 85.0 1800 950 5.162
1787280360 85.0 85.9 84.1 85.0 1800 950 5.220
1787280361 85.9 86.8 85.0 85.9 1800 950 5.211
1787280362 85.0 85.0 84.1 85.0 1608 950 5.215
1787280363 85.0 85.9 84.1 85.9 1800 950 5.254
1787280364 85.0 85.0 84.1 85.0 1800 950 5.201
1787280365 85.0 85.9 84.1 85.0 1800 950 5.167
1787280366 85.0 85.9 84.1 85.0 1800 950 5.201
1787280367 85.0 85.9 84.1 85.9 1800 950 5.230
1787280368 85.0 85.0 84.1 85.0 1800 950 5.215
1787280369 85.0 85.9 84.1 85.9 1800 950 5.235
1787280371 85.0 85.9 84.1 85.0 1800 950 5.220
1787280372 85.0 85.9 84.1 85.9 1800 950 5.230
1787280373 85.0 85.0 84.1 85.0 1800 950 5.244
1787280374 85.0 85.9 84.1 85.9 1800 950 5.211
1787280375 85.9 85.0 85.0 85.0 2016 950 5.162
1787280376 85.0 85.9 85.0 85.9 1800 950 5.240
1787280377 85.0 85.9 84.1 85.9 1800 950 5.264
1787280378 85.0 85.9 85.0 85.9 1800 950 5.211
1787280379 85.9 85.9 84.1 85.9 1800 950 5.240
1787280381 85.0 85.9 85.0 85.9 1800 950 5.211
1787280382 85.0 85.9 85.0 85.9 1800 950 5.196
1787280383 85.0 85.9 85.0 85.9 1800 950 5.244
1787280384 85.0 85.9 84.1 85.0 1800 950 5.240
1787280385 81.3 81.3 80.4 81.3 2208 950 5.302
1787280386 79.5 78.5 78.5 79.5 2208 950 5.269
1787280387 77.6 77.6 76.7 77.6 2208 950 5.298
1787280388 76.7 76.7 76.7 76.7 2208 950 5.244
1787280389 76.7 75.8 75.8 76.7 2208 950 5.269
1787280390 75.8 75.8 74.8 75.8 2208 950 5.288
1787280391 75.8 74.8 74.8 75.8 2208 950 5.302
1787280393 74.8 74.8 73.9 74.8 2208 950 5.298
1787280394 74.8 73.9 73.9 74.8 2208 950 5.288
1787280395 74.8 73.9 73.9 74.8 2208 950 5.244
1787280396 73.9 73.0 73.0 73.9 2208 950 5.288
1787280397 73.9 73.0 73.0 73.9 2208 950 5.307
1787280398 73.0 73.0 73.0 73.0 2208 950 5.307
1787280399 73.0 72.1 72.1 73.0 2208 950 5.264
1787280400 73.0 72.1 72.1 73.0 2208 950 5.254
1787280401 72.1 72.1 71.2 73.0 2208 950 5.230
1787280402 73.0 73.0 73.0 73.9 2208 950 5.264
1787280403 75.8 76.7 75.8 76.7 2208 950 5.225
1787280404 76.7 77.6 76.7 77.6 2208 950 5.244
1787280405 77.6 78.5 76.7 78.5 2208 950 5.211
1787280406 78.5 78.5 77.6 79.5 2208 950 5.225
1787280407 78.5 79.5 77.6 79.5 2208 950 5.240
1787280409 78.5 79.5 77.6 79.5 2208 950 5.211
1787280410 78.5 79.5 78.5 79.5 2208 950 5.235
1787280411 78.5 79.5 78.5 79.5 2208 950 5.206
1787280412 78.5 79.5 78.5 79.5 2208 950 5.240
1787280413 76.7 75.8 74.8 76.7 2208 950 5.307
1787280414 75.8 74.8 74.8 76.7 2208 950 5.249
1787280415 73.9 73.0 73.0 73.9 2208 950 5.259
1787280416 80.4 81.3 80.4 82.2 2208 950 5.191
1787280417 82.2 83.2 81.3 84.1 2208 950 5.186
1787280418 83.2 83.2 82.2 84.1 2208 950 5.235
1787280419 84.1 84.1 83.2 85.0 2208 950 5.186
1787280421 83.2 84.1 83.2 84.1 2208 950 5.206
1787280422 84.1 84.1 83.2 85.0 2016 950 5.191
1787280423 84.1 85.0 83.2 85.0 2208 950 5.191
1787280424 85.0 85.9 84.1 85.9 2016 950 5.225
1787280425 85.0 85.9 84.1 85.9 2016 950 5.201
1787280426 85.0 85.9 84.1 85.9 2016 950 5.196
1787280427 85.0 85.9 84.1 85.9 2016 950 5.182
1787280429 85.9 85.9 85.0 85.9 2016 950 5.230
1787280430 85.0 85.0 84.1 85.0 2016 950 5.162
1787280431 85.9 85.9 84.1 85.9 1800 950 5.186
1787280432 85.9 86.8 85.0 85.9 1800 950 5.235
1787280433 85.0 85.9 85.0 85.9 1800 950 5.206
1787280434 85.0 85.9 84.1 85.9 1800 950 5.186
1787280435 85.0 85.9 84.1 85.9 1800 950 5.211
1787280437 85.9 86.8 85.0 85.9 1800 950 5.196
1787280438 85.9 85.9 85.0 85.9 1800 950 5.182
1787280439 85.0 85.9 85.0 85.9 1800 950 5.211
1787280440 85.9 85.9 85.0 85.9 1608 950 5.215
1787280441 85.0 85.9 85.0 85.9 1608 950 5.249
1787280442 85.9 86.8 85.0 85.9 1608 950 5.220
1787280443 85.0 85.9 84.1 85.9 1608 950 5.215
1787280445 85.9 85.9 84.1 85.9 1608 950 5.240
1787280446 85.9 86.8 85.0 85.9 1608 950 5.230
1787280447 85.9 85.9 85.0 85.9 1608 950 5.206
1787280448 85.9 86.8 85.0 85.9 1608 950 5.230
1787280449 85.9 85.9 84.1 85.0 1608 950 5.191
1787280450 85.9 86.8 85.0 85.9 1608 950 5.186
1787280452 85.9 86.8 85.0 85.9 1608 950 5.235
1787280453 85.0 85.9 85.0 85.9 1608 950 5.211
1787280454 85.9 85.9 85.0 85.9 1608 950 5.206
1787280455 85.9 86.8 85.0 85.9 1608 950 5.273
1787280456 85.9 86.8 85.9 86.8 1608 950 5.244
1787280457 85.9 86.8 85.9 85.9 1608 950 5.230
1787280458 85.9 86.8 85.0 85.9 1608 950 5.177
1787280460 85.9 86.8 85.0 85.9 1416 950 5.225
1787280461 85.9 86.8 85.9 86.8 1416 950 5.201
1787280462 85.9 86.8 85.0 85.9 1416 950 5.206
1787280463 85.9 86.8 85.9 85.9 1416 950 5.220
1787280464 85.9 86.8 85.0 85.9 1416 950 5.201
1787280465 85.9 86.8 85.0 85.9 1200 950 5.244
1787280466 85.0 85.9 85.0 85.9 1200 950 5.196
1787280468 85.9 86.8 85.0 85.9 1200 950 5.153
1787280469 85.9 86.8 85.0 85.9 1200 950 5.259
1787280470 85.9 86.8 85.0 85.9 1200 950 5.225
1787280471 85.0 85.9 85.0 85.9 1200 950 5.211
1787280472 85.0 85.9 85.0 85.9 1200 950 5.235
1787280473 85.0 86.8 85.0 85.9 1200 950 5.225
1787280475 85.9 85.9 85.0 85.9 1200 950 5.244
1787280476 84.1 84.1 84.1 84.1 1608 950 5.244
1787280477 80.4 79.5 79.5 81.3 2208 950 5.298
1787280478 78.5 77.6 76.7 78.5 2208 950 5.235
1787280479 77.6 76.7 76.7 77.6 2208 950 5.254
1787280480 76.7 75.8 75.8 76.7 2208 950 5.264
1787280481 75.8 75.8 74.8 76.7 2208 950 5.283
1787280482 75.8 74.8 74.8 75.8 2208 950 5.302
1787280483 74.8 74.8 73.9 75.8 2208 950 5.293
1787280484 74.8 73.9 73.9 74.8 2208 950 5.259
1787280485 73.9 73.9 73.0 73.9 2208 950 5.298
1787280486 73.9 73.0 73.0 73.9 2208 950 5.244
1787280487 73.0 73.0 73.0 73.9 2208 950 5.283
1787280489 73.0 73.0 72.1 73.0 2208 950 5.293
1787280490 73.0 72.1 72.1 73.0 2208 950 5.288
1787280491 72.1 72.1 72.1 73.0 2208 950 5.278
1787280492 72.1 72.1 71.2 72.1 2208 950 5.225
1787280493 72.1 72.1 71.2 72.1 2208 950 5.264
1787280494 72.1 71.2 71.2 72.1 2208 950 5.230
1787280495 72.1 71.2 70.2 71.2 2208 950 5.293
1787280496 71.2 71.2 70.2 71.2 2208 950 5.302
1787280497 71.2 70.2 70.2 71.2 2208 950 5.235
1787280498 70.2 70.2 70.2 71.2 2208 950 5.230
1787280499 70.2 70.2 69.3 71.2 2208 950 5.235
1787280500 75.8 76.7 75.8 76.7 2208 950 5.249
1787280501 78.5 78.5 78.5 80.4 2208 950 5.133
1787280503 79.5 81.3 79.5 81.3 2208 950 5.186
1787280504 81.3 81.3 80.4 81.3 2208 950 5.230
1787280505 82.2 82.2 81.3 84.1 2208 950 5.186
1787280506 83.2 84.1 82.2 84.1 2208 950 5.196
1787280507 84.1 84.1 83.2 84.1 2208 950 5.220
1787280508 83.2 84.1 83.2 85.0 2208 950 5.157
1787280509 82.2 82.2 82.2 84.1 2208 950 5.177
1787280511 84.1 85.0 84.1 85.9 2208 950 5.191
1787280512 84.1 85.0 84.1 85.9 2016 950 5.225
1787280513 84.1 85.0 84.1 85.0 2208 950 5.215
1787280514 84.1 84.1 84.1 85.0 2016 950 5.235
1787280515 85.0 85.0 84.1 85.0 2016 950 5.201
1787280516 85.0 85.9 84.1 85.9 2016 950 5.191
1787280517 85.0 85.9 84.1 86.8 2016 950 5.196
1787280518 85.0 85.0 84.1 85.9 1800 950 5.220
1787280520 85.0 85.0 84.1 85.0 1800 950 5.211
1787280521 85.0 85.9 84.1 85.9 1800 950 5.235
1787280522 85.0 85.9 84.1 85.9 2016 950 5.211
1787280523 85.0 85.9 84.1 85.0 1800 950 5.206
1787280524 85.9 85.9 84.1 85.9 1800 950 5.182
1787280525 85.0 85.0 84.1 85.9 1800 950 5.186
1787280526 84.1 85.0 84.1 85.9 1800 950 5.201
1787280528 85.0 85.9 84.1 85.9 1800 950 5.215
1787280529 85.0 85.9 84.1 85.9 1800 950 5.240
1787280530 85.0 85.9 84.1 85.9 1800 950 5.206
1787280531 85.0 85.9 85.0 85.9 1800 950 5.225
1787280532 85.0 85.9 84.1 85.9 1800 950 5.225
1787280533 85.0 85.0 85.0 85.0 1800 950 5.240
1787280534 85.0 85.9 84.1 85.9 1800 950 5.220
1787280536 85.0 85.9 84.1 85.0 1800 950 5.220
1787280537 85.0 85.9 85.0 85.9 1800 950 5.220
1787280538 85.0 85.9 84.1 85.0 1800 950 5.191
1787280539 85.0 85.9 85.0 85.9 1800 950 5.240
1787280540 85.0 85.9 85.0 85.9 1800 950 5.196
1787280541 85.0 86.8 85.0 85.9 1800 950 5.211
1787280542 85.9 86.8 85.0 85.9 1608 950 5.220
1787280544 85.9 85.9 85.0 85.9 1608 950 5.230
1787280545 85.0 85.9 84.1 85.9 1800 950 5.259
1787280546 85.9 85.9 85.0 85.9 1608 950 5.244
1787280547 85.0 85.9 85.0 85.0 1800 950 5.235
1787280548 85.0 85.9 84.1 85.0 1800 950 5.211
1787280549 85.0 85.9 85.0 85.9 1608 950 5.254
1787280550 85.9 85.9 84.1 85.0 1608 950 5.244
1787280551 85.9 85.9 85.0 85.0 1608 950 5.167
1787280553 85.0 85.0 84.1 85.0 1800 950 5.254
1787280554 85.0 85.9 85.0 85.9 1608 950 5.215
1787280555 85.0 85.9 84.1 85.0 1800 950 5.201
1787280556 85.0 85.9 84.1 85.9 1800 950 5.201
1787280557 85.9 86.8 85.0 85.9 1800 950 5.235
1787280558 85.9 86.8 85.9 85.9 1608 950 5.201
1787280559 85.9 86.8 85.0 85.9 1608 950 5.230
1787280561 83.2 82.2 82.2 83.2 2208 950 5.293
1787280562 84.1 84.1 83.2 85.0 2208 950 5.215
1787280563 85.9 86.8 85.0 85.9 1800 950 5.225
1787280564 85.9 86.8 85.0 85.9 1608 950 5.191
1787280565 85.0 85.9 85.0 85.9 1608 950 5.215
1787280566 85.9 86.8 85.0 85.9 1608 950 5.177
1787280567 85.0 85.9 85.0 85.9 1800 950 5.249
1787280569 85.0 85.9 85.0 85.9 1608 950 5.182
1787280570 85.0 85.9 84.1 85.9 1608 950 5.249
1787280571 85.9 85.9 85.0 85.9 1608 950 5.196
1787280572 85.0 85.9 85.0 85.0 1800 950 5.182
1787280573 85.9 85.9 85.0 85.9 1800 950 5.191
1787280574 85.9 86.8 85.0 85.9 1608 950 5.157
1787280575 85.9 85.9 85.0 85.9 1608 950 5.230
1787280577 85.0 85.9 85.0 85.9 1608 950 5.220
1787280578 85.0 85.9 85.0 85.9 1608 950 5.225
1787280579 85.0 85.9 85.0 85.9 1608 950 5.225
1787280580 85.9 85.9 85.0 85.0 1608 950 5.206
1787280581 85.9 86.8 85.0 85.9 1608 950 5.196
1787280582 85.9 85.9 85.0 85.9 1608 950 5.240
1787280583 85.9 86.8 85.0 85.9 1608 950 5.220
1787280585 85.9 85.9 85.0 85.9 1608 950 5.215
1787280586 85.9 86.8 85.0 85.9 1608 950 5.235
1787280587 85.9 86.8 85.0 85.9 1608 950 5.230
1787280588 85.0 86.8 85.0 85.9 1608 950 5.220
1787280589 85.0 85.9 84.1 85.9 1608 950 5.225
1787280590 85.9 85.9 85.0 85.9 1608 950 5.249
1787280591 85.9 86.8 85.0 85.9 1608 950 5.196
1787280593 85.0 85.9 85.0 85.9 1608 950 5.191
1787280594 85.0 85.9 84.1 85.9 1800 950 5.244
1787280595 85.0 85.9 85.0 85.9 1608 950 5.191
1787280596 85.9 86.8 85.0 85.9 1608 950 5.225
1787280597 85.0 85.0 84.1 85.0 1608 950 5.230
1787280598 85.0 85.9 84.1 85.9 1608 950 5.186
1787280599 85.0 85.9 84.1 85.0 1800 950 5.167
1787280600 85.0 85.9 84.1 85.9 1608 950 5.196
1787280602 85.0 85.9 85.0 85.9 1608 950 5.235
1787280603 85.0 85.9 84.1 85.9 1608 950 5.211
1787280604 85.0 85.9 84.1 85.9 1608 950 5.225
1787280605 85.0 85.9 85.0 85.9 1608 950 5.201
1787280606 85.0 85.9 85.0 85.9 1608 950 5.201
1787280607 85.9 85.9 85.0 85.9 1608 950 5.220
1787280608 85.0 85.9 84.1 85.0 1608 950 5.230
1787280609 85.0 85.9 84.1 85.9 1800 950 5.186
1787280611 85.0 85.0 84.1 84.1 1800 950 5.249
1787280612 85.0 85.9 84.1 85.9 1800 950 5.254
1787280613 85.0 85.9 85.0 85.9 1608 950 5.201
1787280614 85.0 85.0 84.1 85.0 1608 950 5.230
1787280615 85.0 85.9 85.0 85.9 1608 950 5.215
1787280616 85.0 85.9 85.0 85.9 1608 950 5.220
1787280617 85.0 85.9 85.0 85.9 1608 950 5.230
1787280618 85.0 85.9 84.1 85.0 1608 950 5.220
1787280620 85.0 85.9 84.1 85.9 1608 950 5.283
1787280621 85.0 85.9 84.1 85.9 1608 950 5.235
1787280622 82.2 81.3 81.3 82.2 2208 950 5.249
1787280623 84.1 85.0 83.2 85.0 2016 950 5.230
1787280624 85.9 85.9 85.0 85.9 1800 950 5.240
1787280625 85.9 85.9 85.0 85.9 1800 950 5.269
1787280626 85.0 86.8 85.0 85.9 1608 950 5.201
1787280627 85.9 86.8 85.0 85.9 1608 950 5.211
1787280629 85.9 85.9 85.0 85.9 1608 950 5.235
1787280630 85.0 85.9 85.0 85.9 1608 950 5.259
1787280631 85.9 85.9 85.0 85.9 1608 950 5.244
1787280632 85.0 85.9 85.0 85.9 1608 950 5.273
1787280633 85.0 85.9 85.0 85.9 1608 950 5.206
1787280634 85.9 86.8 85.0 85.9 1608 950 5.240
1787280635 85.9 86.8 85.0 85.9 1608 950 5.215
1787280637 85.9 86.8 85.0 85.9 1608 950 5.196
1787280638 85.0 85.9 85.0 85.9 1608 950 5.235
1787280639 85.0 85.9 85.0 85.9 1608 950 5.196
1787280640 85.9 85.9 85.0 85.9 1608 950 5.244
1787280641 85.0 85.9 84.1 85.0 1608 950 5.225
1787280642 85.0 85.9 84.1 85.0 1608 950 5.249
1787280643 85.9 86.8 85.0 85.9 1608 950 5.220
1787280644 85.9 85.9 85.0 85.9 1608 950 5.235
1787280646 85.0 85.9 85.0 85.9 1608 950 5.220
1787280647 85.9 85.9 85.0 85.9 1608 950 5.211
1787280648 85.0 85.9 84.1 85.9 1608 950 5.196
1787280649 85.0 85.9 84.1 85.0 1608 950 5.264
1787280650 85.9 85.9 84.1 85.0 1800 950 5.220
1787280651 85.0 85.9 84.1 85.9 1608 950 5.259
1787280652 85.0 85.9 84.1 85.0 1608 950 5.211
