epoch soc_c npu_c ddr_c bigcore_c cpu_mhz npu_mhz volt_v
1787288751 49.9 49.9 49.0 50.8 2208 950 5.269
1787288752 48.1 48.1 47.2 49.0 2208 950 5.302
1787288753 53.6 54.5 52.7 54.5 2208 950 5.220
1787288754 56.4 57.3 55.5 58.2 2208 950 5.215
1787288755 57.3 57.3 56.4 58.2 2208 950 5.269
1787288756 58.2 58.2 56.4 59.2 2208 950 5.211
1787288758 59.2 59.2 58.2 60.1 2208 950 5.177
1787288759 59.2 60.1 58.2 61.0 2208 950 5.177
1787288760 59.2 59.2 58.2 60.1 2208 950 5.186
1787288761 60.1 61.0 59.2 61.9 2208 950 5.196
1787288762 61.0 61.0 60.1 61.9 2208 950 5.191
1787288763 60.1 61.0 59.2 61.0 2208 950 5.211
1787288765 61.0 61.0 60.1 61.9 2208 950 5.283
1787288766 61.9 61.9 61.0 63.8 2208 950 5.215
1787288767 61.9 62.8 61.0 62.8 2208 950 5.211
1787288768 61.9 62.8 61.0 63.8 2208 950 5.235
1787288769 61.9 62.8 61.9 63.8 2208 950 5.201
1787288770 61.9 62.8 61.9 63.8 2208 950 5.235
1787288771 62.8 62.8 61.9 63.8 2208 950 5.225
1787288773 63.8 63.8 62.8 64.7 2208 950 5.196
1787288774 62.8 62.8 61.9 63.8 2208 950 5.206
1787288775 63.8 63.8 62.8 64.7 2208 950 5.235
1787288776 63.8 64.7 63.8 64.7 2208 950 5.186
1787288777 63.8 64.7 62.8 65.6 2208 950 5.201
1787288778 64.7 64.7 63.8 65.6 2208 950 5.254
1787288779 64.7 65.6 63.8 66.5 2208 950 5.196
1787288780 65.6 66.5 64.7 67.5 2208 950 5.206
1787288782 65.6 66.5 64.7 67.5 2208 950 5.191
1787288783 65.6 66.5 65.6 67.5 2208 950 5.215
1787288784 66.5 67.5 65.6 67.5 2208 950 5.177
1787288785 65.6 66.5 65.6 67.5 2208 950 5.196
1787288786 66.5 67.5 65.6 67.5 2208 950 5.206
1787288787 67.5 68.4 66.5 68.4 2208 950 5.215
1787288788 67.5 67.5 66.5 67.5 2208 950 5.157
1787288789 67.5 68.4 66.5 69.3 2208 950 5.191
1787288791 67.5 67.5 66.5 67.5 2208 950 5.215
1787288792 67.5 68.4 66.5 69.3 2208 950 5.264
1787288793 68.4 68.4 67.5 69.3 2208 950 5.240
1787288794 68.4 69.3 67.5 69.3 2208 950 5.254
1787288795 68.4 69.3 67.5 70.2 2208 950 5.211
1787288796 68.4 69.3 67.5 70.2 2208 950 5.191
1787288797 68.4 69.3 67.5 69.3 2208 950 5.235
1787288798 69.3 70.2 68.4 70.2 2208 950 5.215
1787288800 69.3 69.3 68.4 70.2 2208 950 5.186
1787288801 69.3 70.2 68.4 70.2 2208 950 5.230
1787288802 69.3 70.2 69.3 71.2 2208 950 5.191
1787288803 70.2 70.2 69.3 71.2 2208 950 5.182
1787288804 69.3 69.3 68.4 70.2 2208 950 5.177
1787288805 71.2 71.2 70.2 71.2 2208 950 5.196
1787288806 70.2 71.2 69.3 71.2 2208 950 5.201
1787288807 70.2 71.2 70.2 72.1 2208 950 5.196
1787288809 71.2 71.2 70.2 72.1 2208 950 5.215
1787288810 70.2 71.2 69.3 71.2 2208 950 5.215
1787288811 71.2 72.1 70.2 73.0 2208 950 5.196
1787288812 70.2 71.2 70.2 71.2 2208 950 5.206
1787288813 67.5 66.5 65.6 67.5 2208 950 5.244
1787288814 69.3 70.2 68.4 70.2 2208 950 5.201
1787288815 71.2 71.2 69.3 71.2 2208 950 5.220
1787288816 71.2 72.1 70.2 71.2 2208 950 5.215
1787288818 71.2 71.2 70.2 72.1 2208 950 5.230
1787288819 72.1 72.1 71.2 72.1 2208 950 5.235
1787288820 71.2 72.1 70.2 72.1 2208 950 5.220
1787288821 71.2 72.1 71.2 73.0 2208 950 5.215
1787288822 72.1 73.0 72.1 73.0 2208 950 5.215
1787288823 72.1 73.0 71.2 73.0 2208 950 5.206
1787288824 73.0 73.0 72.1 73.0 2208 950 5.225
1787288825 72.1 72.1 71.2 73.0 2208 950 5.259
1787288826 73.0 73.0 72.1 73.9 2208 950 5.288
1787288828 73.0 73.0 72.1 73.9 2208 950 5.196
1787288829 73.0 73.0 72.1 73.9 2208 950 5.225
1787288830 73.9 73.9 73.0 74.8 2208 950 5.235
1787288831 73.9 73.9 73.0 73.9 2208 950 5.220
1787288832 73.0 73.9 73.0 74.8 2208 950 5.177
1787288833 73.9 74.8 73.0 75.8 2208 950 5.215
1787288834 73.9 73.9 73.0 74.8 2208 950 5.162
1787288836 73.9 74.8 73.0 74.8 2208 950 5.191
1787288837 73.0 73.9 72.1 73.9 2208 950 5.230
1787288838 73.9 73.9 73.0 74.8 2208 950 5.235
1787288839 73.9 74.8 73.0 74.8 2208 950 5.153
1787288840 73.9 73.9 73.0 74.8 2208 950 5.215
1787288841 73.9 74.8 73.9 75.8 2208 950 5.191
1787288842 74.8 75.8 74.8 76.7 2208 950 5.196
1787288843 74.8 75.8 74.8 76.7 2208 950 5.225
1787288845 75.8 75.8 73.9 76.7 2208 950 5.240
1787288846 74.8 75.8 73.9 75.8 2208 950 5.220
1787288847 74.8 75.8 73.9 76.7 2208 950 5.196
1787288848 75.8 76.7 74.8 77.6 2208 950 5.167
1787288849 75.8 75.8 74.8 76.7 2208 950 5.230
1787288850 75.8 76.7 74.8 77.6 2208 950 5.182
1787288851 75.8 76.7 74.8 76.7 2208 950 5.225
1787288853 75.8 77.6 75.8 77.6 2208 950 5.201
1787288854 76.7 77.6 75.8 76.7 2208 950 5.249
1787288855 76.7 76.7 75.8 76.7 2208 950 5.196
1787288856 75.8 76.7 75.8 77.6 2208 950 5.211
1787288857 76.7 77.6 75.8 78.5 2208 950 5.211
1787288858 75.8 76.7 75.8 77.6 2208 950 5.240
1787288859 76.7 77.6 75.8 77.6 2208 950 5.235
1787288861 76.7 77.6 75.8 78.5 2208 950 5.177
1787288862 77.6 77.6 76.7 79.5 2208 950 5.177
1787288863 76.7 77.6 76.7 78.5 2208 950 5.211
1787288864 77.6 78.5 76.7 79.5 2208 950 5.211
1787288865 77.6 77.6 76.7 78.5 2208 950 5.172
1787288866 77.6 78.5 76.7 79.5 2208 950 5.244
1787288867 77.6 78.5 76.7 79.5 2208 950 5.225
1787288868 77.6 78.5 76.7 79.5 2208 950 5.201
1787288870 77.6 78.5 76.7 78.5 2208 950 5.201
1787288871 77.6 78.5 77.6 79.5 2208 950 5.215
1787288872 78.5 79.5 77.6 80.4 2208 950 5.269
1787288873 77.6 78.5 77.6 78.5 2208 950 5.215
1787288874 74.8 73.9 73.9 74.8 2208 950 5.278
1787288875 76.7 76.7 75.8 77.6 2208 950 5.220
1787288876 77.6 78.5 77.6 80.4 2208 950 5.153
1787288878 77.6 78.5 76.7 78.5 2208 950 5.215
1787288879 78.5 79.5 77.6 79.5 2208 950 5.201
1787288880 77.6 78.5 77.6 79.5 2208 950 5.273
1787288881 78.5 79.5 77.6 80.4 2208 950 5.196
1787288882 78.5 79.5 77.6 80.4 2208 950 5.230
1787288883 78.5 79.5 77.6 79.5 2208 950 5.186
1787288884 79.5 79.5 78.5 81.3 2208 950 5.196
1787288885 79.5 80.4 78.5 80.4 2208 950 5.211
1787288887 79.5 79.5 78.5 80.4 2208 950 5.220
1787288888 79.5 80.4 78.5 81.3 2208 950 5.211
1787288889 79.5 80.4 79.5 81.3 2208 950 5.206
1787288890 79.5 80.4 78.5 81.3 2208 950 5.167
1787288891 79.5 80.4 79.5 81.3 2208 950 5.220
1787288892 80.4 80.4 79.5 81.3 2208 950 5.186
1787288893 79.5 79.5 78.5 80.4 2208 950 5.225
1787288895 80.4 80.4 79.5 81.3 2208 950 5.186
1787288896 80.4 81.3 79.5 82.2 2208 950 5.220
1787288897 80.4 81.3 80.4 81.3 2208 950 5.186
1787288898 80.4 80.4 79.5 81.3 2208 950 5.240
1787288899 80.4 80.4 79.5 81.3 2208 950 5.186
1787288900 80.4 80.4 79.5 81.3 2208 950 5.215
1787288901 80.4 81.3 80.4 83.2 2208 950 5.211
1787288903 81.3 81.3 80.4 83.2 2208 950 5.167
1787288904 80.4 80.4 79.5 81.3 2208 950 5.206
1787288905 81.3 82.2 80.4 82.2 2208 950 5.225
1787288906 81.3 81.3 80.4 82.2 2208 950 5.225
1787288907 81.3 80.4 79.5 81.3 2208 950 5.196
1787288908 81.3 82.2 80.4 83.2 2208 950 5.186
1787288909 81.3 82.2 80.4 83.2 2208 950 5.191
1787288911 81.3 82.2 80.4 83.2 2208 950 5.196
1787288912 82.2 82.2 80.4 83.2 2208 950 5.196
1787288913 81.3 81.3 81.3 83.2 2208 950 5.167
1787288914 81.3 81.3 80.4 82.2 2208 950 5.215
1787288915 81.3 82.2 80.4 83.2 2208 950 5.264
1787288916 81.3 82.2 80.4 83.2 2208 950 5.215
1787288917 81.3 83.2 81.3 83.2 2208 950 5.230
1787288918 81.3 82.2 81.3 83.2 2208 950 5.157
1787288920 81.3 82.2 81.3 83.2 2208 950 5.206
1787288921 82.2 83.2 81.3 84.1 2208 950 5.211
1787288922 82.2 83.2 81.3 84.1 2208 950 5.215
1787288923 82.2 83.2 81.3 84.1 2208 950 5.211
1787288924 81.3 83.2 81.3 83.2 2208 950 5.172
1787288925 82.2 83.2 81.3 83.2 2208 950 5.244
1787288926 83.2 83.2 82.2 84.1 2208 950 5.138
1787288927 82.2 82.2 81.3 83.2 2208 950 5.244
1787288929 82.2 83.2 81.3 83.2 2208 950 5.230
1787288930 82.2 83.2 81.3 83.2 2208 950 5.215
1787288931 83.2 83.2 82.2 85.0 2208 950 5.177
1787288932 83.2 83.2 82.2 84.1 2208 950 5.225
1787288933 83.2 83.2 82.2 84.1 2208 950 5.235
1787288934 83.2 83.2 82.2 84.1 2208 950 5.220
1787288935 80.4 79.5 79.5 80.4 2208 950 5.244
1787288936 81.3 81.3 80.4 83.2 2208 950 5.215
1787288937 82.2 83.2 81.3 83.2 2208 950 5.172
1787288939 83.2 83.2 82.2 84.1 2208 950 5.215
1787288940 82.2 83.2 81.3 84.1 2208 950 5.177
1787288941 83.2 84.1 83.2 85.0 2208 950 5.196
1787288942 83.2 83.2 82.2 84.1 2208 950 5.235
1787288943 84.1 84.1 82.2 85.0 2208 950 5.215
1787288944 84.1 84.1 83.2 85.0 2208 950 5.235
1787288945 84.1 84.1 83.2 85.0 2208 950 5.128
1787288946 83.2 84.1 82.2 85.0 2208 950 5.235
1787288948 83.2 84.1 83.2 85.0 2208 950 5.201
1787288949 83.2 84.1 83.2 85.0 2208 950 5.201
1787288950 83.2 84.1 83.2 85.0 2208 950 5.167
1787288951 84.1 85.0 83.2 85.0 2208 950 5.264
1787288952 84.1 84.1 83.2 85.0 2208 950 5.182
1787288953 84.1 85.0 83.2 85.0 2208 950 5.153
1787288954 84.1 85.0 83.2 85.0 2016 950 5.206
1787288955 84.1 84.1 83.2 84.1 2208 950 5.177
1787288957 84.1 84.1 83.2 85.0 2208 950 5.235
1787288958 84.1 85.0 83.2 85.0 2208 950 5.240
1787288959 84.1 85.0 83.2 85.9 2016 950 5.244
1787288960 84.1 85.0 83.2 85.0 2016 950 5.244
1787288961 84.1 84.1 83.2 85.0 2208 950 5.220
1787288962 84.1 85.0 83.2 84.1 2208 950 5.235
1787288963 85.0 85.0 83.2 85.0 2016 950 5.211
1787288964 84.1 85.0 84.1 85.0 2016 950 5.249
1787288966 85.0 84.1 83.2 85.0 2208 950 5.220
1787288967 85.0 85.0 83.2 85.0 2016 950 5.240
1787288968 85.0 85.0 84.1 85.9 2016 950 5.201
1787288969 85.0 85.0 83.2 85.9 2016 950 5.196
1787288970 84.1 85.0 83.2 85.9 2016 950 5.215
1787288971 84.1 85.0 83.2 85.0 2016 950 5.196
1787288972 85.0 85.0 84.1 85.9 2016 950 5.201
1787288973 85.0 85.0 84.1 85.9 2016 950 5.196
1787288975 85.0 85.9 84.1 85.9 2016 950 5.206
1787288976 85.0 85.0 83.2 85.0 2016 950 5.206
1787288977 85.0 85.9 84.1 85.9 2016 950 5.230
1787288978 85.0 85.0 84.1 85.0 2016 950 5.201
1787288979 84.1 84.1 83.2 85.0 2016 950 5.240
1787288980 85.0 85.0 84.1 85.9 2016 950 5.167
1787288981 84.1 85.0 84.1 85.0 2208 950 5.201
1787288983 85.0 85.0 84.1 85.0 2208 950 5.201
1787288984 85.0 85.0 84.1 85.0 2016 950 5.196
1787288985 85.0 85.9 84.1 85.0 2016 950 5.240
1787288986 85.0 85.9 84.1 85.9 2016 950 5.225
1787288987 84.1 85.0 83.2 85.0 2208 950 5.206
1787288988 85.0 85.0 84.1 85.0 2016 950 5.254
1787288989 85.0 85.9 84.1 85.9 2016 950 5.225
1787288991 85.0 85.0 84.1 85.9 2016 950 5.254
1787288992 85.0 85.9 84.1 85.9 2016 950 5.225
1787288993 85.0 85.0 84.1 85.9 2016 950 5.211
1787288994 85.0 85.9 84.1 85.9 2016 950 5.225
1787288995 85.0 85.9 84.1 85.9 2016 950 5.201
1787288996 83.2 82.2 81.3 82.2 2208 950 5.278
1787288997 81.3 82.2 80.4 83.2 2208 950 5.220
1787288998 85.0 85.0 84.1 85.9 2016 950 5.215
1787289000 85.0 85.9 84.1 85.9 2016 950 5.206
1787289001 85.0 85.9 84.1 86.8 1800 950 5.215
1787289002 85.0 85.0 84.1 85.0 2016 950 5.230
1787289003 85.0 85.9 84.1 85.9 2016 950 5.186
1787289004 85.0 85.0 84.1 85.9 2016 950 5.264
1787289005 85.0 85.9 84.1 85.0 2016 950 5.186
1787289006 85.0 85.9 84.1 85.9 1800 950 5.201
1787289008 85.0 85.0 84.1 85.0 1800 950 5.215
1787289009 85.0 85.0 84.1 85.0 2016 950 5.225
1787289010 85.0 85.0 83.2 85.9 2016 950 5.162
1787289011 85.0 85.0 84.1 85.0 1800 950 5.215
1787289012 85.0 85.9 85.0 85.9 1800 950 5.177
1787289013 85.0 85.9 84.1 85.0 2016 950 5.206
1787289014 85.0 85.0 84.1 85.0 1800 950 5.191
1787289015 85.0 85.9 84.1 85.0 1800 950 5.249
1787289017 85.0 85.9 84.1 85.9 1800 950 5.162
1787289018 85.0 85.9 84.1 85.0 1800 950 5.215
1787289019 85.0 85.9 84.1 85.9 2016 950 5.182
1787289020 85.0 85.9 84.1 85.0 2016 950 5.206
1787289021 85.0 85.9 85.0 85.9 1800 950 5.215
1787289022 85.0 85.9 85.0 85.9 1800 950 5.220
1787289023 85.0 85.9 84.1 85.9 1800 950 5.225
1787289025 85.0 85.9 84.1 85.9 1800 950 5.182
1787289026 85.0 85.9 85.0 85.9 1800 950 5.220
1787289027 85.9 85.9 85.0 85.0 1800 950 5.220
1787289028 85.0 85.9 84.1 85.0 1800 950 5.220
1787289029 85.9 86.8 85.0 86.8 1800 950 5.191
1787289030 85.0 85.9 84.1 85.9 1800 950 5.215
1787289031 85.0 86.8 84.1 85.9 1800 950 5.220
1787289033 85.0 85.9 84.1 85.9 2016 950 5.220
1787289034 85.0 85.0 84.1 85.0 2016 950 5.259
1787289035 85.0 86.8 85.0 85.9 1800 950 5.230
1787289036 85.0 85.9 85.0 85.9 1800 950 5.201
1787289037 85.9 85.9 85.0 85.9 1800 950 5.220
1787289038 85.0 85.9 85.0 85.9 1800 950 5.186
1787289039 85.0 85.9 84.1 85.0 1800 950 5.201
1787289041 85.0 85.9 85.0 85.9 1608 950 5.196
1787289042 85.0 85.9 84.1 85.0 1800 950 5.201
1787289043 85.0 85.9 84.1 85.0 1800 950 5.177
1787289044 85.9 86.8 85.0 85.9 1800 950 5.211
1787289045 85.0 85.9 85.0 85.9 1800 950 5.230
1787289046 85.9 85.9 85.0 85.9 1800 950 5.211
1787289047 85.0 86.8 85.0 85.9 1800 950 5.167
1787289049 85.9 85.9 85.0 85.9 1800 950 5.201
1787289050 85.0 85.9 85.0 85.9 1800 950 5.191
1787289051 85.9 86.8 85.0 86.8 1608 950 5.182
1787289052 85.0 85.9 84.1 85.9 1800 950 5.259
1787289053 85.0 85.0 84.1 85.0 1800 950 5.215
1787289054 85.0 85.9 84.1 85.9 1608 950 5.220
1787289055 85.0 85.9 85.0 85.9 1608 950 5.230
1787289057 85.0 85.9 84.1 85.9 1800 950 5.182
1787289058 80.4 79.5 79.5 81.3 2208 950 5.254
1787289059 77.6 76.7 76.7 77.6 2208 950 5.240
1787289060 84.1 84.1 82.2 84.1 2208 950 5.211
1787289061 84.1 85.0 83.2 85.0 2016 950 5.206
1787289062 85.0 85.0 84.1 85.9 2016 950 5.244
1787289063 85.9 86.8 85.0 85.9 1608 950 5.235
1787289064 85.0 85.0 84.1 85.0 1800 950 5.254
1787289066 85.0 85.9 84.1 85.0 1800 950 5.225
1787289067 85.0 85.0 84.1 85.0 1800 950 5.230
1787289068 85.0 85.9 84.1 85.9 1800 950 5.211
1787289069 85.0 85.0 84.1 85.0 1800 950 5.235
1787289070 85.0 85.9 85.0 85.9 1800 950 5.215
1787289071 85.0 86.8 84.1 85.9 1800 950 5.225
1787289072 85.0 85.9 84.1 85.0 1800 950 5.211
1787289074 85.9 85.9 85.0 85.9 1800 950 5.206
1787289075 85.9 86.8 85.0 85.9 1800 950 5.235
1787289076 85.9 85.9 85.0 85.9 1800 950 5.235
1787289077 85.9 85.9 85.0 85.9 1800 950 5.153
1787289078 85.9 86.8 85.0 85.9 1800 950 5.215
1787289079 85.0 85.9 85.0 85.0 1800 950 5.235
1787289080 85.0 85.9 85.0 85.9 1608 950 5.211
1787289082 85.0 85.9 85.0 85.0 1608 950 5.211
1787289083 85.9 86.8 85.0 85.9 1608 950 5.177
1787289084 85.0 86.8 85.0 85.9 1608 950 5.191
1787289085 85.9 86.8 85.0 85.9 1608 950 5.201
1787289086 85.9 86.8 85.0 85.9 1608 950 5.196
1787289087 85.0 85.9 85.0 85.9 1608 950 5.254
1787289088 85.0 86.8 85.0 85.9 1608 950 5.211
1787289090 85.9 86.8 85.0 85.9 1608 950 5.211
1787289091 85.9 86.8 85.0 85.9 1608 950 5.264
1787289092 85.9 86.8 85.0 85.9 1608 950 5.167
1787289093 85.9 86.8 85.0 85.9 1608 950 5.235
1787289094 85.0 86.8 85.0 85.9 1608 950 5.196
1787289095 85.0 85.9 85.0 85.9 1608 950 5.288
1787289097 85.0 86.8 85.0 85.9 1800 950 5.201
1787289098 85.0 85.9 85.0 85.0 1608 950 5.201
1787289099 85.9 86.8 85.0 85.9 1608 950 5.196
1787289100 85.9 86.8 85.0 85.9 1608 950 5.254
1787289101 85.0 85.9 84.1 85.0 1800 950 5.269
1787289102 85.0 85.0 85.0 85.9 1800 950 5.273
1787289103 85.0 85.9 85.0 85.9 1608 950 5.186
1787289105 85.9 85.9 85.0 85.9 1608 950 5.235
1787289106 85.0 85.9 84.1 85.9 1608 950 5.186
1787289107 85.9 86.8 85.0 85.9 1608 950 5.162
1787289108 85.0 85.9 85.0 85.9 1608 950 5.244
1787289109 85.9 86.8 85.0 85.9 1608 950 5.220
1787289110 85.9 85.9 85.0 85.0 1800 950 5.225
1787289111 85.0 86.8 85.0 85.9 1800 950 5.264
1787289113 85.9 86.8 85.0 86.8 1608 950 5.230
1787289114 85.9 86.8 85.0 85.9 1800 950 5.211
1787289115 85.0 86.8 85.0 85.9 1800 950 5.230
1787289116 85.0 86.8 85.0 85.9 1608 950 5.201
1787289117 85.0 86.8 85.0 85.9 1608 950 5.172
1787289118 85.0 85.9 85.0 85.9 1608 950 5.191
1787289119 85.9 85.9 85.0 85.9 1608 950 5.215
1787289121 85.0 85.9 84.1 85.0 2016 950 5.177
1787289122 85.9 86.8 85.0 86.8 1608 950 5.191
1787289123 85.0 86.8 85.0 85.9 1608 950 5.206
1787289124 85.9 86.8 85.0 85.9 1800 950 5.186
1787289125 85.9 86.8 85.0 86.8 1800 950 5.191
1787289126 85.0 86.8 85.0 85.9 1608 950 5.186
1787289127 85.9 85.9 85.0 85.0 1800 950 5.162
1787289129 85.9 86.8 85.0 85.9 1608 950 5.177
1787289130 85.9 86.8 85.0 86.8 1608 950 5.220
1787289131 85.9 86.8 85.0 85.9 1608 950 5.235
1787289132 85.0 85.9 85.0 85.9 1608 950 5.215
1787289133 85.9 86.8 85.0 85.9 1608 950 5.186
1787289134 85.0 86.8 85.0 85.9 1608 950 5.230
1787289135 85.9 86.8 85.0 85.9 1608 950 5.196
1787289137 85.9 86.8 85.0 85.9 1608 950 5.215
1787289138 85.0 85.9 84.1 85.0 1800 950 5.206
1787289139 85.9 86.8 85.0 85.9 1608 950 5.196
1787289140 85.9 86.8 85.0 85.9 1608 950 5.230
1787289141 85.9 86.8 85.0 85.9 1608 950 5.172
1787289142 85.0 85.9 85.0 85.9 1608 950 5.201
1787289143 85.9 86.8 85.0 85.9 1608 950 5.215
1787289145 85.9 86.8 85.0 85.9 1608 950 5.225
1787289146 85.9 86.8 85.0 85.9 1608 950 5.201
1787289147 85.9 86.8 85.0 85.9 1608 950 5.215
1787289148 85.9 86.8 85.0 85.9 1608 950 5.235
1787289149 85.9 86.8 85.0 85.9 1608 950 5.220
1787289150 85.9 85.9 85.0 85.9 1608 950 5.191
1787289151 85.9 86.8 85.0 85.9 1608 950 5.196
1787289153 85.9 86.8 85.0 85.9 1608 950 5.225
1787289154 85.9 85.9 85.0 85.9 1608 950 5.225
1787289155 85.9 86.8 85.0 85.9 1608 950 5.206
1787289156 85.0 85.9 84.1 85.0 1608 950 5.220
1787289157 85.9 86.8 85.0 85.9 1416 950 5.172
1787289158 85.9 86.8 85.0 85.9 1416 950 5.186
1787289160 85.0 86.8 85.0 85.9 1416 950 5.235
1787289161 85.9 86.8 85.0 85.9 1416 950 5.206
1787289162 85.9 85.9 85.0 85.0 1608 950 5.254
1787289163 85.0 85.9 84.1 85.0 1608 950 5.235
1787289164 85.0 86.8 85.0 85.0 1608 950 5.264
1787289165 85.9 86.8 85.0 85.9 1608 950 5.172
1787289166 85.9 86.8 85.0 85.9 1416 950 5.206
1787289168 85.9 86.8 85.0 85.9 1416 950 5.211
1787289169 85.9 86.8 85.0 85.9 1608 950 5.196
1787289170 85.9 86.8 85.0 85.9 1416 950 5.230
1787289171 85.0 86.8 85.0 85.9 1416 950 5.215
1787289172 85.9 86.8 85.0 85.9 1416 950 5.220
1787289173 85.0 86.8 85.0 85.0 1416 950 5.220
1787289174 85.0 86.8 85.0 85.0 1608 950 5.177
1787289176 85.0 85.9 85.0 85.9 1416 950 5.225
1787289177 85.9 86.8 85.0 85.9 1416 950 5.211
1787289178 85.9 86.8 85.0 85.9 1416 950 5.225
1787289179 85.9 86.8 85.0 85.0 1608 950 5.235
1787289180 85.9 86.8 85.0 85.9 1416 950 5.215
1787289181 82.2 83.2 81.3 84.1 2208 950 5.307
1787289182 85.9 85.9 85.0 85.9 2016 950 5.230
1787289184 85.9 86.8 85.0 85.9 1800 950 5.182
1787289185 85.0 86.8 85.0 85.9 1608 950 5.244
1787289186 85.0 85.9 85.0 85.9 1608 950 5.215
1787289187 85.9 86.8 85.0 85.0 1608 950 5.240
1787289188 85.9 86.8 85.0 85.9 1608 950 5.191
1787289189 85.9 86.8 85.0 85.9 1608 950 5.230
1787289190 85.9 86.8 85.0 85.9 1608 950 5.249
1787289191 85.9 85.9 84.1 85.9 1608 950 5.220
1787289193 85.0 85.9 85.0 85.9 1608 950 5.196
1787289194 85.9 86.8 85.0 85.9 1608 950 5.211
1787289195 85.9 86.8 85.0 86.8 1608 950 5.196
1787289196 85.9 86.8 85.0 85.9 1608 950 5.211
1787289197 85.9 86.8 85.0 85.9 1608 950 5.215
1787289198 85.9 86.8 85.0 86.8 1608 950 5.191
1787289199 85.9 86.8 85.0 86.8 1608 950 5.196
1787289201 85.9 86.8 85.0 85.9 1608 950 5.186
1787289202 85.9 86.8 85.0 85.9 1608 950 5.235
1787289203 85.9 86.8 85.0 85.9 1416 950 5.225
1787289204 85.9 86.8 85.0 85.9 1416 950 5.191
1787289205 85.9 86.8 85.0 85.9 1416 950 5.186
1787289206 85.9 86.8 85.0 85.9 1416 950 5.172
1787289207 85.9 86.8 85.0 85.9 1416 950 5.220
1787289209 85.9 86.8 85.0 85.9 1416 950 5.215
1787289210 85.9 86.8 85.0 85.9 1416 950 5.182
1787289211 85.9 86.8 85.0 85.9 1416 950 5.196
1787289212 85.9 86.8 85.0 85.9 1416 950 5.225
1787289213 85.9 86.8 85.0 85.9 1416 950 5.215
1787289214 85.9 87.8 85.9 86.8 1416 950 5.153
1787289215 85.9 86.8 85.0 85.9 1416 950 5.225
1787289217 85.9 86.8 85.9 85.9 1416 950 5.215
1787289218 85.9 86.8 85.0 85.9 1416 950 5.244
1787289219 86.8 87.8 85.9 86.8 1416 950 5.186
1787289220 85.9 86.8 85.0 85.9 1416 950 5.191
1787289221 85.9 86.8 85.0 85.9 1416 950 5.206
1787289222 85.9 86.8 85.9 85.9 1416 950 5.230
1787289224 86.8 86.8 85.0 85.9 1416 950 5.235
1787289225 85.9 86.8 85.0 85.9 1416 950 5.201
1787289226 85.9 85.9 85.0 85.9 1416 950 5.240
1787289227 85.9 86.8 85.0 85.9 1416 950 5.230
1787289228 85.0 85.9 85.0 85.9 1416 950 5.206
1787289229 85.9 86.8 85.0 85.9 1416 950 5.215
1787289230 85.9 86.8 85.0 85.9 1416 950 5.211
1787289232 85.9 86.8 85.0 85.9 1416 950 5.215
1787289233 85.9 85.9 85.0 85.9 1416 950 5.196
1787289234 85.9 86.8 85.0 85.9 1416 950 5.177
1787289235 85.9 86.8 85.0 85.9 1416 950 5.220
1787289236 86.8 87.8 85.9 85.9 1416 950 5.196
1787289237 85.9 86.8 85.0 85.9 1200 950 5.191
1787289238 85.9 86.8 85.9 86.8 1200 950 5.235
1787289240 85.9 86.8 85.0 85.9 1200 950 5.225
1787289241 85.9 86.8 85.0 85.9 1200 950 5.235
1787289242 83.2 83.2 82.2 83.2 2016 950 5.259
1787289243 85.0 85.9 85.0 85.9 1800 950 5.225
1787289244 85.9 86.8 85.9 85.9 1608 950 5.191
1787289245 85.9 86.8 85.0 85.9 1608 950 5.230
1787289246 85.9 86.8 85.0 86.8 1416 950 5.201
1787289248 85.9 85.0 85.0 85.9 1608 950 5.230
1787289249 86.8 86.8 85.0 85.9 1416 950 5.201
1787289250 85.9 86.8 85.0 86.8 1416 950 5.215
1787289251 85.9 86.8 85.0 85.9 1416 950 5.206
1787289252 85.9 86.8 85.0 85.9 1416 950 5.177
1787289253 85.9 86.8 85.0 85.9 1416 950 5.182
1787289255 85.9 86.8 85.0 85.9 1416 950 5.196
1787289256 85.9 86.8 85.0 85.9 1416 950 5.201
1787289257 85.9 86.8 85.9 85.9 1416 950 5.230
1787289258 85.9 86.8 85.0 85.9 1416 950 5.206
1787289259 85.9 86.8 85.9 85.9 1416 950 5.244
1787289260 86.8 87.8 85.9 86.8 1200 950 5.220
1787289262 86.8 86.8 85.0 86.8 1200 950 5.230
1787289263 85.9 86.8 85.0 85.9 1200 950 5.225
1787289264 85.9 86.8 85.0 85.9 1200 950 5.186
1787289265 85.9 86.8 85.0 85.9 1200 950 5.230
1787289266 85.9 85.9 85.0 85.9 1416 950 5.215
1787289267 85.9 86.8 85.0 85.9 1416 950 5.244
1787289268 85.9 86.8 85.0 85.9 1416 950 5.225
1787289270 85.9 86.8 85.0 85.9 1416 950 5.215
1787289271 85.9 86.8 85.9 85.9 1416 950 5.225
1787289272 85.9 86.8 85.0 85.9 1416 950 5.230
1787289273 85.9 86.8 85.0 85.0 1416 950 5.220
1787289274 85.9 86.8 85.0 85.9 1416 950 5.196
1787289275 85.9 86.8 85.0 85.9 1416 950 5.225
1787289276 85.9 86.8 85.0 85.9 1416 950 5.196
1787289278 85.9 87.8 85.0 86.8 1416 950 5.235
1787289279 85.9 86.8 85.0 85.9 1416 950 5.196
1787289280 85.9 86.8 85.0 85.9 1416 950 5.182
1787289281 85.9 86.8 85.0 85.9 1416 950 5.235
1787289282 85.9 86.8 85.0 85.9 1416 950 5.249
1787289283 85.0 86.8 85.0 85.9 1416 950 5.240
1787289284 85.0 86.8 85.0 85.9 1416 950 5.225
1787289285 85.9 86.8 85.0 85.9 1416 950 5.235
1787289287 85.0 86.8 85.0 85.9 1416 950 5.206
1787289288 85.9 86.8 85.0 85.9 1416 950 5.235
1787289289 85.9 86.8 85.0 85.9 1416 950 5.225
1787289290 85.9 86.8 85.0 85.9 1416 950 5.249
1787289291 85.9 86.8 85.0 85.9 1416 950 5.235
1787289292 85.9 86.8 85.0 85.9 1416 950 5.186
1787289293 85.9 86.8 85.0 85.9 1608 950 5.177
1787289295 85.9 86.8 85.0 85.9 1416 950 5.201
1787289296 85.9 86.8 85.0 85.9 1416 950 5.206
1787289297 85.9 85.9 85.0 85.9 1416 950 5.215
1787289298 85.9 86.8 85.0 86.8 1416 950 5.211
1787289299 85.9 86.8 85.0 85.9 1416 950 5.220
1787289300 85.9 87.8 85.0 86.8 1416 950 5.196
1787289301 85.9 86.8 85.0 85.9 1416 950 5.196
1787289303 85.9 86.8 85.0 85.9 1416 950 5.249
1787289304 85.9 85.9 84.1 85.0 1800 950 5.240
1787289305 85.9 86.8 85.0 85.9 1416 950 5.172
1787289306 85.9 86.8 85.0 85.9 1416 950 5.206
1787289307 85.9 86.8 85.0 85.9 1416 950 5.211
1787289308 85.9 86.8 85.0 85.9 1416 950 5.215
1787289309 85.9 86.8 85.0 85.9 1416 950 5.215
1787289311 85.9 87.8 85.0 85.9 1200 950 5.225
1787289312 85.9 86.8 85.0 85.9 1200 950 5.206
1787289313 86.8 86.8 85.9 85.9 1200 950 5.215
1787289314 85.9 86.8 85.0 85.9 1200 950 5.244
1787289315 85.9 86.8 85.0 85.9 1416 950 5.220
1787289316 85.0 86.8 85.0 85.9 1200 950 5.235
1787289318 85.9 86.8 85.0 85.9 1200 950 5.206
1787289319 86.8 86.8 85.0 85.9 1200 950 5.206
1787289320 85.9 86.8 85.0 85.9 1200 950 5.230
1787289321 85.9 86.8 85.0 85.9 1200 950 5.220
1787289322 85.0 85.9 85.0 85.9 1416 950 5.240
1787289323 85.9 87.8 85.9 86.8 1200 950 5.172
1787289324 85.9 86.8 85.0 85.9 1200 950 5.196
1787289326 85.9 86.8 85.9 85.9 1200 950 5.215
1787289327 85.9 87.8 85.0 85.9 1200 950 5.235
1787289328 85.9 86.8 85.0 85.9 1200 950 5.196
1787289329 85.0 86.8 85.0 85.9 1608 950 5.196
1787289330 85.9 86.8 85.0 86.8 1416 950 5.172
1787289331 85.9 86.8 85.0 85.9 1416 950 5.225
1787289333 86.8 86.8 85.0 86.8 1416 950 5.235
1787289334 85.9 86.8 85.0 85.9 1416 950 5.215
1787289335 85.9 86.8 85.0 85.9 1416 950 5.191
1787289336 85.9 86.8 85.0 85.9 1416 950 5.191
1787289337 85.9 86.8 85.0 85.9 1416 950 5.230
1787289338 85.9 86.8 85.0 85.9 1416 950 5.215
1787289339 85.9 86.8 85.0 85.9 1200 950 5.211
1787289341 85.9 86.8 85.0 85.9 1200 950 5.177
1787289342 85.9 86.8 85.0 85.9 1200 950 5.215
1787289343 85.9 86.8 85.0 85.9 1200 950 5.215
1787289344 85.9 86.8 85.0 85.9 1416 950 5.240
1787289345 85.9 86.8 85.0 85.9 1200 950 5.254
1787289346 85.0 86.8 85.0 85.9 1200 950 5.206
1787289347 85.9 86.8 85.0 85.9 1200 950 5.196
1787289349 85.9 87.8 85.0 85.9 1200 950 5.211
1787289350 85.0 86.8 85.0 85.9 1416 950 5.215
1787289351 85.9 87.8 85.0 85.9 1200 950 5.201
1787289352 85.9 86.8 85.0 85.9 1200 950 5.196
1787289353 85.9 86.8 85.0 85.9 1200 950 5.230
1787289354 85.9 86.8 85.0 85.9 1416 950 5.225
1787289356 85.9 86.8 85.0 85.9 1200 950 5.225
1787289357 85.9 86.8 85.0 85.9 1200 950 5.186
1787289358 86.8 86.8 85.0 85.9 1200 950 5.235
1787289359 85.9 86.8 85.0 85.9 1200 950 5.215
1787289360 85.9 86.8 85.0 85.9 1200 950 5.240
1787289361 85.9 86.8 85.0 85.9 1416 950 5.235
1787289363 85.9 86.8 85.0 85.9 1200 950 5.235
1787289364 85.9 87.8 85.0 85.9 1200 950 5.244
1787289365 80.4 80.4 79.5 80.4 2208 950 5.244
1787289366 82.2 83.2 81.3 83.2 2208 950 5.240
1787289367 85.9 86.8 85.0 86.8 1800 950 5.196
1787289368 85.9 86.8 85.0 85.9 1800 950 5.225
1787289369 85.9 85.9 85.0 85.9 1800 950 5.167
1787289370 85.9 86.8 85.0 85.9 1608 950 5.211
1787289372 85.9 86.8 85.0 86.8 1608 950 5.240
1787289373 85.9 86.8 85.0 85.9 1608 950 5.240
1787289374 85.9 85.9 85.0 85.0 1416 950 5.211
1787289375 85.9 86.8 85.0 85.9 1416 950 5.211
1787289376 85.9 86.8 85.0 85.9 1608 950 5.215
1787289377 85.9 86.8 85.0 85.9 1416 950 5.196
1787289379 85.9 87.8 85.0 85.9 1416 950 5.211
1787289380 85.9 86.8 85.0 85.9 1416 950 5.211
1787289381 85.9 86.8 85.0 85.9 1416 950 5.240
1787289382 85.9 86.8 85.0 85.9 1416 950 5.196
1787289383 85.9 86.8 85.0 85.9 1416 950 5.225
1787289384 85.9 86.8 85.0 85.9 1416 950 5.235
1787289385 85.9 86.8 85.0 85.9 1416 950 5.269
1787289387 85.9 86.8 85.0 85.9 1416 950 5.196
1787289388 86.8 86.8 85.9 85.9 1416 950 5.240
1787289389 85.9 86.8 85.0 85.9 1416 950 5.249
1787289390 85.9 86.8 85.0 85.9 1416 950 5.206
1787289391 85.9 86.8 85.0 85.9 1416 950 5.240
1787289392 85.9 87.8 85.9 86.8 1416 950 5.249
1787289393 86.8 86.8 85.0 85.9 1416 950 5.244
1787289395 85.0 86.8 85.0 85.0 1608 950 5.186
1787289396 85.9 86.8 85.0 86.8 1416 950 5.225
1787289397 85.9 86.8 85.0 85.9 1416 950 5.211
1787289398 85.9 86.8 85.9 86.8 1416 950 5.244
1787289399 85.9 86.8 85.0 85.9 1416 950 5.269
1787289400 85.9 86.8 85.0 85.9 1416 950 5.244
1787289401 85.9 85.9 85.0 85.9 1416 950 5.235
1787289403 85.9 86.8 85.0 85.9 1416 950 5.211
1787289404 85.9 86.8 85.0 86.8 1416 950 5.215
1787289405 85.9 86.8 85.0 86.8 1416 950 5.191
1787289406 85.9 86.8 85.0 85.9 1416 950 5.240
1787289407 85.9 86.8 85.0 85.9 1416 950 5.211
1787289408 86.8 86.8 85.0 86.8 1416 950 5.220
1787289409 85.9 86.8 85.0 85.9 1416 950 5.191
1787289411 85.9 86.8 85.0 85.9 1416 950 5.215
1787289412 85.9 87.8 85.0 85.9 1416 950 5.196
1787289413 85.9 86.8 85.9 86.8 1416 950 5.206
1787289414 85.9 86.8 85.0 85.9 1608 950 5.211
1787289415 85.9 86.8 85.0 85.9 1416 950 5.220
1787289416 85.9 86.8 85.0 85.9 1416 950 5.225
1787289418 85.9 86.8 85.0 86.8 1416 950 5.182
1787289419 85.9 86.8 85.9 86.8 1416 950 5.240
1787289420 85.9 86.8 85.0 85.9 1608 950 5.211
1787289421 85.9 86.8 85.0 85.9 1416 950 5.225
1787289422 85.9 87.8 85.9 85.9 1416 950 5.240
1787289423 85.9 86.8 85.0 85.9 1416 950 5.240
1787289424 85.9 86.8 85.0 85.9 1416 950 5.240
1787289425 85.9 86.8 85.0 85.9 1608 950 5.215
1787289427 83.2 82.2 81.3 82.2 2208 950 5.235
1787289428 85.0 85.9 84.1 85.9 2016 950 5.269
1787289429 85.9 86.8 85.0 86.8 1608 950 5.215
1787289430 85.0 85.9 85.0 85.9 1608 950 5.201
1787289431 85.0 85.9 85.0 85.9 1416 950 5.244
1787289432 86.8 86.8 85.0 85.9 1416 950 5.172
1787289433 85.9 86.8 85.0 85.9 1200 950 5.220
1787289435 85.9 86.8 85.0 85.9 1416 950 5.201
1787289436 85.9 86.8 85.0 85.9 1200 950 5.225
1787289437 85.9 86.8 85.0 85.9 1200 950 5.211
1787289438 85.9 86.8 85.0 85.9 1200 950 5.211
1787289439 85.9 86.8 85.0 85.9 1200 950 5.235
1787289440 85.9 86.8 85.0 85.9 1200 950 5.215
1787289441 85.9 86.8 85.0 85.9 1200 950 5.249
1787289443 85.9 86.8 85.0 86.8 1200 950 5.211
1787289444 85.9 86.8 85.9 85.9 1200 950 5.225
1787289445 86.8 86.8 85.0 85.9 1200 950 5.225
1787289446 85.9 86.8 85.0 85.9 1200 950 5.172
1787289447 85.9 86.8 85.0 85.9 1200 950 5.186
1787289448 85.9 86.8 85.0 85.9 1200 950 5.167
1787289450 86.8 87.8 85.9 86.8 1200 950 5.235
1787289451 86.8 87.8 85.9 86.8 1200 950 5.191
1787289452 85.9 86.8 85.9 86.8 1200 950 5.196
1787289453 85.9 86.8 85.0 86.8 1200 950 5.215
1787289454 85.9 87.8 85.0 86.8 1200 950 5.206
1787289455 86.8 87.8 85.9 86.8 1200 950 5.244
1787289457 86.8 86.8 85.9 86.8 1200 950 5.206
1787289458 85.9 87.8 85.0 85.9 1200 950 5.211
1787289459 85.9 86.8 85.0 86.8 1200 950 5.225
1787289460 85.9 86.8 85.0 85.9 1200 950 5.230
1787289461 86.8 86.8 85.9 86.8 1200 950 5.196
1787289462 85.9 85.9 85.0 85.9 1416 950 5.240
1787289463 86.8 86.8 85.0 85.9 1200 950 5.182
1787289465 85.9 86.8 85.9 85.9 1200 950 5.293
1787289466 85.9 86.8 85.9 86.8 1200 950 5.162
1787289467 85.9 86.8 85.0 85.9 1200 950 5.172
1787289468 86.8 86.8 85.9 85.9 1200 950 5.201
1787289469 85.9 86.8 85.0 85.9 1200 950 5.138
1787289470 85.9 86.8 85.0 85.9 1200 950 5.220
1787289472 85.9 87.8 85.9 86.8 1200 950 5.225
1787289473 85.9 86.8 85.0 85.9 1200 950 5.230
1787289474 86.8 87.8 85.9 86.8 1200 950 5.230
1787289475 85.9 86.8 85.0 85.9 1200 950 5.215
1787289476 86.8 86.8 85.0 85.9 1200 950 5.206
1787289477 85.9 86.8 85.0 85.9 1200 950 5.244
1787289479 85.0 86.8 85.0 85.9 1200 950 5.148
1787289480 85.9 86.8 85.0 85.9 1200 950 5.235
1787289481 85.9 85.9 85.0 85.9 1200 950 5.191
1787289482 85.9 86.8 85.0 85.0 1416 950 5.220
1787289483 86.8 87.8 85.9 86.8 1200 950 5.230
1787289484 85.9 86.8 85.0 85.9 1200 950 5.230
1787289485 85.9 86.8 85.0 85.9 1200 950 5.230
1787289487 85.9 87.8 85.9 86.8 1200 950 5.201
1787289488 83.2 82.2 82.2 83.2 2016 950 5.293
1787289489 85.9 86.8 85.0 85.9 1608 950 5.230
1787289490 85.9 86.8 85.0 86.8 1608 950 5.211
1787289491 85.9 86.8 85.0 85.9 1416 950 5.220
1787289492 85.9 86.8 85.0 85.9 1416 950 5.235
1787289493 85.9 86.8 85.0 85.9 1416 950 5.206
1787289495 85.9 86.8 85.0 85.9 1416 950 5.215
1787289496 85.9 86.8 85.0 85.9 1416 950 5.182
1787289497 85.9 86.8 85.0 85.9 1416 950 5.240
1787289498 85.9 87.8 85.9 86.8 1416 950 5.215
1787289499 85.9 86.8 85.0 85.9 1416 950 5.215
1787289500 85.9 86.8 85.0 85.9 1608 950 5.215
1787289501 85.9 86.8 85.0 85.9 1416 950 5.211
1787289503 85.9 86.8 85.0 85.9 1416 950 5.167
1787289504 85.9 86.8 85.0 85.9 1416 950 5.211
1787289505 86.8 86.8 85.9 86.8 1416 950 5.201
1787289506 85.9 86.8 85.0 85.9 1200 950 5.206
1787289507 86.8 86.8 85.0 85.9 1200 950 5.211
1787289508 85.9 86.8 85.0 85.9 1200 950 5.235
1787289510 85.9 87.8 85.0 85.9 1200 950 5.230
1787289511 85.9 86.8 85.0 85.9 1200 950 5.191
1787289512 85.9 86.8 85.0 85.9 1416 950 5.215
1787289513 86.8 86.8 85.0 85.9 1200 950 5.172
1787289514 85.9 86.8 85.0 85.9 1200 950 5.206
1787289515 85.9 85.9 85.0 85.9 1200 950 5.225
1787289516 85.9 86.8 85.0 85.9 1200 950 5.225
1787289518 85.9 86.8 85.0 85.9 1200 950 5.172
1787289519 85.9 86.8 85.9 85.9 1200 950 5.172
1787289520 85.9 86.8 85.0 85.9 1200 950 5.211
1787289521 85.9 86.8 85.0 85.9 1200 950 5.201
1787289522 85.9 86.8 85.0 85.9 1416 950 5.196
1787289523 85.9 86.8 85.0 85.9 1200 950 5.177
1787289525 85.9 86.8 85.0 85.9 1200 950 5.191
1787289526 85.9 86.8 85.0 85.9 1200 950 5.220
1787289527 85.9 86.8 85.0 85.9 1200 950 5.230
1787289528 85.9 85.9 85.0 85.9 1416 950 5.201
1787289529 85.9 86.8 85.0 85.9 1200 950 5.240
1787289530 85.9 85.9 85.0 85.9 1200 950 5.230
1787289531 85.9 86.8 85.0 85.9 1200 950 5.225
1787289533 85.9 87.8 85.9 85.9 1200 950 5.230
1787289534 86.8 87.8 85.9 85.9 1200 950 5.186
1787289535 85.9 86.8 85.0 85.9 1200 950 5.249
1787289536 85.9 87.8 85.9 86.8 1200 950 5.235
1787289537 86.8 86.8 85.0 85.9 1200 950 5.244
1787289538 85.9 85.9 85.0 85.9 1200 950 5.254
1787289540 85.9 87.8 85.0 85.9 1200 950 5.230
1787289541 85.9 86.8 85.0 85.9 1200 950 5.215
1787289542 85.9 86.8 85.0 85.0 1416 950 5.201
1787289543 85.9 86.8 85.0 85.9 1200 950 5.196
1787289544 85.9 86.8 85.0 85.9 1200 950 5.206
1787289545 86.8 86.8 85.0 85.9 1200 950 5.220
1787289546 86.8 86.8 85.9 86.8 1200 950 5.201
1787289548 85.9 86.8 85.0 86.8 1200 950 5.153
1787289549 83.2 83.2 82.2 83.2 2016 950 5.254
1787289550 85.9 86.8 85.0 85.9 1800 950 5.220
1787289551 85.9 86.8 85.0 85.9 1608 950 5.230
1787289552 85.9 86.8 85.0 85.9 1608 950 5.225
1787289553 85.9 86.8 85.9 85.9 1416 950 5.220
1787289554 85.9 87.8 85.0 85.9 1416 950 5.235
1787289556 85.9 85.9 85.0 85.9 1416 950 5.278
1787289557 85.9 86.8 85.0 85.9 1416 950 5.235
1787289558 85.9 85.9 85.0 85.9 1416 950 5.225
1787289559 85.9 86.8 85.0 85.9 1416 950 5.201
1787289560 85.9 86.8 85.0 85.9 1416 950 5.215
1787289561 85.9 87.8 85.0 85.9 1416 950 5.206
1787289562 86.8 87.8 85.9 85.9 1416 950 5.235
1787289564 85.9 86.8 85.0 85.9 1416 950 5.220
1787289565 86.8 86.8 85.0 86.8 1416 950 5.225
1787289566 86.8 87.8 85.0 85.9 1416 950 5.196
1787289567 85.9 86.8 85.9 86.8 1416 950 5.220
1787289568 86.8 87.8 85.9 86.8 1200 950 5.196
1787289569 85.9 87.8 85.9 85.9 1200 950 5.196
1787289571 85.9 86.8 85.0 85.9 1200 950 5.186
1787289572 85.9 86.8 85.0 86.8 1200 950 5.240
1787289573 86.8 87.8 85.0 85.9 1200 950 5.230
1787289574 85.9 87.8 85.0 86.8 1200 950 5.215
1787289575 85.9 86.8 85.0 85.9 1200 950 5.220
1787289576 85.9 85.9 85.0 85.9 1200 950 5.254
1787289577 85.9 86.8 85.0 85.9 1200 950 5.215
1787289579 85.9 86.8 85.0 85.9 1416 950 5.235
1787289580 85.9 87.8 85.0 85.9 1200 950 5.182
1787289581 85.9 86.8 85.0 85.9 1200 950 5.220
1787289582 85.9 86.8 85.0 85.9 1200 950 5.211
1787289583 85.9 86.8 85.0 85.9 1200 950 5.211
1787289584 85.9 86.8 85.0 85.9 1200 950 5.186
1787289585 85.9 86.8 85.0 85.9 1200 950 5.206
1787289587 85.9 86.8 85.0 85.9 1200 950 5.191
1787289588 85.9 86.8 85.0 85.9 1200 950 5.177
1787289589 85.9 86.8 85.0 85.9 1200 950 5.235
1787289590 85.9 86.8 85.0 85.9 1200 950 5.230
1787289591 85.9 86.8 85.0 85.9 1200 950 5.235
1787289592 85.9 86.8 85.0 85.9 1416 950 5.230
1787289593 85.9 85.9 85.0 85.9 1416 950 5.235
1787289595 85.9 86.8 85.0 85.9 1200 950 5.230
1787289596 85.9 87.8 85.9 85.9 1200 950 5.206
1787289597 85.9 86.8 85.9 85.9 1200 950 5.191
1787289598 85.9 86.8 85.0 85.9 1200 950 5.230
1787289599 85.9 86.8 85.0 85.9 1200 950 5.249
1787289600 85.9 86.8 85.9 85.9 1200 950 5.186
1787289602 85.9 86.8 85.0 85.9 1200 950 5.264
1787289603 85.9 86.8 85.9 86.8 1200 950 5.172
1787289604 85.9 85.9 85.0 85.9 1200 950 5.225
1787289605 85.9 86.8 85.0 85.9 1200 950 5.186
1787289606 85.9 86.8 85.0 85.9 1200 950 5.196
1787289607 85.9 86.8 85.0 85.9 1200 950 5.220
1787289609 85.9 86.8 85.0 85.9 1200 950 5.182
1787289610 85.9 85.9 85.0 85.9 1416 950 5.254
1787289611 84.1 85.0 84.1 85.9 2016 950 5.225
1787289612 85.9 86.8 85.9 86.8 1416 950 5.220
1787289613 85.9 86.8 85.0 85.9 1416 950 5.201
1787289614 86.8 87.8 85.0 86.8 1200 950 5.211
1787289615 85.9 86.8 85.9 85.9 1200 950 5.230
1787289617 85.9 86.8 85.0 85.9 1416 950 5.225
1787289618 85.9 86.8 85.0 86.8 1200 950 5.235
1787289619 85.9 86.8 85.0 85.9 1200 950 5.220
1787289620 85.9 85.9 85.0 85.9 1200 950 5.230
1787289621 85.0 85.9 85.0 85.9 1416 950 5.172
1787289622 85.9 87.8 85.0 85.9 1200 950 5.244
1787289623 86.8 86.8 85.0 85.9 1200 950 5.191
1787289625 85.9 86.8 85.0 85.9 1200 950 5.211
1787289626 85.9 86.8 85.0 85.9 1200 950 5.230
1787289627 85.9 86.8 85.0 85.9 1200 950 5.220
1787289628 85.9 86.8 85.0 85.9 1200 950 5.177
1787289629 85.9 85.9 85.0 85.9 1200 950 5.191
1787289630 85.9 86.8 85.0 85.9 1200 950 5.201
1787289631 85.9 86.8 85.0 85.9 1200 950 5.186
1787289633 85.9 86.8 85.9 85.9 1200 950 5.220
1787289634 85.9 85.9 85.0 85.9 1200 950 5.230
1787289635 85.9 86.8 85.0 85.9 1200 950 5.167
1787289636 85.9 86.8 85.0 85.9 1200 950 5.191
1787289637 85.9 85.9 85.0 85.9 1416 950 5.201
1787289638 85.0 86.8 85.0 85.0 1416 950 5.220
1787289639 85.9 86.8 85.0 85.9 1200 950 5.177
1787289641 85.9 86.8 85.0 85.9 1200 950 5.215
1787289642 85.9 86.8 85.0 85.9 1416 950 5.211
1787289643 85.9 86.8 85.0 85.9 1416 950 5.177
1787289644 85.9 86.8 85.0 85.9 1200 950 5.220
1787289645 85.9 86.8 85.0 85.9 1200 950 5.215
1787289646 85.9 86.8 85.0 85.9 1200 950 5.191
1787289647 85.9 86.8 85.0 85.9 1416 950 5.201
1787289649 85.9 86.8 85.0 85.9 1200 950 5.196
1787289650 85.9 86.8 85.0 85.9 1200 950 5.201
1787289651 85.9 86.8 85.0 85.9 1416 950 5.177
1787289652 85.9 86.8 85.0 85.9 1200 950 5.196
1787289653 86.8 86.8 85.0 85.9 1200 950 5.244
1787289654 85.9 87.8 85.9 86.8 1200 950 5.244
1787289656 85.9 86.8 85.0 85.9 1200 950 5.244
1787289657 85.9 85.9 85.0 85.9 1416 950 5.201
1787289658 85.9 86.8 85.0 85.9 1200 950 5.201
1787289659 85.9 86.8 85.0 85.9 1200 950 5.215
1787289660 85.9 86.8 85.0 85.9 1200 950 5.206
1787289661 85.9 86.8 85.9 85.9 1200 950 5.191
1787289662 85.9 86.8 85.0 85.9 1200 950 5.249
1787289664 85.9 86.8 85.0 85.9 1200 950 5.172
1787289665 85.9 86.8 85.0 85.0 1416 950 5.215
1787289666 85.9 85.9 85.0 85.0 1416 950 5.240
1787289667 85.9 86.8 85.0 85.9 1200 950 5.230
1787289668 85.9 86.8 85.0 85.9 1200 950 5.220
1787289669 85.9 86.8 85.0 85.9 1200 950 5.225
1787289670 85.9 86.8 85.0 85.9 1200 950 5.201
1787289672 80.4 79.5 79.5 80.4 2208 950 5.269
1787289673 78.5 77.6 77.6 79.5 2208 950 5.235
1787289674 85.0 85.9 84.1 85.9 2016 950 5.215
1787289675 85.0 86.8 85.0 85.9 1800 950 5.254
1787289676 85.9 86.8 85.0 86.8 1608 950 5.206
1787289677 85.9 86.8 85.0 85.9 1800 950 5.215
1787289678 85.0 85.9 85.0 85.9 1608 950 5.133
1787289679 85.0 85.9 85.0 85.9 1608 950 5.206
1787289680 85.9 86.8 85.0 85.9 1608 950 5.235
1787289682 85.9 86.8 85.0 85.9 1608 950 5.182
1787289683 85.9 86.8 85.0 85.9 1200 950 5.211
1787289684 85.9 86.8 85.0 85.9 1200 950 5.215
1787289685 85.9 86.8 85.0 85.9 1416 950 5.225
1787289686 85.0 86.8 85.0 85.9 1416 950 5.191
1787289687 85.9 86.8 85.0 85.9 1200 950 5.157
1787289689 86.8 86.8 85.0 85.9 1200 950 5.191
1787289690 85.9 86.8 85.0 85.9 1200 950 5.215
1787289691 85.9 86.8 85.0 85.9 1200 950 5.249
1787289692 85.9 85.9 85.0 85.9 1416 950 5.201
1787289693 86.8 86.8 85.0 85.9 1200 950 5.220
1787289694 85.9 86.8 85.0 85.9 1200 950 5.235
1787289695 85.9 86.8 85.0 85.9 1416 950 5.201
1787289697 85.9 86.8 85.0 85.9 1416 950 5.215
1787289698 85.9 86.8 85.0 85.9 1200 950 5.249
1787289699 85.9 85.9 85.0 85.0 1416 950 5.225
1787289700 85.9 86.8 85.0 85.9 1200 950 5.201
1787289701 85.9 86.8 85.0 85.9 1200 950 5.215
1787289702 85.9 86.8 85.0 85.9 1200 950 5.211
1787289703 85.9 86.8 85.0 86.8 1200 950 5.220
1787289705 85.9 86.8 85.0 85.9 1200 950 5.182
1787289706 85.9 86.8 85.0 85.9 1416 950 5.191
1787289707 85.9 86.8 85.0 85.9 1200 950 5.211
1787289708 85.0 86.8 85.0 85.0 1416 950 5.225
1787289709 85.9 86.8 85.0 85.9 1200 950 5.206
1787289710 85.9 86.8 85.0 85.9 1416 950 5.240
1787289712 85.9 86.8 85.0 85.9 1416 950 5.143
1787289713 85.9 86.8 85.0 85.9 1416 950 5.211
1787289714 85.9 86.8 85.0 85.9 1416 950 5.225
1787289715 85.9 86.8 85.0 85.9 1416 950 5.206
1787289716 85.9 85.9 85.0 85.0 1416 950 5.167
1787289717 85.9 86.8 85.0 85.9 1200 950 5.230
1787289718 85.9 86.8 85.0 85.9 1200 950 5.186
1787289720 85.9 87.8 85.0 85.9 1200 950 5.167
1787289721 85.9 86.8 85.0 85.9 1200 950 5.186
1787289722 85.9 87.8 85.0 85.9 1200 950 5.225
1787289723 85.0 86.8 85.0 85.9 1416 950 5.196
1787289724 85.9 86.8 85.0 85.9 1200 950 5.230
1787289725 85.9 86.8 85.0 85.9 1200 950 5.196
1787289726 85.9 86.8 85.0 85.9 1416 950 5.211
1787289728 85.0 86.8 85.0 85.9 1416 950 5.215
1787289729 85.9 86.8 85.0 85.9 1200 950 5.244
1787289730 85.9 86.8 85.0 85.9 1416 950 5.249
1787289731 85.9 86.8 85.0 85.9 1200 950 5.211
1787289732 85.9 86.8 85.0 85.9 1200 950 5.220
1787289733 85.9 86.8 85.0 85.9 1200 950 5.235
1787289734 85.0 85.0 84.1 85.0 2208 950 5.201
1787289736 85.9 86.8 85.0 85.9 1416 950 5.206
1787289737 85.9 86.8 85.0 85.9 1416 950 5.201
1787289738 85.9 85.9 85.0 85.9 1608 950 5.215
1787289739 86.8 87.8 85.9 85.9 1416 950 5.211
1787289740 85.9 86.8 85.9 85.9 1416 950 5.215
1787289741 85.9 86.8 85.0 85.9 1200 950 5.235
1787289742 85.0 85.9 84.1 85.9 1200 950 5.225
1787289744 85.9 86.8 85.0 85.9 1200 950 5.215
1787289745 86.8 86.8 85.0 86.8 1200 950 5.215
1787289746 85.9 86.8 85.0 85.9 1200 950 5.244
1787289747 85.9 86.8 85.0 85.9 1416 950 5.215
1787289748 85.9 86.8 85.0 85.9 1200 950 5.225
1787289749 85.9 86.8 85.0 85.9 1200 950 5.240
1787289750 85.9 86.8 85.9 85.9 1200 950 5.220
1787289752 86.8 86.8 85.0 86.8 1200 950 5.225
1787289753 85.9 87.8 85.9 86.8 1200 950 5.211
1787289754 85.9 86.8 85.0 85.0 1200 950 5.244
1787289755 85.9 86.8 85.0 85.9 1200 950 5.220
1787289756 85.0 85.9 85.0 85.0 1416 950 5.254
1787289757 85.9 86.8 85.0 86.8 1200 950 5.215
1787289758 85.9 86.8 85.0 86.8 1008 950 5.162
1787289760 85.9 85.9 85.0 85.9 1008 950 5.225
1787289761 85.9 86.8 85.0 85.9 1008 950 5.206
1787289762 85.9 86.8 85.0 85.9 1008 950 5.191
1787289763 85.9 86.8 85.0 85.9 1008 950 5.215
1787289764 85.9 86.8 85.0 85.9 1008 950 5.230
1787289765 85.0 86.8 85.0 85.0 1008 950 5.201
1787289767 85.9 86.8 85.0 85.9 1008 950 5.191
1787289768 85.9 86.8 85.0 85.9 1008 950 5.249
1787289769 85.9 86.8 85.0 85.9 1200 950 5.264
1787289770 85.9 86.8 85.0 85.9 1008 950 5.167
1787289771 85.9 86.8 85.0 85.9 1008 950 5.225
1787289772 85.9 86.8 85.0 85.9 1008 950 5.244
1787289773 85.9 86.8 85.0 85.9 1008 950 5.191
1787289775 85.0 86.8 85.0 85.9 1200 950 5.225
1787289776 85.9 86.8 85.0 85.9 1008 950 5.172
1787289777 85.9 86.8 85.0 85.0 1200 950 5.211
1787289778 85.9 86.8 85.0 85.9 1008 950 5.182
1787289779 85.9 86.8 85.0 85.9 1008 950 5.225
1787289780 85.9 87.8 85.0 85.9 1008 950 5.196
1787289782 85.9 86.8 85.0 85.9 1008 950 5.215
1787289783 85.9 86.8 85.0 85.9 1008 950 5.215
1787289784 85.9 86.8 85.0 85.9 1008 950 5.225
1787289785 86.8 86.8 85.0 85.9 1200 950 5.220
1787289786 85.9 86.8 85.0 85.9 1008 950 5.186
1787289787 85.9 86.8 85.0 85.9 1008 950 5.225
1787289789 85.9 86.8 85.0 85.9 1200 950 5.211
1787289790 85.9 86.8 85.0 85.9 1008 950 5.264
1787289791 85.9 86.8 85.0 85.9 1200 950 5.215
1787289792 85.9 86.8 85.0 85.9 1200 950 5.172
1787289793 85.9 86.8 85.0 85.9 1008 950 5.264
1787289794 85.9 86.8 85.0 85.9 1008 950 5.269
1787289795 85.0 85.9 84.1 85.0 2208 950 5.244
1787289797 85.9 86.8 85.9 86.8 2016 950 5.230
1787289798 85.9 86.8 85.0 85.9 1608 950 5.215
1787289799 85.9 86.8 85.0 85.9 1416 950 5.225
1787289800 85.9 86.8 85.0 85.9 1416 950 5.186
1787289801 85.9 85.9 85.0 85.9 1416 950 5.235
1787289802 85.9 86.8 85.0 86.8 1416 950 5.206
1787289803 85.9 86.8 85.0 85.9 1416 950 5.230
1787289805 85.9 86.8 85.0 85.9 1416 950 5.211
1787289806 85.9 86.8 85.0 85.0 1416 950 5.211
1787289807 85.9 86.8 85.0 85.9 1416 950 5.254
1787289808 85.9 87.8 85.9 85.9 1416 950 5.162
1787289809 86.8 86.8 85.9 85.9 1416 950 5.196
1787289810 86.8 87.8 85.0 85.9 1416 950 5.225
1787289811 85.9 86.8 85.0 85.9 1416 950 5.196
1787289813 85.9 86.8 85.0 85.9 1416 950 5.240
1787289814 85.9 86.8 85.0 85.9 1416 950 5.206
1787289815 85.9 86.8 85.0 85.9 1416 950 5.225
1787289816 85.9 86.8 85.9 85.9 1416 950 5.186
1787289817 85.9 86.8 85.0 85.9 1416 950 5.196
1787289818 85.9 87.8 85.9 86.8 1416 950 5.206
1787289819 86.8 87.8 85.9 86.8 1416 950 5.191
1787289821 85.9 86.8 85.0 85.9 1416 950 5.167
1787289822 85.9 86.8 85.0 85.9 1416 950 5.201
1787289823 86.8 87.8 85.9 85.9 1416 950 5.196
1787289824 85.9 86.8 85.0 85.9 1416 950 5.211
1787289825 86.8 87.8 85.9 86.8 1200 950 5.196
1787289826 86.8 86.8 85.0 86.8 1200 950 5.225
1787289827 85.9 87.8 85.9 86.8 1200 950 5.196
1787289829 85.9 86.8 85.0 85.9 1200 950 5.225
1787289830 85.9 86.8 85.0 85.9 1200 950 5.220
1787289831 86.8 87.8 85.9 85.9 1200 950 5.186
1787289832 85.9 86.8 85.0 85.9 1200 950 5.186
1787289833 85.9 87.8 85.9 85.9 1200 950 5.162
1787289834 85.9 86.8 85.0 85.9 1200 950 5.273
1787289836 86.8 87.8 85.9 86.8 1200 950 5.244
1787289837 85.9 85.9 85.0 85.9 1200 950 5.225
1787289838 85.9 86.8 85.9 85.9 1200 950 5.230
1787289839 85.9 86.8 85.0 85.9 1200 950 5.211
1787289840 85.9 86.8 85.0 85.9 1416 950 5.206
1787289841 85.9 86.8 85.0 85.9 1200 950 5.225
1787289842 85.9 86.8 85.0 85.9 1200 950 5.249
1787289844 85.9 86.8 85.0 85.9 1200 950 5.206
1787289845 86.8 86.8 85.0 85.9 1200 950 5.235
1787289846 85.9 86.8 85.0 85.9 1200 950 5.206
1787289847 85.9 86.8 85.0 85.9 1200 950 5.230
1787289848 85.9 87.8 85.0 85.9 1200 950 5.191
1787289849 85.9 86.8 85.0 85.9 1200 950 5.196
1787289850 85.9 86.8 85.0 85.9 1200 950 5.186
1787289852 86.8 87.8 85.9 85.9 1200 950 5.244
1787289853 85.9 86.8 85.0 85.9 1200 950 5.220
1787289854 85.9 86.8 85.0 85.9 1416 950 5.230
1787289855 85.9 86.8 85.9 86.8 1200 950 5.220
1787289856 84.1 84.1 83.2 85.0 2208 950 5.143
1787289857 85.9 86.8 85.0 85.9 1800 950 5.206
1787289858 85.9 86.8 85.0 85.9 1416 950 5.186
1787289860 85.9 86.8 85.0 85.9 1416 950 5.177
1787289861 85.9 86.8 85.0 85.9 1416 950 5.235
1787289862 85.9 87.8 85.0 85.9 1416 950 5.225
1787289863 85.9 86.8 85.0 85.9 1416 950 5.225
1787289864 85.9 86.8 85.0 85.9 1608 950 5.264
1787289865 86.8 86.8 85.0 86.8 1416 950 5.191
1787289866 85.9 86.8 85.0 86.8 1416 950 5.206
1787289868 85.9 86.8 85.0 85.9 1416 950 5.215
1787289869 85.9 86.8 85.0 85.9 1416 950 5.215
1787289870 85.9 86.8 85.0 86.8 1416 950 5.220
1787289871 85.9 85.9 85.0 85.9 1416 950 5.269
1787289872 85.9 86.8 85.9 85.9 1416 950 5.206
1787289873 86.8 86.8 85.9 86.8 1416 950 5.220
1787289874 86.8 86.8 85.9 86.8 1416 950 5.230
1787289876 85.9 86.8 85.0 85.9 1416 950 5.215
1787289877 85.9 86.8 85.0 85.9 1416 950 5.225
1787289878 85.9 86.8 85.0 85.9 1416 950 5.215
1787289879 85.9 86.8 85.9 85.9 1416 950 5.230
1787289880 85.9 85.9 85.0 85.9 1416 950 5.191
1787289881 85.9 87.8 85.0 85.9 1200 950 5.235
1787289883 85.9 86.8 85.0 85.9 1200 950 5.196
1787289884 86.8 86.8 85.9 85.9 1200 950 5.206
1787289885 85.9 86.8 85.0 85.9 1200 950 5.254
1787289886 85.9 85.9 85.0 85.0 1416 950 5.215
1787289887 85.9 86.8 85.0 85.9 1416 950 5.211
1787289888 86.8 86.8 85.0 85.9 1200 950 5.196
1787289889 85.9 86.8 85.0 85.9 1200 950 5.206
1787289891 85.9 86.8 85.0 85.9 1200 950 5.211
1787289892 85.9 86.8 85.0 85.9 1200 950 5.249
1787289893 85.0 85.9 85.0 85.0 1416 950 5.206
1787289894 86.8 87.8 85.9 86.8 1200 950 5.191
1787289895 85.9 86.8 85.0 85.9 1200 950 5.215
1787289896 85.9 86.8 85.0 85.9 1200 950 5.230
1787289898 85.9 86.8 85.0 85.9 1200 950 5.206
1787289899 85.9 86.8 85.0 85.9 1416 950 5.225
1787289900 85.9 85.9 85.0 85.0 1416 950 5.215
1787289901 85.9 86.8 85.0 85.9 1200 950 5.230
1787289902 85.9 86.8 85.0 86.8 1200 950 5.220
1787289903 85.9 86.8 85.0 85.9 1200 950 5.177
1787289904 85.9 86.8 85.0 85.9 1200 950 5.240
1787289906 85.9 86.8 85.0 85.9 1416 950 5.220
1787289907 85.9 86.8 85.0 85.9 1416 950 5.196
1787289908 85.9 86.8 85.0 85.9 1416 950 5.215
1787289909 85.9 86.8 85.0 85.9 1416 950 5.196
1787289910 85.9 86.8 85.0 85.9 1200 950 5.235
1787289911 85.0 85.9 85.0 85.0 1416 950 5.191
1787289912 85.0 85.9 85.0 85.9 1416 950 5.182
1787289914 85.9 86.8 85.0 85.9 1200 950 5.220
1787289915 85.9 86.8 85.0 85.9 1416 950 5.211
1787289916 85.9 86.8 85.0 85.9 1200 950 5.196
1787289917 81.3 81.3 80.4 82.2 2208 950 5.269
1787289918 85.9 85.9 85.0 85.9 1800 950 5.206
1787289919 85.9 86.8 85.0 86.8 1608 950 5.211
1787289920 85.9 86.8 85.0 85.9 1416 950 5.220
1787289921 85.9 86.8 85.0 85.9 1416 950 5.240
1787289923 85.9 86.8 85.0 85.9 1608 950 5.206
1787289924 85.9 85.9 85.0 85.9 1416 950 5.225
1787289925 85.9 86.8 85.0 85.9 1416 950 5.177
1787289926 85.9 86.8 85.0 85.9 1416 950 5.211
1787289927 85.9 86.8 85.0 85.9 1416 950 5.235
1787289928 85.9 86.8 85.9 86.8 1416 950 5.177
1787289929 85.9 86.8 85.0 85.9 1416 950 5.191
1787289931 85.9 86.8 85.0 86.8 1416 950 5.230
1787289932 85.9 86.8 85.0 85.9 1416 950 5.235
1787289933 85.9 87.8 85.0 86.8 1416 950 5.235
1787289934 86.8 87.8 85.9 86.8 1416 950 5.230
1787289935 85.9 86.8 85.9 85.9 1416 950 5.220
1787289936 85.9 86.8 85.0 86.8 1416 950 5.211
1787289938 85.9 86.8 85.0 85.9 1416 950 5.211
1787289939 85.9 87.8 85.0 85.9 1416 950 5.211
1787289940 85.9 86.8 85.0 85.9 1416 950 5.215
1787289941 86.8 87.8 85.9 85.9 1416 950 5.225
1787289942 85.9 86.8 85.0 85.9 1416 950 5.191
1787289943 85.9 86.8 85.0 85.9 1416 950 5.244
1787289945 86.8 87.8 85.0 85.9 1416 950 5.235
1787289946 85.9 86.8 85.0 85.9 1608 950 5.220
1787289947 85.9 86.8 85.9 86.8 1416 950 5.186
1787289948 85.9 86.8 85.0 85.9 1416 950 5.215
1787289949 85.9 86.8 85.0 85.9 1416 950 5.196
1787289950 85.9 86.8 85.0 85.9 1416 950 5.206
1787289951 85.9 86.8 85.0 85.9 1608 950 5.230
1787289952 86.8 86.8 85.0 85.9 1416 950 5.215
1787289954 85.9 86.8 85.0 85.9 1416 950 5.191
1787289955 85.9 86.8 85.0 85.9 1416 950 5.196
1787289956 85.9 85.9 85.0 85.9 1416 950 5.215
1787289957 85.9 86.8 85.0 85.9 1608 950 5.235
1787289958 85.9 87.8 85.9 86.8 1416 950 5.220
1787289959 85.9 86.8 85.0 86.8 1200 950 5.196
1787289961 85.9 86.8 85.0 85.9 1200 950 5.235
1787289962 85.9 85.9 85.0 85.9 1200 950 5.191
1787289963 85.9 87.8 85.0 85.9 1200 950 5.249
1787289964 85.9 85.9 85.0 85.9 1416 950 5.254
1787289965 85.9 86.8 85.0 85.9 1200 950 5.249
1787289966 85.9 86.8 85.0 85.9 1200 950 5.235
1787289967 85.9 86.8 85.0 85.9 1200 950 5.196
1787289969 85.9 86.8 85.0 85.9 1416 950 5.201
1787289970 85.9 86.8 85.0 85.9 1200 950 5.206
1787289971 85.0 86.8 85.0 85.9 1200 950 5.235
1787289972 85.9 86.8 85.0 85.9 1200 950 5.182
1787289973 85.9 86.8 85.0 85.9 1416 950 5.191
1787289974 85.9 86.8 85.0 85.9 1200 950 5.225
1787289975 85.9 86.8 85.0 85.9 1416 950 5.215
1787289977 86.8 86.8 85.0 85.9 1200 950 5.211
1787289978 85.0 85.0 84.1 85.0 1608 950 5.273
1787289979 79.5 79.5 78.5 79.5 2208 950 5.235
1787289980 82.2 84.1 82.2 85.0 2208 950 5.186
1787289981 85.0 86.8 85.0 85.9 1800 950 5.191
1787289982 85.9 86.8 85.0 86.8 1800 950 5.215
1787289983 85.9 86.8 85.0 85.9 1608 950 5.196
1787289985 85.9 86.8 85.0 85.9 1608 950 5.215
1787289986 85.0 85.0 84.1 85.0 1800 950 5.211
1787289987 85.9 85.9 85.0 85.0 1800 950 5.186
1787289988 85.9 86.8 85.0 85.9 1608 950 5.225
1787289989 85.9 86.8 85.0 85.9 1608 950 5.196
1787289990 85.9 86.8 85.0 85.9 1608 950 5.177
1787289991 85.9 86.8 85.9 86.8 1416 950 5.191
1787289992 85.9 86.8 85.0 85.9 1416 950 5.215
1787289994 85.9 86.8 85.0 85.9 1416 950 5.211
1787289995 85.9 86.8 85.0 86.8 1416 950 5.186
1787289996 86.8 86.8 85.0 86.8 1416 950 5.196
1787289997 85.9 86.8 85.0 85.9 1416 950 5.230
1787289998 85.9 87.8 85.0 85.9 1416 950 5.225
1787289999 85.9 86.8 85.0 85.9 1416 950 5.177
1787290000 85.9 86.8 85.0 85.9 1416 950 5.225
1787290002 85.9 86.8 85.0 85.9 1416 950 5.249
1787290003 85.9 86.8 85.0 85.9 1416 950 5.201
1787290004 85.9 86.8 85.0 85.9 1416 950 5.167
1787290005 86.8 87.8 85.0 86.8 1416 950 5.191
1787290006 85.9 86.8 85.0 85.9 1200 950 5.191
1787290007 85.9 87.8 85.0 85.9 1200 950 5.177
1787290009 85.0 86.8 85.0 85.9 1416 950 5.177
1787290010 85.9 87.8 85.0 86.8 1200 950 5.244
1787290011 85.9 86.8 85.0 85.9 1200 950 5.215
1787290012 85.9 87.8 85.0 85.9 1200 950 5.186
1787290013 85.9 86.8 85.0 85.9 1200 950 5.196
1787290014 85.9 86.8 85.0 85.9 1200 950 5.196
1787290016 85.9 86.8 85.0 85.9 1200 950 5.206
1787290017 85.0 85.9 85.0 85.9 1416 950 5.225
1787290018 85.9 86.8 85.0 85.9 1200 950 5.186
1787290019 85.9 86.8 85.0 85.9 1200 950 5.225
1787290020 85.9 86.8 85.0 85.9 1200 950 5.177
1787290021 86.8 86.8 85.0 85.9 1200 950 5.215
1787290022 85.9 86.8 85.0 85.9 1200 950 5.240
1787290024 85.9 87.8 85.9 85.9 1200 950 5.215
1787290025 85.9 87.8 85.0 86.8 1200 950 5.206
1787290026 85.0 86.8 85.0 85.9 1200 950 5.254
1787290027 85.9 86.8 85.0 85.9 1200 950 5.254
1787290028 85.9 86.8 85.0 85.9 1416 950 5.196
1787290029 85.9 86.8 85.0 85.9 1200 950 5.230
1787290031 85.9 86.8 85.0 85.9 1416 950 5.191
1787290032 85.0 86.8 85.0 85.0 1416 950 5.230
1787290033 85.9 86.8 85.0 85.0 1416 950 5.249
1787290034 85.9 86.8 85.0 85.9 1416 950 5.230
1787290035 85.9 86.8 85.0 85.9 1416 950 5.230
1787290036 85.9 86.8 85.0 85.9 1416 950 5.225
1787290037 85.9 86.8 85.0 85.9 1200 950 5.191
1787290039 85.9 86.8 85.0 85.9 1200 950 5.196
1787290040 85.9 86.8 85.0 85.9 1200 950 5.191
1787290041 85.0 85.0 84.1 85.9 2016 950 5.206
1787290042 85.9 86.8 85.0 86.8 1608 950 5.220
1787290043 85.9 86.8 85.0 85.9 1608 950 5.206
1787290044 85.9 86.8 85.0 85.9 1608 950 5.220
1787290046 85.0 86.8 85.0 85.9 1416 950 5.211
1787290047 85.9 86.8 85.0 86.8 1416 950 5.215
1787290048 85.9 86.8 85.0 85.9 1416 950 5.240
1787290049 85.9 86.8 85.0 85.9 1608 950 5.230
1787290050 85.9 86.8 85.0 85.9 1416 950 5.172
1787290051 85.9 86.8 85.0 85.9 1608 950 5.244
1787290052 85.9 86.8 85.0 85.9 1416 950 5.206
1787290054 85.9 86.8 85.0 85.9 1416 950 5.215
1787290055 85.9 86.8 85.0 85.9 1608 950 5.225
1787290056 85.9 87.8 85.0 86.8 1416 950 5.244
1787290057 85.9 86.8 85.0 85.9 1416 950 5.196
1787290058 85.9 87.8 85.0 85.9 1608 950 5.244
1787290059 85.9 86.8 85.0 85.9 1608 950 5.201
1787290060 85.9 86.8 85.0 85.9 1416 950 5.206
1787290062 85.9 86.8 85.0 85.9 1416 950 5.244
1787290063 85.9 86.8 85.0 85.9 1416 950 5.206
1787290064 85.9 86.8 85.0 85.9 1416 950 5.215
1787290065 85.9 86.8 85.0 85.9 1416 950 5.201
1787290066 85.9 86.8 85.0 85.9 1416 950 5.240
1787290067 85.9 86.8 85.0 85.9 1416 950 5.215
1787290068 85.0 85.9 85.0 85.9 1608 950 5.211
1787290070 85.9 86.8 85.0 85.9 1416 950 5.240
1787290071 85.0 85.9 85.0 85.0 1608 950 5.254
1787290072 85.9 86.8 85.0 85.0 1416 950 5.230
1787290073 85.9 85.9 85.0 85.9 1416 950 5.191
1787290074 85.9 86.8 85.0 85.9 1416 950 5.215
1787290075 85.9 86.8 85.0 85.9 1416 950 5.182
1787290076 85.9 86.8 85.0 85.9 1416 950 5.196
1787290077 86.8 86.8 85.0 86.8 1416 950 5.182
1787290079 85.9 86.8 85.0 85.9 1416 950 5.211
1787290080 85.9 86.8 85.0 85.9 1416 950 5.235
1787290081 85.9 86.8 85.0 85.9 1416 950 5.215
1787290082 85.9 86.8 85.0 85.9 1416 950 5.201
1787290083 85.9 86.8 85.0 85.9 1416 950 5.211
1787290084 85.9 86.8 85.0 85.9 1416 950 5.283
1787290086 85.9 86.8 85.0 85.9 1416 950 5.153
1787290087 85.9 86.8 85.0 85.9 1416 950 5.249
1787290088 85.9 86.8 85.0 85.9 1416 950 5.230
1787290089 85.9 86.8 85.0 85.9 1416 950 5.220
1787290090 85.9 86.8 85.0 86.8 1416 950 5.230
1787290091 85.9 86.8 85.0 86.8 1416 950 5.196
1787290092 86.8 87.8 85.0 86.8 1416 950 5.215
1787290094 85.9 87.8 85.9 86.8 1416 950 5.220
1787290095 85.9 87.8 85.0 85.9 1416 950 5.220
1787290096 85.9 86.8 85.0 85.9 1416 950 5.230
1787290097 86.8 86.8 85.9 85.9 1416 950 5.225
1787290098 86.8 87.8 85.9 85.9 1416 950 5.148
1787290099 85.9 86.8 85.9 86.8 1416 950 5.235
1787290101 85.9 86.8 85.0 85.9 1416 950 5.177
1787290102 82.2 81.3 80.4 81.3 2208 950 5.269
1787290103 85.9 85.9 85.0 85.9 1800 950 5.177
1787290104 85.9 86.8 85.0 86.8 1608 950 5.186
1787290105 86.8 87.8 85.0 86.8 1416 950 5.201
1787290106 85.9 86.8 85.0 85.9 1416 950 5.220
1787290107 85.9 86.8 85.0 85.9 1416 950 5.230
1787290109 85.9 86.8 85.0 85.9 1416 950 5.186
1787290110 85.9 86.8 85.0 85.9 1416 950 5.211
1787290111 85.9 86.8 85.0 85.9 1416 950 5.201
1787290112 85.9 85.9 85.0 85.9 1416 950 5.206
1787290113 85.9 86.8 85.0 85.9 1416 950 5.225
1787290114 85.9 86.8 85.0 85.9 1416 950 5.201
1787290115 86.8 86.8 85.9 86.8 1416 950 5.249
1787290117 85.9 86.8 85.0 85.9 1416 950 5.211
1787290118 86.8 86.8 85.9 85.9 1416 950 5.235
1787290119 85.9 86.8 85.0 85.9 1416 950 5.235
1787290120 85.9 86.8 85.0 85.9 1416 950 5.225
1787290121 86.8 86.8 85.9 86.8 1416 950 5.244
1787290122 86.8 86.8 85.9 85.9 1416 950 5.230
1787290123 85.9 86.8 85.0 85.9 1608 950 5.225
1787290125 85.9 86.8 85.0 85.9 1416 950 5.249
1787290126 85.9 86.8 85.0 86.8 1416 950 5.211
1787290127 85.9 87.8 85.0 85.9 1416 950 5.206
1787290128 86.8 86.8 85.0 85.9 1416 950 5.215
1787290129 85.9 86.8 85.0 85.9 1416 950 5.215
1787290130 85.9 86.8 85.0 85.9 1416 950 5.225
1787290131 85.9 86.8 85.0 85.9 1416 950 5.240
1787290133 86.8 86.8 85.0 85.9 1416 950 5.230
1787290134 85.9 86.8 85.0 85.9 1416 950 5.230
1787290135 86.8 87.8 85.9 85.9 1416 950 5.167
1787290136 85.9 86.8 85.0 85.9 1416 950 5.244
1787290137 86.8 86.8 85.0 85.9 1416 950 5.191
1787290138 85.9 86.8 85.0 85.9 1200 950 5.206
1787290139 85.9 86.8 85.0 85.9 1200 950 5.220
1787290141 85.9 86.8 85.0 85.9 1200 950 5.211
1787290142 85.9 85.9 85.0 85.0 1416 950 5.244
1787290143 85.9 86.8 85.0 85.9 1200 950 5.211
1787290144 86.8 86.8 85.0 85.9 1200 950 5.206
1787290145 85.9 87.8 85.0 85.9 1200 950 5.220
1787290146 85.9 86.8 85.0 85.9 1200 950 5.201
1787290147 85.9 86.8 85.0 85.9 1200 950 5.206
1787290149 85.9 86.8 85.0 85.9 1200 950 5.191
1787290150 85.9 86.8 85.0 85.9 1200 950 5.201
1787290151 85.9 86.8 85.0 85.9 1200 950 5.215
1787290152 86.8 87.8 85.9 85.9 1200 950 5.201
1787290153 85.9 86.8 85.0 85.9 1200 950 5.196
1787290154 85.9 86.8 85.0 85.9 1200 950 5.220
1787290156 85.9 86.8 85.0 86.8 1200 950 5.177
1787290157 86.8 86.8 85.9 86.8 1200 950 5.196
1787290158 85.9 86.8 85.0 85.9 1200 950 5.211
1787290159 85.9 86.8 85.0 85.9 1200 950 5.211
1787290160 85.9 86.8 85.0 85.9 1200 950 5.220
1787290161 85.9 86.8 85.0 85.9 1200 950 5.235
1787290163 85.0 84.1 84.1 84.1 1608 950 5.283
1787290164 85.0 85.9 84.1 85.9 1800 950 5.211
1787290165 85.9 86.8 85.0 85.9 1416 950 5.191
1787290166 85.9 86.8 85.0 86.8 1416 950 5.211
1787290167 85.0 86.8 85.0 85.9 1608 950 5.211
1787290168 85.9 86.8 85.0 85.9 1416 950 5.220
1787290169 86.8 86.8 85.0 85.9 1416 950 5.211
1787290170 85.9 86.8 85.0 85.9 1416 950 5.235
1787290172 85.9 86.8 85.0 85.9 1416 950 5.244
1787290173 85.9 86.8 85.0 85.9 1416 950 5.244
1787290174 85.9 86.8 85.0 85.9 1416 950 5.220
1787290175 85.9 86.8 85.0 85.9 1416 950 5.215
1787290176 85.9 86.8 85.9 85.9 1416 950 5.186
1787290177 85.9 86.8 85.0 85.9 1416 950 5.206
1787290178 85.9 86.8 85.0 85.9 1416 950 5.244
1787290180 85.9 86.8 85.0 86.8 1416 950 5.201
1787290181 86.8 87.8 85.9 85.9 1416 950 5.211
1787290182 85.0 86.8 85.0 85.9 1416 950 5.186
1787290183 85.9 86.8 85.0 85.9 1416 950 5.235
1787290184 85.9 86.8 85.0 85.9 1416 950 5.206
1787290185 85.9 86.8 85.0 85.9 1416 950 5.240
1787290186 85.9 86.8 85.0 85.9 1416 950 5.244
1787290188 85.9 86.8 85.0 85.9 1416 950 5.240
1787290189 85.9 86.8 85.0 85.9 1416 950 5.215
1787290190 85.9 86.8 85.0 85.9 1416 950 5.206
1787290191 85.9 86.8 85.0 85.9 1416 950 5.225
1787290192 86.8 87.8 85.9 86.8 1416 950 5.225
1787290193 85.9 86.8 85.0 85.9 1416 950 5.220
1787290194 85.9 86.8 85.0 85.9 1416 950 5.172
1787290196 86.8 87.8 85.9 86.8 1416 950 5.196
1787290197 85.9 86.8 85.9 85.9 1416 950 5.225
1787290198 85.9 86.8 85.0 85.9 1416 950 5.186
1787290199 85.9 86.8 85.0 85.9 1416 950 5.215
1787290200 86.8 86.8 85.9 86.8 1416 950 5.235
1787290201 85.9 86.8 85.0 85.9 1416 950 5.215
1787290202 85.9 85.9 85.0 85.9 1416 950 5.230
1787290204 85.9 86.8 85.0 85.9 1608 950 5.235
1787290205 86.8 87.8 85.0 86.8 1416 950 5.196
1787290206 85.9 86.8 85.0 85.9 1200 950 5.235
1787290207 85.9 87.8 85.0 85.9 1200 950 5.172
1787290208 85.9 86.8 85.0 85.9 1200 950 5.177
1787290209 85.9 86.8 85.0 85.9 1416 950 5.211
1787290211 85.9 86.8 85.0 85.9 1200 950 5.220
1787290212 85.9 86.8 85.0 85.9 1200 950 5.225
1787290213 85.9 86.8 85.0 85.9 1200 950 5.215
1787290214 85.9 86.8 85.0 85.9 1416 950 5.211
1787290215 85.9 86.8 85.0 86.8 1200 950 5.215
1787290216 85.9 86.8 85.0 85.9 1200 950 5.196
1787290218 85.0 85.0 84.1 85.0 1416 950 5.235
1787290219 85.9 86.8 85.0 85.9 1200 950 5.162
1787290220 85.9 86.8 85.0 85.9 1416 950 5.235
1787290221 85.9 86.8 85.0 85.9 1200 950 5.240
1787290222 85.9 87.8 85.0 85.9 1200 950 5.201
1787290223 85.9 85.9 85.0 85.9 1200 950 5.225
1787290224 85.0 85.0 84.1 85.0 2016 950 5.230
1787290226 85.9 86.8 85.0 85.9 1608 950 5.230
1787290227 85.9 86.8 85.0 85.9 1608 950 5.211
1787290228 85.9 86.8 85.0 86.8 1416 950 5.230
1787290229 85.9 85.9 85.0 85.9 1416 950 5.186
1787290230 85.9 86.8 85.0 85.9 1416 950 5.225
1787290231 85.9 86.8 85.0 85.9 1416 950 5.235
1787290232 85.9 86.8 85.0 85.9 1416 950 5.230
1787290234 85.9 86.8 85.0 85.9 1416 950 5.191
1787290235 85.9 86.8 85.0 85.9 1416 950 5.240
1787290236 85.9 86.8 85.0 85.9 1608 950 5.206
1787290237 85.9 86.8 85.0 86.8 1416 950 5.201
1787290238 85.9 86.8 85.0 85.9 1608 950 5.162
1787290239 86.8 86.8 85.9 86.8 1416 950 5.220
1787290240 86.8 86.8 85.0 86.8 1416 950 5.230
1787290241 85.9 86.8 85.0 85.9 1416 950 5.191
1787290243 86.8 87.8 85.9 86.8 1416 950 5.191
1787290244 85.9 85.9 85.0 85.9 1200 950 5.235
1787290245 85.9 86.8 85.0 85.9 1200 950 5.206
1787290246 85.9 87.8 85.9 85.9 1200 950 5.254
1787290247 85.9 86.8 85.0 85.9 1200 950 5.206
1787290248 85.9 86.8 85.0 85.9 1200 950 5.225
1787290250 85.9 86.8 85.0 85.9 1200 950 5.249
1787290251 85.9 86.8 85.0 85.9 1200 950 5.244
1787290252 86.8 86.8 85.0 85.9 1200 950 5.225
1787290253 85.9 86.8 85.0 85.9 1200 950 5.235
1787290254 85.9 86.8 85.0 85.9 1200 950 5.211
1787290255 85.9 86.8 85.0 85.9 1200 950 5.244
1787290256 85.9 86.8 85.0 85.9 1200 950 5.235
1787290258 86.8 87.8 85.0 85.9 1200 950 5.196
1787290259 85.9 86.8 85.0 85.9 1200 950 5.201
1787290260 85.9 86.8 85.0 85.9 1416 950 5.211
1787290261 85.9 86.8 85.0 85.9 1200 950 5.162
1787290262 85.9 86.8 85.0 85.9 1416 950 5.225
1787290263 85.9 86.8 85.0 85.9 1416 950 5.220
1787290264 85.9 86.8 85.0 85.9 1200 950 5.225
1787290266 85.9 86.8 85.0 85.9 1200 950 5.235
1787290267 85.9 86.8 85.0 85.9 1200 950 5.191
1787290268 86.8 86.8 85.0 85.9 1200 950 5.215
1787290269 85.0 86.8 85.0 85.9 1200 950 5.215
1787290270 86.8 86.8 85.0 86.8 1200 950 5.264
1787290271 85.9 86.8 85.0 85.9 1200 950 5.230
1787290273 85.9 86.8 85.0 85.9 1200 950 5.230
1787290274 85.9 86.8 85.9 86.8 1200 950 5.201
1787290275 85.9 86.8 85.9 86.8 1200 950 5.177
1787290276 85.9 85.9 85.0 85.0 1008 950 5.230
1787290277 85.9 86.8 85.0 85.9 1008 950 5.206
1787290278 86.8 86.8 85.9 85.9 1008 950 5.244
1787290279 85.9 86.8 85.0 85.9 1008 950 5.211
1787290281 85.9 86.8 85.0 85.9 1008 950 5.201
1787290282 85.9 86.8 85.0 85.9 1200 950 5.293
1787290283 85.0 85.9 85.0 85.0 1200 950 5.201
1787290284 85.9 86.8 85.0 85.9 1008 950 5.201
1787290285 82.2 81.3 80.4 83.2 2208 950 5.264
1787290286 79.5 79.5 77.6 79.5 2208 950 5.283
1787290287 77.6 77.6 76.7 77.6 2208 950 5.293
1787290288 76.7 76.7 75.8 76.7 2208 950 5.220
1787290289 76.7 75.8 74.8 76.7 2208 950 5.240
1787290291 75.8 75.8 74.8 76.7 2208 950 5.215
1787290292 74.8 74.8 73.9 75.8 2208 950 5.278
1787290293 74.8 73.9 73.9 74.8 2208 950 5.225
1787290294 73.9 73.9 73.0 74.8 2208 950 5.283
1787290295 73.9 73.0 73.0 73.9 2208 950 5.269
1787290296 73.9 73.0 73.0 73.9 2208 950 5.259
1787290297 73.0 73.0 72.1 73.0 2208 950 5.288
1787290298 73.0 72.1 72.1 73.0 2208 950 5.249
1787290299 73.0 72.1 71.2 73.0 2208 950 5.230
1787290300 72.1 72.1 71.2 72.1 2208 950 5.235
1787290301 72.1 72.1 71.2 72.1 2208 950 5.225
1787290302 76.7 76.7 75.8 77.6 2208 950 5.211
1787290303 81.3 82.2 80.4 82.2 2208 950 5.148
1787290305 82.2 83.2 81.3 83.2 2208 950 5.293
1787290306 83.2 84.1 82.2 85.0 2208 950 5.235
1787290307 83.2 84.1 82.2 84.1 2208 950 5.162
1787290308 84.1 85.0 83.2 85.0 2208 950 5.249
1787290309 85.0 85.0 83.2 85.9 2016 950 5.177
1787290310 85.0 85.9 84.1 85.9 2016 950 5.215
1787290311 84.1 85.0 84.1 85.9 2016 950 5.211
1787290313 85.0 85.9 84.1 85.9 2016 950 5.215
1787290314 85.0 85.9 84.1 85.9 1800 950 5.201
1787290315 85.0 85.9 84.1 85.9 1800 950 5.220
1787290316 85.9 86.8 84.1 86.8 1800 950 5.240
1787290317 85.9 85.9 85.0 85.9 2016 950 5.225
1787290318 85.0 85.9 85.0 85.9 1800 950 5.206
1787290320 85.9 85.9 85.0 85.9 1800 950 5.211
1787290321 85.0 86.8 85.0 85.9 1800 950 5.225
1787290322 85.9 86.8 85.0 85.9 1800 950 5.182
1787290323 85.9 86.8 85.0 86.8 1608 950 5.201
1787290324 85.9 86.8 85.0 85.9 1800 950 5.201
1787290325 85.0 85.9 85.0 85.9 1608 950 5.211
1787290326 85.0 86.8 85.0 85.9 1608 950 5.211
1787290328 85.9 86.8 85.0 85.9 1608 950 5.215
1787290329 85.9 86.8 85.0 85.9 1608 950 5.196
1787290330 85.9 86.8 85.0 85.9 1608 950 5.196
1787290331 85.9 86.8 85.0 85.9 1608 950 5.215
1787290332 85.9 86.8 85.0 85.9 1608 950 5.177
1787290333 85.0 86.8 85.0 85.9 1608 950 5.215
1787290335 85.9 86.8 85.0 85.9 1608 950 5.244
1787290336 85.0 85.9 85.0 85.9 1608 950 5.191
1787290337 85.9 86.8 85.0 85.9 1608 950 5.215
1787290338 85.9 86.8 85.0 86.8 1608 950 5.215
1787290339 85.9 86.8 85.0 85.9 1608 950 5.220
1787290340 85.9 86.8 85.0 85.9 1608 950 5.220
1787290341 85.9 86.8 85.0 85.9 1608 950 5.220
1787290343 85.9 86.8 85.0 86.8 1416 950 5.264
1787290344 85.9 86.8 85.0 85.9 1608 950 5.215
1787290345 85.9 86.8 85.0 85.9 1416 950 5.220
1787290346 85.9 86.8 85.0 85.9 1416 950 5.215
1787290347 85.9 86.8 85.9 85.9 1416 950 5.162
1787290348 85.9 86.8 85.0 85.9 1416 950 5.225
1787290350 85.9 86.8 85.0 85.9 1416 950 5.201
1787290351 85.9 86.8 85.0 85.9 1608 950 5.191
1787290352 85.9 86.8 85.0 85.9 1416 950 5.230
1787290353 85.9 86.8 85.0 85.9 1416 950 5.264
1787290354 85.9 86.8 85.0 85.9 1416 950 5.235
1787290355 85.9 86.8 85.0 85.9 1416 950 5.172
1787290356 85.9 86.8 85.0 85.9 1416 950 5.220
1787290358 85.9 86.8 85.0 85.9 1416 950 5.225
1787290359 85.9 86.8 85.0 85.9 1416 950 5.201
1787290360 85.9 86.8 85.0 85.9 1608 950 5.220
1787290361 85.9 86.8 85.0 86.8 1416 950 5.215
1787290362 85.9 86.8 85.0 86.8 1416 950 5.215
1787290363 85.0 85.9 84.1 85.9 1800 950 5.225
1787290365 85.9 86.8 85.0 85.9 1608 950 5.240
1787290366 85.9 86.8 85.9 86.8 1608 950 5.201
1787290367 85.9 86.8 85.0 85.9 1416 950 5.215
1787290368 85.9 86.8 85.0 85.9 1416 950 5.182
1787290369 86.8 87.8 85.9 86.8 1416 950 5.215
1787290370 85.0 85.9 85.0 85.0 1608 950 5.254
1787290371 85.9 86.8 85.0 85.9 1416 950 5.191
1787290373 86.8 86.8 85.9 86.8 1416 950 5.172
1787290374 85.9 85.9 85.0 85.9 1608 950 5.211
1787290375 85.9 85.9 85.0 85.0 1416 950 5.230
1787290376 85.9 86.8 85.0 85.9 1416 950 5.157
1787290377 85.9 86.8 85.0 85.9 1608 950 5.186
1787290378 85.9 86.8 85.0 85.9 1416 950 5.220
1787290379 85.9 86.8 85.0 85.9 1416 950 5.215
1787290381 86.8 86.8 85.9 86.8 1416 950 5.196
1787290382 85.9 86.8 85.0 85.9 1416 950 5.196
1787290383 86.8 87.8 85.0 85.9 1416 950 5.244
1787290384 85.9 87.8 85.9 85.9 1416 950 5.206
1787290385 85.9 86.8 85.0 85.9 1416 950 5.225
1787290386 85.9 86.8 85.0 85.9 1416 950 5.235
1787290387 85.9 86.8 85.0 85.9 1608 950 5.254
1787290389 85.9 86.8 85.0 85.9 1416 950 5.235
1787290390 85.9 86.8 85.9 85.9 1416 950 5.211
1787290391 86.8 87.8 85.9 86.8 1200 950 5.225
1787290392 85.9 86.8 85.0 86.8 1200 950 5.186
1787290393 85.9 86.8 85.0 85.9 1200 950 5.215
1787290394 85.9 86.8 85.0 85.9 1200 950 5.215
1787290395 86.8 87.8 85.9 86.8 1200 950 5.235
1787290397 85.9 86.8 85.0 85.9 1008 950 5.196
1787290398 85.9 86.8 85.0 85.9 1008 950 5.211
1787290399 85.9 86.8 85.0 85.9 1200 950 5.196
1787290400 86.8 86.8 85.0 85.9 1008 950 5.230
1787290401 85.9 86.8 85.0 85.9 1200 950 5.153
1787290402 85.9 86.8 85.0 85.9 1200 950 5.240
1787290404 85.0 86.8 85.0 85.9 1008 950 5.201
1787290405 85.9 87.8 85.9 85.9 1008 950 5.206
1787290406 85.9 86.8 85.0 85.9 1008 950 5.240
1787290407 85.9 86.8 85.0 85.9 1008 950 5.172
1787290408 85.9 86.8 85.0 85.9 1200 950 5.259
1787290409 85.9 86.8 85.0 85.9 1008 950 5.177
1787290411 85.9 87.8 85.0 85.9 1008 950 5.225
1787290412 85.9 86.8 85.0 85.9 1200 950 5.206
1787290413 85.9 86.8 85.0 85.9 1008 950 5.230
1787290414 85.9 86.8 85.0 85.9 1008 950 5.244
1787290415 85.9 86.8 85.0 85.9 1008 950 5.225
1787290416 85.9 86.8 85.0 85.9 1008 950 5.215
1787290418 85.9 86.8 85.0 85.9 1200 950 5.259
1787290419 85.9 86.8 85.0 85.9 1008 950 5.167
1787290420 85.9 87.8 85.0 85.9 1008 950 5.215
1787290421 86.8 86.8 85.0 85.9 1008 950 5.230
1787290422 85.9 86.8 85.0 85.9 1008 950 5.235
1787290423 85.9 86.8 85.0 85.9 1008 950 5.206
1787290425 85.9 86.8 85.0 85.9 1800 950 5.293
1787290426 85.9 85.9 85.0 85.9 1608 950 5.225
1787290427 85.9 87.8 85.0 86.8 1416 950 5.206
1787290428 85.9 86.8 85.0 86.8 1416 950 5.240
1787290429 85.9 86.8 85.0 86.8 1416 950 5.201
1787290430 86.8 87.8 85.0 86.8 1416 950 5.215
1787290431 85.9 86.8 85.0 86.8 1416 950 5.211
1787290433 85.9 85.9 85.0 85.9 1200 950 5.215
1787290434 86.8 86.8 85.9 86.8 1200 950 5.240
1787290435 85.9 86.8 85.0 85.9 1200 950 5.191
1787290436 85.9 86.8 85.0 85.9 1200 950 5.220
1787290437 86.8 87.8 85.9 85.9 1200 950 5.215
1787290438 85.9 86.8 85.0 85.9 1200 950 5.220
1787290439 85.9 86.8 85.9 86.8 1200 950 5.230
1787290441 86.8 86.8 85.9 85.9 1200 950 5.206
1787290442 86.8 87.8 85.9 86.8 1200 950 5.196
1787290443 86.8 87.8 85.9 86.8 1200 950 5.196
1787290444 85.9 86.8 85.0 85.9 1200 950 5.230
1787290445 86.8 87.8 85.9 85.9 1008 950 5.186
1787290447 85.9 86.8 85.0 85.9 1008 950 5.186
1787290448 85.9 86.8 85.0 85.9 1008 950 5.186
1787290449 85.9 86.8 85.0 85.9 1200 950 5.230
1787290450 85.9 86.8 85.0 85.9 1008 950 5.230
1787290451 85.9 86.8 85.0 85.9 1008 950 5.182
1787290452 85.9 86.8 85.0 85.9 1008 950 5.206
1787290453 86.8 86.8 85.0 85.9 1008 950 5.215
1787290455 85.9 86.8 85.0 85.9 1008 950 5.201
1787290456 85.9 86.8 85.9 85.9 1008 950 5.254
1787290457 86.8 86.8 85.0 85.9 1008 950 5.220
1787290458 85.9 86.8 85.0 85.9 1008 950 5.264
1787290459 85.9 87.8 85.9 85.9 1008 950 5.235
1787290461 85.9 86.8 85.0 85.9 1008 950 5.225
1787290462 85.9 86.8 85.0 85.9 1008 950 5.157
1787290463 85.9 86.8 85.0 85.9 1008 950 5.211
1787290464 85.9 86.8 85.0 85.9 1008 950 5.215
1787290465 85.9 86.8 85.0 85.9 1008 950 5.206
1787290466 85.9 86.8 85.0 85.9 1008 950 5.211
1787290468 85.9 86.8 85.0 85.9 1008 950 5.235
1787290469 85.9 87.8 85.0 85.9 1008 950 5.206
1787290470 85.9 86.8 85.0 85.9 1200 950 5.201
1787290471 85.9 86.8 85.0 85.9 1200 950 5.206
1787290472 85.9 86.8 85.0 85.9 1008 950 5.244
1787290473 85.9 86.8 85.0 85.9 1008 950 5.206
1787290475 85.9 86.8 85.0 85.9 1200 950 5.162
1787290476 85.9 86.8 85.0 85.9 1200 950 5.215
1787290477 85.9 86.8 85.0 85.9 1008 950 5.211
1787290478 85.9 86.8 85.0 85.9 1008 950 5.225
1787290479 85.9 86.8 85.0 85.9 1008 950 5.215
1787290480 85.9 87.8 85.0 85.9 1008 950 5.191
1787290481 85.9 86.8 85.0 85.9 1200 950 5.235
1787290483 86.8 86.8 85.0 85.9 1008 950 5.215
1787290484 85.9 86.8 85.0 85.9 1008 950 5.186
1787290485 84.1 84.1 83.2 84.1 1608 950 5.269
1787290486 85.0 85.0 85.0 85.9 1800 950 5.201
1787290487 85.9 86.8 85.0 85.9 1200 950 5.230
1787290488 85.9 86.8 85.0 85.9 1200 950 5.182
1787290490 85.9 85.9 85.0 85.9 1200 950 5.196
1787290491 85.9 86.8 85.0 85.9 1200 950 5.186
1787290492 85.9 86.8 85.0 85.9 1200 950 5.206
1787290493 86.8 87.8 85.9 86.8 1200 950 5.259
1787290494 85.9 86.8 85.0 85.9 1200 950 5.186
1787290495 85.9 86.8 85.9 85.9 1200 950 5.191
1787290496 85.9 86.8 85.0 85.9 1200 950 5.215
1787290498 85.9 86.8 85.0 85.0 1416 950 5.215
1787290499 85.9 86.8 85.0 85.9 1200 950 5.206
1787290500 85.9 86.8 85.9 85.9 1200 950 5.177
1787290501 85.9 86.8 85.0 85.9 1200 950 5.206
1787290502 86.8 87.8 85.0 86.8 1200 950 5.206
1787290503 85.9 87.8 85.0 86.8 1416 950 5.177
1787290505 85.9 87.8 85.0 85.9 1200 950 5.230
1787290506 85.9 86.8 85.9 85.9 1200 950 5.201
1787290507 85.9 86.8 85.0 85.9 1200 950 5.215
1787290508 85.9 87.8 85.0 85.9 1200 950 5.225
1787290509 85.9 86.8 85.0 85.9 1200 950 5.235
1787290510 86.8 87.8 85.0 85.9 1200 950 5.235
1787290511 85.9 86.8 85.9 86.8 1200 950 5.235
1787290513 85.9 86.8 85.0 85.9 1200 950 5.148
1787290514 85.9 86.8 85.0 85.9 1200 950 5.230
1787290515 85.9 86.8 85.0 85.9 1200 950 5.225
1787290516 85.9 86.8 85.0 85.9 1200 950 5.215
1787290517 85.9 86.8 85.9 85.9 1200 950 5.196
1787290518 85.9 86.8 85.9 85.9 1200 950 5.230
1787290520 86.8 87.8 85.0 85.9 1200 950 5.220
1787290521 86.8 86.8 85.9 86.8 1200 950 5.211
1787290522 86.8 87.8 85.9 85.9 1008 950 5.230
1787290523 85.9 86.8 85.0 85.9 1200 950 5.220
1787290524 85.9 86.8 85.0 85.9 1008 950 5.230
1787290525 85.9 86.8 85.0 85.9 1008 950 5.196
1787290526 85.9 86.8 85.0 85.9 1200 950 5.206
1787290528 85.9 86.8 85.0 85.9 1008 950 5.264
1787290529 85.9 87.8 85.0 85.9 1200 950 5.206
1787290530 85.9 86.8 85.0 85.9 1008 950 5.211
1787290531 85.9 86.8 85.9 85.9 1008 950 5.201
1787290532 86.8 87.8 85.0 85.9 1008 950 5.201
1787290533 85.9 86.8 85.0 85.9 1008 950 5.182
1787290535 85.9 86.8 85.0 85.9 1008 950 5.215
1787290536 85.9 86.8 85.0 85.9 1008 950 5.196
1787290537 85.9 86.8 85.0 85.9 1008 950 5.191
1787290538 85.9 86.8 85.0 85.9 1008 950 5.249
1787290539 85.9 86.8 85.0 85.9 1200 950 5.235
1787290540 85.9 86.8 85.0 85.9 1200 950 5.215
1787290542 85.9 86.8 85.0 85.9 1008 950 5.201
1787290543 85.9 86.8 85.0 85.9 1200 950 5.235
1787290544 85.9 86.8 85.0 85.9 1200 950 5.220
1787290545 85.9 86.8 85.0 85.9 1008 950 5.182
1787290546 83.2 82.2 81.3 82.2 2016 950 5.244
1787290547 85.9 86.8 85.0 86.8 1800 950 5.244
1787290548 85.9 86.8 85.0 86.8 1608 950 5.201
1787290550 86.8 87.8 85.9 86.8 1008 950 5.211
1787290551 85.9 86.8 85.0 85.9 1008 950 5.186
1787290552 86.8 86.8 85.9 85.9 1008 950 5.215
1787290553 85.9 86.8 85.0 85.9 1008 950 5.220
1787290554 85.9 86.8 85.0 85.9 1200 950 5.269
1787290555 85.9 86.8 85.0 85.9 1008 950 5.215
1787290557 85.9 86.8 85.0 85.9 1200 950 5.244
1787290558 85.0 85.9 84.1 85.0 1200 950 5.191
1787290559 85.9 86.8 85.0 85.9 1008 950 5.211
1787290560 85.9 86.8 85.0 85.0 1200 950 5.230
1787290561 85.9 86.8 85.0 85.9 1200 950 5.196
1787290562 85.0 86.8 85.0 85.0 1200 950 5.186
1787290564 85.9 86.8 85.0 85.9 1008 950 5.220
1787290565 85.0 85.9 85.0 85.0 1200 950 5.249
1787290566 85.9 86.8 85.0 85.9 1200 950 5.138
1787290567 85.9 86.8 85.0 85.0 1200 950 5.220
1787290568 85.0 86.8 85.0 85.9 1200 950 5.264
1787290569 85.9 86.8 85.0 85.9 1200 950 5.191
1787290570 85.9 86.8 85.0 85.9 1008 950 5.235
1787290572 85.9 86.8 85.0 85.9 1008 950 5.244
1787290573 85.9 86.8 85.0 85.9 1008 950 5.230
1787290574 85.9 86.8 85.0 85.9 1008 950 5.283
1787290575 85.9 86.8 85.0 85.9 1200 950 5.225
1787290576 85.9 86.8 85.0 85.9 1200 950 5.186
1787290577 85.9 86.8 85.0 85.9 1008 950 5.249
1787290579 85.9 86.8 85.0 85.9 1008 950 5.201
1787290580 85.9 86.8 85.0 85.9 1008 950 5.182
1787290581 85.9 86.8 85.0 85.9 1200 950 5.240
1787290582 85.9 86.8 85.0 85.9 1200 950 5.206
1787290583 85.9 86.8 85.0 85.9 1008 950 5.230
1787290584 85.9 86.8 85.0 85.9 1200 950 5.220
1787290586 85.9 87.8 85.0 85.9 1200 950 5.230
1787290587 85.9 86.8 85.0 85.9 1008 950 5.225
1787290588 85.9 86.8 85.0 85.9 1008 950 5.240
1787290589 85.9 87.8 85.0 85.9 1008 950 5.220
1787290590 85.9 86.8 85.0 85.9 1008 950 5.240
1787290591 85.9 86.8 85.0 85.9 1008 950 5.235
1787290593 85.9 86.8 85.0 85.9 1008 950 5.225
1787290594 85.9 86.8 85.9 85.9 1008 950 5.230
1787290595 85.9 86.8 85.0 85.9 1008 950 5.215
1787290596 85.9 86.8 85.0 85.9 1008 950 5.167
1787290597 85.9 86.8 85.0 85.9 1008 950 5.225
1787290598 85.9 86.8 85.0 85.9 1008 950 5.201
1787290600 85.9 87.8 85.9 85.9 1008 950 5.182
1787290601 85.9 86.8 85.0 85.9 1008 950 5.215
1787290602 85.9 86.8 85.0 85.9 1008 950 5.240
1787290603 85.9 86.8 85.0 85.9 1008 950 5.211
1787290604 85.9 86.8 85.0 85.9 1008 950 5.249
1787290605 85.9 86.8 85.0 85.9 1008 950 5.211
1787290607 85.9 86.8 85.0 85.9 1008 950 5.196
1787290608 81.3 80.4 80.4 81.3 2208 950 5.293
1787290609 78.5 78.5 77.6 78.5 2208 950 5.215
1787290610 77.6 76.7 76.7 77.6 2208 950 5.269
1787290611 76.7 76.7 75.8 76.7 2208 950 5.273
1787290612 75.8 75.8 74.8 75.8 2208 950 5.249
1787290613 75.8 74.8 74.8 75.8 2208 950 5.240
1787290614 74.8 74.8 73.9 74.8 2208 950 5.302
1787290615 74.8 74.8 73.0 74.8 2208 950 5.288
1787290616 73.9 73.9 73.0 73.9 2208 950 5.307
1787290617 73.9 73.0 73.0 73.9 2208 950 5.244
1787290618 73.0 73.0 73.0 73.9 2208 950 5.254
1787290620 73.0 73.0 72.1 73.0 2208 950 5.288
1787290621 73.0 72.1 72.1 73.0 2208 950 5.278
1787290622 72.1 72.1 71.2 73.0 2208 950 5.215
1787290623 72.1 72.1 71.2 72.1 2208 950 5.230
1787290624 72.1 71.2 71.2 72.1 2208 950 5.254
1787290625 76.7 77.6 76.7 78.5 2208 950 5.215
1787290626 80.4 81.3 79.5 81.3 2208 950 5.167
1787290627 82.2 82.2 81.3 83.2 2208 950 5.201
1787290628 83.2 84.1 82.2 85.0 2208 950 5.240
1787290629 84.1 84.1 83.2 85.0 2208 950 5.220
1787290631 84.1 85.0 83.2 85.0 2208 950 5.206
1787290632 84.1 85.0 83.2 85.0 2208 950 5.196
1787290633 85.0 85.9 84.1 85.9 2016 950 5.211
1787290634 85.0 85.9 84.1 85.9 2016 950 5.220
1787290635 81.3 80.4 79.5 81.3 2208 950 5.302
1787290636 77.6 77.6 76.7 77.6 2208 950 5.235
1787290637 75.8 74.8 74.8 75.8 2208 950 5.302
1787290638 81.3 83.2 80.4 83.2 2208 950 5.172
1787290639 83.2 84.1 82.2 84.1 2208 950 5.235
1787290641 85.0 85.0 84.1 85.0 2016 950 5.230
1787290642 85.0 86.8 84.1 85.9 2016 950 5.220
1787290643 85.0 85.0 84.1 85.9 2016 950 5.157
1787290644 85.9 85.9 84.1 85.9 2016 950 5.167
1787290645 85.0 85.0 84.1 85.9 2016 950 5.249
1787290646 85.0 85.9 84.1 85.9 2016 950 5.196
1787290647 85.0 86.8 84.1 85.9 1800 950 5.211
1787290649 85.9 86.8 85.0 85.9 1800 950 5.215
1787290650 85.0 85.9 85.0 85.9 1800 950 5.215
1787290651 85.0 85.9 85.0 85.9 1800 950 5.215
1787290652 85.9 85.9 85.0 85.9 1800 950 5.220
1787290653 85.9 86.8 85.0 86.8 1800 950 5.225
1787290654 85.9 86.8 85.0 85.9 1800 950 5.206
1787290656 85.9 86.8 85.0 85.9 1800 950 5.215
1787290657 85.9 86.8 85.0 86.8 1800 950 5.211
1787290658 85.9 86.8 85.0 86.8 1608 950 5.206
1787290659 85.9 86.8 85.0 85.9 1608 950 5.235
1787290660 85.9 86.8 85.0 85.9 1608 950 5.235
1787290661 85.9 85.9 85.0 85.9 1608 950 5.201
1787290663 85.9 86.8 85.0 85.0 1608 950 5.206
1787290664 85.9 86.8 85.0 86.8 1608 950 5.206
1787290665 85.9 86.8 85.0 86.8 1608 950 5.211
1787290666 85.0 85.0 84.1 85.0 1608 950 5.215
1787290667 85.9 86.8 85.0 85.9 1608 950 5.201
1787290668 85.9 86.8 85.0 85.9 1608 950 5.240
1787290669 85.9 86.8 85.0 85.9 1608 950 5.225
1787290671 85.9 86.8 85.0 85.9 1608 950 5.215
1787290672 85.0 85.9 85.0 85.9 1608 950 5.215
1787290673 85.9 86.8 85.0 85.9 1608 950 5.196
1787290674 85.9 86.8 85.0 85.9 1608 950 5.196
1787290675 85.9 86.8 85.0 85.9 1608 950 5.191
1787290676 85.9 85.9 85.0 85.0 1800 950 5.186
1787290677 85.9 87.8 85.0 86.8 1608 950 5.220
1787290679 85.9 86.8 85.0 85.9 1608 950 5.211
1787290680 85.9 86.8 85.0 85.9 1608 950 5.235
1787290681 85.9 86.8 85.0 86.8 1608 950 5.215
1787290682 85.9 86.8 85.0 85.9 1416 950 5.225
1787290683 85.0 85.9 85.0 85.0 1608 950 5.240
1787290684 85.9 86.8 85.0 85.9 1416 950 5.191
1787290686 85.9 86.8 85.0 85.9 1416 950 5.220
1787290687 85.9 86.8 85.0 85.9 1416 950 5.215
1787290688 85.9 86.8 85.0 85.9 1608 950 5.206
1787290689 85.9 85.9 85.0 85.9 1416 950 5.215
1787290690 85.9 87.8 85.0 85.9 1416 950 5.220
1787290691 85.9 87.8 85.0 85.9 1416 950 5.225
1787290692 85.9 86.8 85.0 85.9 1416 950 5.186
1787290694 85.9 86.8 85.0 85.9 1608 950 5.240
1787290695 85.9 85.9 85.0 85.9 1608 950 5.220
1787290696 85.9 86.8 85.0 85.9 1416 950 5.196
1787290697 85.9 86.8 85.0 85.9 1416 950 5.215
1787290698 84.1 84.1 83.2 83.2 2016 950 5.302
1787290699 79.5 79.5 78.5 79.5 2208 950 5.293
1787290700 77.6 77.6 76.7 77.6 2208 950 5.283
1787290701 76.7 76.7 75.8 76.7 2208 950 5.302
1787290702 76.7 75.8 74.8 76.7 2208 950 5.269
1787290704 75.8 74.8 73.9 75.8 2208 950 5.283
1787290705 74.8 74.8 73.9 74.8 2208 950 5.278
1787290706 73.9 73.9 73.0 74.8 2208 950 5.293
1787290707 73.9 73.0 73.0 73.9 2208 950 5.235
1787290708 73.0 73.0 73.0 73.0 2208 950 5.240
1787290709 73.0 73.0 72.1 73.0 2208 950 5.298
1787290710 73.0 72.1 72.1 73.0 2208 950 5.307
1787290711 73.0 72.1 71.2 72.1 2208 950 5.225
1787290712 72.1 71.2 71.2 72.1 2208 950 5.293
1787290713 72.1 71.2 71.2 72.1 2208 950 5.235
1787290714 71.2 71.2 70.2 71.2 2208 950 5.254
1787290715 71.2 71.2 70.2 71.2 2208 950 5.298
1787290716 71.2 70.2 69.3 71.2 2208 950 5.312
1787290717 71.2 70.2 69.3 71.2 2208 950 5.259
1787290719 70.2 70.2 69.3 71.2 2208 950 5.298
1787290720 70.2 70.2 69.3 70.2 2208 950 5.264
1787290721 70.2 69.3 69.3 70.2 2208 950 5.312
1787290722 70.2 69.3 69.3 69.3 2208 950 5.225
1787290723 74.8 76.7 74.8 75.8 2208 950 5.302
1787290724 78.5 78.5 77.6 79.5 2208 950 5.215
1787290725 80.4 81.3 79.5 82.2 2208 950 5.206
1787290726 80.4 81.3 79.5 81.3 2208 950 5.153
1787290727 81.3 82.2 80.4 82.2 2208 950 5.215
1787290728 82.2 83.2 81.3 83.2 2208 950 5.201
1787290730 83.2 83.2 81.3 83.2 2208 950 5.254
1787290731 83.2 83.2 82.2 84.1 2208 950 5.249
1787290732 84.1 85.0 83.2 85.0 2208 950 5.201
1787290733 83.2 84.1 82.2 84.1 2208 950 5.157
1787290734 84.1 85.0 83.2 85.0 2208 950 5.206
1787290735 85.0 85.0 83.2 85.9 2016 950 5.211
1787290736 84.1 85.0 84.1 85.9 2016 950 5.201
1787290738 85.0 85.0 83.2 85.0 2208 950 5.201
1787290739 84.1 85.0 84.1 85.9 2016 950 5.191
1787290740 85.0 85.0 84.1 85.9 2016 950 5.269
1787290741 84.1 85.0 83.2 85.9 2016 950 5.215
1787290742 85.0 85.9 84.1 85.9 2016 950 5.182
1787290743 85.0 85.9 84.1 85.9 2016 950 5.201
1787290744 85.9 85.9 84.1 85.9 2016 950 5.167
1787290746 85.0 85.9 84.1 86.8 2016 950 5.177
1787290747 85.0 86.8 85.0 85.9 2016 950 5.220
1787290748 85.0 85.0 84.1 85.9 2016 950 5.167
1787290749 85.9 85.9 84.1 85.9 1800 950 5.235
1787290750 85.0 85.9 84.1 85.9 1800 950 5.225
1787290751 85.0 85.9 84.1 85.9 1800 950 5.220
1787290752 85.0 86.8 84.1 85.0 2016 950 5.230
1787290754 85.0 85.9 84.1 85.9 1800 950 5.148
1787290755 85.0 85.9 85.0 85.9 1800 950 5.230
1787290756 85.9 86.8 85.0 85.9 1800 950 5.177
1787290757 85.0 85.9 85.0 85.9 1800 950 5.196
1787290758 85.0 85.9 84.1 85.0 1800 950 5.244
1787290759 85.0 86.8 85.0 85.9 1800 950 5.206
1787290760 85.9 86.8 85.0 86.8 1800 950 5.172
1787290761 85.0 85.9 85.0 85.9 1800 950 5.211
1787290763 85.9 86.8 85.0 86.8 1800 950 5.162
1787290764 85.9 86.8 85.0 86.8 1800 950 5.196
1787290765 85.0 85.9 85.0 85.9 1608 950 5.259
1787290766 85.9 86.8 85.0 85.9 1608 950 5.215
1787290767 85.0 86.8 85.0 85.9 1800 950 5.191
1787290768 85.0 85.9 85.0 85.0 1608 950 5.182
1787290769 85.9 85.9 85.0 85.9 1608 950 5.201
1787290771 85.9 86.8 85.0 85.9 1608 950 5.211
1787290772 85.9 86.8 85.0 85.9 1608 950 5.254
1787290773 85.0 86.8 85.0 85.9 1608 950 5.177
1787290774 85.9 86.8 85.0 85.9 1800 950 5.235
1787290775 85.9 86.8 85.0 85.9 1608 950 5.211
1787290776 85.9 86.8 85.0 85.9 1608 950 5.157
1787290778 85.9 86.8 85.0 85.0 1608 950 5.201
1787290779 85.0 85.9 84.1 85.9 1800 950 5.215
1787290780 85.9 86.8 85.0 85.9 1608 950 5.206
1787290781 85.9 86.8 85.0 85.9 1608 950 5.211
1787290782 85.9 86.8 85.0 85.9 1608 950 5.225
1787290783 83.2 82.2 81.3 82.2 2208 950 5.254
1787290784 84.1 85.0 83.2 85.9 2016 950 5.230
1787290785 85.0 85.0 84.1 85.9 1800 950 5.249
1787290787 85.9 86.8 85.0 85.9 1800 950 5.215
1787290788 85.0 85.9 85.0 85.9 1608 950 5.225
1787290789 85.9 86.8 85.0 85.9 1608 950 5.196
1787290790 85.9 86.8 85.0 86.8 1608 950 5.215
1787290791 85.9 86.8 85.0 85.9 1608 950 5.215
1787290792 85.0 85.9 85.0 85.9 1608 950 5.177
1787290793 85.9 85.9 85.0 85.9 1608 950 5.240
1787290795 85.9 86.8 85.0 85.9 1608 950 5.177
1787290796 85.0 86.8 85.0 85.9 1608 950 5.201
1787290797 85.9 86.8 85.0 85.9 1608 950 5.215
1787290798 85.9 86.8 85.0 85.9 1608 950 5.206
1787290799 85.9 86.8 85.0 85.9 1608 950 5.167
1787290800 85.9 86.8 85.0 85.9 1608 950 5.240
1787290802 85.9 86.8 85.0 85.9 1608 950 5.235
1787290803 85.9 86.8 85.0 85.9 1608 950 5.153
1787290804 85.9 86.8 85.0 85.9 1608 950 5.240
1787290805 85.9 86.8 85.0 85.9 1608 950 5.206
1787290806 85.9 86.8 85.0 86.8 1608 950 5.220
1787290807 86.8 86.8 85.0 86.8 1416 950 5.201
1787290808 85.9 87.8 85.0 85.9 1416 950 5.215
1787290810 85.9 86.8 85.0 85.9 1416 950 5.182
1787290811 85.9 86.8 85.0 85.9 1416 950 5.225
1787290812 85.9 86.8 85.0 85.9 1416 950 5.235
1787290813 85.9 86.8 85.0 85.9 1608 950 5.244
1787290814 85.9 86.8 85.0 85.9 1416 950 5.215
1787290815 85.9 86.8 85.0 85.9 1416 950 5.196
1787290817 85.9 86.8 85.0 85.9 1416 950 5.220
1787290818 85.9 86.8 85.0 85.9 1416 950 5.249
1787290819 85.9 86.8 85.0 85.9 1608 950 5.273
1787290820 85.9 86.8 85.0 85.9 1416 950 5.244
1787290821 85.9 86.8 85.0 85.9 1608 950 5.240
1787290822 85.9 86.8 85.0 85.0 1608 950 5.220
1787290823 85.9 86.8 85.0 85.9 1416 950 5.215
1787290825 85.9 86.8 85.0 85.9 1416 950 5.157
1787290826 85.9 86.8 85.0 85.9 1416 950 5.215
1787290827 85.9 86.8 85.0 85.9 1416 950 5.196
1787290828 85.9 86.8 85.0 85.9 1608 950 5.215
1787290829 85.9 86.8 85.0 85.9 1416 950 5.225
1787290830 85.9 87.8 85.0 85.9 1416 950 5.230
1787290831 85.9 86.8 85.0 85.9 1416 950 5.230
1787290833 85.9 86.8 85.0 85.9 1416 950 5.220
1787290834 86.8 86.8 85.0 85.9 1416 950 5.220
1787290835 86.8 87.8 85.0 85.9 1416 950 5.215
1787290836 85.9 86.8 85.0 86.8 1416 950 5.211
1787290837 85.9 86.8 85.0 85.9 1416 950 5.225
1787290838 86.8 87.8 85.9 86.8 1416 950 5.162
1787290840 85.9 86.8 85.0 86.8 1416 950 5.167
1787290841 85.9 86.8 85.0 85.9 1416 950 5.220
1787290842 86.8 87.8 85.9 86.8 1416 950 5.235
1787290843 85.9 86.8 85.0 85.9 1200 950 5.235
1787290844 85.9 85.9 85.0 85.9 1416 950 5.283
1787290845 85.0 84.1 83.2 85.9 2016 950 5.191
1787290846 85.9 86.8 85.0 86.8 1608 950 5.177
1787290848 85.9 86.8 85.0 86.8 1608 950 5.220
1787290849 85.9 86.8 85.0 85.9 1416 950 5.182
1787290850 85.9 86.8 85.0 86.8 1416 950 5.220
1787290851 85.9 86.8 85.0 85.9 1416 950 5.264
1787290852 85.9 86.8 85.9 85.9 1416 950 5.264
1787290853 85.9 86.8 85.0 85.9 1416 950 5.186
1787290854 85.9 86.8 85.9 86.8 1416 950 5.201
1787290856 85.9 86.8 85.0 85.9 1416 950 5.211
1787290857 85.9 87.8 85.0 85.9 1416 950 5.172
1787290858 86.8 86.8 85.9 86.8 1416 950 5.249
1787290859 86.8 86.8 85.9 85.9 1416 950 5.211
1787290860 85.9 86.8 85.0 85.9 1416 950 5.211
1787290861 85.9 86.8 85.9 85.9 1416 950 5.191
1787290862 85.9 86.8 85.0 85.9 1416 950 5.201
1787290864 86.8 87.8 85.9 86.8 1416 950 5.235
1787290865 85.9 86.8 85.0 85.9 1200 950 5.254
1787290866 86.8 86.8 85.0 85.9 1200 950 5.225
1787290867 86.8 86.8 85.9 86.8 1200 950 5.182
1787290868 86.8 87.8 85.9 85.9 1008 950 5.206
1787290869 85.9 86.8 85.0 85.9 1008 950 5.283
1787290871 85.9 86.8 85.0 85.9 1008 950 5.230
1787290872 85.9 86.8 85.0 85.9 1008 950 5.230
1787290873 85.9 86.8 85.0 85.9 1008 950 5.206
1787290874 85.9 87.8 85.0 85.9 1200 950 5.230
1787290875 85.9 86.8 85.0 85.9 1008 950 5.235
1787290876 85.9 86.8 85.0 85.9 1008 950 5.206
1787290878 85.9 86.8 85.0 85.9 1008 950 5.182
1787290879 85.9 86.8 85.0 85.9 1008 950 5.211
1787290880 85.9 86.8 85.0 85.0 1008 950 5.235
1787290881 85.9 86.8 85.0 85.9 1008 950 5.215
1787290882 85.9 86.8 85.0 85.9 1008 950 5.225
1787290883 85.9 86.8 85.0 85.9 1008 950 5.235
1787290885 85.9 86.8 85.0 85.9 1200 950 5.206
1787290886 85.9 86.8 85.0 85.9 1008 950 5.235
1787290887 85.9 86.8 85.0 85.9 1008 950 5.201
1787290888 85.9 86.8 85.0 85.9 1008 950 5.206
1787290889 85.9 86.8 85.0 85.9 1200 950 5.211
1787290890 85.9 86.8 85.0 85.9 1008 950 5.235
1787290892 85.9 86.8 85.0 85.9 1200 950 5.225
1787290893 85.9 86.8 85.0 85.9 1008 950 5.215
1787290894 85.9 86.8 85.0 85.9 1008 950 5.177
1787290895 85.9 86.8 85.0 85.9 1008 950 5.201
1787290896 85.9 86.8 85.0 85.9 1008 950 5.215
1787290897 85.9 86.8 85.0 85.9 1008 950 5.206
1787290899 85.9 86.8 85.0 85.9 1200 950 5.182
1787290900 85.9 86.8 85.0 85.9 1200 950 5.215
1787290901 85.9 86.8 85.0 85.9 1200 950 5.211
1787290902 85.9 86.8 85.0 85.9 1008 950 5.249
1787290903 85.9 86.8 85.0 85.9 1008 950 5.215
1787290904 85.9 87.8 85.9 85.9 1008 950 5.177
1787290906 82.2 81.3 81.3 82.2 2016 950 5.283
1787290907 85.0 85.0 84.1 85.0 2016 950 5.201
1787290908 85.9 86.8 85.0 85.9 1608 950 5.201
1787290909 85.9 86.8 85.0 85.9 1608 950 5.230
1787290910 86.8 87.8 85.9 86.8 1416 950 5.186
1787290911 85.9 86.8 85.0 85.9 1416 950 5.186
1787290912 85.9 87.8 85.9 86.8 1416 950 5.215
1787290914 85.9 86.8 85.9 85.9 1416 950 5.215
1787290915 85.9 87.8 85.0 86.8 1416 950 5.206
1787290916 85.9 86.8 85.0 85.9 1416 950 5.235
1787290917 85.9 86.8 85.0 85.9 1416 950 5.225
1787290918 86.8 87.8 85.9 86.8 1416 950 5.211
1787290919 86.8 86.8 85.0 85.9 1200 950 5.196
1787290920 85.9 86.8 85.0 85.9 1200 950 5.240
1787290922 86.8 86.8 85.9 85.9 1200 950 5.220
1787290923 85.9 86.8 85.0 85.9 1200 950 5.196
1787290924 85.9 86.8 85.0 85.9 1200 950 5.182
1787290925 85.9 86.8 85.9 85.9 1200 950 5.240
1787290926 85.9 86.8 85.0 85.9 1200 950 5.225
1787290928 85.9 87.8 85.9 86.8 1200 950 5.196
1787290929 85.9 86.8 85.9 85.9 1200 950 5.225
1787290930 85.9 86.8 85.0 85.9 1200 950 5.196
1787290931 85.9 86.8 85.9 85.9 1200 950 5.264
1787290932 85.9 87.8 85.9 86.8 1200 950 5.196
1787290933 86.8 87.8 85.9 86.8 1200 950 5.230
1787290935 85.9 87.8 85.9 85.9 1200 950 5.220
1787290936 85.9 86.8 85.0 85.9 1416 950 5.220
1787290937 85.9 86.8 85.0 85.9 1200 950 5.211
1787290938 85.9 87.8 85.0 85.9 1200 950 5.196
1787290939 85.0 86.8 85.0 85.9 1200 950 5.235
1787290940 85.9 87.8 85.0 85.9 1200 950 5.177
1787290941 85.9 86.8 85.0 85.9 1200 950 5.235
1787290943 85.9 86.8 85.0 86.8 1200 950 5.215
1787290944 85.9 86.8 85.0 85.9 1200 950 5.196
1787290945 85.9 86.8 85.0 85.9 1416 950 5.240
1787290946 86.8 87.8 85.9 86.8 1200 950 5.244
1787290947 85.9 86.8 85.0 85.9 1200 950 5.167
1787290948 85.9 87.8 85.9 85.9 1200 950 5.230
1787290950 85.9 86.8 85.0 85.9 1200 950 5.211
1787290951 86.8 86.8 85.9 86.8 1200 950 5.215
1787290952 86.8 86.8 85.0 86.8 1200 950 5.244
1787290953 85.9 86.8 85.0 85.9 1200 950 5.201
1787290954 86.8 86.8 85.9 86.8 1200 950 5.283
1787290955 85.9 86.8 85.0 85.9 1200 950 5.235
1787290957 85.9 86.8 85.0 85.9 1200 950 5.230
1787290958 85.9 85.9 85.0 85.9 1200 950 5.249
1787290959 85.9 85.9 85.0 85.0 1416 950 5.206
1787290960 85.9 86.8 85.0 85.9 1200 950 5.235
1787290961 85.9 87.8 85.0 85.9 1200 950 5.191
1787290962 86.8 86.8 85.0 85.9 1200 950 5.220
1787290963 85.9 87.8 85.9 86.8 1200 950 5.240
1787290965 85.9 86.8 85.9 85.9 1200 950 5.186
1787290966 85.9 86.8 85.0 86.8 1200 950 5.201
1787290967 83.2 82.2 81.3 83.2 2208 950 5.269
1787290968 85.9 86.8 85.0 86.8 1608 950 5.201
1787290969 85.9 86.8 85.0 85.9 1416 950 5.215
1787290970 85.9 87.8 85.9 85.9 1008 950 5.196
1787290971 85.9 86.8 85.0 85.9 1008 950 5.206
1787290973 85.9 86.8 85.9 85.9 1008 950 5.191
1787290974 86.8 86.8 85.9 86.8 1008 950 5.244
1787290975 85.9 86.8 85.0 85.9 1008 950 5.225
1787290976 85.9 86.8 85.0 85.9 1200 950 5.211
1787290977 85.9 86.8 85.0 85.9 1008 950 5.191
1787290978 85.9 86.8 85.0 85.9 1008 950 5.220
1787290980 85.9 86.8 85.0 85.9 1008 950 5.182
1787290981 85.9 86.8 85.0 85.9 1008 950 5.215
1787290982 85.9 86.8 85.0 85.9 1008 950 5.206
1787290983 85.9 86.8 85.0 85.9 1008 950 5.206
1787290984 85.9 86.8 85.9 85.9 1008 950 5.249
1787290985 85.0 86.8 85.0 85.9 1200 950 5.172
1787290987 85.9 86.8 85.0 85.9 1200 950 5.191
1787290988 85.9 86.8 85.0 85.9 1008 950 5.172
1787290989 85.9 86.8 85.0 85.9 1008 950 5.225
1787290990 85.9 86.8 85.0 85.9 1008 950 5.211
1787290991 85.9 86.8 85.0 85.9 1008 950 5.215
1787290992 85.9 86.8 85.0 85.9 1008 950 5.230
1787290994 85.9 86.8 85.0 85.9 1008 950 5.186
1787290995 85.9 86.8 85.0 85.9 1008 950 5.240
1787290996 86.8 86.8 85.0 85.9 1008 950 5.240
1787290997 85.9 86.8 85.0 85.9 1008 950 5.220
1787290998 85.9 87.8 85.0 85.9 1008 950 5.191
1787290999 85.9 87.8 85.9 85.9 1008 950 5.191
1787291001 85.9 86.8 85.0 85.9 1008 950 5.230
1787291002 85.9 86.8 85.0 85.9 1008 950 5.230
1787291003 85.9 86.8 85.0 85.9 1008 950 5.196
1787291004 85.9 86.8 85.0 85.9 1008 950 5.220
1787291005 85.9 85.9 85.0 85.9 1200 950 5.196
1787291006 85.9 86.8 85.0 85.9 1008 950 5.215
1787291008 85.9 85.9 85.0 85.9 1008 950 5.215
1787291009 85.9 86.8 85.0 85.9 1200 950 5.235
1787291010 85.9 86.8 85.0 85.9 1008 950 5.191
1787291011 85.9 86.8 85.0 85.9 1008 950 5.196
1787291012 85.9 86.8 85.0 85.9 1008 950 5.215
1787291013 85.9 86.8 85.0 85.9 1200 950 5.235
1787291015 85.9 86.8 85.0 85.9 1008 950 5.172
1787291016 85.0 86.8 85.0 85.9 1008 950 5.215
1787291017 85.9 86.8 85.0 85.9 1200 950 5.225
1787291018 85.9 87.8 85.0 85.9 1200 950 5.215
1787291019 85.9 86.8 85.0 85.9 1008 950 5.254
1787291020 85.9 86.8 85.0 85.9 1008 950 5.220
1787291022 85.9 86.8 85.0 85.9 1008 950 5.220
1787291023 85.9 86.8 85.0 85.9 1200 950 5.182
1787291024 85.9 86.8 85.0 85.9 1008 950 5.191
1787291025 85.9 87.8 85.0 85.9 1008 950 5.220
1787291026 85.9 86.8 85.0 85.9 1008 950 5.177
1787291027 85.9 86.8 85.0 85.9 1008 950 5.201
1787291029 80.4 80.4 79.5 80.4 2208 950 5.254
1787291030 78.5 78.5 77.6 79.5 2208 950 5.225
1787291031 77.6 76.7 76.7 77.6 2208 950 5.240
1787291032 76.7 76.7 75.8 76.7 2208 950 5.269
1787291033 75.8 75.8 74.8 76.7 2208 950 5.278
1787291034 75.8 74.8 74.8 75.8 2208 950 5.307
1787291035 74.8 74.8 73.9 74.8 2208 950 5.302
1787291036 74.8 73.9 73.0 74.8 2208 950 5.273
1787291037 73.9 73.9 73.0 73.9 2208 950 5.298
1787291038 73.9 73.0 73.0 73.9 2208 950 5.283
1787291039 73.0 73.0 72.1 73.9 2208 950 5.293
1787291040 73.0 73.0 72.1 73.0 2208 950 5.302
1787291041 73.0 72.1 72.1 73.0 2208 950 5.240
1787291042 73.0 72.1 71.2 73.0 2208 950 5.293
1787291044 72.1 72.1 71.2 72.1 2208 950 5.283
1787291045 72.1 72.1 71.2 72.1 2208 950 5.225
1787291046 77.6 79.5 77.6 79.5 2208 950 5.133
1787291047 81.3 82.2 80.4 83.2 2208 950 5.211
1787291048 82.2 83.2 81.3 84.1 2208 950 5.206
1787291049 83.2 84.1 83.2 85.0 2208 950 5.254
1787291050 84.1 84.1 82.2 84.1 2208 950 5.225
1787291051 84.1 85.0 83.2 85.0 2208 950 5.220
1787291053 85.0 85.0 83.2 85.9 2016 950 5.215
1787291054 84.1 85.0 84.1 85.9 2016 950 5.220
1787291055 85.0 85.0 84.1 85.0 2208 950 5.215
1787291056 80.4 79.5 78.5 79.5 2208 950 5.230
1787291057 77.6 76.7 75.8 77.6 2208 950 5.288
1787291058 76.7 76.7 75.8 78.5 2208 950 5.225
1787291059 83.2 84.1 82.2 84.1 2208 950 5.211
1787291060 84.1 84.1 83.2 85.0 2208 950 5.235
1787291062 85.0 85.0 83.2 85.0 2208 950 5.177
1787291063 85.0 85.9 84.1 85.9 2016 950 5.196
1787291064 85.0 85.9 84.1 85.9 2016 950 5.220
1787291065 85.0 85.9 84.1 85.9 2016 950 5.191
1787291066 85.0 85.0 84.1 85.9 2016 950 5.157
1787291067 85.9 86.8 85.0 85.9 1800 950 5.215
1787291068 85.9 86.8 85.0 85.9 1800 950 5.215
1787291069 85.9 86.8 85.0 86.8 1800 950 5.186
1787291071 85.9 86.8 85.0 86.8 1800 950 5.162
1787291072 85.0 86.8 85.0 85.9 1800 950 5.201
1787291073 85.0 86.8 84.1 85.9 1800 950 5.186
1787291074 85.9 85.9 85.0 85.9 2016 950 5.196
1787291075 85.0 85.9 85.0 85.9 1800 950 5.244
1787291076 85.9 86.8 85.0 86.8 1800 950 5.254
1787291077 85.9 86.8 85.0 85.9 1800 950 5.157
1787291079 85.0 86.8 85.0 85.9 1800 950 5.211
1787291080 85.9 86.8 85.0 85.9 1800 950 5.211
1787291081 85.0 85.9 85.0 85.9 1800 950 5.264
1787291082 85.9 86.8 85.0 85.9 1608 950 5.215
1787291083 85.9 86.8 85.0 86.8 1608 950 5.215
1787291084 85.9 86.8 85.0 85.9 1608 950 5.206
1787291085 85.9 86.8 85.0 85.9 1608 950 5.220
1787291087 85.9 86.8 85.0 85.9 1608 950 5.215
1787291088 85.9 86.8 85.0 85.9 1608 950 5.206
1787291089 85.9 86.8 85.0 85.9 1608 950 5.196
1787291090 85.9 86.8 85.0 85.9 1608 950 5.177
1787291091 85.0 86.8 85.0 85.9 1608 950 5.182
1787291092 85.9 86.8 85.0 85.9 1608 950 5.162
1787291094 85.9 86.8 85.0 86.8 1608 950 5.230
1787291095 85.9 86.8 85.0 85.9 1416 950 5.196
1787291096 85.0 86.8 85.0 85.9 1416 950 5.220
1787291097 85.9 86.8 85.0 85.9 1416 950 5.206
1787291098 85.9 86.8 85.0 85.9 1416 950 5.201
1787291099 85.9 86.8 85.0 85.9 1608 950 5.201
