epoch soc_c npu_c ddr_c bigcore_c cpu_mhz npu_mhz volt_v
1787288751 49.0 48.1 48.1 49.9 2208 950 5.249
1787288752 49.9 50.8 49.9 51.8 2208 950 5.264
1787288754 53.6 53.6 52.7 54.5 2208 950 5.230
1787288755 54.5 54.5 53.6 55.5 2208 950 5.177
1787288756 55.5 56.4 55.5 57.3 2208 950 5.196
1787288757 56.4 57.3 55.5 58.2 2208 950 5.196
1787288758 57.3 57.3 56.4 58.2 2208 950 5.148
1787288759 57.3 58.2 57.3 59.2 2208 950 5.215
1787288760 58.2 58.2 57.3 59.2 2208 950 5.162
1787288762 58.2 58.2 57.3 59.2 2208 950 5.206
1787288763 58.2 59.2 58.2 60.1 2208 950 5.191
1787288764 59.2 59.2 58.2 60.1 2208 950 5.211
1787288765 59.2 60.1 59.2 61.0 2208 950 5.220
1787288766 60.1 60.1 59.2 61.0 2208 950 5.206
1787288767 59.2 60.1 58.2 60.1 2208 950 5.201
1787288768 61.0 61.0 60.1 61.9 2208 950 5.215
1787288769 61.0 61.0 60.1 61.9 2208 950 5.182
1787288771 60.1 61.0 60.1 61.0 2208 950 5.235
1787288772 61.0 61.9 61.0 62.8 2208 950 5.191
1787288773 61.0 61.9 61.0 62.8 2208 950 5.196
1787288774 61.9 62.8 61.9 63.8 2208 950 5.240
1787288775 61.9 62.8 61.0 62.8 2208 950 5.211
1787288776 61.9 62.8 61.9 63.8 2208 950 5.196
1787288777 61.9 62.8 61.9 63.8 2208 950 5.230
1787288779 63.8 63.8 61.9 64.7 2208 950 5.133
1787288780 62.8 62.8 61.9 63.8 2208 950 5.235
1787288781 63.8 63.8 62.8 64.7 2208 950 5.196
1787288782 64.7 65.6 63.8 65.6 2208 950 5.211
1787288783 63.8 63.8 62.8 65.6 2208 950 5.211
1787288784 63.8 64.7 63.8 65.6 2208 950 5.138
1787288785 63.8 64.7 63.8 65.6 2208 950 5.206
1787288786 64.7 65.6 63.8 65.6 2208 950 5.143
1787288788 65.6 65.6 64.7 65.6 2208 950 5.211
1787288789 65.6 65.6 64.7 66.5 2208 950 5.172
1787288790 64.7 65.6 64.7 66.5 2208 950 5.201
1787288791 64.7 64.7 64.7 65.6 2208 950 5.186
1787288792 66.5 65.6 65.6 67.5 2208 950 5.244
1787288793 66.5 66.5 65.6 67.5 2208 950 5.225
1787288794 66.5 66.5 65.6 68.4 2208 950 5.201
1787288795 66.5 65.6 64.7 66.5 2208 950 5.153
1787288797 66.5 67.5 65.6 67.5 2208 950 5.201
1787288798 67.5 67.5 66.5 68.4 2208 950 5.206
1787288799 66.5 67.5 66.5 67.5 2208 950 5.249
1787288800 67.5 68.4 66.5 68.4 2208 950 5.225
1787288801 67.5 68.4 66.5 68.4 2208 950 5.186
1787288802 68.4 69.3 67.5 69.3 2208 950 5.177
1787288803 67.5 68.4 67.5 68.4 2208 950 5.201
1787288804 68.4 68.4 67.5 69.3 2208 950 5.162
1787288806 68.4 68.4 67.5 69.3 2208 950 5.215
1787288807 67.5 68.4 67.5 68.4 2208 950 5.230
1787288808 68.4 69.3 68.4 70.2 2208 950 5.215
1787288809 68.4 69.3 68.4 70.2 2208 950 5.230
1787288810 69.3 69.3 68.4 71.2 2208 950 5.220
1787288811 69.3 69.3 68.4 69.3 2208 950 5.186
1787288812 69.3 69.3 69.3 70.2 2208 950 5.172
1787288814 65.6 65.6 64.7 67.5 2208 950 5.225
1787288815 67.5 68.4 67.5 69.3 2208 950 5.211
1787288816 69.3 69.3 68.4 71.2 2208 950 5.196
1787288817 69.3 69.3 68.4 70.2 2208 950 5.172
1787288818 69.3 69.3 68.4 71.2 2208 950 5.235
1787288819 69.3 69.3 68.4 70.2 2208 950 5.196
1787288820 70.2 70.2 69.3 71.2 2208 950 5.220
1787288821 70.2 70.2 69.3 72.1 2208 950 5.196
1787288822 70.2 71.2 70.2 72.1 2208 950 5.235
1787288824 71.2 71.2 70.2 71.2 2208 950 5.191
1787288825 71.2 71.2 70.2 73.0 2208 950 5.177
1787288826 71.2 72.1 70.2 71.2 2208 950 5.201
1787288827 71.2 71.2 70.2 72.1 2208 950 5.206
1787288828 71.2 72.1 71.2 73.0 2208 950 5.220
1787288829 71.2 71.2 70.2 71.2 2208 950 5.201
1787288830 72.1 72.1 71.2 73.0 2208 950 5.244
1787288831 72.1 72.1 71.2 73.0 2208 950 5.206
1787288833 72.1 72.1 71.2 73.0 2208 950 5.206
1787288834 72.1 72.1 71.2 73.0 2208 950 5.240
1787288835 72.1 72.1 71.2 73.0 2208 950 5.244
1787288836 72.1 72.1 71.2 73.0 2208 950 5.215
1787288837 73.0 73.0 72.1 73.9 2208 950 5.162
1787288838 73.0 73.0 72.1 73.9 2208 950 5.215
1787288839 73.0 73.0 72.1 74.8 2208 950 5.182
1787288840 73.0 73.0 72.1 73.9 2208 950 5.172
1787288842 73.0 73.0 72.1 73.9 2208 950 5.182
1787288843 73.0 73.9 73.0 74.8 2208 950 5.201
1787288844 73.9 73.9 73.0 74.8 2208 950 5.172
1787288845 73.0 73.9 73.0 74.8 2208 950 5.230
1787288846 73.0 73.0 72.1 73.9 2208 950 5.206
1787288847 73.9 73.9 73.0 73.9 2208 950 5.191
1787288848 73.9 74.8 73.0 75.8 2208 950 5.196
1787288850 74.8 74.8 73.9 75.8 2208 950 5.128
1787288851 73.9 73.9 73.0 74.8 2208 950 5.182
1787288852 73.9 74.8 73.9 74.8 2208 950 5.240
1787288853 73.9 74.8 73.9 75.8 2208 950 5.215
1787288854 73.9 74.8 73.9 75.8 2208 950 5.230
1787288855 74.8 74.8 73.9 76.7 2208 950 5.225
1787288856 74.8 74.8 73.9 75.8 2208 950 5.278
1787288858 74.8 75.8 73.9 75.8 2208 950 5.215
1787288859 74.8 74.8 73.9 76.7 2208 950 5.249
1787288860 75.8 75.8 74.8 76.7 2208 950 5.157
1787288861 75.8 75.8 74.8 76.7 2208 950 5.201
1787288862 74.8 75.8 74.8 75.8 2208 950 5.162
1787288863 75.8 75.8 74.8 76.7 2208 950 5.206
1787288864 75.8 75.8 74.8 76.7 2208 950 5.215
1787288865 75.8 76.7 75.8 77.6 2208 950 5.264
1787288867 75.8 76.7 75.8 77.6 2208 950 5.167
1787288868 76.7 76.7 75.8 77.6 2208 950 5.215
1787288869 76.7 76.7 75.8 77.6 2208 950 5.162
1787288870 76.7 77.6 76.7 77.6 2208 950 5.215
1787288871 75.8 76.7 74.8 76.7 2208 950 5.235
1787288872 76.7 76.7 75.8 77.6 2208 950 5.182
1787288873 76.7 76.7 75.8 78.5 2208 950 5.182
1787288875 73.0 73.9 73.0 74.8 2208 950 5.215
1787288876 75.8 75.8 75.8 77.6 2208 950 5.244
1787288877 76.7 76.7 75.8 78.5 2208 950 5.157
1787288878 76.7 76.7 75.8 77.6 2208 950 5.196
1787288879 76.7 76.7 75.8 77.6 2208 950 5.211
1787288880 76.7 77.6 76.7 78.5 2208 950 5.162
1787288881 77.6 78.5 76.7 78.5 2208 950 5.196
1787288883 76.7 77.6 76.7 78.5 2208 950 5.220
1787288884 76.7 76.7 75.8 78.5 2208 950 5.172
1787288885 77.6 78.5 77.6 79.5 2208 950 5.162
1787288886 77.6 77.6 76.7 78.5 2208 950 5.191
1787288887 77.6 78.5 77.6 80.4 2208 950 5.201
1787288888 77.6 78.5 77.6 79.5 2208 950 5.153
1787288889 78.5 78.5 78.5 80.4 2208 950 5.230
1787288891 78.5 78.5 77.6 79.5 2208 950 5.182
1787288892 78.5 78.5 77.6 79.5 2208 950 5.148
1787288893 78.5 78.5 77.6 79.5 2208 950 5.215
1787288894 78.5 78.5 77.6 80.4 2208 950 5.201
1787288895 79.5 79.5 78.5 80.4 2208 950 5.206
1787288896 78.5 78.5 77.6 80.4 2208 950 5.196
1787288897 78.5 79.5 78.5 80.4 2208 950 5.167
1787288899 79.5 79.5 78.5 80.4 2208 950 5.186
1787288900 78.5 79.5 78.5 80.4 2208 950 5.162
1787288901 78.5 79.5 77.6 80.4 2208 950 5.191
1787288902 79.5 79.5 78.5 81.3 2208 950 5.230
1787288903 80.4 80.4 79.5 80.4 2208 950 5.211
1787288904 79.5 79.5 79.5 81.3 2208 950 5.206
1787288905 79.5 80.4 78.5 81.3 2208 950 5.196
1787288907 79.5 80.4 79.5 81.3 2208 950 5.225
1787288908 79.5 79.5 78.5 80.4 2208 950 5.220
1787288909 79.5 79.5 79.5 81.3 2208 950 5.244
1787288910 79.5 79.5 78.5 80.4 2208 950 5.153
1787288911 80.4 80.4 79.5 81.3 2208 950 5.172
1787288912 80.4 81.3 79.5 81.3 2208 950 5.153
1787288913 80.4 80.4 79.5 81.3 2208 950 5.196
1787288914 80.4 81.3 80.4 82.2 2208 950 5.211
1787288916 80.4 80.4 79.5 81.3 2208 950 5.177
1787288917 79.5 80.4 79.5 80.4 2208 950 5.211
1787288918 81.3 80.4 80.4 81.3 2208 950 5.191
1787288919 80.4 80.4 80.4 82.2 2208 950 5.172
1787288920 80.4 81.3 80.4 82.2 2208 950 5.196
1787288921 80.4 80.4 79.5 82.2 2208 950 5.235
1787288922 80.4 80.4 80.4 82.2 2208 950 5.196
1787288923 81.3 81.3 80.4 83.2 2208 950 5.191
1787288925 80.4 80.4 80.4 82.2 2208 950 5.182
1787288926 81.3 81.3 80.4 81.3 2208 950 5.162
1787288927 80.4 82.2 80.4 82.2 2208 950 5.138
1787288928 81.3 81.3 80.4 82.2 2208 950 5.162
1787288929 80.4 81.3 80.4 81.3 2208 950 5.230
1787288930 80.4 81.3 80.4 82.2 2208 950 5.182
1787288931 81.3 82.2 80.4 82.2 2208 950 5.211
1787288932 82.2 82.2 81.3 83.2 2208 950 5.182
1787288934 81.3 82.2 80.4 82.2 2208 950 5.269
1787288935 82.2 82.2 81.3 83.2 2208 950 5.225
1787288936 80.4 80.4 79.5 81.3 2208 950 5.235
1787288937 80.4 81.3 79.5 81.3 2208 950 5.191
1787288938 80.4 80.4 79.5 81.3 2208 950 5.196
1787288939 81.3 81.3 80.4 82.2 2208 950 5.172
1787288940 81.3 82.2 80.4 83.2 2208 950 5.215
1787288941 81.3 82.2 80.4 82.2 2208 950 5.186
1787288943 82.2 82.2 81.3 83.2 2208 950 5.177
1787288944 81.3 82.2 80.4 82.2 2208 950 5.206
1787288945 81.3 82.2 81.3 83.2 2208 950 5.215
1787288946 82.2 83.2 81.3 84.1 2208 950 5.206
1787288947 82.2 82.2 81.3 83.2 2208 950 5.211
1787288948 81.3 82.2 81.3 83.2 2208 950 5.211
1787288949 82.2 82.2 81.3 83.2 2208 950 5.157
1787288951 82.2 83.2 81.3 84.1 2208 950 5.211
1787288952 82.2 83.2 81.3 83.2 2208 950 5.201
1787288953 82.2 83.2 81.3 84.1 2208 950 5.201
1787288954 82.2 82.2 81.3 83.2 2208 950 5.177
1787288955 82.2 83.2 82.2 84.1 2208 950 5.269
1787288956 82.2 82.2 81.3 83.2 2208 950 5.167
1787288957 82.2 82.2 81.3 83.2 2208 950 5.177
1787288958 82.2 82.2 82.2 84.1 2208 950 5.215
1787288959 82.2 83.2 82.2 83.2 2208 950 5.206
1787288961 82.2 83.2 82.2 84.1 2208 950 5.201
1787288962 83.2 83.2 82.2 84.1 2208 950 5.182
1787288963 82.2 83.2 81.3 84.1 2208 950 5.244
1787288964 83.2 84.1 82.2 84.1 2208 950 5.196
1787288965 83.2 83.2 82.2 84.1 2208 950 5.220
1787288966 83.2 84.1 82.2 84.1 2208 950 5.211
1787288967 83.2 84.1 82.2 84.1 2208 950 5.225
1787288968 83.2 84.1 83.2 85.0 2208 950 5.201
1787288970 84.1 84.1 83.2 85.0 2208 950 5.172
1787288971 83.2 84.1 82.2 84.1 2208 950 5.211
1787288972 83.2 84.1 82.2 85.0 2208 950 5.225
1787288973 83.2 83.2 82.2 84.1 2208 950 5.191
1787288974 83.2 84.1 82.2 85.0 2208 950 5.162
1787288975 84.1 84.1 83.2 85.0 2016 950 5.235
1787288976 84.1 84.1 83.2 85.0 2016 950 5.186
1787288978 84.1 84.1 83.2 84.1 2208 950 5.172
1787288979 84.1 84.1 83.2 85.9 2016 950 5.211
1787288980 84.1 84.1 83.2 85.0 2208 950 5.162
1787288981 84.1 84.1 83.2 84.1 2208 950 5.172
1787288982 84.1 84.1 83.2 85.0 2208 950 5.196
1787288983 84.1 84.1 83.2 85.0 2016 950 5.191
1787288984 83.2 83.2 82.2 84.1 2208 950 5.215
1787288985 83.2 84.1 83.2 85.0 2016 950 5.211
1787288987 84.1 84.1 83.2 85.0 2208 950 5.240
1787288988 83.2 84.1 83.2 85.0 2208 950 5.201
1787288989 84.1 84.1 83.2 84.1 2208 950 5.211
1787288990 83.2 84.1 83.2 85.0 2016 950 5.206
1787288991 84.1 85.0 83.2 85.0 2208 950 5.177
1787288992 84.1 84.1 83.2 85.0 2016 950 5.191
1787288993 84.1 84.1 83.2 85.0 2016 950 5.249
1787288995 84.1 84.1 83.2 85.0 2208 950 5.182
1787288996 84.1 84.1 84.1 85.9 2208 950 5.225
1787288997 81.3 81.3 80.4 83.2 2208 950 5.269
1787288998 83.2 83.2 82.2 84.1 2208 950 5.220
1787288999 84.1 84.1 83.2 85.0 2208 950 5.206
1787289000 84.1 84.1 83.2 85.0 2208 950 5.153
1787289001 84.1 85.0 83.2 85.9 2016 950 5.191
1787289002 84.1 85.0 83.2 85.0 2208 950 5.177
1787289003 84.1 84.1 83.2 85.9 2016 950 5.201
1787289005 84.1 84.1 83.2 85.0 2208 950 5.206
1787289006 84.1 84.1 83.2 85.0 2016 950 5.095
1787289007 84.1 84.1 83.2 85.0 2016 950 5.196
1787289008 84.1 85.0 84.1 85.0 2016 950 5.186
1787289009 84.1 85.0 84.1 85.9 2016 950 5.196
1787289010 84.1 84.1 83.2 84.1 2208 950 5.196
1787289011 84.1 85.0 84.1 85.0 2016 950 5.191
1787289013 84.1 84.1 83.2 85.0 2016 950 5.206
1787289014 85.0 85.0 84.1 85.0 2016 950 5.186
1787289015 84.1 84.1 83.2 85.0 2016 950 5.186
1787289016 84.1 85.0 84.1 85.9 2016 950 5.235
1787289017 84.1 85.0 84.1 85.9 2016 950 5.162
1787289018 85.0 85.0 84.1 85.9 2016 950 5.186
1787289019 84.1 85.0 84.1 85.9 2016 950 5.196
1787289020 85.0 85.9 84.1 85.9 2016 950 5.172
1787289022 85.0 85.0 84.1 85.0 2016 950 5.206
1787289023 84.1 85.9 84.1 85.0 2016 950 5.211
1787289024 84.1 85.0 84.1 85.0 2016 950 5.225
1787289025 85.0 85.0 84.1 85.9 2016 950 5.225
1787289026 84.1 85.0 84.1 85.0 2016 950 5.196
1787289027 84.1 85.0 84.1 85.9 2016 950 5.172
1787289028 84.1 85.0 84.1 85.0 2016 950 5.254
1787289029 85.0 85.9 84.1 85.9 2016 950 5.167
1787289031 85.0 85.9 84.1 85.9 2016 950 5.186
1787289032 84.1 85.0 84.1 85.9 2016 950 5.211
1787289033 84.1 85.0 84.1 85.9 2016 950 5.162
1787289034 85.0 85.0 84.1 85.9 2016 950 5.186
1787289035 85.0 85.9 84.1 85.9 2016 950 5.206
1787289036 85.0 85.0 84.1 85.9 2016 950 5.211
1787289037 84.1 85.0 84.1 85.0 1800 950 5.157
1787289039 84.1 85.0 84.1 85.0 2016 950 5.211
1787289040 84.1 84.1 84.1 85.0 2016 950 5.177
1787289041 85.0 85.9 84.1 85.9 2016 950 5.225
1787289042 85.0 85.9 84.1 85.9 2016 950 5.196
1787289043 85.0 85.9 84.1 85.9 2016 950 5.153
1787289044 85.0 85.9 85.0 85.9 2016 950 5.206
1787289045 85.0 85.0 84.1 85.9 2016 950 5.191
1787289047 85.0 85.9 84.1 85.9 1800 950 5.211
1787289048 85.0 85.0 84.1 85.9 1800 950 5.215
1787289049 84.1 85.0 84.1 85.9 1800 950 5.191
1787289050 85.0 85.9 84.1 85.9 1800 950 5.215
1787289051 85.0 85.9 84.1 85.9 1800 950 5.215
1787289052 85.0 85.0 84.1 85.0 2016 950 5.201
1787289053 84.1 85.0 84.1 85.9 2016 950 5.206
1787289055 85.0 85.0 84.1 85.9 2016 950 5.201
1787289056 85.0 85.0 84.1 85.9 2016 950 5.225
1787289057 85.9 85.9 85.0 85.9 2016 950 5.172
1787289058 79.5 78.5 78.5 80.4 2208 950 5.225
1787289059 79.5 80.4 79.5 81.3 2208 950 5.206
1787289060 83.2 83.2 82.2 85.0 2208 950 5.230
1787289061 84.1 84.1 83.2 85.0 2016 950 5.114
1787289063 84.1 85.0 84.1 85.9 2016 950 5.225
1787289064 85.0 85.0 84.1 85.9 2016 950 5.201
1787289065 84.1 85.0 84.1 85.9 2016 950 5.206
1787289066 84.1 84.1 83.2 85.0 2016 950 5.211
1787289067 84.1 85.0 84.1 85.9 2016 950 5.244
1787289068 85.0 85.9 84.1 85.9 2016 950 5.167
1787289069 85.0 85.9 84.1 85.9 2016 950 5.201
1787289070 84.1 85.0 84.1 85.0 2016 950 5.211
1787289072 85.0 85.9 84.1 85.9 2016 950 5.157
1787289073 85.0 85.0 84.1 85.9 2016 950 5.206
1787289074 85.0 85.0 84.1 85.9 2016 950 5.215
1787289075 85.0 85.0 84.1 85.9 2016 950 5.225
1787289076 84.1 85.0 84.1 85.9 1800 950 5.211
1787289077 85.0 85.0 84.1 85.9 2016 950 5.211
1787289078 85.0 85.0 84.1 85.9 1800 950 5.215
1787289079 85.0 85.9 84.1 85.9 1800 950 5.225
1787289081 85.0 85.9 84.1 85.9 1800 950 5.196
1787289082 85.0 85.9 84.1 85.9 1800 950 5.215
1787289083 85.0 85.0 84.1 85.9 2016 950 5.220
1787289084 85.0 85.0 84.1 85.0 1800 950 5.196
1787289085 85.0 85.9 84.1 85.9 1800 950 5.186
1787289086 85.0 85.9 84.1 85.9 1800 950 5.230
1787289087 85.0 85.9 84.1 85.0 1800 950 5.191
1787289089 85.0 85.0 84.1 85.0 1800 950 5.206
1787289090 85.0 85.9 84.1 85.9 1800 950 5.201
1787289091 85.0 85.0 84.1 85.0 1800 950 5.215
1787289092 85.0 85.9 85.0 85.9 1800 950 5.177
1787289093 85.9 85.9 84.1 85.9 1800 950 5.196
1787289094 85.0 85.9 84.1 85.9 2016 950 5.157
1787289095 85.0 85.9 84.1 85.0 1800 950 5.215
1787289096 85.0 85.0 84.1 85.0 1800 950 5.196
1787289098 84.1 85.0 84.1 85.0 1800 950 5.186
1787289099 84.1 85.0 84.1 85.9 1800 950 5.215
1787289100 85.0 85.9 84.1 85.9 1800 950 5.206
1787289101 85.0 85.9 85.0 85.9 1800 950 5.196
1787289102 85.0 85.9 84.1 85.9 1800 950 5.215
1787289103 85.0 85.9 85.0 86.8 1800 950 5.225
1787289104 85.0 85.9 84.1 85.9 1800 950 5.196
1787289106 85.0 85.9 84.1 85.9 1800 950 5.206
1787289107 85.9 85.9 85.0 85.9 1800 950 5.259
1787289108 85.9 85.9 85.0 85.9 1800 950 5.182
1787289109 85.0 85.9 84.1 85.0 1800 950 5.153
1787289110 85.0 85.9 85.0 85.9 1800 950 5.220
1787289111 85.0 85.9 85.0 85.9 1800 950 5.244
1787289112 85.9 85.9 84.1 85.0 1800 950 5.191
1787289113 85.0 85.9 84.1 85.9 1800 950 5.191
1787289115 85.9 85.9 85.0 85.9 1800 950 5.177
1787289116 85.0 85.9 85.0 85.9 1800 950 5.177
1787289117 85.9 85.9 85.0 85.9 1800 950 5.196
1787289118 85.0 85.0 84.1 85.0 1800 950 5.177
1787289119 85.0 85.9 84.1 85.9 1800 950 5.196
1787289120 82.2 82.2 81.3 83.2 2208 950 5.215
1787289121 85.0 85.0 84.1 85.9 2016 950 5.201
1787289122 85.0 85.9 84.1 85.9 2016 950 5.235
1787289124 85.0 85.0 84.1 85.9 2016 950 5.162
1787289125 85.9 85.9 85.0 85.9 1608 950 5.206
1787289126 85.0 85.9 85.0 85.9 1608 950 5.143
1787289127 85.0 85.9 84.1 85.9 1800 950 5.157
1787289128 85.0 85.9 84.1 85.0 1800 950 5.206
1787289129 85.0 85.9 84.1 85.9 1800 950 5.191
1787289130 85.0 85.9 84.1 85.9 1800 950 5.182
1787289132 85.0 85.9 84.1 85.9 1800 950 5.172
1787289133 85.0 85.0 84.1 85.9 1800 950 5.206
1787289134 85.0 86.8 85.0 85.9 1800 950 5.196
1787289135 85.0 85.9 84.1 85.9 1800 950 5.211
1787289136 85.0 85.0 84.1 85.9 2016 950 5.186
1787289137 85.0 85.9 84.1 85.0 1800 950 5.148
1787289138 85.9 85.9 85.0 85.9 1800 950 5.225
1787289140 85.9 85.0 85.0 85.9 1800 950 5.196
1787289141 85.0 85.9 84.1 85.9 1800 950 5.196
1787289142 85.0 85.9 85.0 85.9 1800 950 5.172
1787289143 85.0 85.9 85.0 85.9 1800 950 5.177
1787289144 85.0 85.9 84.1 85.9 1800 950 5.206
1787289145 85.0 85.9 84.1 85.9 1800 950 5.206
1787289146 85.9 85.9 84.1 85.9 1800 950 5.206
1787289148 85.0 85.9 84.1 85.9 1800 950 5.215
1787289149 85.0 85.9 84.1 85.9 1800 950 5.182
1787289150 85.0 85.9 84.1 85.9 1800 950 5.196
1787289151 85.0 85.9 84.1 85.9 1800 950 5.191
1787289152 85.0 85.9 84.1 85.9 1800 950 5.240
1787289153 85.9 85.9 85.0 85.9 1800 950 5.201
1787289154 85.9 85.9 85.0 85.9 1800 950 5.186
1787289155 85.0 85.9 85.0 85.9 1608 950 5.211
1787289157 85.0 85.9 85.0 85.9 1608 950 5.211
1787289158 85.9 85.9 85.0 85.9 1800 950 5.225
1787289159 85.9 86.8 85.0 85.9 1800 950 5.235
1787289160 85.0 85.9 84.1 85.9 1800 950 5.182
1787289161 85.9 85.9 85.0 85.9 1800 950 5.235
1787289162 85.0 85.0 84.1 85.0 1608 950 5.215
1787289163 85.9 86.8 85.0 85.9 1608 950 5.157
1787289165 85.9 85.9 85.0 85.9 1800 950 5.215
1787289166 85.9 85.9 84.1 85.9 1800 950 5.220
1787289167 85.0 85.9 84.1 85.9 1608 950 5.196
1787289168 85.0 85.9 85.0 85.9 1608 950 5.201
1787289169 85.0 85.9 84.1 85.9 1608 950 5.206
1787289170 85.0 85.9 85.0 85.9 1608 950 5.177
1787289171 85.0 85.9 84.1 85.0 1608 950 5.201
1787289173 85.0 85.9 84.1 85.0 1800 950 5.230
1787289174 85.0 85.9 84.1 85.9 1608 950 5.196
1787289175 85.0 85.9 84.1 85.9 1800 950 5.162
1787289176 85.9 85.9 85.0 85.9 1800 950 5.172
1787289177 85.9 85.9 85.0 85.9 1800 950 5.182
1787289178 85.0 85.9 84.1 85.0 1800 950 5.148
1787289179 85.0 85.9 85.0 85.9 1608 950 5.220
1787289181 85.0 85.0 85.0 85.9 1608 950 5.235
1787289182 85.0 85.0 84.1 85.0 2208 950 5.269
1787289183 84.1 85.9 84.1 85.9 1800 950 5.206
1787289184 85.9 85.9 85.0 85.9 1800 950 5.162
1787289185 85.9 86.8 85.0 85.9 1608 950 5.186
1787289186 85.9 85.9 84.1 85.9 1608 950 5.215
1787289187 85.0 85.9 85.0 85.9 1608 950 5.191
1787289189 85.0 85.0 84.1 85.0 1608 950 5.196
1787289190 85.0 85.9 85.0 85.9 1608 950 5.177
1787289191 85.9 85.9 84.1 85.0 1608 950 5.196
1787289192 85.0 85.9 85.0 85.9 1608 950 5.162
1787289193 85.0 85.9 85.0 85.9 1608 950 5.201
1787289194 85.0 85.9 84.1 85.9 1608 950 5.201
1787289195 85.0 85.9 85.0 85.9 1608 950 5.206
1787289197 85.9 86.8 85.0 85.9 1608 950 5.186
1787289198 85.0 85.9 84.1 85.9 1608 950 5.215
1787289199 85.0 85.9 85.0 85.9 1608 950 5.215
1787289200 85.0 85.9 84.1 85.9 1608 950 5.225
1787289201 85.0 85.9 85.0 85.0 1608 950 5.196
1787289202 85.9 85.9 84.1 85.9 1608 950 5.211
1787289203 85.0 85.9 84.1 85.9 1608 950 5.259
1787289205 85.0 85.9 85.0 85.0 1608 950 5.211
1787289206 85.0 85.9 84.1 85.0 1608 950 5.240
1787289207 85.9 85.9 85.0 85.9 1608 950 5.196
1787289208 85.0 85.9 84.1 85.9 1608 950 5.215
1787289209 85.9 85.9 85.0 85.9 1608 950 5.201
1787289210 85.0 85.9 85.0 85.9 1608 950 5.201
1787289211 85.0 85.9 84.1 85.9 1608 950 5.186
1787289213 85.0 85.9 84.1 85.0 1608 950 5.206
1787289214 85.0 85.0 84.1 85.0 1800 950 5.211
1787289215 85.9 85.9 85.0 85.9 1608 950 5.167
1787289216 85.0 85.9 84.1 85.9 1608 950 5.201
1787289217 85.0 85.9 85.0 85.9 1608 950 5.206
1787289218 85.0 85.9 85.0 85.9 1608 950 5.244
1787289219 85.9 85.9 85.0 85.9 1608 950 5.220
1787289220 85.0 85.9 85.0 85.9 1608 950 5.182
1787289222 85.9 86.8 85.0 85.9 1608 950 5.186
1787289223 85.9 85.9 85.0 85.9 1608 950 5.244
1787289224 85.0 85.9 85.0 85.0 1608 950 5.230
1787289225 85.0 85.9 85.0 85.9 1608 950 5.235
1787289226 85.9 85.9 85.0 85.9 1608 950 5.215
1787289227 85.0 85.9 85.0 85.9 1608 950 5.211
1787289228 85.0 85.9 85.0 85.9 1608 950 5.206
1787289230 85.9 85.9 85.0 85.9 1608 950 5.186
1787289231 85.9 86.8 85.0 85.9 1608 950 5.211
1787289232 85.9 85.9 84.1 85.0 1800 950 5.201
1787289233 85.0 85.9 84.1 85.0 1608 950 5.167
1787289234 85.0 85.9 84.1 85.9 1608 950 5.215
1787289235 85.9 85.9 84.1 85.9 1608 950 5.215
1787289236 85.9 85.9 84.1 85.9 1608 950 5.177
1787289238 85.0 85.9 85.0 85.9 1608 950 5.196
1787289239 85.9 85.9 85.0 85.9 1608 950 5.230
1787289240 85.9 85.9 84.1 85.0 1608 950 5.215
1787289241 85.9 86.8 85.0 85.9 1608 950 5.215
1787289242 82.2 81.3 81.3 82.2 2208 950 5.230
1787289243 84.1 85.0 84.1 85.9 2016 950 5.201
1787289244 85.0 85.9 85.0 85.9 1800 950 5.196
1787289245 85.0 85.9 84.1 85.9 1800 950 5.167
1787289247 85.0 85.9 85.0 85.9 1800 950 5.211
1787289248 85.0 85.9 85.0 85.9 1608 950 5.201
1787289249 85.0 85.9 85.0 85.9 1608 950 5.196
1787289250 85.9 85.9 84.1 85.0 1608 950 5.244
1787289251 85.9 85.9 85.0 85.9 1608 950 5.235
1787289252 85.0 85.9 85.0 85.0 1608 950 5.235
1787289253 85.0 85.9 84.1 85.9 1608 950 5.235
1787289255 85.9 85.9 85.0 85.9 1608 950 5.230
1787289256 85.9 85.9 85.0 85.9 1608 950 5.186
1787289257 85.0 85.9 85.0 85.9 1608 950 5.230
1787289258 85.0 85.9 85.0 85.9 1608 950 5.206
1787289259 85.0 85.9 85.0 85.9 1608 950 5.186
1787289260 85.9 86.8 85.0 85.9 1608 950 5.211
1787289261 85.0 85.9 85.0 85.9 1416 950 5.230
1787289263 85.9 86.8 85.0 85.9 1416 950 5.201
1787289264 85.9 85.9 84.1 85.0 1608 950 5.148
1787289265 85.0 85.9 85.0 85.9 1416 950 5.182
1787289266 85.0 85.9 84.1 85.0 1608 950 5.167
1787289267 85.9 85.9 85.0 85.9 1608 950 5.220
1787289268 85.0 85.9 85.0 85.0 1608 950 5.191
1787289269 85.9 85.9 85.0 85.9 1608 950 5.220
1787289271 85.9 85.9 85.0 85.9 1608 950 5.225
1787289272 85.0 85.0 84.1 85.9 1608 950 5.191
1787289273 85.0 85.9 85.0 85.9 1608 950 5.215
1787289274 85.9 85.9 85.0 85.9 1608 950 5.215
1787289275 85.9 85.9 85.0 85.9 1608 950 5.211
1787289276 85.0 85.9 85.0 85.9 1608 950 5.235
1787289277 85.9 85.9 85.0 85.9 1608 950 5.148
1787289278 85.0 85.9 85.0 85.0 1608 950 5.201
1787289280 85.9 85.9 85.0 85.9 1608 950 5.215
1787289281 85.9 86.8 85.9 86.8 1608 950 5.220
1787289282 85.9 86.8 85.0 85.9 1608 950 5.201
1787289283 85.0 85.9 85.0 85.0 1608 950 5.220
1787289284 85.9 86.8 85.0 85.9 1608 950 5.196
1787289285 85.9 85.9 85.0 85.9 1608 950 5.215
1787289286 85.0 85.9 84.1 85.9 1800 950 5.206
1787289288 85.0 85.9 84.1 85.9 1608 950 5.182
1787289289 85.9 85.9 85.0 85.9 1608 950 5.206
1787289290 85.0 86.8 85.0 85.0 1608 950 5.240
1787289291 85.9 86.8 85.0 85.9 1608 950 5.182
1787289292 85.9 86.8 85.0 85.9 1608 950 5.201
1787289293 85.0 85.9 84.1 85.0 1608 950 5.191
1787289294 85.9 86.8 85.0 85.9 1608 950 5.201
1787289296 85.9 85.9 84.1 85.0 1800 950 5.196
1787289297 85.0 85.9 84.1 85.9 1608 950 5.244
1787289298 85.0 85.9 84.1 85.0 1608 950 5.182
1787289299 85.0 85.9 84.1 85.9 1608 950 5.196
1787289300 85.0 85.9 84.1 85.9 1608 950 5.230
1787289301 85.9 85.9 85.0 85.9 1608 950 5.201
1787289302 85.9 86.8 85.0 85.9 1608 950 5.196
1787289303 83.2 83.2 83.2 84.1 2208 950 5.172
1787289305 85.9 85.9 85.0 85.9 1800 950 5.172
1787289306 85.9 86.8 85.0 85.9 1608 950 5.211
1787289307 85.0 86.8 85.0 85.9 1608 950 5.240
1787289308 85.0 85.9 85.0 85.9 1608 950 5.215
1787289309 85.0 85.9 85.0 85.9 1608 950 5.201
1787289310 85.9 85.9 85.0 85.9 1608 950 5.211
1787289312 85.9 86.8 85.0 85.9 1608 950 5.235
1787289313 85.9 86.8 85.0 85.9 1608 950 5.211
1787289314 85.0 85.9 85.0 85.9 1608 950 5.172
1787289315 85.0 85.9 85.0 85.9 1608 950 5.182
1787289316 85.9 85.9 85.0 85.9 1608 950 5.201
1787289317 85.9 86.8 85.0 85.9 1608 950 5.206
1787289318 85.9 86.8 85.9 85.9 1608 950 5.240
1787289319 85.9 85.9 85.0 85.9 1608 950 5.215
1787289321 85.9 86.8 85.0 85.9 1608 950 5.172
1787289322 85.9 85.9 85.0 85.9 1608 950 5.196
1787289323 85.9 86.8 85.9 85.9 1416 950 5.211
1787289324 85.9 85.9 85.0 85.9 1416 950 5.206
1787289325 85.9 85.9 85.0 85.9 1416 950 5.235
1787289326 85.0 85.9 84.1 85.0 1608 950 5.215
1787289327 85.9 85.9 85.0 85.9 1416 950 5.269
1787289329 85.0 85.9 84.1 85.0 1608 950 5.172
1787289330 85.0 85.9 85.0 85.9 1608 950 5.201
1787289331 85.9 85.9 85.0 85.9 1608 950 5.196
1787289332 85.9 85.9 85.0 85.9 1608 950 5.196
1787289333 85.9 85.9 85.0 85.9 1608 950 5.201
1787289334 85.9 86.8 85.0 85.9 1608 950 5.240
1787289335 85.9 86.8 85.9 86.8 1608 950 5.215
1787289337 85.9 85.9 85.0 85.9 1608 950 5.244
1787289338 85.0 85.9 84.1 85.0 1800 950 5.211
1787289339 85.9 85.9 85.0 85.9 1608 950 5.201
1787289340 85.9 85.9 85.0 85.9 1608 950 5.215
1787289341 85.9 86.8 85.0 85.9 1608 950 5.162
1787289342 85.9 85.9 85.0 85.9 1608 950 5.206
1787289343 85.0 85.9 85.0 85.9 1608 950 5.177
1787289345 85.9 85.9 85.0 85.9 1608 950 5.162
1787289346 85.0 85.9 85.0 85.9 1608 950 5.167
1787289347 85.9 86.8 85.0 85.9 1608 950 5.182
1787289348 85.9 86.8 85.0 85.9 1608 950 5.182
1787289349 85.9 86.8 85.0 85.9 1608 950 5.162
1787289350 85.9 86.8 85.0 85.9 1608 950 5.215
1787289351 85.9 85.9 85.0 85.9 1608 950 5.220
1787289353 85.9 86.8 85.0 85.9 1608 950 5.225
1787289354 85.0 85.9 85.0 85.9 1416 950 5.235
1787289355 85.9 85.9 85.0 85.9 1416 950 5.244
1787289356 85.9 86.8 85.0 85.9 1416 950 5.240
1787289357 85.9 86.8 85.0 85.9 1416 950 5.167
1787289358 85.9 85.9 85.0 85.9 1416 950 5.220
1787289359 85.0 85.9 85.0 85.9 1416 950 5.201
1787289361 85.9 85.9 85.0 85.9 1416 950 5.201
1787289362 85.9 86.8 85.0 85.9 1416 950 5.230
1787289363 85.9 86.8 85.0 85.9 1416 950 5.211
1787289364 84.1 84.1 83.2 84.1 2016 950 5.269
1787289365 80.4 79.5 79.5 80.4 2208 950 5.312
1787289366 83.2 84.1 82.2 85.0 2208 950 5.206
1787289367 85.9 85.9 84.1 85.9 2016 950 5.196
1787289368 85.0 85.9 84.1 85.9 1800 950 5.191
1787289370 85.0 85.9 84.1 85.9 1800 950 5.215
1787289371 85.9 86.8 85.0 85.9 1608 950 5.230
1787289372 85.0 85.9 84.1 85.9 1608 950 5.220
1787289373 85.0 85.9 84.1 85.9 1800 950 5.191
1787289374 85.9 85.9 84.1 85.9 1608 950 5.215
1787289375 85.9 86.8 85.0 85.9 1608 950 5.215
1787289376 85.9 86.8 85.0 85.9 1608 950 5.201
1787289378 85.9 85.9 85.0 85.9 1608 950 5.215
1787289379 85.9 86.8 85.0 85.9 1608 950 5.201
1787289380 85.9 85.9 84.1 85.9 1800 950 5.249
1787289381 85.9 85.9 85.0 85.9 1608 950 5.220
1787289382 85.9 86.8 85.0 85.9 1608 950 5.264
1787289383 85.9 86.8 85.0 85.9 1608 950 5.220
1787289384 85.9 86.8 85.0 85.9 1608 950 5.225
1787289386 85.9 85.9 85.0 85.9 1608 950 5.162
1787289387 85.0 85.9 84.1 85.9 1608 950 5.206
1787289388 85.9 85.9 85.0 85.9 1608 950 5.162
1787289389 85.9 85.9 85.0 85.9 1608 950 5.182
1787289390 85.0 85.9 85.0 85.9 1608 950 5.220
1787289391 85.9 86.8 85.9 85.9 1608 950 5.211
1787289392 85.9 86.8 85.0 85.9 1608 950 5.215
1787289394 85.9 85.9 85.0 85.9 1608 950 5.196
1787289395 85.0 85.9 85.0 85.9 1608 950 5.196
1787289396 85.9 85.9 85.0 85.9 1608 950 5.186
1787289397 85.0 85.9 85.0 85.9 1608 950 5.215
1787289398 85.0 85.9 85.0 85.9 1608 950 5.215
1787289399 85.0 85.9 85.0 85.9 1608 950 5.278
1787289400 85.9 85.9 85.0 85.9 1608 950 5.196
1787289401 85.9 85.9 85.0 85.9 1608 950 5.206
1787289403 85.0 85.9 85.0 85.9 1608 950 5.215
1787289404 85.9 85.9 85.0 85.9 1608 950 5.206
1787289405 85.0 85.9 85.0 85.9 1608 950 5.186
1787289406 85.0 85.9 85.0 85.9 1608 950 5.230
1787289407 85.9 86.8 85.0 85.9 1608 950 5.206
1787289408 85.0 85.9 85.0 85.9 1608 950 5.201
1787289409 85.9 85.9 85.0 85.9 1608 950 5.196
1787289410 85.9 85.9 85.0 85.9 1608 950 5.244
1787289412 85.0 85.9 84.1 85.9 1800 950 5.220
1787289413 85.9 85.9 85.0 85.9 1608 950 5.220
1787289414 85.9 86.8 85.0 85.9 1608 950 5.220
1787289415 85.0 85.9 85.0 85.9 1608 950 5.206
1787289416 85.9 86.8 85.0 85.9 1608 950 5.148
1787289417 85.9 85.9 85.0 85.9 1608 950 5.206
1787289418 85.9 85.9 85.0 85.9 1608 950 5.186
1787289420 85.0 85.9 85.0 85.9 1608 950 5.215
1787289421 85.9 86.8 85.0 85.9 1608 950 5.215
1787289422 85.9 85.9 85.0 85.9 1608 950 5.157
1787289423 85.9 86.8 85.0 85.9 1608 950 5.167
1787289424 85.0 85.9 85.0 85.9 1608 950 5.225
1787289425 85.9 86.8 85.0 85.9 1608 950 5.211
1787289426 84.1 84.1 83.2 84.1 2016 950 5.254
1787289428 83.2 84.1 83.2 84.1 2208 950 5.240
1787289429 85.0 85.9 84.1 85.9 1800 950 5.138
1787289430 85.0 85.9 85.0 85.9 1800 950 5.201
1787289431 85.0 85.0 85.0 85.9 1608 950 5.240
1787289432 85.0 85.9 85.0 85.9 1608 950 5.215
1787289433 85.9 86.8 85.0 85.9 1608 950 5.220
1787289434 85.9 86.8 85.9 86.8 1608 950 5.186
1787289435 85.9 86.8 85.0 85.9 1608 950 5.191
1787289437 85.9 85.9 84.1 85.9 1608 950 5.157
1787289438 85.9 86.8 85.0 85.9 1608 950 5.196
1787289439 85.9 86.8 85.0 85.9 1608 950 5.220
1787289440 85.9 86.8 85.0 85.9 1608 950 5.215
1787289441 85.9 85.9 85.0 85.9 1608 950 5.244
1787289442 85.9 86.8 85.0 85.9 1608 950 5.211
1787289443 85.9 85.9 85.0 85.9 1608 950 5.215
1787289445 85.0 86.8 85.0 85.9 1608 950 5.201
1787289446 85.9 85.9 85.0 85.9 1608 950 5.191
1787289447 85.9 85.9 84.1 85.9 1608 950 5.211
1787289448 85.0 86.8 85.0 85.9 1608 950 5.244
1787289449 85.9 86.8 85.0 85.9 1608 950 5.167
1787289450 85.9 86.8 85.9 85.9 1608 950 5.211
1787289451 85.0 85.9 85.0 85.9 1608 950 5.167
1787289453 85.9 85.9 85.0 85.9 1608 950 5.230
1787289454 85.9 85.9 85.0 85.9 1608 950 5.225
1787289455 85.9 85.9 85.0 85.9 1608 950 5.264
1787289456 85.9 86.8 85.0 85.9 1608 950 5.220
1787289457 85.0 85.9 85.0 85.9 1608 950 5.225
1787289458 85.9 86.8 85.0 85.9 1608 950 5.230
1787289459 85.0 85.9 85.0 85.9 1608 950 5.191
1787289461 85.9 86.8 85.0 85.9 1608 950 5.196
1787289462 85.0 85.9 85.0 85.9 1608 950 5.196
1787289463 85.9 86.8 85.0 85.9 1608 950 5.162
1787289464 85.9 85.9 85.0 85.9 1608 950 5.211
1787289465 85.0 85.9 85.0 85.9 1608 950 5.162
1787289466 85.9 86.8 85.9 85.9 1608 950 5.220
1787289467 85.0 85.9 85.0 85.9 1608 950 5.249
1787289469 85.9 85.9 85.0 85.9 1608 950 5.191
1787289470 85.0 85.9 85.0 85.9 1608 950 5.201
1787289471 85.9 86.8 85.9 85.9 1608 950 5.196
1787289472 85.9 86.8 85.0 85.9 1608 950 5.225
1787289473 85.9 86.8 85.0 85.9 1608 950 5.182
1787289474 85.9 86.8 85.9 85.9 1608 950 5.215
1787289475 85.9 85.9 85.0 85.9 1608 950 5.264
1787289476 85.9 85.9 85.0 85.9 1608 950 5.215
1787289478 85.0 86.8 85.0 85.9 1608 950 5.138
1787289479 85.9 86.8 85.0 85.9 1608 950 5.177
1787289480 85.0 86.8 85.0 85.9 1608 950 5.196
1787289481 85.0 85.0 84.1 85.0 1800 950 5.235
1787289482 85.9 85.9 85.0 85.9 1608 950 5.206
1787289483 85.9 85.9 85.0 85.9 1608 950 5.230
1787289484 85.9 86.8 85.9 86.8 1608 950 5.196
1787289486 85.9 86.8 85.0 86.8 1608 950 5.220
1787289487 85.9 85.9 85.0 85.9 1608 950 5.201
1787289488 82.2 81.3 80.4 82.2 2208 950 5.244
1787289489 85.9 85.9 85.0 86.8 1800 950 5.201
1787289490 85.0 85.9 85.0 85.9 1608 950 5.249
1787289491 85.9 86.8 85.0 85.9 1608 950 5.186
1787289492 85.0 86.8 84.1 85.0 1608 950 5.201
1787289494 85.9 85.9 85.0 85.9 1608 950 5.211
1787289495 85.9 86.8 85.0 85.9 1608 950 5.215
1787289496 85.9 86.8 85.0 85.9 1608 950 5.211
1787289497 85.9 85.9 85.0 85.9 1608 950 5.278
1787289498 85.9 85.9 85.0 85.9 1608 950 5.230
1787289499 85.0 85.9 84.1 85.9 1608 950 5.167
1787289500 85.9 86.8 85.0 85.9 1608 950 5.201
1787289501 85.9 86.8 85.0 85.9 1608 950 5.177
1787289503 85.9 85.9 85.0 85.9 1608 950 5.211
1787289504 85.0 86.8 85.0 85.9 1608 950 5.201
1787289505 85.9 86.8 85.0 86.8 1608 950 5.162
1787289506 85.9 85.9 85.0 85.9 1608 950 5.249
1787289507 85.9 85.9 85.0 85.9 1608 950 5.182
1787289508 85.9 85.9 85.0 85.9 1608 950 5.172
1787289509 85.9 85.9 85.0 85.9 1608 950 5.211
1787289511 85.9 85.9 85.0 85.9 1608 950 5.230
1787289512 85.9 86.8 85.0 85.9 1608 950 5.230
1787289513 85.9 85.9 85.0 85.9 1608 950 5.191
1787289514 85.9 85.9 85.0 85.9 1608 950 5.225
1787289515 85.0 85.9 85.0 85.9 1608 950 5.186
1787289516 85.9 85.9 85.0 85.9 1608 950 5.249
1787289517 85.9 85.9 85.0 85.9 1416 950 5.225
1787289519 85.9 85.9 85.0 85.9 1416 950 5.177
1787289520 85.9 85.9 85.0 85.9 1416 950 5.172
1787289521 85.0 85.9 84.1 85.9 1416 950 5.225
1787289522 85.0 86.8 85.0 85.9 1416 950 5.191
1787289523 85.9 86.8 85.0 85.9 1416 950 5.157
1787289524 85.9 85.9 85.0 85.9 1416 950 5.157
1787289526 85.0 85.9 85.0 85.9 1416 950 5.201
1787289527 85.9 85.9 85.0 85.9 1416 950 5.244
1787289528 85.9 85.9 85.0 85.9 1416 950 5.230
1787289529 85.9 85.9 85.0 85.9 1416 950 5.211
1787289530 85.9 86.8 85.0 85.9 1416 950 5.186
1787289531 85.0 85.9 85.0 85.9 1416 950 5.143
1787289532 85.9 86.8 85.0 85.9 1416 950 5.244
1787289533 85.9 85.9 85.0 85.9 1416 950 5.201
1787289535 85.9 86.8 85.0 85.9 1416 950 5.191
1787289536 85.9 86.8 85.0 85.9 1416 950 5.220
1787289537 85.9 86.8 85.0 85.9 1416 950 5.215
1787289538 85.9 86.8 85.0 85.9 1416 950 5.196
1787289539 85.9 86.8 85.0 85.9 1416 950 5.196
1787289540 85.9 86.8 85.0 85.9 1608 950 5.196
1787289541 85.0 85.9 85.0 85.9 1416 950 5.264
1787289543 85.9 85.9 85.0 85.9 1416 950 5.215
1787289544 85.0 85.9 84.1 85.9 1416 950 5.215
1787289545 85.0 85.9 85.0 85.9 1416 950 5.225
1787289546 85.9 86.8 85.0 85.9 1416 950 5.225
1787289547 85.9 86.8 85.0 85.9 1416 950 5.220
1787289548 85.9 86.8 85.0 85.9 1416 950 5.172
1787289549 85.0 85.9 84.1 85.9 2016 950 5.182
1787289551 85.9 86.8 85.9 86.8 1608 950 5.235
1787289552 85.0 85.9 85.0 85.9 1608 950 5.259
1787289553 85.9 85.9 85.0 85.9 1608 950 5.211
1787289554 85.9 86.8 85.0 85.9 1608 950 5.235
1787289555 85.9 85.9 85.0 85.0 1608 950 5.201
1787289556 85.9 86.8 85.0 85.9 1608 950 5.220
1787289557 85.9 85.9 85.0 85.9 1608 950 5.172
1787289559 85.0 85.9 85.0 85.9 1608 950 5.157
1787289560 85.9 85.9 85.0 85.9 1608 950 5.206
1787289561 85.9 85.9 85.0 85.9 1608 950 5.162
1787289562 85.9 86.8 85.0 85.9 1608 950 5.177
1787289563 85.9 86.8 85.0 85.9 1608 950 5.206
1787289564 85.9 86.8 85.0 85.9 1608 950 5.225
1787289565 85.9 85.9 85.0 85.9 1416 950 5.201
1787289567 85.9 86.8 85.9 85.9 1416 950 5.172
1787289568 85.9 85.9 85.0 85.9 1416 950 5.220
1787289569 85.9 86.8 85.0 85.9 1416 950 5.201
1787289570 85.9 86.8 85.0 85.9 1416 950 5.186
1787289571 85.9 86.8 85.0 85.9 1416 950 5.186
1787289572 85.9 85.9 85.0 85.9 1416 950 5.201
1787289574 85.9 86.8 85.0 85.9 1416 950 5.196
1787289575 85.9 85.9 85.0 85.9 1416 950 5.186
1787289576 85.9 85.9 85.0 85.9 1416 950 5.225
1787289577 85.0 85.9 85.0 85.9 1416 950 5.273
1787289578 85.9 86.8 85.9 85.9 1608 950 5.172
1787289579 85.0 85.9 85.0 85.9 1608 950 5.211
1787289580 85.9 86.8 85.0 85.9 1608 950 5.215
1787289581 85.9 85.9 85.0 85.9 1608 950 5.177
1787289583 85.9 85.9 85.0 85.9 1608 950 5.201
1787289584 85.9 85.9 85.0 85.9 1608 950 5.196
1787289585 85.9 85.9 85.0 85.9 1608 950 5.186
1787289586 85.9 85.9 85.0 85.9 1608 950 5.201
1787289587 85.9 85.9 85.0 85.9 1608 950 5.259
1787289588 85.9 86.8 85.0 85.9 1608 950 5.206
1787289589 85.9 86.8 85.0 85.9 1608 950 5.196
1787289591 85.9 86.8 85.0 85.9 1608 950 5.211
1787289592 85.0 85.9 85.0 85.9 1608 950 5.162
1787289593 85.9 86.8 85.0 85.9 1608 950 5.215
1787289594 85.9 85.9 85.0 85.9 1608 950 5.191
1787289595 85.9 85.9 85.0 85.9 1608 950 5.186
1787289596 85.9 85.9 85.0 85.9 1608 950 5.230
1787289597 85.9 85.9 85.0 85.9 1608 950 5.220
1787289598 85.9 85.9 85.0 85.9 1608 950 5.172
1787289600 85.9 86.8 85.0 85.9 1608 950 5.220
1787289601 85.9 85.9 85.0 85.9 1608 950 5.215
1787289602 85.9 86.8 85.0 85.9 1608 950 5.191
1787289603 85.0 85.9 84.1 85.9 1608 950 5.215
1787289604 85.9 85.9 85.0 85.9 1608 950 5.215
1787289605 85.9 86.8 85.9 85.9 1608 950 5.220
1787289606 85.9 86.8 85.0 85.9 1608 950 5.211
1787289608 85.9 85.9 85.0 85.9 1608 950 5.230
1787289609 85.9 86.8 85.0 85.9 1608 950 5.196
1787289610 83.2 82.2 82.2 82.2 2208 950 5.215
1787289611 85.0 85.0 84.1 85.9 2016 950 5.153
1787289612 85.9 85.9 85.0 85.9 1416 950 5.235
1787289613 85.9 85.9 85.0 85.9 1416 950 5.235
1787289614 85.9 86.8 85.0 85.9 1416 950 5.201
1787289616 85.9 86.8 85.9 85.9 1416 950 5.182
1787289617 85.0 85.9 85.0 85.9 1200 950 5.206
1787289618 85.9 85.9 85.0 85.9 1200 950 5.235
1787289619 85.0 85.9 84.1 85.0 1416 950 5.172
1787289620 85.9 86.8 85.0 85.9 1200 950 5.225
1787289621 85.9 86.8 85.0 85.9 1200 950 5.172
1787289622 85.9 85.9 85.0 85.9 1200 950 5.230
1787289624 85.9 86.8 85.0 85.9 1200 950 5.191
1787289625 85.9 85.9 85.0 85.9 1200 950 5.230
1787289626 85.9 85.9 85.0 85.9 1200 950 5.172
1787289627 85.9 85.9 85.0 85.9 1200 950 5.230
1787289628 85.0 86.8 85.0 85.9 1416 950 5.206
1787289629 85.9 85.9 85.0 85.9 1200 950 5.215
1787289630 85.0 85.9 85.0 85.9 1200 950 5.196
1787289632 85.9 86.8 85.0 85.9 1200 950 5.225
1787289633 85.0 86.8 85.9 85.9 1200 950 5.172
1787289634 85.9 85.9 85.0 85.9 1200 950 5.157
1787289635 85.0 85.9 85.0 85.0 1416 950 5.244
1787289636 85.0 85.9 85.0 85.0 1416 950 5.220
1787289637 85.0 85.9 85.0 85.9 1200 950 5.196
1787289639 85.0 85.9 85.0 85.0 1416 950 5.206
1787289640 85.0 85.9 85.0 85.9 1416 950 5.215
1787289641 85.9 85.9 85.0 85.9 1416 950 5.230
1787289642 85.9 85.9 85.0 85.0 1416 950 5.186
1787289643 85.0 85.9 84.1 85.9 1416 950 5.230
1787289644 85.0 85.0 84.1 85.0 1608 950 5.235
1787289645 85.0 85.9 85.0 85.0 1416 950 5.215
1787289647 85.0 85.9 84.1 85.0 1416 950 5.220
1787289648 85.0 85.9 85.0 85.9 1608 950 5.220
1787289649 85.0 85.9 85.0 85.0 1416 950 5.167
1787289650 85.9 85.9 85.0 85.0 1608 950 5.186
1787289651 85.0 85.9 85.0 85.9 1416 950 5.230
1787289652 85.0 85.9 85.0 85.9 1416 950 5.230
1787289653 85.9 85.9 85.0 85.9 1416 950 5.177
1787289655 85.9 86.8 85.0 85.9 1416 950 5.153
1787289656 85.9 85.9 85.0 85.9 1416 950 5.196
1787289657 85.9 86.8 85.0 85.9 1416 950 5.162
1787289658 85.9 86.8 85.0 85.9 1416 950 5.196
1787289659 85.0 85.9 85.0 85.0 1608 950 5.182
1787289660 85.9 86.8 85.0 85.9 1416 950 5.162
1787289661 85.0 85.9 85.0 85.9 1416 950 5.230
1787289662 85.9 85.9 85.0 85.9 1416 950 5.230
1787289664 85.0 85.9 85.0 85.9 1416 950 5.162
1787289665 85.0 85.9 84.1 85.9 1416 950 5.215
1787289666 85.9 85.9 85.0 85.9 1416 950 5.186
1787289667 85.0 85.9 85.0 85.0 1416 950 5.201
1787289668 85.9 86.8 85.9 86.8 1416 950 5.240
1787289669 85.9 85.9 85.0 85.9 1416 950 5.215
1787289670 85.9 85.9 85.0 85.9 1416 950 5.230
1787289672 80.4 79.5 79.5 80.4 2208 950 5.254
1787289673 78.5 77.6 77.6 79.5 2208 950 5.230
1787289674 84.1 85.0 84.1 85.9 2016 950 5.191
1787289675 84.1 85.0 84.1 85.9 1800 950 5.206
1787289676 85.9 86.8 85.0 85.9 1800 950 5.215
1787289677 85.0 85.9 84.1 85.9 1800 950 5.201
1787289678 85.9 85.9 84.1 85.9 1800 950 5.186
1787289679 85.0 85.9 84.1 85.9 1608 950 5.191
1787289680 85.9 85.9 85.0 85.9 1608 950 5.215
1787289682 85.9 86.8 85.0 85.9 1608 950 5.191
1787289683 85.9 86.8 85.0 85.9 1608 950 5.177
1787289684 85.9 86.8 85.0 85.9 1608 950 5.211
1787289685 85.9 86.8 85.0 85.9 1608 950 5.215
1787289686 85.0 85.9 85.0 85.9 1608 950 5.225
1787289687 85.9 86.8 85.9 85.9 1608 950 5.211
1787289688 85.9 85.9 85.0 85.9 1608 950 5.191
1787289690 85.9 86.8 85.9 85.9 1608 950 5.191
1787289691 85.9 85.9 85.0 85.9 1608 950 5.269
1787289692 85.9 85.9 85.0 85.9 1608 950 5.206
1787289693 85.9 86.8 85.0 85.9 1608 950 5.220
1787289694 85.9 86.8 85.0 85.9 1608 950 5.215
1787289695 85.9 86.8 85.0 85.9 1608 950 5.211
1787289696 85.9 86.8 85.0 85.9 1608 950 5.206
1787289698 85.9 86.8 85.0 85.9 1608 950 5.201
1787289699 85.9 86.8 85.0 85.0 1608 950 5.206
1787289700 85.9 86.8 85.0 85.9 1608 950 5.172
1787289701 85.9 86.8 85.0 85.9 1608 950 5.186
1787289702 85.9 85.9 85.0 85.9 1608 950 5.186
1787289703 85.9 85.9 85.0 85.9 1608 950 5.186
1787289704 85.0 85.9 85.0 85.9 1608 950 5.249
1787289706 85.9 85.9 85.0 85.9 1608 950 5.211
1787289707 85.9 86.8 85.0 85.9 1608 950 5.196
1787289708 85.9 85.9 84.1 85.9 1608 950 5.235
1787289709 85.9 85.9 85.0 85.9 1608 950 5.186
1787289710 85.9 86.8 85.0 86.8 1608 950 5.206
1787289711 85.9 86.8 85.0 85.9 1608 950 5.201
1787289712 85.9 85.9 85.0 85.9 1608 950 5.138
1787289714 85.9 86.8 85.0 85.9 1608 950 5.215
1787289715 85.9 85.9 85.0 85.9 1608 950 5.191
1787289716 85.9 85.9 85.0 85.9 1608 950 5.215
1787289717 85.9 86.8 85.0 85.0 1800 950 5.240
1787289718 85.9 86.8 85.0 85.9 1608 950 5.167
1787289719 85.0 85.9 84.1 85.9 1608 950 5.211
1787289720 85.9 85.9 85.0 85.9 1608 950 5.206
1787289722 85.9 85.9 85.0 85.9 1608 950 5.201
1787289723 85.0 85.9 85.0 85.9 1608 950 5.215
1787289724 85.9 86.8 85.9 85.9 1608 950 5.230
1787289725 85.9 86.8 85.0 85.9 1608 950 5.182
1787289726 85.9 85.9 85.0 85.0 1416 950 5.220
1787289727 85.9 86.8 85.0 85.9 1416 950 5.249
1787289728 85.0 85.9 84.1 85.9 1416 950 5.182
1787289729 85.9 85.9 85.0 85.9 1416 950 5.201
1787289731 85.0 85.9 84.1 85.9 1416 950 5.225
1787289732 85.9 86.8 85.0 85.9 1416 950 5.191
1787289733 85.9 86.8 85.9 85.9 1416 950 5.225
1787289734 83.2 84.1 83.2 84.1 2208 950 5.167
1787289735 85.0 85.9 84.1 85.9 1800 950 5.225
1787289736 85.9 86.8 85.9 85.9 1608 950 5.177
1787289737 85.9 86.8 85.0 85.9 1608 950 5.201
1787289739 85.0 85.9 85.0 85.9 1608 950 5.186
1787289740 85.0 85.9 85.0 85.9 1608 950 5.177
1787289741 85.9 86.8 85.9 85.9 1608 950 5.201
1787289742 85.9 86.8 85.9 85.9 1608 950 5.206
1787289743 85.9 85.9 85.0 85.9 1200 950 5.230
1787289744 85.9 86.8 85.9 85.9 1200 950 5.206
1787289746 85.9 85.9 85.0 85.9 1200 950 5.206
1787289747 85.9 86.8 85.0 85.9 1200 950 5.186
1787289748 85.9 86.8 85.0 85.9 1200 950 5.206
1787289749 85.9 85.9 85.0 85.9 1200 950 5.215
1787289750 85.9 86.8 85.0 85.9 1200 950 5.240
1787289751 85.9 85.9 85.0 85.9 1200 950 5.215
1787289752 85.9 85.9 85.0 85.9 1200 950 5.240
1787289754 85.9 85.9 85.0 85.9 1200 950 5.240
1787289755 85.0 85.9 85.0 85.9 1200 950 5.172
1787289756 85.9 86.8 85.0 85.9 1200 950 5.215
1787289757 85.9 85.9 85.0 85.9 1200 950 5.182
1787289758 85.9 85.9 85.0 85.9 1200 950 5.191
1787289759 85.0 85.9 85.0 85.9 1200 950 5.206
1787289760 85.9 85.9 85.0 85.9 1200 950 5.153
1787289762 85.9 86.8 85.0 85.9 1200 950 5.172
1787289763 85.0 85.9 85.0 85.0 1200 950 5.235
1787289764 85.9 86.8 85.0 85.9 1200 950 5.225
1787289765 85.9 85.9 85.0 85.9 1200 950 5.244
1787289766 85.0 85.9 85.0 85.9 1416 950 5.206
1787289767 85.9 85.9 84.1 85.9 1416 950 5.220
1787289768 85.0 85.9 85.0 85.9 1200 950 5.191
1787289770 85.0 85.9 85.0 85.0 1200 950 5.220
1787289771 85.9 86.8 85.0 85.9 1200 950 5.186
1787289772 85.0 86.8 85.0 85.9 1200 950 5.196
1787289773 85.9 85.9 85.0 85.9 1200 950 5.240
1787289774 85.9 85.9 85.0 85.0 1200 950 5.182
1787289775 85.9 85.9 85.0 85.9 1416 950 5.191
1787289776 85.0 85.9 85.0 85.9 1200 950 5.206
1787289778 85.9 85.9 85.0 85.9 1200 950 5.254
1787289779 85.0 85.9 84.1 85.0 1416 950 5.244
1787289780 85.9 85.9 85.0 85.9 1200 950 5.196
1787289781 85.9 85.9 84.1 85.9 1200 950 5.235
1787289782 85.9 85.9 85.0 85.9 1200 950 5.220
1787289783 85.9 85.9 85.9 85.9 1416 950 5.201
1787289784 85.9 85.9 85.0 85.9 1200 950 5.206
1787289786 85.9 86.8 85.0 85.9 1200 950 5.196
1787289787 85.9 85.9 85.0 85.9 1200 950 5.225
1787289788 85.9 85.9 85.0 85.9 1416 950 5.191
1787289789 85.0 85.9 85.0 85.9 1200 950 5.201
1787289790 85.0 85.9 84.1 85.0 1608 950 5.220
1787289791 85.0 86.8 85.0 85.0 1608 950 5.206
1787289792 85.9 85.9 85.0 85.9 1416 950 5.196
1787289794 85.9 86.8 85.0 85.9 1416 950 5.206
1787289795 83.2 82.2 82.2 83.2 2208 950 5.264
1787289796 84.1 85.0 84.1 85.9 2016 950 5.206
1787289797 85.9 86.8 85.0 85.9 1608 950 5.225
1787289798 85.9 86.8 85.0 85.9 1608 950 5.215
1787289799 85.0 85.9 85.0 85.9 1608 950 5.191
1787289800 85.9 85.9 85.9 86.8 1608 950 5.211
1787289802 85.9 86.8 85.0 85.9 1608 950 5.182
1787289803 85.0 85.9 85.0 85.9 1608 950 5.220
1787289804 85.9 86.8 85.0 85.9 1608 950 5.225
1787289805 85.9 85.9 85.0 85.9 1608 950 5.225
1787289806 85.9 86.8 85.0 85.9 1608 950 5.220
1787289807 85.9 85.9 85.0 85.9 1608 950 5.172
1787289808 85.9 86.8 85.9 85.9 1608 950 5.186
1787289810 85.9 86.8 85.0 85.9 1608 950 5.182
1787289811 85.9 86.8 85.0 85.9 1608 950 5.191
1787289812 85.9 86.8 85.9 86.8 1608 950 5.172
1787289813 85.9 86.8 85.9 85.9 1608 950 5.215
1787289814 85.9 85.9 85.0 85.9 1608 950 5.293
1787289815 85.9 86.8 85.0 85.9 1608 950 5.220
1787289816 85.9 86.8 85.0 85.9 1608 950 5.215
1787289818 85.9 86.8 85.0 85.9 1608 950 5.220
1787289819 85.9 85.9 85.0 85.9 1608 950 5.244
1787289820 85.9 86.8 85.0 85.9 1608 950 5.172
1787289821 85.0 85.9 85.0 85.9 1608 950 5.206
1787289822 85.9 86.8 85.9 85.9 1608 950 5.157
1787289823 85.9 86.8 85.0 85.9 1608 950 5.196
1787289824 85.9 85.9 85.0 85.9 1608 950 5.201
1787289826 85.9 86.8 85.9 86.8 1608 950 5.186
1787289827 85.0 85.9 85.0 85.9 1608 950 5.172
1787289828 85.9 85.9 85.0 85.9 1608 950 5.191
1787289829 85.9 86.8 85.0 85.9 1608 950 5.211
1787289830 85.0 85.9 85.0 85.9 1608 950 5.230
1787289831 85.9 85.9 85.0 85.0 1608 950 5.230
1787289832 85.9 86.8 85.0 85.9 1608 950 5.172
1787289833 85.9 85.9 85.0 85.9 1608 950 5.215
1787289835 85.9 85.9 85.0 85.9 1608 950 5.220
1787289836 85.9 87.8 85.9 86.8 1416 950 5.215
1787289837 85.9 86.8 85.0 85.9 1416 950 5.191
1787289838 85.9 86.8 85.0 85.9 1416 950 5.182
1787289839 85.9 86.8 85.0 85.9 1416 950 5.153
1787289840 85.9 86.8 85.0 85.9 1416 950 5.211
1787289841 85.9 85.9 85.0 85.9 1416 950 5.244
1787289843 85.9 86.8 85.0 85.9 1416 950 5.206
1787289844 85.9 86.8 85.0 85.9 1416 950 5.167
1787289845 85.0 85.9 84.1 85.0 1608 950 5.206
1787289846 85.0 85.9 85.0 85.9 1416 950 5.196
1787289847 85.9 86.8 85.0 85.9 1416 950 5.191
1787289848 85.9 86.8 85.9 85.9 1416 950 5.182
1787289849 85.9 85.9 85.0 85.9 1416 950 5.220
1787289851 85.9 85.9 85.0 85.9 1416 950 5.225
1787289852 85.9 85.9 85.0 85.9 1416 950 5.206
1787289853 85.9 86.8 85.0 85.9 1416 950 5.220
1787289854 85.0 85.9 84.1 85.9 1416 950 5.196
1787289855 85.9 85.9 85.0 85.9 1416 950 5.240
1787289856 83.2 84.1 83.2 85.0 2208 950 5.206
1787289857 85.9 85.9 85.0 85.9 1800 950 5.215
1787289858 85.9 86.8 85.0 86.8 1800 950 5.186
1787289860 85.9 86.8 85.0 85.9 1608 950 5.215
1787289861 85.9 85.9 85.0 85.9 1608 950 5.211
1787289862 85.9 85.9 85.0 85.9 1608 950 5.230
1787289863 85.9 85.9 85.0 85.9 1608 950 5.273
1787289864 85.9 86.8 85.0 85.9 1608 950 5.157
1787289865 85.9 86.8 85.0 85.9 1608 950 5.225
1787289866 85.9 85.9 85.0 85.9 1608 950 5.220
1787289868 85.9 86.8 85.0 85.9 1608 950 5.225
1787289869 85.9 85.9 85.0 85.9 1608 950 5.186
1787289870 85.9 86.8 85.0 85.9 1608 950 5.225
1787289871 85.9 85.9 85.0 85.9 1800 950 5.201
1787289872 85.9 85.9 85.0 85.9 1608 950 5.206
1787289873 85.9 86.8 85.0 85.9 1608 950 5.249
1787289874 85.9 86.8 85.9 85.9 1608 950 5.177
1787289876 85.9 85.9 85.0 85.9 1608 950 5.201
1787289877 85.9 86.8 85.9 85.9 1608 950 5.191
1787289878 85.9 86.8 85.0 85.9 1608 950 5.124
1787289879 85.9 85.9 85.0 85.9 1608 950 5.196
1787289880 85.9 86.8 85.0 85.9 1608 950 5.215
1787289881 85.9 86.8 85.9 85.9 1608 950 5.211
1787289882 85.9 85.9 85.0 85.9 1416 950 5.215
1787289884 85.9 86.8 85.0 85.9 1416 950 5.162
1787289885 85.0 85.9 84.1 85.9 1416 950 5.177
1787289886 85.0 85.9 85.0 85.0 1416 950 5.211
1787289887 85.9 86.8 85.9 85.9 1416 950 5.220
1787289888 85.9 86.8 85.0 85.9 1416 950 5.215
1787289889 85.0 85.9 85.0 85.0 1608 950 5.206
1787289890 85.9 86.8 85.9 85.9 1416 950 5.196
1787289892 85.9 85.9 85.0 85.9 1416 950 5.215
1787289893 85.9 86.8 85.0 85.9 1416 950 5.211
1787289894 85.9 86.8 85.0 85.9 1416 950 5.220
1787289895 85.9 86.8 85.0 85.9 1416 950 5.283
1787289896 85.9 86.8 85.0 85.9 1416 950 5.191
1787289897 85.9 85.9 85.0 85.9 1416 950 5.201
1787289898 85.9 85.9 85.0 85.9 1416 950 5.220
1787289900 85.9 86.8 85.0 85.9 1416 950 5.182
1787289901 85.0 85.9 84.1 85.9 1416 950 5.278
1787289902 85.9 85.9 85.0 85.9 1608 950 5.172
1787289903 85.9 85.9 85.0 85.9 1608 950 5.206
1787289904 85.9 86.8 85.0 85.9 1608 950 5.211
1787289905 85.9 85.9 85.0 85.9 1608 950 5.196
1787289906 85.9 86.8 85.0 85.9 1608 950 5.191
1787289907 85.0 85.9 84.1 85.9 1608 950 5.206
1787289909 85.0 85.9 85.0 85.9 1608 950 5.211
1787289910 85.0 85.9 85.0 85.9 1608 950 5.206
1787289911 85.9 87.8 85.9 86.8 1608 950 5.177
1787289912 85.9 86.8 85.0 85.9 1416 950 5.220
1787289913 85.9 85.9 85.0 85.9 1416 950 5.211
1787289914 85.9 86.8 85.0 85.9 1416 950 5.206
1787289915 85.9 86.8 85.0 85.9 1416 950 5.273
1787289917 85.9 85.9 85.0 85.9 1608 950 5.307
1787289918 84.1 85.0 84.1 85.9 2016 950 5.191
1787289919 85.0 85.0 85.0 85.9 1800 950 5.273
1787289920 85.9 85.9 85.0 85.9 1800 950 5.235
1787289921 85.9 86.8 85.0 85.9 1608 950 5.186
1787289922 85.9 85.9 85.0 85.9 1608 950 5.259
1787289923 85.9 85.9 85.0 85.9 1608 950 5.196
1787289924 85.0 85.0 85.0 85.9 1608 950 5.230
1787289926 85.0 85.9 85.0 85.9 1608 950 5.254
1787289927 85.9 86.8 85.0 85.9 1608 950 5.206
1787289928 85.9 85.9 85.0 85.9 1608 950 5.196
1787289929 85.9 86.8 85.9 85.9 1608 950 5.201
1787289930 85.9 86.8 85.0 85.9 1608 950 5.206
1787289931 85.9 85.9 85.0 85.9 1608 950 5.186
1787289932 85.9 86.8 85.0 86.8 1608 950 5.215
1787289934 85.9 86.8 85.0 85.9 1416 950 5.220
1787289935 85.9 85.9 85.0 85.9 1416 950 5.211
1787289936 85.9 85.9 85.0 85.9 1416 950 5.220
1787289937 85.9 86.8 85.0 85.9 1416 950 5.215
1787289938 85.0 86.8 85.0 85.0 1608 950 5.196
1787289939 85.0 85.9 85.0 85.9 1608 950 5.211
1787289940 85.0 86.8 85.0 85.9 1416 950 5.196
1787289942 85.9 86.8 85.0 85.9 1416 950 5.211
1787289943 85.0 85.9 85.0 85.9 1416 950 5.215
1787289944 85.9 86.8 85.0 85.9 1416 950 5.215
1787289945 85.9 86.8 85.0 85.9 1416 950 5.215
1787289946 85.9 86.8 85.0 85.9 1416 950 5.211
1787289947 85.9 86.8 85.0 85.9 1416 950 5.215
1787289948 85.9 85.9 85.0 85.9 1416 950 5.201
1787289950 85.9 85.9 84.1 85.9 1608 950 5.211
1787289951 85.0 85.9 85.0 85.0 1416 950 5.215
1787289952 85.9 85.0 85.0 85.9 1608 950 5.215
1787289953 85.9 86.8 85.0 85.9 1416 950 5.211
1787289954 85.9 86.8 85.0 85.9 1416 950 5.225
1787289955 85.9 85.9 85.0 85.9 1416 950 5.211
1787289956 85.9 85.9 85.0 85.9 1416 950 5.235
1787289958 85.9 86.8 85.0 85.9 1416 950 5.220
1787289959 85.9 85.9 85.0 85.9 1416 950 5.177
1787289960 85.9 85.9 85.0 85.9 1416 950 5.235
1787289961 85.9 86.8 85.0 85.9 1416 950 5.201
1787289962 85.9 85.9 85.0 85.9 1416 950 5.186
1787289963 85.9 86.8 85.0 85.9 1416 950 5.153
1787289964 85.9 86.8 85.0 85.9 1416 950 5.235
1787289966 85.9 86.8 85.0 85.9 1416 950 5.225
1787289967 85.9 85.9 85.0 85.9 1416 950 5.240
1787289968 85.9 85.9 85.0 85.9 1416 950 5.259
1787289969 85.9 86.8 85.0 85.9 1416 950 5.172
1787289970 85.0 85.9 85.0 85.9 1608 950 5.196
1787289971 85.9 86.8 85.0 85.9 1416 950 5.211
1787289972 85.9 85.9 84.1 85.0 1608 950 5.225
1787289973 85.0 86.8 85.0 85.9 1416 950 5.244
1787289975 85.9 86.8 85.0 85.9 1416 950 5.196
1787289976 85.9 85.9 85.0 85.9 1416 950 5.215
1787289977 85.9 85.9 85.0 85.9 1416 950 5.220
1787289978 82.2 81.3 80.4 82.2 2208 950 5.206
1787289979 80.4 79.5 78.5 80.4 2208 950 5.264
1787289980 83.2 83.2 82.2 83.2 2208 950 5.278
1787289981 85.0 85.9 85.0 86.8 1800 950 5.157
1787289982 85.0 85.9 84.1 85.0 1608 950 5.172
1787289984 85.0 85.9 84.1 85.9 1608 950 5.259
1787289985 85.9 86.8 85.0 85.9 1608 950 5.240
1787289986 85.0 85.9 84.1 85.9 1608 950 5.186
1787289987 85.9 85.9 85.0 85.9 1608 950 5.215
1787289988 85.0 85.9 85.0 85.9 1608 950 5.264
1787289989 85.0 85.9 85.0 85.9 1608 950 5.249
1787289990 85.9 85.9 85.0 85.9 1608 950 5.259
1787289991 85.0 85.9 85.0 85.9 1608 950 5.215
1787289993 85.9 85.9 85.0 85.9 1608 950 5.215
1787289994 85.9 86.8 85.0 85.9 1608 950 5.191
1787289995 85.9 85.9 85.0 85.9 1608 950 5.211
1787289996 85.9 86.8 85.9 85.9 1608 950 5.201
1787289997 85.9 85.9 85.0 85.9 1608 950 5.186
1787289998 85.9 86.8 85.9 86.8 1608 950 5.191
1787290000 85.0 85.9 85.0 85.9 1608 950 5.206
1787290001 85.9 85.9 85.0 85.9 1608 950 5.235
1787290002 85.9 86.8 85.0 85.9 1608 950 5.230
1787290003 85.9 85.9 85.0 85.9 1608 950 5.206
1787290004 85.9 86.8 85.0 85.9 1608 950 5.186
1787290005 85.9 86.8 85.0 85.9 1608 950 5.201
1787290006 85.9 86.8 85.0 85.9 1608 950 5.230
1787290008 85.9 86.8 85.0 85.9 1608 950 5.177
1787290009 85.9 85.9 85.0 85.9 1608 950 5.162
1787290010 85.9 86.8 85.9 85.9 1608 950 5.215
1787290011 85.0 85.9 85.0 85.9 1608 950 5.215
1787290012 85.9 86.8 85.0 85.9 1608 950 5.230
1787290013 85.0 85.9 85.0 85.0 1800 950 5.220
1787290014 85.9 86.8 85.0 85.9 1608 950 5.269
1787290016 85.9 85.9 85.0 85.9 1608 950 5.220
1787290017 85.0 85.9 85.0 85.9 1608 950 5.211
1787290018 85.9 85.9 85.0 85.9 1608 950 5.220
1787290019 85.9 86.8 85.0 85.9 1608 950 5.244
1787290020 85.9 86.8 85.0 85.9 1608 950 5.153
1787290021 85.9 86.8 85.0 85.9 1608 950 5.215
1787290022 85.9 86.8 85.9 85.9 1608 950 5.220
1787290024 85.9 85.9 85.0 85.9 1608 950 5.177
1787290025 85.9 86.8 85.0 86.8 1608 950 5.211
1787290026 85.9 85.9 85.0 85.0 1608 950 5.172
1787290027 85.9 85.9 85.0 85.9 1608 950 5.230
1787290028 85.9 85.9 85.0 85.9 1608 950 5.215
1787290029 85.9 86.8 85.0 85.9 1608 950 5.206
1787290030 85.9 85.9 85.0 85.9 1608 950 5.172
1787290031 85.9 85.9 85.0 85.9 1608 950 5.153
1787290033 85.0 85.9 85.0 85.9 1608 950 5.191
1787290034 85.9 85.9 85.0 85.9 1608 950 5.215
1787290035 85.9 85.9 85.0 85.9 1608 950 5.206
1787290036 85.9 85.9 84.1 85.0 1608 950 5.201
1787290037 85.9 85.9 85.0 85.9 1608 950 5.244
1787290038 85.9 85.9 85.0 85.9 1608 950 5.244
1787290039 85.9 86.8 85.9 86.8 1608 950 5.215
1787290041 82.2 81.3 81.3 82.2 2208 950 5.259
1787290042 85.0 85.9 85.0 85.9 1800 950 5.201
1787290043 85.9 86.8 85.0 85.9 1608 950 5.215
1787290044 85.9 85.9 85.0 85.9 1608 950 5.191
1787290045 85.9 86.8 85.0 85.9 1608 950 5.211
1787290046 85.0 85.9 85.0 85.9 1608 950 5.172
1787290047 85.9 85.9 85.0 85.9 1608 950 5.235
1787290049 85.9 85.9 85.0 85.9 1608 950 5.235
1787290050 85.9 85.9 85.0 85.9 1608 950 5.153
1787290051 85.9 85.9 85.0 85.9 1608 950 5.196
1787290052 85.9 85.9 85.0 85.9 1608 950 5.201
1787290053 85.0 86.8 85.0 85.9 1800 950 5.201
1787290054 85.9 86.8 85.0 85.9 1608 950 5.220
1787290055 85.9 86.8 85.0 85.9 1608 950 5.215
1787290056 85.0 86.8 85.0 85.9 1608 950 5.244
1787290058 85.9 85.9 85.0 85.9 1608 950 5.172
1787290059 85.9 86.8 85.0 85.9 1608 950 5.196
1787290060 85.0 85.9 85.0 85.9 1608 950 5.215
1787290061 85.0 85.9 85.0 85.9 1608 950 5.196
1787290062 85.9 86.8 85.0 85.9 1608 950 5.220
1787290063 85.9 85.9 85.0 85.9 1800 950 5.191
1787290064 85.0 85.9 84.1 85.9 1608 950 5.206
1787290066 85.9 85.9 85.0 85.9 1608 950 5.215
1787290067 85.9 86.8 85.0 85.9 1608 950 5.235
1787290068 85.9 86.8 85.0 85.9 1608 950 5.235
1787290069 85.0 85.9 85.0 85.9 1608 950 5.220
1787290070 85.0 85.9 85.0 85.9 1608 950 5.235
1787290071 85.0 85.9 84.1 85.9 1608 950 5.215
1787290072 85.9 85.9 85.0 85.9 1608 950 5.225
1787290074 85.9 86.8 85.0 85.9 1608 950 5.230
1787290075 85.9 85.9 85.0 85.9 1608 950 5.182
1787290076 85.0 85.0 84.1 85.9 1608 950 5.225
1787290077 85.9 85.9 85.0 85.9 1608 950 5.211
1787290078 85.9 86.8 85.0 85.9 1608 950 5.215
1787290079 85.0 85.9 84.1 85.9 1608 950 5.259
1787290080 85.9 86.8 85.0 85.9 1608 950 5.191
1787290082 85.9 85.9 85.0 85.9 1608 950 5.211
1787290083 85.0 85.9 85.0 85.9 1608 950 5.220
1787290084 85.9 85.9 84.1 85.9 1608 950 5.206
1787290085 85.9 85.9 85.0 85.9 1608 950 5.225
1787290086 85.9 85.9 85.0 85.9 1608 950 5.201
1787290087 85.9 86.8 85.0 85.9 1608 950 5.191
1787290088 85.0 85.9 84.1 85.0 1608 950 5.196
1787290090 85.9 86.8 85.0 85.9 1608 950 5.191
1787290091 85.9 85.9 85.0 85.9 1608 950 5.235
1787290092 85.9 86.8 85.9 85.9 1608 950 5.191
1787290093 85.9 86.8 85.0 85.9 1608 950 5.191
1787290094 85.9 85.9 85.0 85.9 1608 950 5.215
1787290095 85.0 85.9 85.0 85.9 1608 950 5.167
1787290096 85.0 85.9 85.0 85.9 1608 950 5.215
1787290098 85.0 85.9 85.0 85.9 1608 950 5.211
1787290099 85.0 85.9 84.1 85.9 1608 950 5.206
1787290100 85.9 86.8 85.0 85.9 1608 950 5.191
1787290101 85.9 86.8 85.0 85.9 1608 950 5.215
1787290102 84.1 85.0 84.1 85.9 2016 950 5.162
1787290103 85.9 85.9 85.0 85.9 1800 950 5.211
1787290104 85.0 85.9 85.0 85.9 1800 950 5.230
1787290106 85.9 85.9 85.0 85.9 1608 950 5.230
1787290107 85.9 85.9 85.0 85.9 1608 950 5.211
1787290108 85.0 85.9 85.0 85.9 1608 950 5.225
1787290109 85.9 85.9 84.1 85.9 1608 950 5.220
1787290110 85.0 85.9 85.0 85.9 1608 950 5.225
1787290111 85.9 86.8 85.0 85.9 1608 950 5.186
1787290112 85.0 85.9 84.1 85.9 1800 950 5.225
1787290114 85.9 86.8 85.0 85.9 1800 950 5.240
1787290115 85.9 86.8 85.0 85.9 1608 950 5.225
1787290116 85.9 85.9 85.0 85.9 1608 950 5.206
1787290117 85.9 85.9 85.0 85.9 1608 950 5.215
1787290118 85.9 86.8 85.0 85.9 1608 950 5.225
1787290119 85.0 85.9 85.0 85.9 1608 950 5.240
1787290120 85.9 86.8 85.0 85.9 1608 950 5.244
1787290122 85.9 86.8 85.0 85.9 1608 950 5.288
1787290123 85.0 85.9 84.1 85.9 1608 950 5.206
1787290124 85.9 85.9 85.0 85.9 1608 950 5.220
1787290125 85.9 86.8 85.0 85.9 1800 950 5.191
1787290126 85.9 85.9 85.0 85.9 1608 950 5.167
1787290127 85.9 85.9 85.0 85.9 1608 950 5.196
1787290128 85.9 85.9 85.0 85.9 1608 950 5.172
1787290130 85.0 85.9 84.1 85.9 1608 950 5.225
1787290131 85.9 85.9 85.0 85.9 1608 950 5.186
1787290132 85.9 85.9 84.1 85.9 1608 950 5.215
1787290133 85.9 85.9 85.0 85.9 1608 950 5.211
1787290134 85.9 86.8 85.0 85.9 1608 950 5.215
1787290135 85.9 85.9 84.1 85.9 1608 950 5.143
1787290136 85.9 86.8 85.9 85.9 1608 950 5.177
1787290138 85.9 86.8 85.0 85.9 1608 950 5.211
1787290139 85.9 86.8 84.1 85.9 1608 950 5.201
1787290140 85.0 85.9 85.0 85.9 1608 950 5.206
1787290141 85.0 85.9 84.1 85.9 1608 950 5.182
1787290142 85.0 85.9 85.0 85.9 1608 950 5.196
1787290143 85.9 86.8 85.0 85.9 1608 950 5.182
1787290144 85.9 85.9 85.0 85.9 1608 950 5.201
1787290146 85.0 85.9 85.0 85.9 1608 950 5.215
1787290147 85.0 85.9 84.1 85.9 1608 950 5.196
1787290148 85.0 85.0 84.1 85.9 1608 950 5.201
1787290149 85.0 85.9 85.0 85.9 1608 950 5.235
1787290150 85.0 85.9 84.1 85.9 1608 950 5.235
1787290151 85.0 85.9 84.1 85.9 1608 950 5.220
1787290152 85.9 86.8 85.0 85.9 1608 950 5.244
1787290154 85.9 85.9 85.0 85.9 1608 950 5.230
1787290155 85.9 85.9 85.0 85.9 1800 950 5.206
1787290156 85.9 86.8 85.0 85.9 1608 950 5.211
1787290157 85.9 85.9 85.0 85.9 1608 950 5.157
1787290158 85.9 85.9 85.0 85.9 1800 950 5.206
1787290159 85.0 85.9 84.1 85.9 1800 950 5.269
1787290160 85.9 85.9 85.0 85.9 1608 950 5.220
1787290162 85.9 85.9 85.0 85.9 1800 950 5.191
1787290163 82.2 82.2 81.3 82.2 2208 950 5.230
1787290164 85.0 85.9 84.1 85.9 2016 950 5.215
1787290165 85.0 85.9 84.1 85.9 1800 950 5.191
1787290166 85.0 85.9 85.0 85.9 1800 950 5.215
1787290167 85.0 85.9 85.0 85.9 1800 950 5.206
1787290168 85.0 85.9 84.1 85.9 1800 950 5.201
1787290169 85.9 85.9 85.0 85.9 1608 950 5.177
1787290170 85.0 85.9 85.0 85.9 1608 950 5.206
1787290172 85.9 85.9 85.0 85.9 1608 950 5.220
1787290173 85.9 86.8 85.0 85.9 1800 950 5.182
1787290174 85.0 85.9 85.0 85.9 1608 950 5.273
1787290175 85.0 86.8 85.0 85.9 1608 950 5.235
1787290176 85.0 85.9 85.0 85.9 1608 950 5.215
1787290177 85.0 85.0 84.1 85.9 1608 950 5.191
1787290178 85.0 85.9 85.0 85.9 1608 950 5.201
1787290180 85.9 86.8 85.0 85.9 1608 950 5.191
1787290181 85.9 85.9 85.0 85.9 1608 950 5.143
1787290182 85.0 85.9 85.0 85.9 1608 950 5.211
1787290183 85.9 86.8 85.0 85.9 1608 950 5.225
1787290184 85.0 85.0 84.1 85.0 1800 950 5.167
1787290185 85.0 85.9 85.0 85.9 1800 950 5.182
1787290186 85.0 85.9 84.1 85.9 1608 950 5.225
1787290188 85.9 86.8 85.0 85.9 1608 950 5.240
1787290189 85.0 86.8 85.0 85.9 1608 950 5.249
1787290190 85.0 85.9 85.0 85.9 1608 950 5.172
1787290191 85.0 85.9 85.0 85.9 1608 950 5.230
1787290192 85.9 85.9 85.0 85.9 1608 950 5.186
1787290193 85.9 86.8 85.0 85.9 1608 950 5.211
1787290194 85.9 86.8 85.0 85.9 1608 950 5.186
1787290196 85.9 85.9 84.1 85.0 1800 950 5.201
1787290197 85.0 85.9 84.1 85.9 1608 950 5.172
1787290198 85.9 86.8 85.0 85.9 1608 950 5.220
1787290199 85.0 86.8 85.0 85.0 1800 950 5.206
1787290200 85.0 85.9 84.1 85.0 1800 950 5.206
1787290201 85.9 86.8 85.0 85.9 1608 950 5.220
1787290202 85.0 85.9 84.1 85.9 1800 950 5.215
1787290203 85.9 85.9 85.0 85.9 1608 950 5.177
1787290205 85.0 85.9 85.0 85.9 1608 950 5.201
1787290206 85.0 85.9 84.1 85.9 1608 950 5.191
1787290207 85.0 85.9 84.1 85.9 1800 950 5.167
1787290208 85.9 85.9 85.0 85.9 1608 950 5.182
1787290209 85.9 86.8 85.0 85.9 1608 950 5.162
1787290210 85.0 85.9 84.1 85.9 1608 950 5.215
1787290212 85.0 85.9 85.0 85.9 1608 950 5.220
1787290213 85.9 85.9 85.0 85.0 1800 950 5.230
1787290214 85.9 85.9 85.0 85.9 1608 950 5.225
1787290215 85.9 86.8 85.0 85.9 1608 950 5.177
1787290216 85.0 85.9 85.0 85.9 1608 950 5.172
1787290217 85.0 85.9 84.1 85.0 1800 950 5.211
1787290218 85.9 85.9 85.0 85.9 1608 950 5.186
1787290219 85.0 85.9 85.0 85.9 1608 950 5.206
1787290221 85.0 85.9 85.0 85.9 1800 950 5.254
1787290222 85.9 86.8 85.0 86.8 1800 950 5.225
1787290223 85.0 85.9 84.1 85.0 1608 950 5.191
1787290224 82.2 83.2 82.2 84.1 2208 950 5.215
1787290225 85.0 85.9 84.1 85.9 2016 950 5.206
1787290226 85.0 85.9 85.0 85.9 1800 950 5.211
1787290227 85.9 85.9 85.0 85.9 1800 950 5.186
1787290229 85.9 86.8 85.0 85.9 1608 950 5.206
1787290230 85.9 85.9 85.0 85.9 1608 950 5.177
1787290231 85.0 85.0 84.1 85.0 1800 950 5.182
1787290232 85.9 86.8 85.0 85.9 1608 950 5.225
1787290233 85.9 85.9 85.0 85.9 1608 950 5.220
1787290234 85.0 85.9 84.1 85.9 1608 950 5.211
1787290235 85.0 85.9 85.0 85.9 1608 950 5.196
1787290237 85.0 85.9 84.1 85.0 1800 950 5.215
1787290238 85.0 85.9 84.1 85.0 1800 950 5.206
1787290239 85.0 85.9 84.1 85.9 1608 950 5.215
1787290240 85.9 86.8 85.0 85.9 1608 950 5.283
1787290241 85.9 85.9 84.1 85.9 1608 950 5.215
1787290242 85.9 85.9 85.0 85.9 1608 950 5.153
1787290243 85.9 85.9 85.0 85.9 1608 950 5.240
1787290245 85.9 86.8 85.0 85.9 1608 950 5.167
1787290246 85.0 85.9 84.1 85.9 1608 950 5.215
1787290247 85.9 86.8 85.0 85.9 1608 950 5.230
1787290248 85.0 85.9 84.1 85.9 1608 950 5.225
1787290249 85.9 86.8 85.0 85.9 1608 950 5.215
1787290250 85.0 85.9 84.1 85.9 1608 950 5.186
1787290251 85.0 85.9 85.0 85.9 1608 950 5.206
1787290253 85.9 86.8 85.0 85.9 1416 950 5.201
1787290254 85.9 86.8 85.0 85.9 1416 950 5.264
1787290255 85.0 85.9 84.1 85.0 1608 950 5.186
1787290256 85.9 85.9 85.0 85.9 1608 950 5.220
1787290257 85.0 85.9 84.1 85.9 1608 950 5.167
1787290258 85.9 85.9 85.0 85.9 1608 950 5.201
1787290259 85.9 86.8 85.0 85.9 1608 950 5.206
1787290261 85.0 85.9 85.0 85.9 1608 950 5.235
1787290262 85.9 86.8 85.0 85.9 1608 950 5.244
1787290263 85.9 85.9 85.0 85.9 1608 950 5.191
1787290264 85.0 85.9 84.1 85.9 1608 950 5.225
1787290265 85.9 85.9 85.0 85.9 1608 950 5.235
1787290266 85.9 85.9 85.0 85.9 1608 950 5.220
1787290267 85.9 85.9 85.0 85.9 1608 950 5.206
1787290269 85.9 85.9 85.0 85.9 1608 950 5.206
1787290270 85.9 86.8 85.0 85.9 1608 950 5.201
1787290271 85.9 85.9 84.1 85.9 1608 950 5.230
1787290272 85.0 85.9 85.0 85.9 1608 950 5.167
1787290273 85.9 86.8 85.0 85.9 1608 950 5.225
1787290274 85.9 86.8 85.0 85.9 1608 950 5.206
1787290275 85.9 85.9 85.0 85.9 1608 950 5.211
1787290277 85.0 85.9 85.0 85.9 1608 950 5.264
1787290278 85.0 85.9 84.1 85.9 1608 950 5.191
1787290279 85.9 86.8 85.0 85.9 1608 950 5.186
1787290280 85.0 85.9 85.0 85.0 1800 950 5.225
1787290281 85.9 85.9 85.0 85.9 1608 950 5.240
1787290282 85.0 85.9 85.0 85.9 1608 950 5.186
1787290283 85.0 85.9 85.0 85.9 1608 950 5.220
1787290284 85.0 85.9 85.0 85.9 1608 950 5.186
1787290286 80.4 79.5 79.5 81.3 2208 950 5.244
1787290287 78.5 77.6 76.7 78.5 2208 950 5.220
1787290288 77.6 76.7 75.8 77.6 2208 950 5.264
1787290289 76.7 75.8 75.8 76.7 2208 950 5.235
1787290290 75.8 74.8 74.8 76.7 2208 950 5.298
1787290291 75.8 74.8 73.9 75.8 2208 950 5.249
1787290292 74.8 74.8 73.9 74.8 2208 950 5.273
1787290293 74.8 73.9 73.0 74.8 2208 950 5.273
1787290294 73.9 73.9 73.0 74.8 2208 950 5.307
1787290295 73.9 73.0 73.0 73.9 2208 950 5.302
1787290296 73.0 73.0 73.0 73.9 2208 950 5.288
1787290297 73.0 72.1 72.1 73.0 2208 950 5.298
1787290298 73.0 72.1 71.2 73.0 2208 950 5.264
1787290300 72.1 72.1 71.2 72.1 2208 950 5.278
1787290301 72.1 71.2 71.2 72.1 2208 950 5.254
1787290302 72.1 71.2 71.2 72.1 2208 950 5.302
1787290303 76.7 77.6 76.7 78.5 2208 950 5.230
1787290304 80.4 81.3 79.5 82.2 2208 950 5.177
1787290305 81.3 82.2 80.4 82.2 2208 950 5.177
1787290306 82.2 83.2 82.2 84.1 2208 950 5.182
1787290307 83.2 84.1 82.2 84.1 2208 950 5.191
1787290308 83.2 84.1 83.2 85.0 2208 950 5.196
1787290310 84.1 84.1 83.2 85.0 2208 950 5.215
1787290311 84.1 85.0 84.1 85.9 2016 950 5.225
1787290312 84.1 85.0 84.1 85.0 2016 950 5.201
1787290313 84.1 85.0 84.1 85.9 2016 950 5.191
1787290314 85.0 85.0 84.1 85.9 2016 950 5.186
1787290315 85.0 85.0 84.1 85.9 2016 950 5.235
1787290317 85.0 85.9 84.1 85.9 2016 950 5.191
1787290318 85.0 85.0 84.1 85.9 2016 950 5.215
1787290319 85.0 85.0 84.1 85.0 2016 950 5.201
1787290320 85.0 85.9 84.1 85.9 2016 950 5.244
1787290321 85.0 85.9 85.0 85.9 2016 950 5.167
1787290322 85.0 85.9 84.1 85.0 2016 950 5.167
1787290323 85.9 85.9 85.0 85.9 1800 950 5.206
1787290325 85.0 85.9 85.0 85.9 1800 950 5.211
1787290326 85.0 85.9 85.0 85.9 1800 950 5.220
1787290327 85.0 85.9 84.1 85.9 1800 950 5.215
1787290328 85.0 85.9 84.1 85.9 1800 950 5.215
1787290329 85.9 85.9 85.0 85.9 1800 950 5.177
1787290330 85.9 85.9 85.0 85.9 1800 950 5.206
1787290331 85.0 85.9 84.1 85.0 1800 950 5.215
1787290333 85.0 85.9 84.1 85.9 2016 950 5.191
1787290334 85.0 85.9 84.1 85.9 1800 950 5.186
1787290335 85.9 85.9 84.1 85.9 1800 950 5.211
1787290336 85.0 85.9 84.1 85.9 1800 950 5.177
1787290337 85.0 85.9 84.1 85.9 1800 950 5.191
1787290338 85.9 85.9 85.0 85.9 1800 950 5.206
1787290339 85.9 85.9 85.0 85.9 1800 950 5.172
1787290341 85.9 85.9 85.0 85.9 1800 950 5.211
1787290342 85.9 86.8 85.0 85.9 1800 950 5.177
1787290343 85.0 86.8 85.0 85.9 1800 950 5.215
1787290344 85.9 85.9 85.0 85.9 1800 950 5.153
1787290345 85.0 85.9 85.0 85.9 1800 950 5.201
1787290346 85.9 85.9 85.0 85.9 1608 950 5.220
1787290347 85.0 85.9 85.0 85.9 1608 950 5.230
1787290349 85.0 85.9 85.0 85.9 1800 950 5.254
1787290350 85.9 85.9 84.1 85.9 1800 950 5.244
1787290351 85.9 85.9 85.0 85.9 1800 950 5.220
1787290352 85.9 86.8 85.0 85.9 1608 950 5.191
1787290353 85.0 85.0 84.1 85.9 1608 950 5.191
1787290354 85.9 85.9 85.0 85.9 1608 950 5.201
1787290355 85.9 85.9 85.0 85.9 1608 950 5.182
1787290357 85.0 85.9 85.0 85.9 1608 950 5.240
1787290358 85.9 85.9 85.0 85.9 1608 950 5.201
1787290359 85.0 85.9 85.0 85.0 1800 950 5.206
1787290360 85.0 85.9 84.1 85.9 1608 950 5.240
1787290361 85.9 85.9 85.0 85.9 1608 950 5.162
1787290362 85.0 85.9 85.0 85.9 1608 950 5.220
1787290363 84.1 85.0 84.1 85.9 2016 950 5.211
1787290365 85.9 85.9 85.0 85.9 1800 950 5.230
1787290366 85.9 85.9 85.0 85.9 1800 950 5.215
1787290367 85.9 85.9 85.0 86.8 1608 950 5.225
1787290368 85.9 86.8 85.0 85.9 1608 950 5.172
1787290369 85.9 85.9 85.0 85.9 1608 950 5.182
1787290370 85.0 85.9 84.1 85.0 1800 950 5.201
1787290371 85.9 85.9 85.0 85.9 1800 950 5.191
1787290373 85.9 85.9 85.0 85.9 1608 950 5.225
1787290374 85.9 85.9 85.0 85.9 1608 950 5.186
1787290375 85.9 85.9 85.0 85.9 1608 950 5.191
1787290376 85.9 85.9 85.0 85.9 1608 950 5.172
1787290377 85.9 86.8 85.0 85.9 1608 950 5.211
1787290378 85.9 86.8 85.0 85.9 1800 950 5.220
1787290379 85.9 85.9 85.0 85.9 1608 950 5.225
1787290381 85.9 86.8 85.0 85.9 1608 950 5.215
1787290382 85.0 85.9 85.0 85.9 1608 950 5.220
1787290383 85.9 86.8 85.0 85.9 1608 950 5.196
1787290384 85.9 86.8 85.0 85.9 1608 950 5.215
1787290385 85.9 85.9 85.0 85.9 1608 950 5.138
1787290386 85.9 86.8 85.0 85.9 1608 950 5.211
1787290388 85.9 86.8 85.0 85.9 1608 950 5.249
1787290389 85.9 86.8 85.0 85.9 1608 950 5.244
1787290390 85.9 86.8 85.0 85.9 1608 950 5.215
1787290391 85.9 86.8 85.0 85.9 1608 950 5.220
1787290392 85.9 86.8 85.0 85.9 1608 950 5.182
1787290393 85.9 86.8 85.0 85.9 1608 950 5.172
1787290394 85.9 86.8 85.0 85.9 1608 950 5.215
1787290396 85.9 86.8 85.0 85.9 1608 950 5.191
1787290397 85.9 85.9 84.1 85.9 1608 950 5.177
1787290398 85.9 85.9 85.0 85.9 1608 950 5.186
1787290399 85.9 86.8 85.0 85.9 1608 950 5.186
1787290400 85.9 85.9 85.0 85.9 1608 950 5.215
1787290401 85.9 86.8 85.0 85.9 1608 950 5.211
1787290402 85.0 85.9 85.0 85.9 1608 950 5.153
1787290404 85.0 85.9 85.0 85.9 1608 950 5.220
1787290405 85.9 85.9 85.0 85.9 1608 950 5.211
1787290406 85.9 86.8 85.0 85.9 1608 950 5.206
1787290407 85.9 85.9 85.0 85.9 1608 950 5.244
1787290408 85.0 85.9 85.0 85.0 1800 950 5.211
1787290409 85.9 85.9 85.0 85.9 1608 950 5.196
1787290410 85.9 85.9 85.0 85.9 1608 950 5.196
1787290412 85.9 86.8 85.0 85.9 1608 950 5.167
1787290413 85.9 86.8 85.0 85.9 1608 950 5.211
1787290414 85.9 85.9 85.0 85.9 1608 950 5.211
1787290415 85.0 85.9 84.1 85.0 1608 950 5.153
1787290416 85.9 85.9 85.0 85.9 1608 950 5.206
1787290417 85.0 85.9 85.0 85.9 1608 950 5.196
1787290418 85.0 85.0 84.1 85.0 1608 950 5.191
1787290420 85.0 85.9 84.1 85.9 1608 950 5.225
1787290421 85.0 85.0 84.1 85.0 1800 950 5.211
1787290422 85.9 85.9 85.0 85.9 1608 950 5.201
1787290423 85.0 85.9 85.0 85.9 1608 950 5.211
1787290424 81.3 81.3 80.4 81.3 2208 950 5.322
1787290425 85.0 85.0 84.1 85.9 2016 950 5.153
1787290426 85.0 85.9 85.0 85.9 1800 950 5.191
1787290427 85.9 86.8 85.0 85.9 1800 950 5.240
1787290429 85.9 85.9 85.0 85.9 1608 950 5.206
1787290430 85.9 85.9 85.0 85.9 1608 950 5.211
1787290431 85.9 85.9 85.0 85.9 1608 950 5.230
1787290432 85.9 85.9 85.0 85.9 1608 950 5.230
1787290433 85.0 85.9 85.0 85.9 1608 950 5.264
1787290434 85.9 85.9 85.0 85.9 1608 950 5.240
1787290435 85.0 85.0 84.1 85.9 1800 950 5.225
1787290437 85.9 85.9 85.0 85.9 1608 950 5.182
1787290438 85.9 86.8 85.0 85.9 1608 950 5.211
1787290439 85.0 85.9 85.0 85.0 1608 950 5.157
1787290440 85.9 86.8 85.0 85.9 1608 950 5.177
1787290441 85.9 85.9 85.0 85.9 1800 950 5.201
1787290442 85.9 85.9 85.0 85.9 1608 950 5.196
1787290443 85.9 85.9 85.0 85.9 1608 950 5.167
1787290445 85.9 85.9 84.1 85.0 1800 950 5.220
1787290446 85.9 86.8 85.9 85.9 1608 950 5.249
1787290447 85.0 85.9 84.1 85.9 1608 950 5.196
1787290448 85.9 86.8 85.0 85.9 1608 950 5.201
1787290449 85.0 85.9 84.1 85.0 1800 950 5.211
1787290450 85.0 85.9 85.0 85.9 1608 950 5.240
1787290451 85.9 85.9 85.0 85.9 1608 950 5.138
1787290452 85.9 85.9 85.0 85.9 1608 950 5.225
1787290454 85.9 85.9 85.0 85.9 1608 950 5.240
1787290455 85.9 86.8 85.0 85.9 1608 950 5.172
1787290456 85.9 85.9 85.0 85.9 1608 950 5.182
1787290457 85.0 85.9 84.1 85.9 1608 950 5.172
1787290458 85.0 85.9 85.0 85.9 1608 950 5.191
1787290459 85.9 85.9 85.0 85.9 1608 950 5.225
1787290460 85.9 85.9 85.0 85.9 1608 950 5.215
1787290462 85.9 85.9 85.0 85.9 1608 950 5.191
1787290463 85.0 85.9 85.0 85.9 1608 950 5.182
1787290464 85.0 85.9 85.0 85.0 1608 950 5.196
1787290465 85.9 85.9 85.0 85.9 1608 950 5.148
1787290466 85.9 86.8 85.0 85.9 1608 950 5.225
1787290467 85.9 86.8 85.0 85.9 1608 950 5.206
1787290468 85.9 85.9 85.0 85.9 1608 950 5.220
1787290470 85.0 85.9 85.0 85.9 1608 950 5.206
1787290471 85.9 86.8 85.0 85.9 1608 950 5.201
1787290472 85.0 86.8 85.0 85.9 1608 950 5.182
1787290473 85.9 85.9 85.0 85.9 1608 950 5.201
1787290474 85.9 85.9 85.0 85.9 1608 950 5.225
1787290475 85.0 85.9 85.0 85.9 1608 950 5.211
1787290476 85.9 85.9 85.0 85.9 1608 950 5.167
1787290477 85.9 85.9 85.0 85.9 1608 950 5.225
1787290479 85.0 85.9 85.0 85.9 1608 950 5.215
1787290480 85.9 85.9 85.0 85.9 1608 950 5.235
1787290481 85.0 85.9 85.0 85.9 1608 950 5.177
1787290482 85.0 85.9 85.0 85.9 1608 950 5.196
1787290483 85.9 85.9 85.0 85.9 1608 950 5.211
1787290484 85.9 85.9 85.0 85.9 1608 950 5.235
1787290485 81.3 82.2 81.3 84.1 2208 950 5.191
1787290486 85.9 85.9 85.0 86.8 1800 950 5.244
1787290488 85.9 86.8 85.0 85.9 1608 950 5.162
1787290489 85.9 85.9 84.1 85.9 1608 950 5.230
1787290490 85.0 85.0 84.1 85.0 1800 950 5.191
1787290491 85.9 86.8 85.0 85.9 1608 950 5.201
1787290492 85.0 85.9 85.0 85.0 1608 950 5.215
1787290493 85.9 85.9 85.0 85.9 1608 950 5.220
1787290494 85.0 85.9 85.0 85.9 1608 950 5.225
1787290496 85.9 85.9 85.0 85.9 1608 950 5.240
1787290497 85.0 85.9 85.0 85.0 1608 950 5.191
1787290498 85.9 86.8 85.0 85.9 1608 950 5.215
1787290499 85.9 85.9 85.0 85.9 1608 950 5.167
1787290500 85.9 85.9 85.0 85.9 1608 950 5.240
1787290501 85.9 85.9 85.0 85.9 1608 950 5.172
1787290502 85.9 86.8 85.0 85.9 1608 950 5.186
1787290504 85.0 85.9 84.1 85.0 1608 950 5.191
1787290505 85.9 85.9 85.0 85.9 1608 950 5.172
1787290506 85.9 86.8 85.0 85.9 1608 950 5.182
1787290507 85.9 85.9 85.0 85.9 1608 950 5.206
1787290508 85.9 86.8 85.0 85.9 1608 950 5.172
1787290509 85.9 86.8 85.0 85.9 1608 950 5.215
1787290510 85.0 85.9 85.0 85.9 1608 950 5.206
1787290512 85.9 86.8 85.0 85.9 1608 950 5.215
1787290513 85.9 85.9 85.0 85.0 1608 950 5.186
1787290514 85.0 85.9 84.1 85.9 1608 950 5.196
1787290515 85.9 85.9 85.0 85.9 1608 950 5.201
1787290516 85.0 85.9 84.1 85.9 1608 950 5.201
1787290517 85.0 85.9 84.1 85.9 1608 950 5.196
1787290519 85.9 85.9 85.0 85.9 1608 950 5.157
1787290520 85.9 86.8 85.0 85.9 1608 950 5.206
1787290521 85.9 86.8 85.0 85.9 1608 950 5.191
1787290522 85.0 85.9 84.1 85.9 1608 950 5.215
1787290523 85.9 85.9 85.0 85.9 1800 950 5.220
1787290524 85.0 85.0 84.1 85.9 1800 950 5.138
1787290525 85.9 85.9 85.0 85.9 1608 950 5.240
1787290527 85.9 85.9 85.0 85.0 1608 950 5.235
1787290528 85.9 85.9 85.0 85.9 1608 950 5.201
1787290529 85.9 86.8 85.0 85.9 1608 950 5.225
1787290530 85.9 85.9 85.0 85.9 1608 950 5.215
1787290531 85.9 85.9 85.0 85.9 1608 950 5.211
1787290532 85.9 85.9 85.0 85.9 1608 950 5.211
1787290533 85.9 85.9 85.0 85.9 1608 950 5.196
1787290535 85.0 86.8 85.0 85.9 1608 950 5.201
1787290536 85.0 85.9 84.1 85.9 1800 950 5.225
1787290537 85.9 86.8 85.0 85.9 1608 950 5.196
1787290538 85.9 85.9 85.0 85.9 1608 950 5.235
1787290539 85.9 85.9 85.0 85.9 1608 950 5.186
1787290540 85.0 85.9 84.1 85.9 1800 950 5.201
1787290541 85.9 86.8 85.0 85.9 1608 950 5.201
1787290542 85.0 85.9 85.0 85.9 1608 950 5.225
1787290544 85.9 85.9 84.1 85.0 1800 950 5.196
1787290545 85.9 85.9 84.1 85.0 1608 950 5.182
1787290546 85.0 85.9 84.1 85.0 1800 950 5.225
1787290547 84.1 84.1 83.2 85.0 2208 950 5.182
1787290548 85.9 85.9 85.0 85.9 1800 950 5.244
1787290549 85.9 86.8 85.0 85.9 1608 950 5.235
1787290550 85.9 86.8 85.0 85.9 1608 950 5.240
1787290552 85.9 85.9 85.0 85.9 1608 950 5.249
1787290553 85.9 85.9 85.0 85.9 1608 950 5.196
1787290554 85.0 85.9 85.0 85.0 1608 950 5.220
1787290555 85.9 85.9 85.0 85.9 1608 950 5.206
1787290556 85.9 86.8 85.0 85.9 1608 950 5.177
1787290557 85.9 85.9 85.0 85.0 1608 950 5.177
1787290558 85.0 85.9 85.0 85.9 1800 950 5.249
1787290560 85.9 85.9 85.0 85.9 1800 950 5.215
1787290561 85.9 85.9 85.0 85.9 1800 950 5.196
1787290562 85.0 85.9 85.0 85.9 1800 950 5.220
1787290563 85.9 85.9 85.0 85.9 1800 950 5.162
1787290564 85.9 85.9 84.1 85.9 1800 950 5.191
1787290565 85.9 85.9 85.0 85.9 1800 950 5.153
1787290566 85.0 85.9 84.1 85.0 1608 950 5.206
1787290567 85.9 86.8 85.0 85.9 1608 950 5.167
1787290569 85.0 85.9 84.1 85.9 1608 950 5.206
1787290570 85.9 85.9 85.0 85.9 1608 950 5.196
1787290571 85.9 85.9 85.0 85.0 1608 950 5.244
1787290572 85.0 85.9 84.1 85.9 1608 950 5.206
1787290573 85.9 85.9 85.0 85.9 1608 950 5.167
1787290574 85.0 85.9 85.0 85.9 1608 950 5.211
1787290575 85.0 86.8 85.0 85.9 1608 950 5.191
1787290577 85.9 86.8 85.0 85.9 1608 950 5.182
1787290578 85.9 85.9 85.0 85.9 1608 950 5.215
1787290579 85.0 85.9 85.0 85.9 1608 950 5.278
1787290580 85.9 86.8 85.0 85.9 1608 950 5.244
1787290581 85.9 86.8 85.0 85.9 1608 950 5.225
1787290582 85.9 86.8 85.0 85.9 1800 950 5.201
1787290583 85.0 85.9 85.0 85.9 1608 950 5.273
1787290585 85.9 86.8 85.0 85.9 1608 950 5.186
1787290586 85.0 85.9 85.0 85.0 1608 950 5.215
1787290587 85.9 86.8 85.0 85.9 1608 950 5.240
1787290588 85.9 85.9 84.1 85.9 1608 950 5.215
1787290589 85.9 86.8 85.0 85.9 1608 950 5.186
1787290590 85.9 86.8 85.0 85.9 1608 950 5.177
1787290591 85.9 85.9 85.0 85.9 1608 950 5.235
1787290593 85.9 86.8 85.0 86.8 1608 950 5.206
1787290594 85.9 86.8 85.0 85.9 1608 950 5.196
1787290595 85.9 85.9 85.0 85.9 1608 950 5.206
1787290596 85.9 86.8 85.0 85.9 1608 950 5.201
1787290597 85.0 85.9 85.0 85.9 1608 950 5.235
1787290598 85.9 85.9 85.0 85.9 1608 950 5.230
1787290599 85.9 85.9 85.0 85.0 1800 950 5.225
1787290601 85.9 85.9 85.0 85.9 1608 950 5.225
1787290602 85.9 85.9 85.0 85.0 1800 950 5.220
1787290603 85.9 85.9 85.0 85.9 1608 950 5.201
1787290604 85.0 85.9 85.0 85.9 1608 950 5.215
1787290605 85.9 86.8 85.0 85.9 1608 950 5.153
1787290606 85.9 85.9 85.0 85.9 1608 950 5.133
1787290607 81.3 80.4 80.4 81.3 2208 950 5.288
1787290608 79.5 78.5 77.6 79.5 2208 950 5.298
1787290610 77.6 76.7 76.7 77.6 2208 950 5.230
1787290611 76.7 76.7 75.8 77.6 2208 950 5.293
1787290612 75.8 75.8 74.8 76.7 2208 950 5.307
1787290613 75.8 74.8 74.8 75.8 2208 950 5.225
1787290614 74.8 74.8 73.9 75.8 2208 950 5.288
1787290615 74.8 73.9 73.9 74.8 2208 950 5.293
1787290616 73.9 73.9 73.0 73.9 2208 950 5.293
1787290617 73.9 73.0 73.0 73.9 2208 950 5.215
1787290618 73.0 73.0 72.1 73.9 2208 950 5.220
1787290619 73.0 72.1 72.1 73.0 2208 950 5.244
1787290620 72.1 72.1 71.2 73.0 2208 950 5.235
1787290621 72.1 72.1 71.2 72.1 2208 950 5.302
1787290622 72.1 71.2 71.2 72.1 2208 950 5.283
1787290623 72.1 71.2 70.2 72.1 2208 950 5.264
1787290624 74.8 75.8 74.8 76.7 2208 950 5.215
1787290626 79.5 79.5 78.5 81.3 2208 950 5.230
1787290627 81.3 81.3 80.4 83.2 2208 950 5.220
1787290628 81.3 82.2 81.3 83.2 2208 950 5.201
1787290629 82.2 83.2 81.3 84.1 2208 950 5.172
1787290630 83.2 83.2 82.2 84.1 2208 950 5.172
1787290631 83.2 83.2 82.2 84.1 2208 950 5.186
1787290632 83.2 84.1 83.2 85.0 2208 950 5.206
1787290634 84.1 85.0 83.2 85.9 2016 950 5.191
1787290635 84.1 85.0 84.1 85.0 2208 950 5.278
1787290636 76.7 76.7 76.7 76.7 2208 950 5.240
1787290637 75.8 75.8 74.8 76.7 2208 950 5.230
1787290638 79.5 79.5 78.5 80.4 2208 950 5.278
1787290639 82.2 83.2 81.3 84.1 2208 950 5.196
1787290640 83.2 83.2 82.2 84.1 2208 950 5.162
1787290641 84.1 84.1 83.2 85.0 2208 950 5.153
1787290642 84.1 84.1 83.2 84.1 2208 950 5.201
1787290644 84.1 84.1 83.2 85.9 2016 950 5.215
1787290645 84.1 85.0 83.2 85.0 2016 950 5.230
1787290646 84.1 85.0 84.1 85.9 2016 950 5.153
1787290647 84.1 85.0 84.1 85.0 2016 950 5.157
1787290648 85.0 85.0 84.1 85.0 2016 950 5.206
1787290649 85.0 85.9 84.1 85.9 2016 950 5.196
1787290650 84.1 85.0 84.1 85.0 2016 950 5.196
1787290651 84.1 85.0 84.1 85.0 2016 950 5.196
1787290653 85.0 85.9 84.1 85.9 2016 950 5.211
1787290654 84.1 85.9 84.1 85.9 2016 950 5.182
1787290655 85.0 85.0 84.1 85.9 2016 950 5.201
1787290656 85.0 85.9 84.1 85.9 1800 950 5.196
1787290657 85.0 85.9 84.1 85.9 1800 950 5.206
1787290658 85.0 85.0 84.1 85.0 2016 950 5.230
1787290659 85.0 85.0 84.1 85.9 1800 950 5.230
1787290661 85.0 85.0 84.1 85.0 2016 950 5.191
1787290662 84.1 85.9 84.1 85.0 1800 950 5.215
1787290663 85.0 85.9 84.1 85.9 1800 950 5.191
1787290664 85.0 85.9 84.1 85.9 1800 950 5.220
1787290665 85.0 85.9 84.1 85.9 1800 950 5.191
1787290666 85.0 85.9 84.1 85.9 1800 950 5.215
1787290667 85.9 85.9 84.1 85.9 1800 950 5.196
1787290668 85.0 85.9 85.0 85.9 1800 950 5.220
1787290670 85.0 85.9 84.1 85.9 1800 950 5.191
1787290671 85.0 85.9 84.1 85.9 2016 950 5.153
1787290672 85.0 85.9 85.0 85.9 1800 950 5.244
1787290673 85.0 85.9 84.1 85.9 1800 950 5.196
1787290674 85.0 85.9 85.0 85.9 1800 950 5.162
1787290675 85.0 85.9 85.0 85.9 1800 950 5.196
1787290677 85.9 86.8 85.0 85.9 1800 950 5.191
1787290678 85.0 85.9 85.0 85.9 1800 950 5.182
1787290679 85.0 85.9 85.0 85.9 1800 950 5.215
1787290680 85.0 85.9 85.0 85.9 1800 950 5.196
1787290681 85.9 86.8 85.0 85.9 1800 950 5.177
1787290682 85.0 85.9 84.1 85.9 1800 950 5.235
1787290683 85.9 85.9 85.0 85.9 1800 950 5.196
1787290685 85.0 85.0 84.1 85.9 1800 950 5.196
1787290686 85.9 86.8 85.0 86.8 1800 950 5.196
1787290687 85.0 85.9 85.0 85.9 1800 950 5.191
1787290688 85.9 85.9 85.0 85.9 1800 950 5.201
1787290689 85.9 86.8 85.0 85.9 1608 950 5.215
1787290690 85.0 85.9 84.1 85.9 1608 950 5.182
1787290691 85.9 85.9 84.1 85.9 1800 950 5.225
1787290693 85.0 85.0 84.1 85.9 1608 950 5.215
1787290694 85.0 85.9 84.1 85.9 1608 950 5.167
1787290695 85.0 85.9 84.1 85.9 1608 950 5.157
1787290696 85.0 85.9 85.0 85.9 1608 950 5.196
1787290697 85.9 85.9 84.1 85.9 1608 950 5.191
1787290698 82.2 81.3 80.4 81.3 2208 950 5.317
1787290699 79.5 78.5 78.5 80.4 2208 950 5.273
1787290700 77.6 76.7 76.7 77.6 2208 950 5.302
1787290702 76.7 75.8 75.8 76.7 2208 950 5.240
1787290703 75.8 74.8 74.8 75.8 2208 950 5.302
1787290704 74.8 74.8 73.9 75.8 2208 950 5.254
1787290705 74.8 73.9 73.9 74.8 2208 950 5.307
1787290706 73.9 73.0 73.0 74.8 2208 950 5.249
1787290707 73.9 73.0 73.0 73.9 2208 950 5.283
1787290708 73.9 73.0 72.1 73.0 2208 950 5.307
1787290709 73.0 73.0 72.1 73.0 2208 950 5.235
1787290710 73.0 72.1 71.2 73.0 2208 950 5.278
1787290711 72.1 72.1 71.2 72.1 2208 950 5.293
1787290712 72.1 71.2 71.2 72.1 2208 950 5.302
1787290713 72.1 71.2 70.2 72.1 2208 950 5.273
1787290714 71.2 71.2 70.2 71.2 2208 950 5.240
1787290715 71.2 70.2 70.2 71.2 2208 950 5.302
1787290717 71.2 70.2 69.3 71.2 2208 950 5.293
1787290718 70.2 70.2 69.3 71.2 2208 950 5.278
1787290719 70.2 69.3 69.3 70.2 2208 950 5.293
1787290720 70.2 69.3 68.4 69.3 2208 950 5.293
1787290721 69.3 69.3 68.4 69.3 2208 950 5.225
1787290722 69.3 69.3 68.4 69.3 2208 950 5.283
1787290723 73.9 74.8 73.9 75.8 2208 950 5.191
1787290724 78.5 78.5 77.6 80.4 2208 950 5.167
1787290725 79.5 80.4 78.5 80.4 2208 950 5.269
1787290726 79.5 79.5 78.5 80.4 2208 950 5.211
1787290727 80.4 80.4 79.5 82.2 2208 950 5.162
1787290729 80.4 80.4 79.5 81.3 2208 950 5.235
1787290730 81.3 82.2 80.4 83.2 2208 950 5.230
1787290731 82.2 82.2 81.3 83.2 2208 950 5.215
1787290732 82.2 83.2 82.2 84.1 2208 950 5.191
1787290733 83.2 83.2 82.2 84.1 2208 950 5.240
1787290734 83.2 83.2 82.2 84.1 2208 950 5.201
1787290735 83.2 84.1 83.2 85.0 2208 950 5.230
1787290737 83.2 84.1 82.2 85.0 2208 950 5.177
1787290738 83.2 83.2 82.2 84.1 2208 950 5.196
1787290739 84.1 84.1 83.2 85.9 2208 950 5.148
1787290740 84.1 84.1 83.2 85.9 2208 950 5.201
1787290741 84.1 84.1 83.2 85.9 2016 950 5.230
1787290742 84.1 85.0 83.2 85.0 2016 950 5.172
1787290743 84.1 84.1 83.2 85.0 2016 950 5.215
1787290745 84.1 85.0 84.1 85.9 2016 950 5.191
1787290746 84.1 84.1 83.2 85.0 2208 950 5.206
1787290747 85.0 85.0 83.2 85.0 2016 950 5.182
1787290748 85.0 85.0 84.1 85.0 2208 950 5.211
1787290749 84.1 85.0 84.1 85.9 2016 950 5.215
1787290750 85.0 85.0 84.1 85.9 2016 950 5.206
1787290751 85.0 85.0 84.1 85.9 2208 950 5.182
1787290752 85.0 85.9 84.1 85.9 2016 950 5.191
1787290754 85.0 85.9 84.1 85.9 2016 950 5.215
1787290755 85.0 84.1 83.2 85.0 2208 950 5.230
1787290756 85.0 85.0 84.1 85.9 2016 950 5.201
1787290757 84.1 85.0 84.1 85.9 2016 950 5.177
1787290758 84.1 85.0 84.1 85.0 2016 950 5.186
1787290759 85.0 85.9 84.1 85.9 2016 950 5.201
1787290760 85.0 85.9 84.1 85.9 1800 950 5.182
1787290762 85.0 85.9 84.1 85.9 2016 950 5.211
1787290763 85.0 85.0 84.1 85.0 2016 950 5.230
1787290764 85.0 85.0 84.1 85.9 2016 950 5.191
1787290765 85.0 85.9 84.1 85.9 1800 950 5.191
1787290766 84.1 84.1 84.1 85.0 2016 950 5.191
1787290767 84.1 85.0 84.1 85.0 2016 950 5.211
1787290768 85.0 85.9 84.1 85.9 2016 950 5.220
1787290769 84.1 85.0 84.1 85.9 2016 950 5.211
1787290771 85.0 85.9 84.1 85.9 1800 950 5.211
1787290772 85.0 85.9 84.1 85.9 1800 950 5.220
1787290773 85.0 85.9 84.1 85.9 2016 950 5.244
1787290774 85.0 85.9 84.1 85.0 2016 950 5.206
1787290775 85.0 85.0 84.1 85.0 2016 950 5.235
1787290776 85.0 85.0 84.1 85.9 1800 950 5.240
1787290777 85.0 85.9 84.1 85.0 1800 950 5.220
1787290778 84.1 85.9 84.1 85.9 1800 950 5.196
1787290780 85.0 85.9 84.1 85.9 1800 950 5.235
1787290781 85.0 85.0 84.1 85.9 1800 950 5.186
1787290782 85.0 85.9 84.1 85.9 1800 950 5.215
1787290783 84.1 84.1 83.2 84.1 2208 950 5.264
1787290784 83.2 83.2 82.2 83.2 2208 950 5.273
1787290785 85.0 85.0 84.1 85.9 2016 950 5.220
1787290786 85.0 85.9 84.1 85.9 2016 950 5.172
1787290787 85.0 85.9 84.1 85.9 2016 950 5.211
1787290788 85.9 86.8 85.0 86.8 1800 950 5.249
1787290790 85.0 85.9 84.1 85.9 1800 950 5.191
1787290791 85.0 85.9 84.1 85.9 1800 950 5.201
1787290792 85.0 85.9 84.1 85.0 1800 950 5.225
1787290793 85.0 85.9 84.1 85.9 1800 950 5.206
1787290794 85.0 85.9 84.1 85.9 1800 950 5.211
1787290795 85.9 85.9 85.0 85.9 1800 950 5.215
1787290796 85.0 85.9 85.0 85.9 1800 950 5.206
1787290798 85.0 85.0 84.1 85.9 2016 950 5.206
1787290799 85.9 85.9 84.1 85.9 1800 950 5.196
1787290800 85.9 86.8 85.0 85.9 1800 950 5.201
1787290801 85.0 85.9 84.1 85.9 1800 950 5.201
1787290802 85.0 85.9 85.0 85.9 1800 950 5.225
1787290803 85.9 85.9 85.0 85.9 1800 950 5.172
1787290804 85.0 85.9 85.0 85.9 1800 950 5.215
1787290806 85.9 85.9 85.0 85.9 1800 950 5.196
1787290807 85.9 85.9 84.1 85.9 1800 950 5.215
1787290808 85.9 85.9 85.0 85.9 1800 950 5.201
1787290809 85.9 86.8 85.0 85.9 1608 950 5.143
1787290810 85.0 85.9 84.1 85.9 1800 950 5.211
1787290811 85.0 85.9 84.1 85.9 1608 950 5.182
1787290812 85.0 85.9 85.0 85.9 1608 950 5.230
1787290814 85.0 85.0 84.1 85.0 1800 950 5.201
1787290815 85.0 85.9 84.1 85.0 1800 950 5.201
1787290816 85.9 85.9 85.0 85.9 1608 950 5.162
1787290817 85.0 85.9 84.1 85.9 1608 950 5.182
1787290818 85.9 85.9 84.1 85.9 1608 950 5.220
1787290819 85.9 85.9 84.1 85.9 1608 950 5.230
1787290820 85.9 85.9 85.0 85.9 1608 950 5.211
1787290822 85.0 85.9 85.0 85.9 1800 950 5.172
1787290823 85.0 85.0 84.1 85.9 2016 950 5.220
1787290824 85.0 85.9 85.0 85.9 1800 950 5.182
1787290825 85.9 86.8 85.0 86.8 1800 950 5.148
1787290826 85.9 85.9 85.0 86.8 1800 950 5.211
1787290827 85.0 85.9 85.0 85.9 1800 950 5.162
1787290828 85.0 86.8 85.0 85.9 1608 950 5.220
1787290830 85.9 85.9 85.0 85.9 1608 950 5.196
1787290831 85.0 85.9 85.0 85.9 1608 950 5.215
1787290832 85.9 85.9 85.0 85.0 1608 950 5.191
1787290833 85.9 85.9 85.0 85.9 1608 950 5.167
1787290834 85.0 85.9 84.1 85.0 1800 950 5.196
1787290835 85.0 85.9 85.0 85.9 1608 950 5.191
1787290836 85.9 86.8 85.0 85.9 1608 950 5.230
1787290838 85.9 85.9 84.1 85.9 1608 950 5.162
1787290839 85.0 85.9 85.0 85.9 1608 950 5.201
1787290840 85.9 86.8 85.0 85.9 1608 950 5.215
1787290841 85.9 85.9 85.0 85.9 1608 950 5.244
1787290842 85.9 86.8 85.0 85.9 1608 950 5.201
1787290843 85.9 85.9 84.1 85.9 1608 950 5.215
1787290844 82.2 81.3 81.3 82.2 2208 950 5.278
1787290845 84.1 85.0 84.1 85.9 2016 950 5.186
1787290847 85.0 85.9 84.1 85.9 1800 950 5.230
1787290848 85.9 85.9 85.0 85.9 1800 950 5.215
1787290849 85.0 85.9 84.1 85.9 1800 950 5.196
1787290850 85.0 85.9 85.0 85.9 1800 950 5.211
1787290851 85.9 85.9 84.1 85.9 1608 950 5.201
1787290852 85.0 85.9 84.1 85.9 1608 950 5.148
1787290853 85.9 85.9 85.0 85.9 1608 950 5.157
1787290855 85.0 85.9 84.1 85.9 1608 950 5.211
1787290856 85.0 85.9 84.1 85.9 1608 950 5.206
1787290857 85.0 85.9 84.1 85.9 1608 950 5.191
1787290858 85.0 85.9 85.0 85.9 1800 950 5.191
1787290859 85.9 86.8 85.0 85.9 1608 950 5.211
1787290860 85.9 85.9 85.0 85.9 1608 950 5.186
1787290861 85.9 85.9 85.0 85.9 1608 950 5.167
1787290863 85.9 85.0 84.1 85.9 1608 950 5.235
1787290864 85.9 85.9 85.0 85.9 1608 950 5.206
1787290865 85.0 85.9 84.1 85.9 1608 950 5.235
1787290866 85.9 85.9 85.0 85.9 1608 950 5.225
1787290867 85.9 86.8 85.0 85.9 1608 950 5.172
1787290868 85.9 86.8 85.0 85.9 1608 950 5.215
1787290870 85.9 85.9 84.1 85.9 1608 950 5.186
1787290871 85.9 85.9 85.0 85.9 1608 950 5.201
1787290872 85.0 85.9 84.1 85.9 1608 950 5.215
1787290873 85.0 85.9 85.0 85.0 1608 950 5.244
1787290874 85.0 85.9 85.0 85.9 1608 950 5.225
1787290875 85.9 85.9 85.0 85.9 1608 950 5.196
1787290876 85.9 86.8 85.0 85.9 1608 950 5.225
1787290877 85.0 85.9 85.0 85.9 1608 950 5.215
1787290879 85.0 86.8 85.0 85.9 1608 950 5.235
1787290880 85.0 85.9 85.0 85.9 1608 950 5.225
1787290881 85.0 85.9 85.0 85.9 1608 950 5.201
1787290882 85.0 85.9 84.1 85.0 1800 950 5.201
1787290883 85.0 86.8 85.0 85.9 1608 950 5.206
1787290884 85.0 85.9 85.0 85.9 1608 950 5.220
1787290885 85.9 86.8 85.0 85.9 1608 950 5.177
1787290887 85.0 85.9 85.0 85.0 1608 950 5.230
1787290888 85.9 85.9 84.1 85.9 1608 950 5.206
1787290889 85.9 85.9 85.0 85.9 1608 950 5.182
1787290890 85.0 85.9 84.1 85.9 1608 950 5.220
1787290891 85.9 85.9 84.1 85.9 1608 950 5.191
1787290892 85.0 85.9 85.0 85.9 1608 950 5.191
1787290893 85.9 86.8 85.0 85.9 1608 950 5.225
1787290895 85.9 86.8 85.0 85.9 1608 950 5.235
1787290896 85.9 86.8 85.0 85.9 1608 950 5.186
1787290897 85.9 85.9 85.0 85.9 1608 950 5.191
1787290898 85.9 86.8 85.0 85.9 1608 950 5.220
1787290899 85.9 85.9 85.0 85.9 1608 950 5.182
1787290900 85.0 85.9 85.0 85.9 1608 950 5.191
1787290901 85.9 85.9 85.0 85.9 1608 950 5.177
1787290903 85.0 85.9 85.0 85.9 1608 950 5.201
1787290904 85.9 86.8 85.0 85.9 1608 950 5.182
1787290905 85.9 85.9 85.0 85.9 1608 950 5.225
1787290906 82.2 82.2 81.3 83.2 2208 950 5.220
1787290907 85.0 85.9 85.0 86.8 1800 950 5.167
1787290908 85.0 85.9 85.0 85.9 1800 950 5.186
1787290909 85.9 85.9 85.0 85.9 1800 950 5.196
1787290911 85.9 85.9 85.0 85.9 1800 950 5.225
1787290912 85.0 85.9 85.0 85.9 1608 950 5.186
1787290913 85.0 85.0 84.1 85.9 1608 950 5.196
1787290914 85.0 86.8 85.0 85.9 1608 950 5.225
1787290915 85.9 86.8 85.0 85.9 1608 950 5.167
1787290916 85.0 85.0 84.1 85.9 1608 950 5.211
1787290917 85.9 86.8 85.0 85.9 1608 950 5.196
1787290919 85.9 86.8 85.0 85.9 1608 950 5.177
1787290920 85.0 85.9 85.0 85.9 1608 950 5.182
1787290921 85.0 85.9 85.0 85.9 1608 950 5.235
1787290922 85.0 85.9 85.0 85.9 1608 950 5.302
1787290923 85.0 85.9 85.0 85.9 1608 950 5.211
1787290924 85.9 85.9 85.0 85.9 1608 950 5.196
1787290925 85.0 85.9 85.0 85.9 1608 950 5.230
1787290927 85.0 85.9 85.0 85.9 1608 950 5.225
1787290928 85.9 86.8 85.0 85.9 1608 950 5.244
1787290929 85.9 85.9 85.0 85.9 1608 950 5.293
1787290930 85.0 86.8 85.0 85.9 1608 950 5.215
1787290931 85.9 85.9 85.0 85.9 1608 950 5.196
1787290932 85.0 85.9 85.0 85.9 1608 950 5.211
1787290933 85.9 86.8 85.0 85.9 1608 950 5.191
1787290935 85.9 85.9 85.0 85.9 1608 950 5.186
1787290936 85.0 85.9 85.0 85.9 1608 950 5.235
1787290937 85.9 86.8 85.0 85.9 1608 950 5.240
1787290938 85.9 86.8 85.0 85.9 1608 950 5.191
1787290939 85.9 85.9 84.1 85.9 1800 950 5.167
1787290940 85.9 86.8 85.0 85.9 1608 950 5.157
1787290941 85.9 85.9 85.0 85.9 1608 950 5.196
1787290943 85.0 86.8 85.0 85.9 1608 950 5.225
1787290944 85.9 85.9 85.0 85.9 1608 950 5.201
1787290945 85.9 86.8 85.0 85.9 1608 950 5.220
1787290946 85.9 85.9 85.0 85.9 1608 950 5.196
1787290947 85.9 86.8 85.0 85.9 1608 950 5.157
1787290948 85.9 86.8 85.0 85.9 1608 950 5.220
1787290949 85.9 85.9 85.0 85.9 1608 950 5.201
1787290951 85.9 85.9 84.1 85.0 1608 950 5.235
1787290952 85.9 86.8 85.0 85.9 1608 950 5.215
1787290953 85.9 85.9 85.0 85.9 1608 950 5.220
1787290954 85.9 85.9 85.0 85.9 1608 950 5.220
1787290955 85.9 85.9 85.0 85.9 1608 950 5.201
1787290956 85.9 86.8 85.0 85.9 1608 950 5.211
1787290957 85.0 86.8 85.0 85.9 1608 950 5.254
1787290959 85.9 86.8 85.0 85.9 1608 950 5.211
1787290960 85.9 85.9 85.0 85.9 1608 950 5.201
1787290961 85.0 85.9 84.1 85.0 1608 950 5.157
1787290962 85.9 85.9 85.0 85.9 1608 950 5.177
1787290963 85.9 86.8 85.0 85.9 1608 950 5.167
1787290964 85.9 85.9 85.0 85.9 1608 950 5.254
1787290965 85.9 85.9 85.0 85.9 1608 950 5.201
1787290967 85.0 85.0 85.0 85.0 1800 950 5.283
1787290968 84.1 84.1 83.2 85.0 2016 950 5.230
1787290969 85.0 85.9 85.0 85.9 1800 950 5.211
1787290970 85.9 85.9 85.0 85.9 1608 950 5.196
1787290971 85.0 85.9 85.0 85.9 1608 950 5.288
1787290972 85.0 85.9 84.1 85.0 1800 950 5.191
1787290973 85.0 85.9 85.0 85.9 1608 950 5.124
1787290974 85.0 86.8 85.0 85.9 1608 950 5.220
1787290976 85.9 85.9 85.0 85.9 1608 950 5.211
1787290977 85.0 85.9 85.0 85.9 1608 950 5.225
1787290978 85.9 86.8 85.0 85.9 1608 950 5.215
1787290979 85.0 85.9 85.0 85.0 1608 950 5.191
1787290980 85.9 86.8 85.0 85.9 1608 950 5.201
1787290981 85.0 86.8 85.0 85.9 1608 950 5.230
1787290982 85.9 85.9 84.1 85.9 1800 950 5.201
1787290983 85.9 86.8 85.0 85.9 1608 950 5.215
1787290985 85.9 85.9 85.0 85.9 1608 950 5.196
1787290986 85.0 86.8 85.0 85.9 1608 950 5.196
1787290987 85.9 85.9 85.0 85.9 1608 950 5.244
1787290988 85.0 85.9 85.0 85.9 1608 950 5.254
1787290989 85.9 85.9 85.0 85.9 1608 950 5.201
1787290990 85.9 85.9 85.0 85.9 1608 950 5.201
1787290991 85.9 85.9 85.0 85.9 1608 950 5.177
1787290993 85.9 86.8 85.0 85.9 1608 950 5.201
1787290994 85.0 85.9 85.0 85.9 1608 950 5.215
1787290995 85.9 86.8 85.0 85.9 1608 950 5.215
1787290996 85.9 85.9 85.0 85.9 1608 950 5.201
1787290997 85.9 85.9 84.1 85.0 1800 950 5.220
1787290998 85.9 85.9 85.0 85.9 1608 950 5.220
1787290999 85.0 85.9 85.0 85.0 1608 950 5.225
1787291001 85.9 85.9 85.0 85.9 1608 950 5.201
1787291002 85.9 86.8 85.0 85.9 1608 950 5.167
1787291003 85.0 85.9 85.0 85.0 1608 950 5.201
1787291004 85.0 85.9 85.0 85.0 1608 950 5.215
1787291005 85.0 85.9 84.1 85.0 1608 950 5.206
1787291006 85.0 85.9 85.0 85.0 1608 950 5.186
1787291007 85.0 85.9 85.0 85.9 1608 950 5.254
1787291008 85.0 85.9 84.1 85.0 1608 950 5.244
1787291010 85.9 85.9 85.0 85.9 1608 950 5.206
1787291011 85.0 85.9 84.1 85.9 1608 950 5.172
1787291012 85.0 85.9 84.1 85.9 1608 950 5.230
1787291013 85.0 85.9 85.0 85.9 1608 950 5.211
1787291014 85.0 85.9 84.1 85.9 1608 950 5.225
1787291015 85.9 85.9 85.0 85.9 1608 950 5.244
1787291016 85.0 85.9 85.0 85.9 1800 950 5.230
1787291017 85.0 85.0 84.1 85.0 1800 950 5.264
1787291019 85.9 85.9 85.0 85.9 1800 950 5.269
1787291020 85.0 85.9 85.0 85.9 1800 950 5.191
1787291021 85.9 86.8 85.0 85.9 1608 950 5.220
1787291022 85.9 85.9 85.0 85.9 1416 950 5.196
1787291023 85.9 86.8 85.0 85.9 1416 950 5.206
1787291024 85.0 85.0 84.1 85.0 1608 950 5.196
1787291025 85.0 85.9 85.0 85.9 1608 950 5.191
1787291027 85.9 85.9 85.0 85.9 1608 950 5.211
1787291028 82.2 82.2 82.2 82.2 2208 950 5.293
1787291029 79.5 78.5 78.5 79.5 2208 950 5.283
1787291030 77.6 77.6 76.7 77.6 2208 950 5.269
1787291031 76.7 76.7 75.8 76.7 2208 950 5.283
1787291032 76.7 75.8 74.8 76.7 2208 950 5.220
1787291033 75.8 74.8 74.8 75.8 2208 950 5.240
1787291034 74.8 74.8 73.9 74.8 2208 950 5.240
1787291035 74.8 73.9 73.9 74.8 2208 950 5.259
1787291036 73.9 73.9 73.0 73.9 2208 950 5.298
1787291037 73.9 73.0 73.0 73.9 2208 950 5.273
1787291038 73.9 73.0 72.1 73.9 2208 950 5.254
1787291040 73.0 73.0 72.1 73.0 2208 950 5.225
1787291041 73.0 72.1 72.1 73.0 2208 950 5.225
1787291042 72.1 72.1 71.2 73.0 2208 950 5.244
1787291043 72.1 72.1 71.2 72.1 2208 950 5.273
1787291044 72.1 71.2 71.2 72.1 2208 950 5.235
1787291045 71.2 71.2 71.2 73.0 2208 950 5.196
1787291046 77.6 78.5 77.6 79.5 2208 950 5.196
1787291047 80.4 80.4 79.5 82.2 2208 950 5.153
1787291048 82.2 82.2 81.3 83.2 2208 950 5.172
1787291049 82.2 83.2 82.2 84.1 2208 950 5.254
1787291051 82.2 83.2 82.2 83.2 2208 950 5.206
1787291052 83.2 84.1 82.2 84.1 2208 950 5.196
1787291053 84.1 84.1 83.2 85.0 2016 950 5.167
1787291054 84.1 85.0 83.2 85.9 2016 950 5.162
1787291055 84.1 84.1 83.2 85.0 2208 950 5.191
1787291056 77.6 77.6 76.7 78.5 2208 950 5.293
1787291057 76.7 75.8 75.8 76.7 2208 950 5.225
1787291058 80.4 81.3 79.5 82.2 2208 950 5.215
1787291060 82.2 83.2 82.2 84.1 2208 950 5.128
1787291061 83.2 83.2 82.2 84.1 2208 950 5.186
1787291062 84.1 84.1 83.2 84.1 2208 950 5.182
1787291063 84.1 84.1 83.2 85.0 2016 950 5.220
1787291064 84.1 85.0 84.1 85.0 2016 950 5.162
1787291065 85.0 85.9 84.1 85.9 2016 950 5.244
1787291066 84.1 85.0 84.1 85.0 2208 950 5.201
1787291067 85.0 85.0 84.1 85.0 2208 950 5.191
1787291069 84.1 85.0 84.1 85.0 2208 950 5.177
1787291070 85.0 85.9 84.1 85.9 2016 950 5.215
1787291071 85.0 85.9 84.1 85.9 2016 950 5.215
1787291072 85.0 85.0 84.1 85.0 2016 950 5.215
1787291073 85.0 85.9 84.1 85.9 2016 950 5.177
1787291074 85.0 85.9 84.1 85.9 2016 950 5.220
1787291075 85.0 85.9 84.1 86.8 1800 950 5.162
1787291077 85.0 85.9 84.1 85.9 1800 950 5.167
1787291078 85.0 85.9 84.1 85.9 1800 950 5.182
1787291079 85.0 85.9 84.1 85.9 1800 950 5.249
1787291080 85.9 85.9 85.0 85.9 1800 950 5.177
1787291081 85.0 85.9 84.1 85.9 1800 950 5.235
1787291082 85.0 85.9 84.1 85.9 1800 950 5.182
1787291083 85.9 85.9 84.1 85.0 2016 950 5.186
1787291084 85.9 85.9 84.1 85.0 1800 950 5.240
1787291086 85.9 86.8 85.0 85.9 1800 950 5.172
1787291087 85.0 85.9 84.1 85.0 2016 950 5.148
1787291088 85.0 85.9 84.1 85.9 1800 950 5.172
1787291089 85.0 85.9 84.1 85.9 1800 950 5.220
1787291090 85.9 86.8 85.0 86.8 1800 950 5.206
1787291091 85.9 85.9 85.0 85.9 1800 950 5.230
1787291092 85.0 85.9 85.0 85.9 1800 950 5.153
1787291094 85.0 85.9 85.0 85.9 1800 950 5.186
1787291095 85.0 85.9 84.1 85.9 1800 950 5.235
1787291096 85.0 85.9 85.0 85.9 1800 950 5.133
1787291097 85.9 86.8 85.0 85.9 1800 950 5.215
1787291098 85.9 86.8 85.0 85.9 1608 950 5.211
1787291099 85.0 85.9 84.1 85.0 1800 950 5.230
1787291100 80.4 80.4 79.5 80.4 2208 950 5.298
