=== S0 지속 부하 (freeze 7b83213, 30분, 라벨 fan) ===
    운영점: 3노드, 커넥션 2/node, c36
    60초 run × 30회 연속 (재기동 없음)
  노드 검증 OK — 3개 (jack,king,queen)
--- 유휴 온도 (부하 전) ---
  npuforge-k     soc 42.5C  npu 41.6C
  npuforge-q     soc 41.6C  npu 41.6C
  npuforge-j     soc 42.5C  npu 41.6C
  run  1/30  t+  62s  387.7  soc/npu: 51/51 49/49 50/48 
  run  2/30  t+ 125s  385.7
  run  3/30  t+ 187s  386.1
  run  4/30  t+ 248s  385.2
  run  5/30  t+ 310s  385.8  soc/npu: 53/52 51/50 51/50 
  run  6/30  t+ 373s  385.2
  run  7/30  t+ 435s  382.8
  run  8/30  t+ 496s  382.3
  run  9/30  t+ 558s  383.5
  run 10/30  t+ 620s  382.5  soc/npu: 53/52 51/50 52/50 
  run 11/30  t+ 683s  382.5
  run 12/30  t+ 745s  382.9
  run 13/30  t+ 806s  380.5
  run 14/30  t+ 868s  381.4
  run 15/30  t+ 930s  381.7  soc/npu: 53/53 51/50 52/50 
  run 16/30  t+ 993s  381.8
  run 17/30  t+1054s  381.8
  run 18/30  t+1116s  381.6
  run 19/30  t+1178s  382.2
  run 20/30  t+1239s  380.2  soc/npu: 52/52 50/49 51/49 
  run 21/30  t+1303s  381.4
  run 22/30  t+1364s  381.8
  run 23/30  t+1426s  381.2
  run 24/30  t+1488s  379.2
  run 25/30  t+1549s  382.3  soc/npu: 53/52 51/50 52/50 
  run 26/30  t+1612s  382.2
  run 27/30  t+1674s  379.9
  run 28/30  t+1736s  381.6
  run 29/30  t+1797s  375.8
  run 30/30  t+1859s  377.3  soc/npu: 52/52 51/50 51/50 
--- 부하 종료. 열 로거 수거 ---
--- 원상복구 (3노드, 기본 설정) ---
  npuforge-k       running
  npuforge-q       running
  npuforge-j       running

============================================================================================
S0  지속 부하 — sustained-20260821-fan
============================================================================================
  run 30개 × 60초 = 31.0분 연속

 run    t+분  throughput   vs peak     p50     p95     p99     err
--------------------------------------------------------------------------------------------
   1    1.0       387.7   100.0%    86.5   147.3   193.0  0.0000
   2    2.1       385.7    99.5%    86.7   150.6   194.8  0.0000
   3    3.1       386.1    99.6%    86.4   151.5   193.5  0.0000
 ...
   5    5.2       385.8    99.5%    87.0   149.3   196.6  0.0000
  10   10.3       382.5    98.7%    87.5   151.5   188.4  0.0000
  15   15.5       381.7    98.5%    86.0   161.3   215.0  0.0000
  20   20.6       380.2    98.1%    87.0   157.7   205.8  0.0000
  25   25.8       382.3    98.6%    87.6   152.5   192.9  0.0000
  28   28.9       381.6    98.4%    87.0   156.2   203.8  0.0000
  29   29.9       375.8    96.9%    87.1   163.8   211.9  0.0000
  30   31.0       377.3    97.3%    88.2   157.3   207.2  0.0000

  총 오류율 합계: 0.0000

────────────────────────────────────────────────────────────────────────────────────────────
정상 상태 판정 (규칙: steady = 마지막 1/3 평균)
────────────────────────────────────────────────────────────────────────────────────────────
  첫 run            387.7 inf/s
  peak              387.7 inf/s  (run 1)
  steady (뒤 1/3)   380.3 ± 2.2 inf/s
  **degradation      1.9%**  (peak → steady)

────────────────────────────────────────────────────────────────────────────────────────────
열·주파수 (보드별, 1초 샘플)
────────────────────────────────────────────────────────────────────────────────────────────
  board    soc시작    soc최대    npu시작    npu최대    cpuMHz시작    cpuMHz최소    npuMHz최소
--------------------------------------------------------------------------------------------
      j    41.6C    61.0C    39.8C    60.1C       2208        2208         950
      k    41.6C    60.1C    40.7C    61.0C       2208        2208         950
      q    40.7C    58.2C    40.7C    59.2C       2208        2208         950

  cpuMHz 최소가 시작값보다 낮으면 CPU 강등이 일어난 것이다.
  npuMHz 최소도 같은 방식으로 본다 (RK3576 NPU 는 300~950MHz).

────────────────────────────────────────────────────────────────────────────────────────────
해석
────────────────────────────────────────────────────────────────────────────────────────────
  → **열화 없음** (1.9%). short-run 운영점이 지속 부하에서도 유지된다.
     지금까지의 60초 결과가 그대로 유효하다 — 적용 범위가 넓어졌다.

  주의: 60초 run 을 이어 붙였으므로 run 사이 2~4초 공백이 있다.
        열 시상수보다 훨씬 짧아 열 상태를 되돌리지는 않는다.
결과: results/sustained-20260821-fan/
