=== S0 지속 부하 (freeze bb3f7ab, 30분, 라벨 fanless) ===
    운영점: 3노드, 커넥션 2/node, c36
    60초 run × 30회 연속 (재기동 없음)
  노드 검증 OK — 3개 (jack,king,queen)
--- 유휴 온도 (부하 전) ---
  npuforge-k     soc 49.9C  npu 49.0C
  npuforge-q     soc 49.0C  npu 48.1C
  npuforge-j     soc 49.9C  npu 48.1C
  run  1/30  t+  62s  389.4 inf/s  노드3  soc/npu: 
  run  2/30  t+ 127s  388.4 inf/s  노드3  npu최대 ?°C
  run  3/30  t+ 190s  382.4 inf/s  노드3  npu최대 ?°C
  run  4/30  t+ 253s  381.5 inf/s  노드3  npu최대 ?°C
  run  5/30  t+ 316s  380.9 inf/s  노드3  soc/npu: 
  run  6/30  t+ 381s  374.4 inf/s  노드3  npu최대 ?°C
  run  7/30  t+ 444s  371.5 inf/s  노드3  npu최대 ?°C
  run  8/30  t+ 507s  366.8 inf/s  노드3  npu최대 ?°C
  run  9/30  t+ 570s  365.8 inf/s  노드3  npu최대 ?°C
  run 10/30  t+ 634s  359.7 inf/s  노드3  soc/npu: 
  run 11/30  t+ 698s  363.8 inf/s  노드3  npu최대 ?°C
  run 12/30  t+ 762s  361.1 inf/s  노드3  npu최대 ?°C
  run 13/30  t+ 825s  358.4 inf/s  노드3  npu최대 ?°C
  run 14/30  t+ 888s  351.2 inf/s  노드3  npu최대 ?°C
  run 15/30  t+ 951s  356.2 inf/s  노드3  soc/npu: 
  run 16/30  t+1016s  359.5 inf/s  노드3  npu최대 ?°C
  run 17/30  t+1079s  353.6 inf/s  노드3  npu최대 ?°C
  run 18/30  t+1143s  357.9 inf/s  노드3  npu최대 ?°C
  run 19/30  t+1206s  351.1 inf/s  노드3  npu최대 ?°C
  run 20/30  t+1269s  355.8 inf/s  노드3  soc/npu: 
  run 21/30  t+1334s  352.8 inf/s  노드3  npu최대 ?°C
  run 22/30  t+1397s  351.1 inf/s  노드3  npu최대 ?°C
  run 23/30  t+1460s  345.3 inf/s  노드3  npu최대 ?°C
  run 24/30  t+1523s  344.1 inf/s  노드3  npu최대 ?°C
  run 25/30  t+1587s  342.1 inf/s  노드3  soc/npu: 
  run 26/30  t+1651s  346.9 inf/s  노드3  npu최대 ?°C
  run 27/30  t+1714s  343.1 inf/s  노드3  npu최대 ?°C
  run 28/30  t+1777s  341.7 inf/s  노드3  npu최대 ?°C
  run 29/30  t+1841s  343.8 inf/s  노드3  npu최대 ?°C
  run 30/30  t+1904s  343.5 inf/s  노드3  soc/npu: 
--- 부하 종료. 열 로거 수거 ---
--- 원상복구 (3노드, 기본 설정) ---
  npuforge-k       running
  npuforge-q       running
  npuforge-j       running

============================================================================================
S0  지속 부하 — sustained-20260821-fanless
============================================================================================
  run 30개 × 60초 = 31.7분 연속

 run    t+분  throughput   vs peak     p50     p95     p99     err
--------------------------------------------------------------------------------------------
   1    1.0       389.4   100.0%    87.0   143.0   182.9  0.0000
   2    2.1       388.4    99.7%    86.3   146.7   182.2  0.0000
   3    3.2       382.4    98.2%    87.7   151.2   195.0  0.0000
 ...
   5    5.3       380.9    97.8%    89.6   146.2   176.2  0.0000
  10   10.6       359.7    92.4%    81.1   217.2   278.2  0.0000
  15   15.8       356.2    91.5%    82.7   217.3   278.9  0.0000
  20   21.1       355.8    91.4%    81.9   234.0   304.7  0.0000
  25   26.4       342.1    87.9%    77.6   253.4   329.1  0.0000
  28   29.6       341.7    87.8%    75.8   277.0   347.1  0.0000
  29   30.7       343.8    88.3%    78.6   254.2   326.0  0.0000
  30   31.7       343.5    88.2%    77.6   256.8   335.1  0.0000

  총 오류율 합계: 0.0000

────────────────────────────────────────────────────────────────────────────────────────────
정상 상태 판정 (규칙: steady = 마지막 1/3 평균)
────────────────────────────────────────────────────────────────────────────────────────────
  첫 run            389.4 inf/s
  peak              389.4 inf/s  (run 1)
  steady (뒤 1/3)   345.4 ± 3.8 inf/s
  **degradation     11.3%**  (peak → steady)

────────────────────────────────────────────────────────────────────────────────────────────
열·주파수 (보드별, 1초 샘플)
────────────────────────────────────────────────────────────────────────────────────────────
  board    soc시작    soc최대    npu시작    npu최대    cpuMHz시작    cpuMHz최소    npuMHz최소
--------------------------------------------------------------------------------------------
      j    48.1C    86.8C    47.2C    86.8C       2208        1200         950
      k    49.0C    86.8C    48.1C    87.8C       2208         816         950
      q    48.1C    85.9C    47.2C    86.8C       2208        1416         950

  cpuMHz 최소가 시작값보다 낮으면 CPU 강등이 일어난 것이다.
  npuMHz 최소도 같은 방식으로 본다 (RK3576 NPU 는 300~950MHz).

────────────────────────────────────────────────────────────────────────────────────────────
해석
────────────────────────────────────────────────────────────────────────────────────────────
  → **뚜렷한 열화** (11.3%). short-run 결과를 지속 운전에 인용하면 안 된다.
     sustained operating point 를 별도로 확정해야 하고, 이 항이
     transport 미세 최적화(syscall/copy)보다 훨씬 크다.

  주의: 60초 run 을 이어 붙였으므로 run 사이 2~4초 공백이 있다.
        열 시상수보다 훨씬 짧아 열 상태를 되돌리지는 않는다.
결과: results/sustained-20260821-fanless/
