epoch soc_c npu_c ddr_c bigcore_c cpu_mhz npu_mhz volt_v
1787275024 57.3 56.4 55.5 57.3 2208 950 5.235
1787275025 55.5 55.5 54.5 55.5 2208 950 5.254
1787275026 60.1 61.0 59.2 61.0 2208 950 5.240
1787275027 62.8 63.8 61.9 64.7 2208 950 5.249
1787275028 65.6 65.6 64.7 66.5 2208 950 5.201
1787275029 65.6 65.6 63.8 65.6 2208 950 5.249
1787275030 66.5 67.5 65.6 68.4 2208 950 5.148
1787275031 67.5 67.5 66.5 68.4 2208 950 5.215
1787275033 67.5 67.5 66.5 68.4 2208 950 5.235
1787275034 68.4 69.3 67.5 69.3 2208 950 5.206
1787275035 68.4 69.3 68.4 69.3 2208 950 5.225
1787275036 68.4 69.3 67.5 70.2 2208 950 5.206
1787275037 69.3 69.3 68.4 69.3 2208 950 5.148
1787275038 69.3 70.2 69.3 71.2 2208 950 5.215
1787275039 69.3 70.2 68.4 70.2 2208 950 5.269
1787275041 70.2 71.2 69.3 71.2 2208 950 5.215
1787275042 70.2 71.2 69.3 71.2 2208 950 5.215
1787275043 71.2 71.2 70.2 72.1 2208 950 5.244
1787275044 71.2 71.2 70.2 72.1 2208 950 5.215
1787275045 71.2 71.2 70.2 72.1 2208 950 5.182
1787275046 72.1 73.0 71.2 73.0 2208 950 5.201
1787275047 72.1 73.0 71.2 73.0 2208 950 5.244
1787275048 72.1 73.0 71.2 73.0 2208 950 5.143
1787275050 72.1 73.0 72.1 73.9 2208 950 5.244
1787275051 73.0 73.0 72.1 73.9 2208 950 5.244
1787275052 73.0 73.0 72.1 73.0 2208 950 5.182
1787275053 73.0 73.9 72.1 74.8 2208 950 5.240
1787275054 73.0 73.9 72.1 73.9 2208 950 5.172
1787275055 73.0 73.9 72.1 73.9 2208 950 5.215
1787275056 73.0 74.8 73.0 74.8 2208 950 5.191
1787275058 73.9 73.9 73.0 74.8 2208 950 5.191
1787275059 73.9 74.8 73.9 75.8 2208 950 5.215
1787275060 74.8 74.8 73.9 75.8 2208 950 5.196
1787275061 74.8 75.8 74.8 76.7 2208 950 5.182
1787275062 74.8 75.8 74.8 75.8 2208 950 5.186
1787275063 74.8 75.8 74.8 75.8 2208 950 5.215
1787275064 75.8 75.8 74.8 76.7 2208 950 5.220
1787275065 75.8 76.7 74.8 76.7 2208 950 5.186
1787275067 75.8 76.7 74.8 77.6 2208 950 5.196
1787275068 75.8 76.7 74.8 77.6 2208 950 5.235
1787275069 76.7 77.6 75.8 77.6 2208 950 5.259
1787275070 76.7 76.7 75.8 77.6 2208 950 5.191
1787275071 76.7 77.6 75.8 77.6 2208 950 5.211
1787275072 76.7 77.6 75.8 78.5 2208 950 5.191
1787275073 75.8 76.7 75.8 76.7 2208 950 5.235
1787275075 76.7 77.6 76.7 78.5 2208 950 5.235
1787275076 77.6 77.6 76.7 78.5 2208 950 5.162
1787275077 77.6 77.6 76.7 78.5 2208 950 5.191
1787275078 77.6 78.5 76.7 79.5 2208 950 5.172
1787275079 77.6 77.6 76.7 79.5 2208 950 5.249
1787275080 78.5 78.5 76.7 79.5 2208 950 5.201
1787275081 78.5 78.5 77.6 79.5 2208 950 5.215
1787275082 78.5 78.5 77.6 79.5 2208 950 5.196
1787275084 78.5 78.5 77.6 79.5 2208 950 5.186
1787275085 78.5 79.5 78.5 80.4 2208 950 5.230
1787275086 76.7 75.8 74.8 75.8 2208 950 5.288
1787275087 76.7 76.7 75.8 76.7 2208 950 5.172
1787275088 78.5 78.5 77.6 79.5 2208 950 5.172
1787275089 78.5 79.5 78.5 79.5 2208 950 5.254
1787275090 78.5 79.5 78.5 80.4 2208 950 5.182
1787275091 79.5 79.5 78.5 80.4 2208 950 5.225
1787275092 79.5 79.5 78.5 80.4 2208 950 5.162
1787275094 79.5 80.4 79.5 80.4 2208 950 5.167
1787275095 78.5 78.5 78.5 80.4 2208 950 5.215
1787275096 79.5 79.5 78.5 80.4 2208 950 5.201
1787275097 78.5 78.5 77.6 79.5 2208 950 5.172
1787275098 80.4 80.4 79.5 81.3 2208 950 5.167
1787275099 81.3 81.3 80.4 82.2 2208 950 5.196
1787275100 80.4 81.3 79.5 81.3 2208 950 5.211
1787275102 80.4 81.3 79.5 81.3 2208 950 5.162
1787275103 80.4 81.3 79.5 81.3 2208 950 5.206
1787275104 80.4 81.3 79.5 81.3 2208 950 5.220
1787275105 81.3 81.3 80.4 82.2 2208 950 5.240
1787275106 81.3 81.3 80.4 83.2 2208 950 5.196
1787275107 80.4 81.3 79.5 81.3 2208 950 5.206
1787275108 81.3 81.3 79.5 82.2 2208 950 5.220
1787275109 81.3 82.2 80.4 83.2 2208 950 5.186
1787275111 81.3 82.2 81.3 82.2 2208 950 5.196
1787275112 81.3 82.2 81.3 83.2 2208 950 5.225
1787275113 82.2 82.2 81.3 83.2 2208 950 5.215
1787275114 82.2 83.2 81.3 84.1 2208 950 5.196
1787275115 81.3 81.3 80.4 82.2 2208 950 5.191
1787275116 82.2 83.2 81.3 84.1 2208 950 5.196
1787275117 82.2 83.2 81.3 83.2 2208 950 5.220
1787275118 82.2 83.2 81.3 83.2 2208 950 5.201
1787275120 82.2 83.2 81.3 83.2 2208 950 5.162
1787275121 83.2 83.2 81.3 83.2 2208 950 5.196
1787275122 83.2 84.1 82.2 84.1 2208 950 5.196
1787275123 83.2 84.1 82.2 85.0 2208 950 5.230
1787275124 83.2 83.2 82.2 84.1 2208 950 5.191
1787275125 83.2 83.2 82.2 84.1 2208 950 5.215
1787275126 83.2 83.2 82.2 84.1 2208 950 5.225
1787275127 82.2 83.2 81.3 84.1 2208 950 5.211
1787275129 83.2 83.2 82.2 84.1 2208 950 5.177
1787275130 84.1 84.1 83.2 84.1 2208 950 5.215
1787275131 84.1 84.1 83.2 85.0 2208 950 5.191
1787275132 84.1 85.0 83.2 85.0 2208 950 5.220
1787275133 84.1 84.1 83.2 85.9 2208 950 5.206
1787275134 83.2 84.1 83.2 85.0 2208 950 5.191
1787275135 84.1 85.0 83.2 85.0 2208 950 5.172
1787275136 85.0 85.0 83.2 85.9 2016 950 5.167
1787275138 84.1 84.1 83.2 85.0 2208 950 5.162
1787275139 83.2 84.1 82.2 85.0 2208 950 5.211
1787275140 84.1 85.0 83.2 85.0 2016 950 5.201
1787275141 85.0 85.0 83.2 85.9 2016 950 5.225
1787275142 84.1 85.0 83.2 85.0 2208 950 5.186
1787275143 84.1 85.0 83.2 85.0 2016 950 5.201
1787275144 85.0 85.0 84.1 85.0 2016 950 5.201
1787275146 85.0 85.0 84.1 85.9 2016 950 5.211
1787275147 85.0 85.0 84.1 85.0 2016 950 5.191
1787275148 81.3 81.3 81.3 84.1 2208 950 5.172
1787275149 85.0 85.0 83.2 85.0 2016 950 5.186
1787275150 85.0 85.0 84.1 85.0 2016 950 5.211
1787275151 85.0 85.0 83.2 85.0 2208 950 5.225
1787275152 84.1 85.0 84.1 85.0 2016 950 5.177
1787275153 85.0 85.0 84.1 85.9 2016 950 5.191
1787275155 85.0 85.0 84.1 85.0 2016 950 5.240
1787275156 84.1 85.0 84.1 85.9 2016 950 5.177
1787275157 85.0 85.9 84.1 85.9 2016 950 5.196
1787275158 85.0 85.0 84.1 85.0 2016 950 5.191
1787275159 84.1 85.0 84.1 85.0 2016 950 5.215
1787275160 85.0 85.0 84.1 85.0 2016 950 5.201
1787275161 84.1 85.0 84.1 85.9 1800 950 5.225
1787275163 85.0 85.0 84.1 85.9 1800 950 5.225
1787275164 85.0 85.0 84.1 85.0 1800 950 5.206
1787275165 85.0 85.9 84.1 85.0 2016 950 5.201
1787275166 85.0 85.0 84.1 85.0 2016 950 5.167
1787275167 85.0 85.9 84.1 85.9 1800 950 5.211
1787275168 85.0 85.9 84.1 85.9 1800 950 5.215
1787275169 85.0 85.9 84.1 85.9 1800 950 5.196
1787275171 85.0 85.9 84.1 85.9 1800 950 5.230
1787275172 85.0 85.9 84.1 85.9 1800 950 5.225
1787275173 85.0 85.9 84.1 85.9 1800 950 5.220
1787275174 85.0 85.9 85.0 85.9 1800 950 5.206
1787275175 85.0 85.0 84.1 85.0 1800 950 5.215
1787275176 85.0 85.9 84.1 85.9 1800 950 5.201
1787275177 85.0 85.9 84.1 85.9 1800 950 5.240
1787275179 85.0 85.9 85.0 85.9 1800 950 5.172
1787275180 85.0 85.9 85.0 85.9 1800 950 5.191
1787275181 85.0 85.9 85.0 85.9 1800 950 5.186
1787275182 85.9 86.8 85.0 85.9 1800 950 5.225
1787275183 85.0 85.0 84.1 85.9 1800 950 5.206
1787275184 85.0 85.9 84.1 85.9 1800 950 5.235
1787275185 85.0 85.9 85.0 85.9 1800 950 5.191
1787275186 85.0 86.8 85.0 85.9 1800 950 5.220
1787275188 85.9 86.8 85.0 85.9 1800 950 5.240
1787275189 85.9 86.8 85.0 85.9 1800 950 5.182
1787275190 85.9 86.8 85.0 85.9 1800 950 5.240
1787275191 85.0 85.9 84.1 85.9 1800 950 5.167
1787275192 85.0 85.9 84.1 85.9 1800 950 5.215
1787275193 85.0 85.9 85.0 85.9 1800 950 5.230
1787275194 85.0 86.8 85.0 85.9 1800 950 5.215
1787275196 85.9 85.9 85.0 85.9 1800 950 5.220
1787275197 85.0 86.8 85.0 85.9 1800 950 5.220
1787275198 85.0 85.9 84.1 85.9 1800 950 5.264
1787275199 85.0 85.9 85.0 85.0 1800 950 5.196
1787275200 85.0 85.0 84.1 85.9 1800 950 5.220
1787275201 85.0 86.8 85.0 85.9 1800 950 5.201
1787275202 85.9 85.0 85.0 85.9 1800 950 5.182
1787275203 85.9 85.9 85.0 85.9 1608 950 5.220
1787275205 85.9 86.8 85.0 85.9 1608 950 5.230
1787275206 85.0 85.9 85.0 85.9 1608 950 5.215
1787275207 85.0 85.9 84.1 85.0 1800 950 5.172
1787275208 83.2 82.2 81.3 82.2 2208 950 5.249
1787275209 85.0 85.0 84.1 85.0 2016 950 5.191
1787275210 85.0 85.9 85.0 85.9 1800 950 5.211
1787275211 85.0 85.9 85.0 85.9 1800 950 5.264
1787275213 85.9 86.8 85.0 85.9 1800 950 5.211
1787275214 85.0 85.0 84.1 85.0 1800 950 5.215
1787275215 85.9 85.9 85.0 85.9 1608 950 5.259
1787275216 85.9 86.8 85.0 85.9 1608 950 5.182
1787275217 85.9 86.8 85.0 85.9 1608 950 5.186
1787275218 85.0 85.9 84.1 85.0 1800 950 5.254
1787275219 85.9 86.8 85.0 85.9 1608 950 5.215
1787275220 85.0 85.9 85.0 85.0 1608 950 5.225
1787275222 85.0 86.8 85.0 85.0 1800 950 5.215
1787275223 85.9 86.8 85.0 85.9 1608 950 5.225
1787275224 85.9 86.8 85.0 85.9 1608 950 5.225
1787275225 85.9 86.8 85.0 85.9 1608 950 5.196
1787275226 85.9 85.9 85.0 85.9 1608 950 5.211
1787275227 85.9 86.8 85.0 86.8 1608 950 5.220
1787275228 85.9 85.9 85.0 85.9 1608 950 5.254
1787275230 85.9 85.9 85.0 85.0 1800 950 5.215
1787275231 85.9 85.9 85.0 85.0 1800 950 5.162
1787275232 85.9 85.9 85.0 85.9 1608 950 5.177
1787275233 85.9 85.9 85.0 85.9 1608 950 5.191
1787275234 85.9 86.8 85.0 85.9 1608 950 5.162
1787275235 85.0 86.8 85.0 85.9 1608 950 5.201
1787275236 85.9 86.8 85.0 86.8 1608 950 5.215
1787275238 85.9 86.8 85.0 85.9 1416 950 5.196
1787275239 85.9 86.8 85.0 85.9 1416 950 5.220
1787275240 85.9 86.8 85.0 85.9 1416 950 5.206
1787275241 85.9 86.8 85.0 85.9 1416 950 5.148
1787275242 85.9 86.8 85.0 85.9 1416 950 5.215
1787275243 85.9 86.8 85.0 85.9 1416 950 5.206
1787275245 85.9 86.8 85.0 85.0 1416 950 5.283
1787275246 85.0 85.9 85.0 85.0 1608 950 5.220
1787275247 85.9 86.8 85.0 85.9 1416 950 5.235
1787275248 85.9 85.9 85.0 85.9 1416 950 5.196
1787275249 85.9 86.8 85.0 85.9 1416 950 5.220
1787275250 85.9 86.8 85.0 85.9 1416 950 5.191
1787275251 85.9 86.8 85.0 85.9 1416 950 5.220
1787275252 85.9 86.8 85.0 85.9 1416 950 5.201
1787275254 85.9 86.8 85.0 85.9 1416 950 5.215
1787275255 85.9 86.8 85.0 85.9 1416 950 5.254
1787275256 85.9 86.8 85.0 85.9 1416 950 5.196
1787275257 85.9 86.8 85.0 85.9 1416 950 5.172
1787275258 85.9 86.8 85.0 85.9 1416 950 5.186
1787275259 85.9 86.8 85.0 85.9 1416 950 5.206
1787275260 85.9 86.8 85.0 85.9 1608 950 5.206
1787275262 85.9 86.8 85.0 85.9 1416 950 5.249
1787275263 85.9 86.8 85.0 85.9 1416 950 5.215
1787275264 85.0 86.8 85.0 85.9 1416 950 5.215
1787275265 85.9 86.8 85.0 85.9 1416 950 5.206
1787275266 85.0 85.9 85.0 85.0 1608 950 5.211
1787275267 85.9 85.9 85.0 85.9 1608 950 5.225
1787275268 85.9 86.8 85.0 85.9 1416 950 5.206
1787275270 84.1 85.0 83.2 85.9 2016 950 5.177
1787275271 85.9 86.8 85.0 85.9 1608 950 5.191
1787275272 85.9 86.8 85.0 86.8 1608 950 5.215
1787275273 85.9 86.8 85.0 85.9 1608 950 5.269
1787275274 85.9 86.8 85.9 85.9 1608 950 5.215
1787275275 85.0 85.9 85.0 85.9 1416 950 5.211
1787275277 85.9 86.8 85.0 85.9 1416 950 5.211
1787275278 85.9 86.8 85.0 85.9 1416 950 5.206
1787275279 85.9 86.8 85.0 85.9 1416 950 5.191
1787275280 85.9 86.8 85.0 85.9 1416 950 5.201
1787275281 85.9 86.8 85.0 85.9 1416 950 5.215
1787275282 85.9 85.9 85.0 85.9 1416 950 5.235
1787275283 85.9 86.8 85.0 86.8 1416 950 5.235
1787275285 85.9 86.8 85.0 85.9 1416 950 5.211
1787275286 85.9 86.8 85.0 85.9 1416 950 5.225
1787275287 86.8 87.8 85.0 86.8 1416 950 5.254
1787275288 85.9 86.8 85.0 85.9 1416 950 5.235
1787275289 85.9 86.8 85.9 86.8 1416 950 5.220
1787275290 85.9 86.8 85.0 85.9 1416 950 5.220
1787275291 85.9 86.8 85.0 85.9 1416 950 5.215
1787275293 85.9 86.8 85.0 85.9 1416 950 5.220
1787275294 85.9 86.8 85.0 85.9 1416 950 5.215
1787275295 85.9 87.8 85.9 85.9 1416 950 5.201
1787275296 85.9 87.8 85.9 85.9 1416 950 5.206
1787275297 86.8 86.8 85.9 85.9 1416 950 5.244
1787275298 85.9 86.8 85.0 85.9 1416 950 5.215
1787275299 86.8 86.8 85.0 85.9 1200 950 5.206
1787275301 85.9 86.8 85.9 85.9 1200 950 5.211
1787275302 85.9 86.8 85.0 85.9 1200 950 5.172
1787275303 85.9 86.8 85.0 85.9 1200 950 5.182
1787275304 85.9 86.8 85.0 85.9 1416 950 5.249
1787275305 85.9 86.8 85.0 85.9 1200 950 5.215
1787275306 85.9 86.8 85.0 85.9 1200 950 5.206
1787275307 85.9 86.8 85.0 85.9 1200 950 5.186
1787275309 85.9 86.8 85.9 85.9 1200 950 5.215
1787275310 85.9 86.8 85.9 85.9 1200 950 5.186
1787275311 86.8 87.8 85.9 86.8 1200 950 5.182
1787275312 86.8 86.8 85.0 85.9 1200 950 5.196
1787275313 85.9 85.9 85.0 85.0 1200 950 5.225
1787275314 86.8 86.8 85.9 85.9 1200 950 5.191
1787275316 85.9 86.8 85.0 85.9 1200 950 5.230
1787275317 85.9 87.8 85.9 85.9 1200 950 5.235
1787275318 86.8 86.8 85.9 85.9 1008 950 5.283
1787275319 85.9 87.8 85.0 85.9 1008 950 5.244
1787275320 85.9 86.8 85.0 85.9 1008 950 5.254
1787275321 85.9 86.8 85.0 85.9 1008 950 5.230
1787275323 85.9 86.8 85.9 85.9 1008 950 5.211
1787275324 85.9 86.8 85.9 85.9 1008 950 5.206
1787275325 85.9 86.8 85.0 85.9 1008 950 5.201
1787275326 85.9 87.8 85.9 85.9 1008 950 5.235
1787275327 85.9 86.8 85.0 85.9 1008 950 5.206
1787275328 85.9 86.8 85.0 85.9 1008 950 5.196
1787275330 85.9 87.8 85.0 85.9 1008 950 5.206
1787275331 81.3 80.4 80.4 82.2 2208 950 5.215
1787275332 78.5 78.5 77.6 78.5 2208 950 5.230
1787275333 85.0 85.9 85.0 85.9 1800 950 5.206
1787275334 85.0 85.9 85.0 85.9 1608 950 5.172
1787275335 85.9 86.8 85.0 85.9 1608 950 5.220
1787275336 85.9 86.8 85.0 85.9 1416 950 5.249
1787275338 85.9 85.9 85.0 85.9 1608 950 5.191
1787275339 85.9 86.8 85.0 85.9 1416 950 5.244
1787275340 85.9 86.8 85.0 85.0 1416 950 5.211
1787275341 85.9 86.8 85.0 86.8 1416 950 5.235
1787275342 85.9 86.8 85.0 85.9 1416 950 5.215
1787275343 86.8 87.8 85.0 85.9 1416 950 5.220
1787275344 85.9 86.8 85.0 85.9 1416 950 5.215
1787275345 86.8 86.8 85.0 86.8 1416 950 5.162
1787275347 85.9 86.8 85.0 85.9 1200 950 5.244
1787275348 85.9 87.8 85.9 85.9 1200 950 5.244
1787275349 85.9 87.8 85.9 85.9 1200 950 5.196
1787275350 85.9 86.8 85.9 85.9 1200 950 5.225
1787275351 85.9 86.8 85.0 85.9 1416 950 5.235
1787275352 85.9 86.8 85.0 85.9 1200 950 5.186
1787275354 85.9 86.8 85.0 85.9 1200 950 5.249
1787275355 86.8 86.8 85.9 86.8 1200 950 5.215
1787275356 85.9 86.8 85.9 86.8 1200 950 5.254
1787275357 85.9 87.8 85.9 85.9 1200 950 5.215
1787275358 85.9 87.8 85.9 85.9 1200 950 5.201
1787275359 85.9 86.8 85.0 85.9 1200 950 5.230
1787275361 86.8 86.8 85.0 85.9 1200 950 5.201
1787275362 86.8 87.8 85.0 85.9 1200 950 5.215
1787275363 85.9 85.9 85.0 85.9 1416 950 5.211
1787275364 85.9 86.8 85.0 85.9 1200 950 5.230
1787275365 86.8 87.8 85.9 86.8 1200 950 5.201
1787275366 85.9 87.8 85.9 85.9 1008 950 5.186
1787275367 85.9 86.8 85.0 85.9 1008 950 5.196
1787275369 85.9 86.8 85.0 85.9 1008 950 5.186
1787275370 86.8 86.8 85.0 85.9 1008 950 5.177
1787275371 85.9 86.8 85.0 85.9 1008 950 5.215
1787275372 86.8 86.8 85.9 85.9 1008 950 5.230
1787275373 86.8 87.8 85.9 85.9 1008 950 5.244
1787275374 85.9 86.8 85.0 85.9 1008 950 5.186
1787275376 85.9 86.8 85.0 85.9 1008 950 5.211
1787275377 85.9 86.8 85.0 85.9 1008 950 5.177
1787275378 85.9 86.8 85.0 85.9 1008 950 5.211
1787275379 85.9 86.8 85.0 85.9 1008 950 5.215
1787275380 85.9 87.8 85.0 85.9 1008 950 5.215
1787275381 86.8 87.8 85.9 85.9 1008 950 5.235
1787275383 85.9 86.8 85.0 85.9 1008 950 5.225
1787275384 86.8 87.8 85.9 85.9 1008 950 5.206
1787275385 85.9 86.8 85.0 85.9 1008 950 5.225
1787275386 85.9 86.8 85.9 85.9 1008 950 5.206
1787275387 86.8 86.8 85.9 86.8 1008 950 5.215
1787275388 85.9 86.8 85.0 85.9 1008 950 5.259
1787275390 85.9 86.8 85.0 85.9 1008 950 5.153
1787275391 85.9 86.8 85.0 85.9 1008 950 5.230
1787275392 85.9 87.8 85.0 85.9 1008 950 5.225
1787275393 81.3 81.3 80.4 81.3 2016 950 5.273
1787275394 85.9 86.8 85.0 85.9 1608 950 5.206
1787275395 86.8 86.8 85.0 85.9 1416 950 5.220
1787275396 85.9 86.8 85.0 85.9 1200 950 5.186
1787275398 86.8 86.8 85.9 85.9 1200 950 5.259
1787275399 86.8 87.8 85.9 86.8 1008 950 5.211
1787275400 85.9 86.8 85.0 85.9 1008 950 5.201
1787275401 85.9 86.8 85.9 85.9 1008 950 5.254
1787275402 86.8 86.8 85.9 85.9 1008 950 5.269
1787275403 86.8 87.8 85.9 86.8 1008 950 5.235
1787275405 85.9 86.8 85.0 85.9 1008 950 5.259
1787275406 85.9 86.8 85.9 85.9 1008 950 5.215
1787275407 85.9 86.8 85.9 85.9 1008 950 5.211
1787275408 86.8 87.8 85.0 85.9 1008 950 5.244
1787275409 86.8 86.8 85.9 85.9 1008 950 5.254
1787275410 85.9 86.8 85.9 85.9 1008 950 5.182
1787275412 86.8 86.8 85.0 85.9 1008 950 5.235
1787275413 86.8 87.8 85.9 86.8 1008 950 5.215
1787275414 85.9 87.8 85.0 85.9 1008 950 5.182
1787275415 86.8 86.8 85.0 85.9 1008 950 5.191
1787275416 86.8 87.8 85.9 86.8 1008 950 5.220
1787275417 86.8 87.8 85.9 85.9 1008 950 5.177
1787275419 86.8 86.8 85.9 85.9 1008 950 5.177
1787275420 86.8 87.8 85.9 85.9 1008 950 5.211
1787275421 85.9 86.8 85.0 85.9 816 950 5.288
1787275422 85.9 86.8 85.0 85.9 816 950 5.230
1787275423 85.9 87.8 85.9 85.9 816 950 5.186
1787275424 85.0 86.8 85.0 85.9 816 950 5.225
1787275426 85.9 86.8 85.0 85.9 816 950 5.215
1787275427 85.9 86.8 85.0 85.9 1008 950 5.196
1787275428 85.9 86.8 85.0 85.9 1008 950 5.182
1787275429 85.9 86.8 85.9 85.9 816 950 5.244
1787275430 85.9 86.8 85.0 85.9 816 950 5.206
1787275431 85.9 86.8 85.0 85.9 816 950 5.196
1787275433 85.9 86.8 85.0 85.9 816 950 5.215
1787275434 85.9 86.8 85.0 85.9 816 950 5.215
1787275435 85.9 86.8 85.0 85.9 816 950 5.225
1787275436 85.9 86.8 85.0 85.9 816 950 5.235
1787275437 85.9 86.8 85.0 85.9 816 950 5.157
1787275438 85.9 86.8 85.0 85.9 1008 950 5.235
1787275440 85.9 86.8 85.0 85.9 816 950 5.186
1787275441 85.9 87.8 85.0 85.9 816 950 5.230
1787275442 85.9 86.8 85.0 85.9 816 950 5.215
1787275443 85.9 86.8 85.0 85.9 816 950 5.273
1787275444 85.9 86.8 85.0 85.9 816 950 5.215
1787275445 85.0 85.9 85.0 85.0 816 950 5.191
1787275447 85.9 86.8 85.0 85.9 816 950 5.186
1787275448 85.9 87.8 85.0 85.9 1008 950 5.220
1787275449 85.9 86.8 85.0 85.9 816 950 5.182
1787275450 85.9 86.8 85.0 85.9 1008 950 5.201
1787275451 85.9 86.8 85.0 85.9 1008 950 5.244
1787275452 85.9 86.8 85.0 85.9 816 950 5.220
1787275454 85.9 86.8 85.9 85.9 816 950 5.235
1787275455 85.0 85.0 84.1 85.0 2016 950 5.133
1787275456 86.8 87.8 85.9 86.8 1416 950 5.206
1787275457 85.9 86.8 85.9 86.8 1200 950 5.177
1787275458 86.8 87.8 85.9 85.9 1008 950 5.206
1787275459 85.9 87.8 85.9 85.9 1008 950 5.211
1787275461 85.9 86.8 85.0 85.9 1008 950 5.249
1787275462 85.9 86.8 85.9 86.8 1008 950 5.167
1787275463 85.9 86.8 85.9 85.9 1008 950 5.225
1787275464 86.8 86.8 85.9 85.9 1008 950 5.235
1787275465 86.8 87.8 85.9 86.8 816 950 5.196
1787275466 85.9 86.8 85.0 85.9 1008 950 5.240
1787275468 85.9 86.8 85.0 85.9 816 950 5.244
1787275469 85.9 85.9 85.0 85.9 1008 950 5.220
1787275470 85.9 86.8 85.0 85.9 816 950 5.201
1787275471 85.9 86.8 85.0 85.9 816 950 5.215
1787275472 85.9 86.8 85.0 85.9 1008 950 5.230
1787275474 85.9 86.8 85.0 85.9 816 950 5.225
1787275475 85.9 86.8 85.0 85.9 1008 950 5.186
1787275476 85.9 86.8 85.0 85.9 1008 950 5.206
1787275477 85.9 86.8 85.0 85.9 816 950 5.240
1787275478 85.9 86.8 85.0 85.9 1008 950 5.220
1787275479 85.9 86.8 85.0 85.9 816 950 5.225
1787275481 85.9 86.8 85.0 85.9 816 950 5.206
1787275482 85.9 86.8 85.0 85.9 816 950 5.220
1787275483 85.9 86.8 85.9 85.9 816 950 5.215
1787275484 85.9 86.8 85.0 85.9 816 950 5.244
1787275485 85.9 86.8 85.0 85.9 1008 950 5.225
1787275486 85.9 87.8 85.0 85.9 1008 950 5.215
1787275488 85.9 86.8 85.9 85.9 816 950 5.225
1787275489 85.9 86.8 85.0 85.9 816 950 5.230
1787275490 85.9 86.8 85.0 85.9 816 950 5.225
1787275491 86.8 86.8 85.0 85.9 1008 950 5.220
1787275492 85.9 85.9 85.0 85.0 1008 950 5.211
1787275493 85.9 86.8 85.0 85.9 1008 950 5.196
1787275495 85.9 86.8 85.0 85.9 816 950 5.225
1787275496 85.9 86.8 85.0 85.9 816 950 5.215
1787275497 85.9 86.8 85.0 85.9 816 950 5.225
1787275498 85.9 86.8 85.0 85.9 1008 950 5.244
1787275499 85.9 86.8 85.0 85.9 816 950 5.230
1787275500 85.9 86.8 85.0 85.9 816 950 5.235
1787275502 85.9 87.8 85.0 85.9 816 950 5.182
1787275503 85.9 86.8 85.0 85.9 816 950 5.220
1787275504 85.9 86.8 85.0 85.9 816 950 5.206
1787275505 85.9 86.8 85.0 85.9 816 950 5.215
1787275506 86.8 87.8 85.0 85.9 816 950 5.225
1787275507 85.9 86.8 85.0 85.9 1008 950 5.206
1787275509 85.9 86.8 85.0 85.9 816 950 5.215
1787275510 85.9 86.8 85.0 85.9 816 950 5.225
1787275511 85.9 86.8 85.0 85.9 816 950 5.206
1787275512 85.9 86.8 85.0 85.9 816 950 5.235
1787275513 85.9 86.8 85.0 85.9 816 950 5.240
1787275514 85.9 86.8 85.0 85.9 816 950 5.119
1787275516 81.3 82.2 81.3 83.2 2016 950 5.220
1787275517 85.9 86.8 85.9 85.9 1608 950 5.191
1787275518 85.9 86.8 85.0 85.9 1200 950 5.201
1787275519 85.9 86.8 85.0 85.9 1008 950 5.249
1787275520 85.9 86.8 85.9 85.9 816 950 5.201
1787275521 85.9 86.8 85.9 85.9 816 950 5.196
1787275523 85.9 86.8 85.0 85.9 816 950 5.235
1787275524 85.9 86.8 85.0 85.9 816 950 5.215
1787275525 85.9 86.8 85.9 85.9 816 950 5.206
1787275526 85.9 86.8 85.0 85.9 816 950 5.244
1787275527 85.9 86.8 85.9 85.9 816 950 5.235
1787275529 85.9 86.8 85.0 85.9 816 950 5.196
1787275530 85.9 86.8 85.0 85.9 816 950 5.225
1787275531 85.9 85.9 85.0 85.9 816 950 5.264
1787275532 85.9 86.8 85.9 85.9 816 950 5.206
1787275533 85.9 86.8 85.9 85.9 816 950 5.240
1787275534 85.9 86.8 85.0 85.9 816 950 5.215
1787275536 86.8 86.8 85.0 85.9 816 950 5.220
1787275537 85.9 86.8 85.0 85.9 816 950 5.211
1787275538 85.9 86.8 85.0 85.9 816 950 5.220
1787275539 85.9 86.8 85.9 85.9 816 950 5.240
1787275540 85.9 86.8 85.0 85.9 816 950 5.225
1787275541 85.9 86.8 85.0 85.9 1008 950 5.235
1787275543 85.9 86.8 85.9 85.9 816 950 5.215
1787275544 85.9 86.8 85.0 85.9 816 950 5.215
1787275545 85.9 86.8 85.0 85.9 816 950 5.206
1787275546 85.9 86.8 85.0 85.9 816 950 5.220
1787275547 85.9 86.8 85.0 85.9 1008 950 5.254
1787275548 85.9 86.8 85.9 85.9 816 950 5.215
1787275550 85.9 86.8 85.0 85.0 1008 950 5.182
1787275551 85.9 86.8 85.9 85.9 816 950 5.186
1787275552 85.9 86.8 85.0 85.9 1008 950 5.235
1787275553 85.9 87.8 85.9 85.9 816 950 5.225
1787275554 85.9 86.8 85.9 85.9 816 950 5.240
1787275555 85.9 86.8 85.9 85.9 816 950 5.244
1787275557 85.0 86.8 85.0 85.9 1008 950 5.235
1787275558 85.9 86.8 85.9 85.9 816 950 5.220
1787275559 85.9 86.8 85.9 85.9 816 950 5.244
1787275560 85.9 86.8 85.0 85.9 816 950 5.220
1787275561 85.9 86.8 85.0 85.9 816 950 5.177
1787275562 85.9 86.8 85.0 85.9 1008 950 5.230
1787275564 85.9 86.8 85.0 85.9 1008 950 5.235
1787275565 85.9 86.8 85.0 85.9 816 950 5.162
1787275566 85.9 86.8 85.0 85.9 1008 950 5.206
1787275567 85.9 86.8 85.9 85.9 816 950 5.225
1787275568 85.9 86.8 85.0 85.9 816 950 5.240
1787275570 85.9 86.8 85.0 85.9 1008 950 5.186
1787275571 85.9 86.8 85.9 85.9 816 950 5.211
1787275572 85.9 86.8 85.0 85.9 816 950 5.220
1787275573 86.8 86.8 85.0 85.9 816 950 5.225
1787275574 85.9 86.8 85.0 85.9 816 950 5.211
1787275575 85.9 86.8 85.0 85.9 816 950 5.230
1787275577 83.2 83.2 82.2 83.2 1608 950 5.211
1787275578 85.0 85.9 85.0 85.9 1800 950 5.215
1787275579 86.8 86.8 85.9 85.9 1008 950 5.230
1787275580 86.8 86.8 85.0 85.9 1008 950 5.167
1787275581 86.8 86.8 85.9 85.9 816 950 5.220
1787275582 85.9 86.8 85.0 85.9 816 950 5.215
1787275583 85.0 86.8 85.0 85.9 1008 950 5.254
1787275585 85.9 86.8 85.0 85.9 1008 950 5.211
1787275586 85.9 86.8 85.0 85.9 816 950 5.186
1787275587 85.9 86.8 85.0 85.9 816 950 5.220
1787275588 85.9 86.8 85.0 85.9 816 950 5.254
1787275589 85.9 86.8 85.0 85.9 816 950 5.186
1787275590 85.9 87.8 85.0 85.9 816 950 5.264
1787275592 85.9 86.8 85.0 85.9 816 950 5.225
1787275593 85.9 85.9 85.0 85.9 816 950 5.201
1787275594 85.9 86.8 85.9 85.9 816 950 5.206
1787275595 85.9 86.8 85.9 85.9 816 950 5.235
1787275596 85.9 86.8 85.9 85.9 816 950 5.211
1787275598 86.8 86.8 85.9 85.9 816 950 5.235
1787275599 85.9 86.8 85.0 85.9 816 950 5.225
1787275600 85.9 86.8 85.0 85.9 816 950 5.215
1787275601 85.9 86.8 85.0 85.9 816 950 5.235
1787275602 85.9 86.8 85.0 85.9 816 950 5.220
1787275603 85.9 86.8 85.9 85.9 816 950 5.191
1787275605 85.9 86.8 85.0 85.9 816 950 5.206
1787275606 85.9 86.8 85.9 85.9 1008 950 5.240
1787275607 85.9 87.8 85.0 85.9 816 950 5.148
1787275608 85.9 86.8 85.0 85.9 816 950 5.235
1787275609 85.9 86.8 85.0 85.9 816 950 5.254
1787275610 85.9 87.8 85.9 85.9 816 950 5.244
1787275612 85.9 86.8 85.9 85.9 1008 950 5.215
1787275613 85.9 86.8 85.0 85.9 816 950 5.225
1787275614 85.9 86.8 85.0 85.9 816 950 5.182
1787275615 86.8 86.8 85.0 85.9 816 950 5.230
1787275616 86.8 86.8 85.9 85.9 816 950 5.211
1787275617 85.9 86.8 85.0 85.9 816 950 5.230
1787275619 85.9 86.8 85.0 85.9 1008 950 5.230
1787275620 85.9 86.8 85.0 85.9 816 950 5.211
1787275621 85.9 86.8 85.9 85.9 816 950 5.215
1787275622 85.9 86.8 85.9 85.9 816 950 5.196
1787275623 86.8 86.8 85.0 85.9 816 950 5.211
1787275624 85.9 86.8 85.9 85.9 816 950 5.196
1787275626 85.9 86.8 85.0 85.9 816 950 5.196
1787275627 85.9 86.8 85.0 85.9 816 950 5.167
1787275628 85.9 86.8 85.9 85.9 816 950 5.206
1787275629 86.8 86.8 85.0 85.9 816 950 5.196
1787275630 86.8 86.8 85.9 85.9 816 950 5.220
1787275631 85.9 86.8 85.0 85.9 816 950 5.215
1787275633 85.9 86.8 85.0 85.9 816 950 5.201
1787275634 86.8 87.8 85.9 85.9 816 950 5.196
1787275635 85.9 86.8 85.9 85.9 816 950 5.235
1787275636 86.8 86.8 85.9 85.9 816 950 5.225
1787275637 86.8 86.8 85.0 85.9 816 950 5.220
1787275639 81.3 80.4 80.4 80.4 2208 950 5.293
1787275640 84.1 85.0 83.2 85.0 2016 950 5.201
1787275641 86.8 86.8 85.0 86.8 1608 950 5.196
1787275642 85.9 86.8 85.0 86.8 1416 950 5.211
1787275643 86.8 85.9 85.0 85.9 1200 950 5.201
1787275644 85.9 87.8 85.9 85.9 1200 950 5.230
1787275645 86.8 86.8 85.0 85.9 1008 950 5.220
1787275647 86.8 86.8 85.0 85.9 1008 950 5.220
1787275648 86.8 86.8 85.9 85.9 1008 950 5.240
1787275649 86.8 86.8 85.0 85.9 1200 950 5.244
1787275650 85.9 86.8 85.9 85.9 1008 950 5.220
1787275651 85.9 86.8 85.0 85.9 816 950 5.162
1787275652 85.9 86.8 85.0 85.9 816 950 5.220
1787275654 85.9 86.8 85.0 85.9 816 950 5.220
1787275655 85.9 85.9 85.0 85.0 1008 950 5.206
1787275656 85.9 86.8 85.9 85.9 816 950 5.264
1787275657 85.9 86.8 85.0 85.9 816 950 5.148
1787275658 85.9 86.8 85.0 85.9 816 950 5.206
1787275659 85.9 87.8 85.0 85.9 816 950 5.211
1787275661 86.8 86.8 85.9 85.9 816 950 5.196
1787275662 85.9 87.8 85.0 85.9 816 950 5.220
1787275663 85.9 86.8 85.0 85.9 816 950 5.172
1787275664 85.9 86.8 85.0 85.9 816 950 5.240
1787275665 85.9 86.8 85.0 85.9 816 950 5.172
1787275666 85.9 86.8 85.0 85.9 816 950 5.220
1787275668 85.9 86.8 85.9 85.9 816 950 5.249
1787275669 85.9 86.8 85.0 85.9 816 950 5.230
1787275670 85.9 86.8 85.0 85.9 816 950 5.191
1787275671 86.8 87.8 85.9 85.9 816 950 5.230
1787275672 85.9 86.8 85.0 85.9 816 950 5.225
1787275673 85.9 86.8 85.0 85.9 1008 950 5.211
1787275675 85.9 86.8 85.0 85.9 816 950 5.206
1787275676 85.9 86.8 85.0 85.9 816 950 5.235
1787275677 85.9 86.8 85.0 85.9 816 950 5.196
1787275678 85.9 86.8 85.0 85.9 1008 950 5.244
1787275679 85.9 87.8 85.0 85.9 816 950 5.206
1787275680 85.9 86.8 85.0 85.9 816 950 5.235
1787275682 85.9 87.8 85.0 85.9 816 950 5.244
1787275683 85.0 85.9 85.0 85.9 816 950 5.206
1787275684 85.9 86.8 85.0 85.9 816 950 5.225
1787275685 85.9 86.8 85.0 85.9 816 950 5.220
1787275686 85.9 86.8 85.9 85.9 816 950 5.196
1787275688 85.9 86.8 85.0 85.9 816 950 5.230
1787275689 85.9 86.8 85.9 85.9 816 950 5.235
1787275690 85.9 86.8 85.0 85.9 816 950 5.254
1787275691 85.9 87.8 85.0 85.9 1008 950 5.211
1787275692 85.9 87.8 85.9 85.9 816 950 5.186
1787275693 85.9 86.8 85.0 85.9 816 950 5.215
1787275695 86.8 86.8 85.0 85.9 816 950 5.240
1787275696 86.8 86.8 85.0 85.9 816 950 5.201
1787275697 85.9 86.8 85.0 85.9 816 950 5.235
1787275698 85.9 87.8 85.0 85.9 816 950 5.240
1787275699 86.8 87.8 85.9 85.9 816 950 5.182
1787275700 83.2 82.2 81.3 82.2 1800 950 5.230
1787275701 86.8 87.8 85.9 86.8 1608 950 5.182
1787275703 86.8 86.8 85.0 85.9 816 950 5.235
1787275704 85.9 85.9 85.0 85.9 816 950 5.220
1787275705 85.9 86.8 85.0 85.9 816 950 5.201
1787275706 85.9 86.8 85.0 85.9 816 950 5.225
1787275707 85.9 86.8 85.9 85.9 816 950 5.206
1787275708 86.8 87.8 85.9 85.9 816 950 5.162
1787275710 85.9 86.8 85.0 85.9 816 950 5.230
1787275711 86.8 86.8 85.0 85.9 816 950 5.201
1787275712 85.9 86.8 85.0 85.9 816 950 5.235
1787275713 85.9 86.8 85.9 85.9 816 950 5.235
1787275714 85.9 86.8 85.0 85.9 1008 950 5.177
1787275716 85.9 86.8 85.0 85.9 816 950 5.220
1787275717 86.8 86.8 85.9 85.9 816 950 5.186
1787275718 85.9 87.8 85.9 85.9 816 950 5.215
1787275719 85.9 85.9 85.0 85.9 816 950 5.186
1787275720 85.9 86.8 85.0 85.9 816 950 5.206
1787275721 85.9 86.8 85.9 85.9 816 950 5.230
1787275723 85.9 87.8 85.9 85.9 816 950 5.191
1787275724 85.9 86.8 85.0 85.9 816 950 5.220
1787275725 85.9 87.8 85.0 85.9 1008 950 5.269
1787275726 85.9 86.8 85.0 85.9 816 950 5.225
1787275727 86.8 87.8 85.9 85.9 816 950 5.206
1787275728 85.9 86.8 85.0 85.9 816 950 5.225
1787275730 85.9 87.8 85.9 85.9 816 950 5.211
1787275731 85.9 86.8 85.0 85.9 816 950 5.249
1787275732 85.9 86.8 85.9 85.9 816 950 5.191
1787275733 85.9 86.8 85.0 85.9 1008 950 5.220
1787275734 85.9 86.8 85.9 85.9 816 950 5.196
1787275735 85.9 86.8 85.0 85.9 1008 950 5.201
1787275737 85.9 86.8 85.0 85.9 1008 950 5.235
1787275738 85.9 86.8 85.0 85.9 816 950 5.240
1787275739 85.9 86.8 85.0 85.9 816 950 5.225
1787275740 85.9 85.9 85.0 85.9 1008 950 5.191
1787275741 85.9 86.8 85.0 85.9 816 950 5.206
1787275742 85.9 86.8 85.0 85.9 816 950 5.288
1787275744 86.8 86.8 85.0 85.9 816 950 5.172
1787275745 86.8 86.8 85.9 85.9 816 950 5.191
1787275746 85.9 86.8 85.0 85.9 816 950 5.215
1787275747 86.8 86.8 85.9 85.9 816 950 5.186
1787275748 85.9 86.8 85.0 85.9 816 950 5.196
1787275750 85.9 87.8 85.9 85.9 816 950 5.196
1787275751 85.9 86.8 85.0 85.9 816 950 5.225
1787275752 85.9 86.8 85.0 85.9 1008 950 5.215
1787275753 85.9 86.8 85.0 85.9 816 950 5.235
1787275754 85.9 86.8 85.0 85.9 816 950 5.254
1787275755 85.9 86.8 85.0 85.9 816 950 5.196
1787275757 85.9 86.8 85.0 85.9 816 950 5.230
1787275758 85.9 86.8 85.0 85.9 1008 950 5.230
1787275759 85.9 86.8 85.0 85.9 1008 950 5.211
1787275760 85.9 86.8 85.0 85.9 1008 950 5.186
1787275761 85.0 85.0 84.1 85.0 1200 950 5.244
1787275762 85.0 85.9 84.1 85.0 2016 950 5.220
1787275763 85.9 86.8 85.0 85.9 1416 950 5.201
1787275765 86.8 86.8 85.9 86.8 1416 950 5.167
1787275766 86.8 86.8 85.9 85.9 1008 950 5.225
1787275767 85.9 86.8 85.0 85.9 1008 950 5.157
1787275768 86.8 87.8 85.9 86.8 1008 950 5.186
1787275769 86.8 87.8 85.9 86.8 816 950 5.249
1787275770 85.9 86.8 85.9 85.9 816 950 5.215
1787275772 85.9 87.8 85.9 85.9 816 950 5.235
1787275773 85.9 86.8 85.0 85.9 816 950 5.177
1787275774 85.9 86.8 85.0 85.9 816 950 5.186
1787275775 85.9 86.8 85.0 85.9 816 950 5.249
1787275776 85.9 86.8 85.0 85.9 816 950 5.230
1787275777 85.9 86.8 85.9 85.9 816 950 5.206
1787275779 85.9 87.8 85.0 85.9 816 950 5.201
1787275780 85.9 86.8 85.9 85.9 816 950 5.215
1787275781 86.8 86.8 85.0 85.9 816 950 5.244
1787275782 85.9 86.8 85.9 85.9 816 950 5.235
1787275783 85.9 86.8 85.0 85.9 816 950 5.206
1787275784 85.9 86.8 85.0 85.9 816 950 5.215
1787275786 85.9 86.8 85.9 85.9 816 950 5.230
1787275787 85.9 87.8 85.0 85.9 816 950 5.240
1787275788 85.9 86.8 85.0 85.9 816 950 5.225
1787275789 85.9 86.8 85.0 85.9 816 950 5.235
1787275790 85.9 86.8 85.0 85.9 816 950 5.215
1787275792 85.9 86.8 85.0 85.9 816 950 5.225
1787275793 85.9 86.8 85.0 85.9 816 950 5.196
1787275794 85.9 86.8 85.9 85.9 1008 950 5.230
1787275795 85.9 86.8 85.0 85.9 816 950 5.196
1787275796 85.9 86.8 85.0 85.9 1008 950 5.196
1787275797 85.9 86.8 85.0 85.9 816 950 5.215
1787275799 85.9 86.8 85.0 85.9 816 950 5.211
1787275800 85.9 86.8 85.9 85.9 816 950 5.269
1787275801 85.9 86.8 85.9 85.9 816 950 5.191
1787275802 86.8 87.8 85.9 85.9 816 950 5.167
1787275803 85.9 87.8 85.9 85.9 816 950 5.206
1787275804 86.8 86.8 85.9 85.9 816 950 5.215
1787275806 85.9 86.8 85.9 85.9 816 950 5.220
1787275807 85.9 86.8 85.0 85.9 1008 950 5.215
1787275808 85.9 86.8 85.0 85.9 816 950 5.225
1787275809 85.9 86.8 85.0 85.9 816 950 5.172
1787275810 86.8 86.8 85.9 85.9 816 950 5.201
1787275812 85.9 86.8 85.9 85.9 816 950 5.235
1787275813 85.9 86.8 85.9 85.9 816 950 5.225
1787275814 85.9 87.8 85.9 85.9 816 950 5.201
1787275815 85.9 87.8 85.9 85.9 816 950 5.230
1787275816 86.8 86.8 85.9 85.9 816 950 5.215
1787275817 86.8 86.8 85.0 85.9 816 950 5.196
1787275819 85.9 86.8 85.0 85.9 816 950 5.235
1787275820 85.9 86.8 85.0 85.9 816 950 5.220
1787275821 85.9 86.8 85.9 86.8 816 950 5.196
1787275822 86.8 87.8 85.9 85.9 816 950 5.153
1787275823 85.0 86.8 85.0 85.9 1608 950 5.249
1787275824 86.8 87.8 85.9 86.8 1008 950 5.201
1787275826 85.9 86.8 85.9 85.9 816 950 5.235
1787275827 85.9 86.8 85.9 85.9 816 950 5.186
1787275828 86.8 86.8 85.9 85.9 816 950 5.244
1787275829 85.9 86.8 85.0 85.9 816 950 5.230
1787275830 85.9 87.8 85.9 85.9 816 950 5.225
1787275831 85.9 86.8 85.9 85.9 816 950 5.230
1787275833 85.9 86.8 85.9 85.9 816 950 5.196
1787275834 86.8 87.8 85.9 85.9 816 950 5.244
1787275835 85.9 86.8 85.9 85.9 816 950 5.167
1787275836 86.8 87.8 85.9 85.9 816 950 5.196
1787275837 85.9 86.8 85.9 85.9 816 950 5.220
1787275838 85.9 86.8 85.0 85.9 816 950 5.235
1787275840 85.9 86.8 85.0 85.9 816 950 5.206
1787275841 85.9 87.8 85.9 85.9 816 950 5.220
1787275842 85.9 86.8 85.0 85.9 1008 950 5.153
1787275843 86.8 87.8 85.9 86.8 816 950 5.177
1787275844 85.9 86.8 85.9 85.9 816 950 5.273
1787275846 86.8 86.8 85.9 85.9 816 950 5.206
1787275847 86.8 86.8 85.0 85.9 816 950 5.230
1787275848 85.9 86.8 85.0 85.9 816 950 5.235
1787275849 85.9 87.8 85.9 85.9 816 950 5.206
1787275850 85.9 86.8 85.9 85.9 816 950 5.196
1787275851 85.9 86.8 85.9 85.9 816 950 5.206
1787275853 85.9 86.8 85.0 85.9 816 950 5.215
1787275854 86.8 87.8 85.9 85.9 816 950 5.230
1787275855 86.8 87.8 85.0 85.9 816 950 5.215
1787275856 85.9 86.8 85.0 85.9 816 950 5.235
1787275857 85.9 86.8 85.0 85.9 816 950 5.201
1787275858 85.9 86.8 85.9 85.9 816 950 5.225
1787275860 85.9 85.9 85.0 85.9 1008 950 5.254
1787275861 85.9 86.8 85.9 85.9 816 950 5.230
1787275862 86.8 86.8 85.9 85.9 816 950 5.240
1787275863 86.8 86.8 85.0 85.9 816 950 5.244
1787275864 86.8 86.8 85.9 85.9 816 950 5.206
1787275866 85.9 87.8 85.9 85.9 816 950 5.206
1787275867 85.9 86.8 85.0 85.9 1008 950 5.240
1787275868 85.9 86.8 85.0 85.9 816 950 5.182
1787275869 85.9 86.8 85.9 85.9 816 950 5.220
1787275870 85.9 86.8 85.9 85.9 816 950 5.235
1787275871 85.9 86.8 85.0 85.9 816 950 5.167
1787275873 86.8 86.8 85.0 85.9 816 950 5.220
1787275874 85.9 86.8 85.0 85.9 816 950 5.211
1787275875 86.8 87.8 85.9 86.8 816 950 5.182
1787275876 86.8 86.8 85.9 85.9 816 950 5.172
1787275877 86.8 86.8 85.9 85.9 816 950 5.230
1787275878 86.8 87.8 85.9 86.8 816 950 5.186
1787275880 85.9 86.8 85.0 85.9 816 950 5.278
1787275881 85.9 86.8 85.0 85.9 600 950 5.240
1787275882 85.9 85.9 85.0 85.9 816 950 5.235
1787275883 85.9 85.9 85.0 85.9 816 950 5.235
1787275884 85.0 86.8 85.0 85.9 1608 950 5.211
1787275885 86.8 87.8 85.9 85.9 1008 950 5.206
1787275887 85.9 87.8 85.9 85.9 816 950 5.240
1787275888 86.8 86.8 85.9 85.9 816 950 5.235
1787275889 85.9 86.8 85.9 85.9 816 950 5.211
1787275890 86.8 86.8 85.9 86.8 816 950 5.215
1787275891 86.8 87.8 85.9 86.8 816 950 5.211
1787275893 85.9 86.8 85.9 85.9 816 950 5.201
1787275894 85.9 86.8 85.0 85.9 816 950 5.264
1787275895 85.9 86.8 85.0 85.9 816 950 5.240
1787275896 86.8 86.8 85.9 85.9 816 950 5.230
1787275897 86.8 86.8 85.9 85.9 816 950 5.211
1787275898 85.9 86.8 85.0 85.9 816 950 5.182
1787275900 86.8 86.8 85.9 86.8 816 950 5.196
1787275901 86.8 86.8 85.0 85.9 816 950 5.211
1787275902 85.9 87.8 85.0 85.9 816 950 5.230
1787275903 86.8 87.8 85.9 85.9 816 950 5.215
1787275904 85.9 86.8 85.9 85.9 816 950 5.177
1787275905 86.8 87.8 85.9 85.9 816 950 5.249
1787275907 85.9 86.8 85.9 85.9 816 950 5.249
1787275908 85.9 86.8 85.9 85.9 816 950 5.259
1787275909 86.8 87.8 85.9 85.9 816 950 5.211
1787275910 85.9 86.8 85.9 85.9 816 950 5.215
1787275911 85.9 86.8 85.0 85.9 816 950 5.235
1787275913 86.8 87.8 85.9 86.8 816 950 5.220
1787275914 85.9 86.8 85.0 85.9 816 950 5.225
1787275915 86.8 86.8 85.0 86.8 816 950 5.235
1787275916 86.8 86.8 85.0 85.9 816 950 5.215
1787275917 85.9 86.8 85.9 86.8 816 950 5.215
1787275918 86.8 87.8 85.0 85.9 816 950 5.215
1787275920 86.8 86.8 85.9 85.9 816 950 5.235
1787275921 86.8 87.8 85.9 86.8 816 950 5.215
1787275922 85.9 86.8 85.0 85.0 816 950 5.230
1787275923 85.9 85.9 85.0 85.9 816 950 5.244
1787275924 85.9 86.8 85.0 85.9 600 950 5.225
1787275926 85.9 86.8 85.0 85.0 816 950 5.264
1787275927 85.9 86.8 85.0 85.9 816 950 5.196
1787275928 85.9 86.8 85.0 85.9 816 950 5.215
1787275929 85.9 86.8 85.0 85.9 816 950 5.230
1787275930 85.9 85.9 85.0 85.9 816 950 5.182
1787275931 85.9 86.8 85.0 85.9 816 950 5.220
1787275933 85.9 86.8 85.0 85.9 816 950 5.220
1787275934 85.9 86.8 85.0 85.9 600 950 5.201
1787275935 85.9 86.8 85.0 85.9 816 950 5.201
1787275936 85.9 86.8 85.0 85.9 816 950 5.206
1787275937 85.9 86.8 85.0 85.9 600 950 5.201
1787275939 85.9 85.9 85.0 85.9 816 950 5.235
1787275940 85.9 86.8 85.0 85.9 600 950 5.172
1787275941 85.9 86.8 85.0 85.9 816 950 5.211
1787275942 85.9 86.8 85.0 85.0 816 950 5.215
1787275943 85.9 86.8 85.0 85.9 600 950 5.254
1787275945 85.9 86.8 85.0 85.9 816 950 5.215
1787275946 81.3 80.4 80.4 80.4 2208 950 5.230
1787275947 79.5 79.5 78.5 79.5 2208 950 5.293
1787275948 78.5 77.6 77.6 78.5 2208 950 5.302
1787275949 77.6 76.7 76.7 77.6 2208 950 5.269
1787275950 76.7 76.7 75.8 76.7 2208 950 5.230
1787275951 76.7 75.8 75.8 76.7 2208 950 5.235
1787275952 75.8 75.8 74.8 75.8 2208 950 5.288
1787275953 75.8 74.8 74.8 75.8 2208 950 5.225
1787275954 74.8 74.8 73.9 75.8 2208 950 5.293
1787275955 74.8 74.8 73.9 74.8 2208 950 5.244
1787275956 74.8 73.9 73.9 74.8 2208 950 5.215
1787275957 73.9 73.0 73.0 73.9 2208 950 5.235
1787275959 73.9 73.0 73.0 73.9 2208 950 5.249
1787275960 73.0 73.0 72.1 73.9 2208 950 5.254
1787275961 73.0 73.0 72.1 73.0 2208 950 5.293
1787275962 73.0 73.0 72.1 73.0 2208 950 5.240
1787275963 77.6 78.5 76.7 77.6 2208 950 5.211
1787275964 78.5 79.5 77.6 79.5 2208 950 5.269
1787275965 79.5 80.4 79.5 80.4 2208 950 5.254
1787275966 79.5 80.4 78.5 80.4 2208 950 5.215
1787275967 80.4 81.3 79.5 80.4 2208 950 5.211
1787275968 80.4 81.3 79.5 81.3 2208 950 5.211
1787275969 80.4 81.3 80.4 81.3 2208 950 5.220
1787275970 81.3 81.3 80.4 81.3 2208 950 5.124
1787275971 81.3 82.2 80.4 81.3 2208 950 5.240
1787275972 79.5 78.5 78.5 79.5 2208 950 5.220
1787275974 77.6 76.7 76.7 79.5 2208 950 5.249
1787275975 77.6 76.7 75.8 77.6 2208 950 5.259
1787275976 82.2 82.2 81.3 85.0 2208 950 5.157
1787275977 85.0 85.9 84.1 85.9 2016 950 5.162
1787275978 85.0 85.0 84.1 85.9 1800 950 5.201
1787275979 85.0 86.8 84.1 85.9 1800 950 5.201
1787275980 85.0 86.8 85.0 85.9 1800 950 5.201
1787275982 85.0 85.9 84.1 85.9 1800 950 5.225
1787275983 85.9 86.8 85.0 86.8 1608 950 5.191
1787275984 85.9 87.8 85.0 86.8 1608 950 5.235
1787275985 85.9 86.8 85.0 85.9 1608 950 5.201
1787275986 85.9 86.8 85.0 85.9 1416 950 5.215
1787275987 85.9 86.8 85.0 86.8 1416 950 5.167
1787275988 85.9 86.8 85.0 85.9 1416 950 5.206
1787275990 85.9 86.8 85.0 85.9 1416 950 5.225
1787275991 85.9 86.8 85.0 86.8 1416 950 5.230
1787275992 85.9 86.8 85.0 85.9 1200 950 5.230
1787275993 85.9 86.8 85.0 85.9 1200 950 5.220
1787275994 85.9 86.8 85.0 85.9 1200 950 5.186
1787275995 85.9 86.8 85.0 85.9 1200 950 5.186
1787275997 85.9 85.9 85.0 85.9 1200 950 5.206
1787275998 85.9 86.8 85.0 85.9 1416 950 5.196
1787275999 85.9 86.8 85.0 85.9 1200 950 5.177
1787276000 86.8 86.8 85.9 85.9 1200 950 5.211
1787276001 85.9 86.8 85.0 85.9 1200 950 5.153
1787276002 85.9 86.8 85.0 85.9 1008 950 5.196
1787276004 85.9 86.8 85.0 85.9 1008 950 5.148
1787276005 85.9 86.8 85.0 85.9 1008 950 5.177
1787276006 85.9 86.8 85.0 85.9 816 950 5.244
1787276007 85.9 86.8 85.0 85.9 816 950 5.225
1787276008 85.9 86.8 85.0 85.9 1008 950 5.244
1787276009 85.9 86.8 85.0 85.9 816 950 5.201
1787276011 85.9 86.8 85.0 85.9 816 950 5.249
1787276012 85.9 86.8 85.0 85.9 1008 950 5.240
1787276013 85.9 86.8 85.0 85.9 816 950 5.220
1787276014 85.9 86.8 85.0 85.9 816 950 5.225
1787276015 85.9 85.9 85.0 85.9 816 950 5.220
1787276016 85.9 86.8 85.0 85.9 816 950 5.211
1787276018 85.9 86.8 85.0 85.9 816 950 5.201
1787276019 85.9 86.8 85.0 85.9 816 950 5.211
1787276020 85.9 86.8 85.0 85.9 816 950 5.249
1787276021 85.9 86.8 85.0 85.9 816 950 5.244
1787276022 85.9 86.8 85.0 85.9 816 950 5.211
1787276023 86.8 87.8 85.9 85.9 816 950 5.157
1787276025 85.9 86.8 85.0 85.9 1008 950 5.186
1787276026 85.9 86.8 85.0 85.9 816 950 5.211
1787276027 85.9 86.8 85.0 85.9 816 950 5.235
1787276028 85.9 86.8 85.0 85.9 816 950 5.215
1787276029 85.9 86.8 85.9 85.9 816 950 5.235
1787276031 85.9 86.8 85.9 85.9 816 950 5.215
1787276032 85.9 86.8 85.0 85.9 816 950 5.230
1787276033 85.9 86.8 85.0 85.9 816 950 5.249
1787276034 85.9 86.8 85.0 85.9 816 950 5.182
1787276035 85.9 86.8 85.0 85.9 1008 950 5.225
1787276036 82.2 81.3 80.4 82.2 2208 950 5.225
1787276038 79.5 79.5 78.5 79.5 2208 950 5.230
1787276039 79.5 78.5 77.6 79.5 2208 950 5.240
1787276040 77.6 77.6 76.7 77.6 2208 950 5.230
1787276041 77.6 76.7 75.8 77.6 2208 950 5.230
1787276042 76.7 75.8 75.8 76.7 2208 950 5.230
1787276043 75.8 75.8 74.8 75.8 2208 950 5.288
1787276044 75.8 74.8 74.8 75.8 2208 950 5.293
1787276045 75.8 74.8 74.8 74.8 2208 950 5.293
1787276046 74.8 74.8 73.9 74.8 2208 950 5.225
1787276047 73.9 73.9 73.9 73.9 2208 950 5.254
1787276048 74.8 73.9 73.0 73.9 2208 950 5.240
1787276049 73.9 73.0 73.0 74.8 2208 950 5.259
1787276050 73.9 73.0 73.0 73.9 2208 950 5.269
1787276051 73.0 73.0 73.0 73.0 2208 950 5.298
1787276053 73.0 73.0 72.1 73.0 2208 950 5.220
1787276054 73.0 72.1 72.1 73.0 2208 950 5.293
1787276055 73.0 72.1 71.2 73.0 2208 950 5.240
1787276056 72.1 72.1 71.2 72.1 2208 950 5.283
1787276057 72.1 72.1 71.2 72.1 2208 950 5.307
1787276058 72.1 71.2 71.2 72.1 2208 950 5.225
1787276059 72.1 71.2 71.2 72.1 2208 950 5.302
1787276060 71.2 71.2 70.2 72.1 2208 950 5.273
1787276061 75.8 76.7 74.8 76.7 2208 950 5.211
1787276062 79.5 80.4 79.5 81.3 2208 950 5.191
1787276063 73.9 73.9 73.0 73.9 2208 950 5.220
1787276064 74.8 74.8 73.0 74.8 2208 950 5.235
1787276066 79.5 79.5 77.6 80.4 2208 950 5.254
1787276067 76.7 76.7 75.8 76.7 2208 950 5.254
1787276068 73.9 73.0 73.0 73.0 2208 950 5.240
1787276069 74.8 75.8 73.9 75.8 2208 950 5.211
1787276070 78.5 78.5 77.6 78.5 2208 950 5.254
1787276071 74.8 73.9 73.0 74.8 2208 950 5.278
1787276072 73.0 73.0 72.1 73.9 2208 950 5.240
1787276073 76.7 77.6 75.8 78.5 2208 950 5.215
1787276074 79.5 80.4 78.5 80.4 2208 950 5.220
1787276075 73.9 73.0 73.0 73.0 2208 950 5.215
1787276077 74.8 75.8 73.9 76.7 2208 950 5.191
1787276078 80.4 81.3 79.5 81.3 2208 950 5.191
1787276079 77.6 77.6 76.7 77.6 2208 950 5.302
1787276080 73.9 73.0 73.0 73.9 2208 950 5.293
1787276081 75.8 75.8 74.8 77.6 2208 950 5.196
1787276082 81.3 81.3 80.4 81.3 2208 950 5.288
1787276083 74.8 74.8 73.9 74.8 2208 950 5.288
1787276084 73.0 73.0 72.1 73.0 2208 950 5.220
1787276085 78.5 79.5 77.6 80.4 2208 950 5.196
1787276086 78.5 79.5 78.5 79.5 2208 950 5.186
1787276087 74.8 73.9 73.0 74.8 2208 950 5.249
1787276089 73.9 73.9 73.0 75.8 2208 950 5.201
1787276090 80.4 80.4 79.5 81.3 2208 950 5.196
1787276091 75.8 75.8 74.8 77.6 2208 950 5.211
1787276092 81.3 82.2 80.4 83.2 2208 950 5.206
1787276093 76.7 76.7 75.8 76.7 2208 950 5.298
1787276094 74.8 73.9 73.0 74.8 2208 950 5.254
1787276095 78.5 79.5 78.5 80.4 2208 950 5.244
1787276096 81.3 81.3 80.4 83.2 2208 950 5.215
1787276098 74.8 74.8 73.9 74.8 2208 950 5.240
1787276099 74.8 76.7 74.8 76.7 2208 950 5.249
1787276100 80.4 81.3 79.5 81.3 2208 950 5.196
1787276101 77.6 77.6 76.7 77.6 2208 950 5.293
1787276102 73.9 73.0 73.0 73.9 2208 950 5.254
1787276103 77.6 78.5 77.6 79.5 2208 950 5.167
1787276104 81.3 82.2 81.3 83.2 2208 950 5.215
1787276105 76.7 75.8 74.8 76.7 2208 950 5.293
1787276106 73.9 73.0 73.0 73.9 2208 950 5.269
1787276107 78.5 80.4 78.5 79.5 2208 950 5.206
1787276109 81.3 83.2 81.3 83.2 2208 950 5.215
1787276110 74.8 74.8 73.9 75.8 2208 950 5.298
1787276111 75.8 75.8 74.8 75.8 2208 950 5.225
1787276112 81.3 82.2 80.4 83.2 2208 950 5.273
1787276113 78.5 77.6 76.7 78.5 2208 950 5.259
1787276114 74.8 73.9 73.0 74.8 2208 950 5.293
1787276115 79.5 80.4 78.5 80.4 2208 950 5.191
1787276116 82.2 83.2 81.3 84.1 2208 950 5.244
1787276117 76.7 75.8 75.8 76.7 2208 950 5.302
1787276118 73.9 73.0 73.0 73.9 2208 950 5.235
1787276119 79.5 80.4 78.5 81.3 2208 950 5.162
1787276121 82.2 82.2 81.3 83.2 2208 950 5.235
1787276122 74.8 74.8 73.9 75.8 2208 950 5.293
1787276123 75.8 76.7 75.8 77.6 2208 950 5.215
1787276124 81.3 82.2 80.4 83.2 2208 950 5.220
1787276125 75.8 75.8 74.8 76.7 2208 950 5.293
1787276126 73.9 73.0 73.0 73.9 2208 950 5.254
1787276127 74.8 76.7 74.8 76.7 2208 950 5.196
1787276128 80.4 81.3 80.4 81.3 2208 950 5.240
1787276129 80.4 81.3 79.5 82.2 2208 950 5.211
1787276131 82.2 82.2 81.3 82.2 2208 950 5.249
1787276132 74.8 74.8 73.9 74.8 2208 950 5.273
1787276133 73.9 73.0 73.0 73.0 2208 950 5.283
1787276134 73.0 73.0 72.1 73.0 2208 950 5.254
1787276135 73.9 73.0 73.0 73.9 2208 950 5.298
1787276136 73.0 72.1 71.2 73.0 2208 950 5.293
1787276137 72.1 72.1 71.2 73.0 2208 950 5.283
1787276138 71.2 71.2 70.2 71.2 2208 950 5.278
1787276139 71.2 71.2 70.2 71.2 2208 950 5.235
1787276140 70.2 70.2 69.3 71.2 2208 950 5.293
1787276141 70.2 70.2 69.3 70.2 2208 950 5.293
1787276142 70.2 69.3 69.3 70.2 2208 950 5.298
1787276143 69.3 69.3 69.3 69.3 2208 950 5.298
1787276144 69.3 69.3 68.4 69.3 2208 950 5.307
1787276145 69.3 69.3 68.4 69.3 2208 950 5.249
1787276147 69.3 69.3 68.4 69.3 2208 950 5.264
1787276148 69.3 68.4 67.5 69.3 2208 950 5.230
1787276149 68.4 68.4 67.5 69.3 2208 950 5.288
1787276150 68.4 68.4 67.5 68.4 2208 950 5.298
1787276151 69.3 68.4 67.5 69.3 2208 950 5.249
1787276152 69.3 69.3 68.4 70.2 2208 950 5.211
1787276153 69.3 69.3 68.4 70.2 2208 950 5.264
1787276154 70.2 69.3 69.3 70.2 2208 950 5.278
1787276155 70.2 69.3 69.3 70.2 2208 950 5.215
1787276156 70.2 69.3 69.3 70.2 2208 950 5.225
1787276157 70.2 69.3 69.3 70.2 2208 950 5.254
1787276159 71.2 71.2 70.2 73.0 2208 950 5.240
1787276160 73.9 73.9 73.0 73.9 2208 950 5.244
1787276161 73.0 71.2 71.2 73.0 2208 950 5.244
1787276162 75.8 76.7 74.8 77.6 2208 950 5.215
1787276163 73.0 72.1 72.1 73.9 2208 950 5.254
1787276164 73.0 72.1 72.1 73.0 2208 950 5.254
1787276165 76.7 75.8 75.8 76.7 2208 950 5.244
1787276166 78.5 78.5 77.6 78.5 2208 950 5.293
1787276167 73.9 73.0 73.0 75.8 2208 950 5.249
1787276168 74.8 75.8 73.9 76.7 2208 950 5.211
1787276169 73.0 72.1 72.1 73.0 2208 950 5.269
1787276171 71.2 71.2 70.2 71.2 2208 950 5.273
1787276172 71.2 70.2 69.3 71.2 2208 950 5.302
1787276173 69.3 69.3 69.3 69.3 2208 950 5.235
1787276174 69.3 69.3 68.4 69.3 2208 950 5.254
1787276175 70.2 70.2 69.3 70.2 2208 950 5.240
1787276176 69.3 69.3 68.4 69.3 2208 950 5.278
1787276177 69.3 68.4 68.4 69.3 2208 950 5.206
1787276178 73.9 73.9 73.0 73.9 2208 950 5.191
1787276179 70.2 69.3 69.3 70.2 2208 950 5.215
1787276180 71.2 70.2 69.3 71.2 2208 950 5.254
1787276181 76.7 77.6 75.8 77.6 2208 950 5.162
1787276182 74.8 74.8 73.9 74.8 2208 950 5.220
1787276184 71.2 70.2 69.3 71.2 2208 950 5.244
1787276185 73.0 73.9 73.0 74.8 2208 950 5.220
1787276186 74.8 75.8 74.8 76.7 2208 950 5.215
1787276187 71.2 71.2 70.2 71.2 2208 950 5.254
1787276188 73.9 74.8 73.0 75.8 2208 950 5.201
1787276189 73.9 73.0 73.0 73.9 2208 950 5.254
1787276190 71.2 70.2 69.3 71.2 2208 950 5.283
1787276191 73.0 73.0 72.1 73.0 2208 950 5.215
1787276192 74.8 74.8 73.9 75.8 2208 950 5.196
1787276194 73.0 72.1 71.2 72.1 2208 950 5.273
1787276195 75.8 74.8 74.8 75.8 2208 950 5.254
1787276196 78.5 79.5 77.6 79.5 2208 950 5.240
1787276197 78.5 78.5 77.6 79.5 2208 950 5.215
1787276198 74.8 73.9 73.9 74.8 2208 950 5.288
1787276199 76.7 77.6 75.8 78.5 2208 950 5.153
1787276200 78.5 79.5 78.5 80.4 2208 950 5.215
1787276201 73.0 72.1 72.1 73.0 2208 950 5.249
1787276202 71.2 71.2 70.2 71.2 2208 950 5.186
1787276203 78.5 79.5 77.6 80.4 2208 950 5.186
1787276205 75.8 76.7 74.8 76.7 2208 950 5.211
1787276206 75.8 76.7 74.8 76.7 2208 950 5.220
1787276207 73.0 73.0 72.1 73.0 2208 950 5.225
1787276208 71.2 71.2 70.2 71.2 2208 950 5.264
1787276209 77.6 78.5 76.7 78.5 2208 950 5.172
1787276210 72.1 72.1 71.2 72.1 2208 950 5.293
1787276211 71.2 70.2 70.2 70.2 2208 950 5.230
1787276212 76.7 77.6 75.8 78.5 2208 950 5.201
1787276213 74.8 75.8 74.8 76.7 2208 950 5.191
1787276215 75.8 75.8 74.8 76.7 2208 950 5.201
1787276216 79.5 80.4 78.5 81.3 2208 950 5.206
1787276217 76.7 77.6 75.8 77.6 2208 950 5.225
1787276218 77.6 77.6 76.7 78.5 2208 950 5.240
1787276219 78.5 79.5 77.6 80.4 2208 950 5.157
1787276220 77.6 79.5 77.6 79.5 2208 950 5.235
1787276221 73.0 73.0 72.1 73.0 2208 950 5.298
1787276222 72.1 71.2 71.2 71.2 2208 950 5.317
1787276223 77.6 77.6 76.7 78.5 2208 950 5.196
1787276225 73.0 73.0 72.1 73.0 2208 950 5.273
1787276226 72.1 71.2 71.2 72.1 2208 950 5.273
1787276227 71.2 70.2 69.3 71.2 2208 950 5.264
1787276228 72.1 73.9 72.1 74.8 2208 950 5.206
1787276229 73.0 73.0 72.1 73.0 2208 950 5.206
1787276230 75.8 74.8 74.8 75.8 2208 950 5.269
1787276231 71.2 71.2 70.2 71.2 2208 950 5.240
1787276232 70.2 69.3 69.3 70.2 2208 950 5.288
1787276233 69.3 69.3 69.3 69.3 2208 950 5.307
1787276234 74.8 75.8 74.8 76.7 2208 950 5.196
1787276235 73.0 72.1 72.1 73.0 2208 950 5.249
1787276237 71.2 71.2 70.2 72.1 2208 950 5.283
1787276238 69.3 69.3 68.4 69.3 2208 950 5.273
1787276239 70.2 69.3 69.3 70.2 2208 950 5.278
1787276240 69.3 68.4 67.5 69.3 2208 950 5.230
1787276241 68.4 68.4 67.5 69.3 2208 950 5.307
1787276242 68.4 68.4 67.5 68.4 2208 950 5.293
1787276243 68.4 67.5 67.5 68.4 2208 950 5.293
1787276244 67.5 67.5 66.5 67.5 2208 950 5.312
1787276245 67.5 67.5 66.5 67.5 2208 950 5.235
1787276246 67.5 66.5 66.5 68.4 2208 950 5.298
1787276247 67.5 66.5 65.6 67.5 2208 950 5.302
1787276248 66.5 66.5 65.6 66.5 2208 950 5.235
1787276249 66.5 66.5 65.6 66.5 2208 950 5.283
1787276250 66.5 66.5 65.6 66.5 2208 950 5.249
1787276252 66.5 65.6 65.6 66.5 2208 950 5.230
1787276253 66.5 65.6 65.6 66.5 2208 950 5.240
1787276254 66.5 65.6 64.7 65.6 2208 950 5.312
1787276255 65.6 65.6 64.7 66.5 2208 950 5.225
1787276256 65.6 65.6 64.7 65.6 2208 950 5.283
1787276257 65.6 65.6 64.7 65.6 2208 950 5.264
1787276258 65.6 65.6 64.7 65.6 2208 950 5.240
1787276259 65.6 65.6 63.8 65.6 2208 950 5.302
1787276260 65.6 64.7 63.8 65.6 2208 950 5.244
1787276261 65.6 64.7 63.8 65.6 2208 950 5.240
1787276262 64.7 64.7 63.8 65.6 2208 950 5.254
1787276263 72.1 73.0 71.2 73.0 2208 950 5.215
1787276264 68.4 68.4 67.5 68.4 2208 950 5.264
1787276265 67.5 66.5 65.6 66.5 2208 950 5.302
1787276267 70.2 70.2 69.3 71.2 2208 950 5.225
1787276268 67.5 67.5 66.5 67.5 2208 950 5.220
1787276269 66.5 66.5 65.6 66.5 2208 950 5.230
1787276270 65.6 65.6 64.7 65.6 2208 950 5.249
1787276271 65.6 65.6 64.7 65.6 2208 950 5.215
1787276272 66.5 65.6 65.6 67.5 2208 950 5.220
1787276273 65.6 64.7 63.8 65.6 2208 950 5.240
1787276274 64.7 64.7 63.8 64.7 2208 950 5.259
1787276275 64.7 64.7 64.7 66.5 2208 950 5.206
1787276276 68.4 67.5 67.5 67.5 2208 950 5.230
1787276277 65.6 65.6 64.7 66.5 2208 950 5.293
1787276279 71.2 72.1 70.2 72.1 2208 950 5.201
1787276280 73.0 73.9 73.0 74.8 2208 950 5.211
1787276281 69.3 68.4 67.5 68.4 2208 950 5.298
1787276282 67.5 66.5 65.6 67.5 2208 950 5.172
1787276283 73.0 73.9 72.1 73.9 2208 950 5.230
1787276284 74.8 75.8 73.9 75.8 2208 950 5.269
1787276285 68.4 68.4 67.5 68.4 2208 950 5.225
1787276286 72.1 72.1 71.2 72.1 2208 950 5.211
1787276287 74.8 75.8 73.9 75.8 2208 950 5.167
1787276288 75.8 76.7 74.8 76.7 2208 950 5.215
1787276290 72.1 72.1 71.2 73.0 2208 950 5.191
1787276291 70.2 69.3 69.3 70.2 2208 950 5.293
1787276292 68.4 68.4 67.5 68.4 2208 950 5.273
1787276293 74.8 75.8 73.9 76.7 2208 950 5.206
1787276294 75.8 76.7 75.8 76.7 2208 950 5.240
1787276295 69.3 69.3 68.4 69.3 2208 950 5.307
1787276296 73.9 74.8 73.0 75.8 2208 950 5.244
1787276297 69.3 69.3 68.4 69.3 2208 950 5.298
1787276298 73.0 74.8 73.0 74.8 2208 950 5.172
1787276299 72.1 73.0 71.2 72.1 2208 950 5.191
1787276301 73.9 74.8 73.0 75.8 2208 950 5.215
1787276302 73.9 73.0 73.0 73.0 2208 950 5.211
1787276303 70.2 69.3 69.3 70.2 2208 950 5.302
1787276304 68.4 68.4 67.5 68.4 2208 950 5.215
1787276305 74.8 74.8 73.9 75.8 2208 950 5.153
1787276306 73.0 73.0 72.1 72.1 2208 950 5.249
1787276307 69.3 69.3 68.4 69.3 2208 950 5.254
1787276308 70.2 72.1 70.2 71.2 2208 950 5.206
1787276309 76.7 76.7 75.8 77.6 2208 950 5.230
1787276310 71.2 71.2 70.2 71.2 2208 950 5.220
1787276312 69.3 69.3 68.4 69.3 2208 950 5.244
1787276313 74.8 75.8 73.9 74.8 2208 950 5.230
1787276314 76.7 77.6 75.8 78.5 2208 950 5.157
1787276315 72.1 71.2 71.2 71.2 2208 950 5.225
1787276316 69.3 69.3 68.4 69.3 2208 950 5.302
1787276317 74.8 75.8 73.9 76.7 2208 950 5.172
1787276318 76.7 77.6 75.8 77.6 2208 950 5.211
1787276319 71.2 70.2 69.3 71.2 2208 950 5.240
1787276320 70.2 70.2 69.3 71.2 2208 950 5.182
1787276321 76.7 76.7 75.8 77.6 2208 950 5.182
1787276322 76.7 76.7 75.8 77.6 2208 950 5.230
1787276324 78.5 79.5 77.6 80.4 2208 950 5.172
1787276325 73.0 72.1 71.2 72.1 2208 950 5.269
1787276326 71.2 70.2 69.3 71.2 2208 950 5.298
1787276327 75.8 76.7 75.8 77.6 2208 950 5.206
1787276328 75.8 76.7 74.8 76.7 2208 950 5.167
1787276329 75.8 74.8 73.9 75.8 2208 950 5.273
1787276330 73.0 72.1 72.1 73.0 2208 950 5.288
1787276331 77.6 78.5 76.7 78.5 2208 950 5.254
1787276332 74.8 74.8 73.9 74.8 2208 950 5.288
1787276333 71.2 71.2 70.2 71.2 2208 950 5.293
1787276335 72.1 73.0 72.1 73.9 2208 950 5.153
1787276336 72.1 71.2 71.2 72.1 2208 950 5.249
1787276337 70.2 69.3 69.3 69.3 2208 950 5.283
1787276338 69.3 69.3 68.4 69.3 2208 950 5.244
1787276339 68.4 67.5 67.5 68.4 2208 950 5.244
1787276340 67.5 67.5 66.5 67.5 2208 950 5.264
1787276341 67.5 67.5 66.5 68.4 2208 950 5.225
1787276342 67.5 66.5 66.5 67.5 2208 950 5.254
1787276343 66.5 66.5 65.6 66.5 2208 950 5.298
1787276344 66.5 66.5 65.6 67.5 2208 950 5.302
1787276345 66.5 65.6 65.6 66.5 2208 950 5.235
1787276346 66.5 65.6 64.7 66.5 2208 950 5.220
1787276347 65.6 65.6 64.7 65.6 2208 950 5.273
1787276349 65.6 65.6 64.7 65.6 2208 950 5.307
1787276350 65.6 65.6 64.7 65.6 2208 950 5.283
1787276351 65.6 64.7 63.8 65.6 2208 950 5.288
1787276352 64.7 64.7 63.8 65.6 2208 950 5.298
1787276353 64.7 63.8 63.8 64.7 2208 950 5.273
1787276354 64.7 63.8 63.8 64.7 2208 950 5.278
1787276355 64.7 63.8 63.8 64.7 2208 950 5.235
1787276356 64.7 63.8 63.8 64.7 2208 950 5.249
1787276357 63.8 63.8 62.8 63.8 2208 950 5.293
1787276358 63.8 63.8 62.8 63.8 2208 950 5.254
1787276359 63.8 63.8 62.8 64.7 2208 950 5.298
1787276360 64.7 64.7 63.8 64.7 2208 950 5.264
1787276361 63.8 63.8 62.8 63.8 2208 950 5.278
1787276362 68.4 69.3 67.5 69.3 2208 950 5.201
1787276364 71.2 72.1 71.2 72.1 2208 950 5.206
1787276365 66.5 65.6 64.7 66.5 2208 950 5.283
1787276366 65.6 64.7 63.8 64.7 2208 950 5.269
1787276367 65.6 65.6 64.7 65.6 2208 950 5.278
1787276368 69.3 69.3 68.4 69.3 2208 950 5.269
1787276369 73.0 73.0 72.1 73.9 2208 950 5.264
1787276370 67.5 67.5 66.5 67.5 2208 950 5.225
1787276371 66.5 66.5 65.6 67.5 2208 950 5.307
1787276372 65.6 65.6 64.7 65.6 2208 950 5.235
1787276373 64.7 64.7 63.8 65.6 2208 950 5.177
1787276374 69.3 71.2 69.3 71.2 2208 950 5.186
1787276376 70.2 70.2 69.3 70.2 2208 950 5.283
1787276377 73.0 73.0 72.1 73.0 2208 950 5.288
1787276378 73.9 74.8 73.0 75.8 2208 950 5.225
1787276379 68.4 68.4 67.5 68.4 2208 950 5.249
1787276380 70.2 70.2 69.3 70.2 2208 950 5.215
1787276381 69.3 68.4 67.5 69.3 2208 950 5.215
1787276382 68.4 68.4 67.5 69.3 2208 950 5.191
1787276383 69.3 69.3 69.3 71.2 2208 950 5.206
1787276384 69.3 69.3 68.4 69.3 2208 950 5.298
1787276385 67.5 67.5 66.5 67.5 2208 950 5.293
1787276386 73.0 73.9 72.1 73.0 2208 950 5.298
1787276387 74.8 74.8 73.0 74.8 2208 950 5.177
1787276389 69.3 68.4 67.5 68.4 2208 950 5.307
1787276390 67.5 66.5 66.5 69.3 2208 950 5.182
1787276391 70.2 69.3 69.3 70.2 2208 950 5.230
1787276392 73.0 72.1 72.1 73.0 2208 950 5.254
1787276393 72.1 72.1 71.2 73.0 2208 950 5.215
1787276394 73.0 74.8 73.0 74.8 2208 950 5.225
1787276395 69.3 68.4 67.5 69.3 2208 950 5.225
1787276396 67.5 66.5 66.5 67.5 2208 950 5.211
1787276397 66.5 66.5 65.6 66.5 2208 950 5.235
1787276398 73.0 73.9 73.0 74.8 2208 950 5.230
1787276400 72.1 73.0 72.1 73.9 2208 950 5.201
1787276401 69.3 68.4 67.5 69.3 2208 950 5.283
1787276402 69.3 70.2 69.3 70.2 2208 950 5.177
1787276403 73.0 73.0 73.0 73.9 2208 950 5.298
1787276404 68.4 68.4 67.5 68.4 2208 950 5.307
1787276405 74.8 75.8 73.9 75.8 2208 950 5.191
1787276406 72.1 71.2 71.2 71.2 2208 950 5.293
1787276407 69.3 68.4 67.5 68.4 2208 950 5.240
1787276408 69.3 70.2 69.3 71.2 2208 950 5.196
1787276410 75.8 75.8 74.8 75.8 2208 950 5.206
1787276411 73.0 74.8 73.0 74.8 2208 950 5.157
1787276412 73.9 74.8 73.0 75.8 2208 950 5.196
1787276413 70.2 69.3 69.3 70.2 2208 950 5.288
1787276414 68.4 68.4 67.5 68.4 2208 950 5.240
1787276415 67.5 67.5 66.5 67.5 2208 950 5.211
1787276416 71.2 71.2 70.2 71.2 2208 950 5.244
1787276417 71.2 71.2 70.2 71.2 2208 950 5.278
1787276418 68.4 68.4 67.5 68.4 2208 950 5.230
1787276419 71.2 70.2 70.2 72.1 2208 950 5.215
1787276420 70.2 69.3 69.3 70.2 2208 950 5.215
1787276422 67.5 67.5 67.5 68.4 2208 950 5.283
1787276423 74.8 75.8 73.9 75.8 2208 950 5.182
1787276424 73.0 73.9 72.1 73.9 2208 950 5.206
1787276425 69.3 69.3 68.4 69.3 2208 950 5.269
1787276426 69.3 70.2 69.3 72.1 2208 950 5.215
1787276427 71.2 73.0 71.2 73.0 2208 950 5.235
1787276428 72.1 72.1 71.2 72.1 2208 950 5.254
1787276429 68.4 67.5 67.5 68.4 2208 950 5.283
1787276430 72.1 72.1 71.2 73.0 2208 950 5.230
1787276431 73.0 74.8 73.0 74.8 2208 950 5.220
1787276433 74.8 75.8 73.9 76.7 2208 950 5.206
1787276434 73.0 73.9 73.0 74.8 2208 950 5.211
1787276435 70.2 70.2 69.3 70.2 2208 950 5.288
1787276436 69.3 68.4 67.5 69.3 2208 950 5.293
1787276437 68.4 68.4 67.5 68.4 2208 950 5.278
1787276438 67.5 67.5 66.5 67.5 2208 950 5.235
1787276439 66.5 66.5 65.6 66.5 2208 950 5.225
1787276440 66.5 66.5 65.6 66.5 2208 950 5.288
1787276441 66.5 65.6 64.7 66.5 2208 950 5.225
1787276442 65.6 65.6 65.6 65.6 2208 950 5.249
1787276443 65.6 65.6 64.7 65.6 2208 950 5.244
1787276444 65.6 64.7 64.7 65.6 2208 950 5.225
1787276446 65.6 64.7 63.8 65.6 2208 950 5.298
1787276447 64.7 64.7 63.8 65.6 2208 950 5.278
1787276448 64.7 63.8 63.8 65.6 2208 950 5.230
1787276449 64.7 63.8 63.8 64.7 2208 950 5.288
1787276450 64.7 63.8 63.8 64.7 2208 950 5.298
1787276451 63.8 63.8 62.8 64.7 2208 950 5.225
1787276452 63.8 63.8 62.8 63.8 2208 950 5.264
1787276453 63.8 63.8 62.8 63.8 2208 950 5.283
1787276454 63.8 63.8 62.8 63.8 2208 950 5.225
1787276455 63.8 63.8 62.8 63.8 2208 950 5.254
1787276456 63.8 63.8 62.8 63.8 2208 950 5.211
1787276457 63.8 62.8 61.9 63.8 2208 950 5.302
1787276458 63.8 62.8 61.9 63.8 2208 950 5.293
1787276459 67.5 68.4 66.5 68.4 2208 950 5.220
1787276460 69.3 70.2 68.4 69.3 2208 950 5.225
1787276462 70.2 70.2 69.3 70.2 2208 950 5.206
1787276463 70.2 71.2 69.3 70.2 2208 950 5.211
1787276464 71.2 71.2 70.2 71.2 2208 950 5.240
1787276465 71.2 72.1 70.2 71.2 2208 950 5.191
1787276466 71.2 72.1 71.2 72.1 2208 950 5.215
1787276467 72.1 73.0 71.2 72.1 2208 950 5.220
1787276468 72.1 72.1 71.2 72.1 2208 950 5.264
1787276469 70.2 70.2 69.3 70.2 2208 950 5.235
1787276470 68.4 67.5 67.5 69.3 2208 950 5.240
1787276471 67.5 66.5 65.6 66.5 2208 950 5.269
1787276472 70.2 71.2 70.2 72.1 2208 950 5.211
1787276473 73.9 74.8 73.0 74.8 2208 950 5.220
1787276475 74.8 75.8 74.8 76.7 2208 950 5.215
1787276476 75.8 76.7 75.8 77.6 2208 950 5.211
1787276477 76.7 77.6 75.8 77.6 2208 950 5.215
1787276478 77.6 78.5 76.7 78.5 2208 950 5.206
1787276479 77.6 78.5 77.6 79.5 2208 950 5.244
1787276480 77.6 78.5 76.7 79.5 2208 950 5.201
1787276481 78.5 79.5 77.6 80.4 2208 950 5.264
1787276482 78.5 79.5 78.5 80.4 2208 950 5.162
1787276484 78.5 78.5 77.6 79.5 2208 950 5.220
1787276485 79.5 79.5 78.5 80.4 2208 950 5.167
1787276486 79.5 80.4 78.5 80.4 2208 950 5.182
1787276487 80.4 81.3 79.5 82.2 2208 950 5.157
1787276488 80.4 81.3 79.5 81.3 2208 950 5.211
1787276489 80.4 81.3 79.5 81.3 2208 950 5.235
1787276490 80.4 81.3 79.5 82.2 2208 950 5.254
1787276492 80.4 81.3 79.5 81.3 2208 950 5.220
1787276493 81.3 82.2 80.4 82.2 2208 950 5.162
1787276494 81.3 82.2 80.4 82.2 2208 950 5.225
1787276495 82.2 83.2 81.3 83.2 2208 950 5.206
1787276496 82.2 83.2 81.3 84.1 2208 950 5.186
1787276497 82.2 83.2 81.3 84.1 2208 950 5.201
1787276498 82.2 83.2 81.3 83.2 2208 950 5.211
1787276499 83.2 84.1 82.2 84.1 2208 950 5.172
1787276500 82.2 83.2 81.3 84.1 2208 950 5.293
1787276502 82.2 84.1 82.2 83.2 2208 950 5.206
1787276503 83.2 83.2 82.2 84.1 2208 950 5.162
1787276504 83.2 83.2 82.2 84.1 2208 950 5.177
1787276505 83.2 84.1 82.2 85.0 2208 950 5.196
1787276506 83.2 84.1 82.2 85.0 2208 950 5.186
1787276507 83.2 84.1 83.2 85.0 2208 950 5.182
1787276508 83.2 84.1 82.2 84.1 2208 950 5.211
1787276510 82.2 84.1 82.2 84.1 2208 950 5.196
1787276511 84.1 84.1 83.2 85.0 2208 950 5.196
1787276512 84.1 85.0 83.2 85.0 2016 950 5.211
1787276513 84.1 84.1 83.2 84.1 2208 950 5.201
1787276514 84.1 85.0 83.2 85.9 2208 950 5.143
1787276515 84.1 85.0 84.1 85.0 2016 950 5.225
1787276516 84.1 85.0 83.2 85.0 2208 950 5.196
1787276518 85.0 85.0 84.1 85.9 2016 950 5.215
1787276519 85.0 85.0 84.1 85.9 2016 950 5.206
1787276520 85.0 85.9 84.1 85.0 2208 950 5.191
1787276521 85.0 85.9 84.1 85.9 2016 950 5.254
1787276522 85.0 85.0 84.1 85.0 2016 950 5.215
1787276523 85.0 85.0 83.2 85.9 2016 950 5.201
1787276524 85.0 85.9 84.1 85.9 2016 950 5.225
1787276525 85.0 85.9 84.1 85.9 2016 950 5.191
1787276527 85.0 85.9 85.0 85.9 2016 950 5.211
1787276528 85.0 85.9 84.1 85.0 2016 950 5.230
1787276529 85.0 85.9 84.1 85.0 2016 950 5.172
1787276530 85.0 85.9 84.1 85.0 1800 950 5.240
1787276531 85.0 85.9 85.0 85.9 1800 950 5.211
1787276532 85.0 85.9 84.1 85.0 2016 950 5.254
1787276533 78.5 77.6 77.6 78.5 2208 950 5.278
1787276534 76.7 76.7 75.8 76.7 2208 950 5.273
1787276535 75.8 75.8 74.8 75.8 2208 950 5.288
1787276537 74.8 73.9 73.9 74.8 2208 950 5.269
1787276538 73.9 73.0 73.0 74.8 2208 950 5.273
1787276539 73.0 73.0 72.1 73.0 2208 950 5.235
1787276540 73.0 72.1 72.1 73.0 2208 950 5.240
1787276541 73.0 72.1 71.2 73.0 2208 950 5.278
1787276542 72.1 71.2 71.2 72.1 2208 950 5.293
1787276543 72.1 71.2 71.2 72.1 2208 950 5.254
1787276544 71.2 71.2 70.2 71.2 2208 950 5.225
1787276545 71.2 70.2 70.2 71.2 2208 950 5.235
1787276546 71.2 70.2 69.3 71.2 2208 950 5.298
1787276547 70.2 70.2 69.3 70.2 2208 950 5.293
1787276548 70.2 70.2 69.3 70.2 2208 950 5.288
1787276549 70.2 69.3 68.4 70.2 2208 950 5.298
1787276550 69.3 69.3 68.4 69.3 2208 950 5.269
1787276551 69.3 68.4 68.4 69.3 2208 950 5.264
1787276553 69.3 68.4 67.5 69.3 2208 950 5.259
1787276554 69.3 68.4 68.4 69.3 2208 950 5.269
1787276555 68.4 67.5 67.5 68.4 2208 950 5.264
1787276556 68.4 67.5 67.5 68.4 2208 950 5.283
1787276557 70.2 71.2 69.3 71.2 2208 950 5.312
1787276558 70.2 69.3 69.3 70.2 2208 950 5.302
1787276559 69.3 69.3 68.4 69.3 2208 950 5.225
1787276560 73.0 73.9 72.1 73.9 2208 950 5.230
1787276561 75.8 76.7 74.8 75.8 2208 950 5.254
1787276562 70.2 69.3 69.3 70.2 2208 950 5.307
1787276563 71.2 71.2 70.2 72.1 2208 950 5.269
1787276564 75.8 76.7 74.8 76.7 2208 950 5.240
1787276565 73.0 73.0 72.1 73.0 2208 950 5.307
1787276567 70.2 69.3 69.3 70.2 2208 950 5.225
1787276568 69.3 69.3 68.4 69.3 2208 950 5.240
1787276569 69.3 68.4 67.5 69.3 2208 950 5.273
1787276570 68.4 67.5 67.5 68.4 2208 950 5.244
1787276571 73.9 74.8 73.0 73.9 2208 950 5.288
1787276572 71.2 70.2 69.3 70.2 2208 950 5.225
1787276573 69.3 69.3 68.4 69.3 2208 950 5.293
1787276574 73.0 72.1 72.1 73.0 2208 950 5.269
1787276575 72.1 71.2 71.2 71.2 2208 950 5.215
1787276576 71.2 70.2 69.3 71.2 2208 950 5.302
1787276577 70.2 70.2 69.3 71.2 2208 950 5.196
1787276578 72.1 71.2 71.2 73.0 2208 950 5.157
1787276580 73.9 74.8 73.9 76.7 2208 950 5.162
1787276581 73.0 72.1 72.1 73.0 2208 950 5.288
1787276582 71.2 71.2 70.2 71.2 2208 950 5.230
1787276583 72.1 72.1 71.2 72.1 2208 950 5.283
1787276584 76.7 77.6 76.7 78.5 2208 950 5.162
1787276585 78.5 78.5 77.6 78.5 2208 950 5.230
1787276586 78.5 78.5 77.6 79.5 2208 950 5.211
1787276587 76.7 77.6 76.7 78.5 2208 950 5.211
1787276588 72.1 72.1 71.2 73.0 2208 950 5.269
1787276590 77.6 76.7 76.7 76.7 2208 950 5.269
1787276591 72.1 71.2 71.2 72.1 2208 950 5.302
1787276592 75.8 76.7 74.8 76.7 2208 950 5.215
1787276593 78.5 79.5 77.6 79.5 2208 950 5.220
1787276594 72.1 71.2 71.2 72.1 2208 950 5.307
1787276595 70.2 70.2 69.3 71.2 2208 950 5.293
1787276596 70.2 69.3 69.3 70.2 2208 950 5.283
1787276597 73.9 73.9 73.0 73.9 2208 950 5.269
1787276598 77.6 77.6 76.7 76.7 2208 950 5.273
1787276599 78.5 79.5 77.6 80.4 2208 950 5.182
1787276600 73.0 72.1 71.2 72.1 2208 950 5.230
1787276601 71.2 71.2 69.3 71.2 2208 950 5.191
1787276602 77.6 78.5 76.7 78.5 2208 950 5.215
1787276604 76.7 77.6 75.8 77.6 2208 950 5.307
1787276605 72.1 71.2 71.2 72.1 2208 950 5.293
1787276606 75.8 75.8 74.8 76.7 2208 950 5.182
1787276607 74.8 75.8 73.9 76.7 2208 950 5.196
1787276608 73.0 72.1 72.1 73.0 2208 950 5.259
1787276609 71.2 70.2 69.3 71.2 2208 950 5.283
1787276610 77.6 77.6 75.8 78.5 2208 950 5.172
1787276611 74.8 74.8 73.9 75.8 2208 950 5.220
1787276612 73.0 72.1 71.2 72.1 2208 950 5.244
1787276613 76.7 77.6 75.8 77.6 2208 950 5.254
1787276614 73.0 73.0 72.1 73.9 2208 950 5.201
1787276616 75.8 76.7 74.8 77.6 2208 950 5.162
1787276617 73.9 73.0 73.0 73.0 2208 950 5.259
1787276618 71.2 71.2 70.2 71.2 2208 950 5.288
1787276619 71.2 70.2 69.3 70.2 2208 950 5.240
1787276620 70.2 69.3 68.4 70.2 2208 950 5.273
1787276621 75.8 76.7 74.8 76.7 2208 950 5.196
1787276622 73.9 74.8 73.0 74.8 2208 950 5.196
1787276623 78.5 78.5 76.7 79.5 2208 950 5.230
1787276624 72.1 72.1 71.2 72.1 2208 950 5.220
1787276625 71.2 70.2 69.3 71.2 2208 950 5.269
1787276626 73.0 73.0 72.1 73.0 2208 950 5.293
1787276628 73.9 73.9 73.0 73.9 2208 950 5.293
1787276629 71.2 71.2 70.2 70.2 2208 950 5.225
1787276630 77.6 78.5 76.7 77.6 2208 950 5.249
1787276631 71.2 71.2 70.2 71.2 2208 950 5.293
1787276632 70.2 69.3 69.3 70.2 2208 950 5.244
1787276633 69.3 69.3 68.4 69.3 2208 950 5.235
1787276634 69.3 69.3 68.4 69.3 2208 950 5.293
1787276635 68.4 68.4 67.5 68.4 2208 950 5.215
1787276636 68.4 68.4 67.5 68.4 2208 950 5.278
1787276637 68.4 67.5 66.5 67.5 2208 950 5.278
1787276638 67.5 67.5 66.5 67.5 2208 950 5.298
1787276639 67.5 66.5 66.5 67.5 2208 950 5.235
1787276640 67.5 66.5 66.5 66.5 2208 950 5.244
1787276641 66.5 66.5 65.6 66.5 2208 950 5.302
1787276643 66.5 66.5 65.6 66.5 2208 950 5.254
1787276644 66.5 66.5 65.6 66.5 2208 950 5.264
1787276645 66.5 65.6 65.6 66.5 2208 950 5.225
1787276646 66.5 65.6 64.7 65.6 2208 950 5.278
1787276647 65.6 65.6 64.7 65.6 2208 950 5.307
1787276648 65.6 65.6 64.7 65.6 2208 950 5.273
1787276649 65.6 65.6 64.7 65.6 2208 950 5.302
1787276650 65.6 64.7 64.7 65.6 2208 950 5.269
1787276651 65.6 65.6 64.7 65.6 2208 950 5.269
1787276652 65.6 64.7 64.7 65.6 2208 950 5.225
1787276653 65.6 64.7 63.8 65.6 2208 950 5.298
1787276654 65.6 64.7 63.8 65.6 2208 950 5.288
1787276655 65.6 66.5 64.7 67.5 2208 950 5.240
1787276657 69.3 70.2 68.4 70.2 2208 950 5.143
1787276658 70.2 71.2 69.3 70.2 2208 950 5.254
1787276659 71.2 71.2 70.2 71.2 2208 950 5.249
1787276660 72.1 72.1 71.2 72.1 2208 950 5.235
1787276661 72.1 73.0 72.1 73.0 2208 950 5.254
1787276662 72.1 73.0 72.1 73.0 2208 950 5.254
1787276663 72.1 73.0 72.1 73.0 2208 950 5.191
1787276664 73.0 73.0 72.1 73.0 2208 950 5.196
1787276665 73.0 73.9 73.0 73.9 2208 950 5.249
1787276666 70.2 70.2 69.3 70.2 2208 950 5.225
1787276667 69.3 68.4 67.5 69.3 2208 950 5.293
1787276668 71.2 72.1 70.2 72.1 2208 950 5.220
1787276669 75.8 76.7 74.8 76.7 2208 950 5.196
1787276671 76.7 77.6 75.8 77.6 2208 950 5.177
1787276672 77.6 78.5 76.7 79.5 2208 950 5.215
1787276673 78.5 79.5 77.6 79.5 2208 950 5.153
1787276674 79.5 79.5 78.5 80.4 2208 950 5.211
1787276675 79.5 79.5 78.5 80.4 2208 950 5.177
1787276676 80.4 81.3 79.5 80.4 2208 950 5.157
1787276678 80.4 80.4 79.5 81.3 2208 950 5.196
1787276679 80.4 81.3 79.5 82.2 2208 950 5.244
1787276680 80.4 81.3 79.5 82.2 2208 950 5.215
1787276681 81.3 81.3 80.4 82.2 2208 950 5.215
1787276682 80.4 81.3 79.5 81.3 2208 950 5.230
1787276683 81.3 82.2 80.4 82.2 2208 950 5.153
1787276684 82.2 83.2 81.3 83.2 2208 950 5.206
1787276685 81.3 82.2 80.4 83.2 2208 950 5.220
1787276687 82.2 83.2 81.3 83.2 2208 950 5.162
1787276688 83.2 83.2 82.2 84.1 2208 950 5.215
1787276689 82.2 83.2 81.3 84.1 2208 950 5.172
1787276690 83.2 84.1 82.2 84.1 2208 950 5.186
1787276691 83.2 84.1 82.2 85.0 2208 950 5.186
1787276692 84.1 85.0 83.2 85.0 2208 950 5.182
1787276693 84.1 85.0 84.1 85.9 2016 950 5.196
1787276695 84.1 84.1 83.2 85.0 2208 950 5.201
1787276696 84.1 85.0 83.2 85.0 2208 950 5.196
1787276697 84.1 85.0 83.2 85.0 2208 950 5.215
1787276698 84.1 84.1 83.2 85.0 2208 950 5.240
1787276699 84.1 85.0 83.2 85.9 2016 950 5.206
1787276700 84.1 84.1 83.2 85.0 2208 950 5.215
1787276701 85.0 85.0 84.1 85.0 2016 950 5.196
1787276702 85.0 85.9 84.1 85.9 2016 950 5.254
1787276704 85.0 85.9 84.1 85.9 2016 950 5.215
1787276705 85.0 85.0 84.1 85.9 2016 950 5.206
1787276706 85.0 85.0 84.1 85.0 2016 950 5.153
1787276707 85.0 85.0 84.1 85.9 2016 950 5.230
1787276708 85.0 85.9 84.1 86.8 2016 950 5.230
1787276709 85.0 85.0 84.1 85.9 2016 950 5.201
1787276710 85.0 85.0 84.1 85.9 2016 950 5.230
1787276711 85.0 85.9 84.1 85.9 1800 950 5.177
1787276713 85.0 85.9 84.1 85.9 1800 950 5.215
1787276714 85.0 85.9 84.1 85.9 1800 950 5.235
1787276715 85.0 85.0 84.1 85.9 1800 950 5.235
1787276716 85.0 85.9 84.1 85.9 1800 950 5.211
1787276717 85.0 85.9 85.0 85.9 1800 950 5.206
1787276718 85.0 85.9 85.0 85.9 1800 950 5.201
1787276719 85.0 85.9 84.1 85.0 2016 950 5.244
1787276721 85.9 86.8 85.0 86.8 1800 950 5.211
1787276722 85.0 85.9 84.1 85.9 1800 950 5.191
1787276723 85.0 85.9 84.1 85.9 1800 950 5.244
1787276724 85.0 86.8 85.0 85.9 1800 950 5.201
1787276725 85.0 86.8 85.0 85.9 1800 950 5.211
1787276726 85.9 86.8 85.0 85.9 1800 950 5.201
1787276727 85.9 86.8 85.0 85.9 1608 950 5.201
1787276728 85.0 85.9 85.0 85.0 1800 950 5.225
1787276730 79.5 79.5 78.5 80.4 2208 950 5.269
1787276731 77.6 76.7 76.7 77.6 2208 950 5.298
1787276732 76.7 75.8 75.8 76.7 2208 950 5.269
1787276733 75.8 74.8 74.8 75.8 2208 950 5.269
1787276734 74.8 74.8 73.9 74.8 2208 950 5.273
1787276735 74.8 73.9 73.0 73.9 2208 950 5.278
1787276736 73.9 73.0 73.0 73.9 2208 950 5.293
1787276737 73.0 73.0 72.1 73.0 2208 950 5.254
1787276738 73.0 72.1 72.1 73.0 2208 950 5.225
1787276739 72.1 72.1 71.2 72.1 2208 950 5.235
1787276740 72.1 71.2 71.2 72.1 2208 950 5.293
1787276741 72.1 71.2 71.2 72.1 2208 950 5.293
1787276742 71.2 71.2 70.2 72.1 2208 950 5.264
1787276743 71.2 71.2 70.2 71.2 2208 950 5.254
1787276745 71.2 70.2 70.2 70.2 2208 950 5.259
1787276746 71.2 70.2 69.3 71.2 2208 950 5.269
1787276747 70.2 70.2 69.3 71.2 2208 950 5.249
1787276748 70.2 69.3 69.3 70.2 2208 950 5.225
1787276749 69.3 69.3 69.3 70.2 2208 950 5.273
1787276750 69.3 69.3 68.4 69.3 2208 950 5.254
1787276751 69.3 69.3 68.4 69.3 2208 950 5.273
1787276752 69.3 69.3 68.4 69.3 2208 950 5.307
1787276753 69.3 68.4 68.4 69.3 2208 950 5.283
1787276754 75.8 76.7 74.8 77.6 2208 950 5.201
1787276755 73.0 73.0 72.1 73.0 2208 950 5.273
1787276756 70.2 71.2 70.2 71.2 2208 950 5.264
1787276757 72.1 71.2 70.2 71.2 2208 950 5.293
1787276759 70.2 69.3 69.3 70.2 2208 950 5.269
1787276760 70.2 69.3 68.4 70.2 2208 950 5.298
1787276761 75.8 75.8 74.8 76.7 2208 950 5.186
1787276762 71.2 70.2 70.2 71.2 2208 950 5.249
1787276763 70.2 69.3 68.4 70.2 2208 950 5.273
1787276764 71.2 71.2 71.2 72.1 2208 950 5.249
1787276765 70.2 70.2 69.3 70.2 2208 950 5.293
1787276766 69.3 69.3 68.4 69.3 2208 950 5.273
1787276767 69.3 68.4 68.4 69.3 2208 950 5.244
1787276768 68.4 67.5 67.5 68.4 2208 950 5.249
1787276769 68.4 67.5 66.5 68.4 2208 950 5.240
1787276770 75.8 76.7 74.8 75.8 2208 950 5.230
1787276771 71.2 71.2 70.2 71.2 2208 950 5.215
1787276773 69.3 69.3 68.4 69.3 2208 950 5.293
1787276774 70.2 71.2 69.3 72.1 2208 950 5.249
1787276775 76.7 76.7 75.8 77.6 2208 950 5.196
1787276776 71.2 71.2 70.2 71.2 2208 950 5.288
1787276777 76.7 77.6 75.8 77.6 2208 950 5.172
1787276778 71.2 71.2 70.2 71.2 2208 950 5.235
1787276779 70.2 69.3 68.4 69.3 2208 950 5.235
1787276780 74.8 74.8 73.9 75.8 2208 950 5.182
1787276781 76.7 76.7 75.8 76.7 2208 950 5.211
1787276782 77.6 77.6 76.7 77.6 2208 950 5.298
1787276783 73.0 73.0 72.1 73.0 2208 950 5.230
1787276785 75.8 76.7 74.8 76.7 2208 950 5.244
1787276786 74.8 75.8 73.9 75.8 2208 950 5.244
1787276787 78.5 78.5 77.6 80.4 2208 950 5.211
1787276788 73.0 72.1 72.1 73.0 2208 950 5.278
1787276789 71.2 71.2 70.2 71.2 2208 950 5.201
1787276790 74.8 73.9 73.0 74.8 2208 950 5.298
1787276791 76.7 76.7 75.8 76.7 2208 950 5.293
1787276792 72.1 71.2 71.2 71.2 2208 950 5.235
1787276793 73.9 74.8 73.0 75.8 2208 950 5.191
1787276794 78.5 79.5 77.6 79.5 2208 950 5.201
1787276796 73.9 73.9 73.0 73.9 2208 950 5.230
1787276797 71.2 71.2 70.2 72.1 2208 950 5.293
1787276798 76.7 77.6 76.7 78.5 2208 950 5.211
1787276799 72.1 72.1 71.2 72.1 2208 950 5.269
1787276800 75.8 76.7 74.8 76.7 2208 950 5.182
1787276801 79.5 79.5 78.5 80.4 2208 950 5.220
1787276802 73.0 72.1 72.1 73.0 2208 950 5.298
1787276803 72.1 71.2 71.2 72.1 2208 950 5.235
1787276804 77.6 77.6 75.8 78.5 2208 950 5.225
1787276805 74.8 74.8 73.9 74.8 2208 950 5.273
1787276806 71.2 71.2 70.2 71.2 2208 950 5.293
1787276808 73.0 73.0 72.1 74.8 2208 950 5.225
1787276809 77.6 77.6 76.7 78.5 2208 950 5.254
1787276810 73.0 72.1 71.2 72.1 2208 950 5.249
1787276811 71.2 70.2 69.3 71.2 2208 950 5.244
1787276812 76.7 76.7 75.8 78.5 2208 950 5.162
1787276813 78.5 79.5 77.6 80.4 2208 950 5.201
1787276814 72.1 72.1 71.2 72.1 2208 950 5.254
1787276815 73.9 74.8 73.9 75.8 2208 950 5.225
1787276816 77.6 78.5 76.7 79.5 2208 950 5.230
1787276818 73.9 73.0 73.0 73.9 2208 950 5.273
1787276819 71.2 71.2 70.2 71.2 2208 950 5.288
1787276820 72.1 73.0 72.1 74.8 2208 950 5.201
1787276821 77.6 78.5 76.7 78.5 2208 950 5.148
1787276822 73.0 72.1 72.1 73.0 2208 950 5.283
1787276823 71.2 70.2 70.2 71.2 2208 950 5.196
1787276824 75.8 76.7 74.8 77.6 2208 950 5.186
1787276825 79.5 79.5 77.6 79.5 2208 950 5.206
1787276826 72.1 72.1 71.2 72.1 2208 950 5.215
1787276827 73.0 73.9 73.0 74.8 2208 950 5.249
1787276828 71.2 70.2 70.2 71.2 2208 950 5.230
1787276830 70.2 69.3 69.3 69.3 2208 950 5.273
1787276831 70.2 69.3 69.3 70.2 2208 950 5.259
1787276832 69.3 68.4 67.5 69.3 2208 950 5.254
1787276833 69.3 68.4 67.5 68.4 2208 950 5.283
1787276834 68.4 67.5 67.5 68.4 2208 950 5.254
1787276835 68.4 67.5 67.5 68.4 2208 950 5.249
1787276836 68.4 67.5 66.5 67.5 2208 950 5.278
1787276837 67.5 67.5 66.5 67.5 2208 950 5.254
1787276838 67.5 67.5 66.5 67.5 2208 950 5.278
1787276839 67.5 66.5 65.6 67.5 2208 950 5.273
1787276840 67.5 66.5 65.6 66.5 2208 950 5.283
1787276841 66.5 66.5 65.6 66.5 2208 950 5.240
1787276842 66.5 66.5 65.6 66.5 2208 950 5.220
1787276843 66.5 65.6 65.6 66.5 2208 950 5.302
1787276845 66.5 65.6 65.6 66.5 2208 950 5.264
1787276846 66.5 65.6 65.6 66.5 2208 950 5.249
1787276847 65.6 65.6 64.7 66.5 2208 950 5.259
1787276848 65.6 65.6 64.7 65.6 2208 950 5.307
1787276849 65.6 65.6 64.7 65.6 2208 950 5.259
1787276850 65.6 65.6 64.7 65.6 2208 950 5.293
1787276851 65.6 64.7 64.7 65.6 2208 950 5.327
1787276852 66.5 66.5 65.6 66.5 2208 950 5.220
1787276853 70.2 70.2 69.3 70.2 2208 950 5.206
1787276854 71.2 71.2 70.2 71.2 2208 950 5.254
1787276855 71.2 72.1 71.2 72.1 2208 950 5.235
1787276856 73.0 73.0 72.1 73.0 2208 950 5.235
1787276857 72.1 73.0 72.1 73.0 2208 950 5.182
1787276858 73.0 73.0 72.1 73.9 2208 950 5.235
1787276860 73.0 73.0 72.1 73.0 2208 950 5.240
1787276861 73.0 73.9 73.0 73.9 2208 950 5.244
1787276862 73.9 74.8 73.0 74.8 2208 950 5.240
1787276863 71.2 70.2 69.3 71.2 2208 950 5.298
1787276864 69.3 69.3 68.4 69.3 2208 950 5.211
1787276865 69.3 71.2 69.3 71.2 2208 950 5.220
1787276866 74.8 75.8 73.9 75.8 2208 950 5.220
1787276867 76.7 76.7 75.8 76.7 2208 950 5.220
1787276868 77.6 77.6 76.7 78.5 2208 950 5.206
1787276869 78.5 79.5 77.6 79.5 2208 950 5.196
1787276871 78.5 79.5 77.6 79.5 2208 950 5.220
1787276872 79.5 79.5 78.5 80.4 2208 950 5.225
1787276873 79.5 81.3 79.5 81.3 2208 950 5.230
1787276874 80.4 81.3 80.4 82.2 2208 950 5.254
1787276875 80.4 81.3 79.5 81.3 2208 950 5.206
1787276876 80.4 81.3 79.5 82.2 2208 950 5.191
1787276877 81.3 81.3 80.4 82.2 2208 950 5.191
1787276878 81.3 82.2 80.4 82.2 2208 950 5.148
1787276880 81.3 82.2 81.3 83.2 2208 950 5.201
1787276881 81.3 82.2 80.4 82.2 2208 950 5.182
1787276882 82.2 82.2 81.3 83.2 2208 950 5.230
1787276883 82.2 82.2 81.3 83.2 2208 950 5.254
1787276884 83.2 83.2 81.3 84.1 2208 950 5.215
1787276885 83.2 83.2 81.3 84.1 2208 950 5.230
1787276886 83.2 83.2 82.2 84.1 2208 950 5.172
1787276888 83.2 84.1 82.2 85.0 2208 950 5.249
1787276889 82.2 84.1 82.2 85.0 2208 950 5.196
1787276890 83.2 83.2 82.2 85.0 2208 950 5.196
1787276891 83.2 84.1 83.2 85.0 2208 950 5.225
1787276892 83.2 84.1 82.2 84.1 2208 950 5.186
1787276893 84.1 85.0 83.2 85.0 2208 950 5.220
1787276894 83.2 84.1 82.2 85.0 2208 950 5.201
1787276896 83.2 84.1 83.2 85.0 2208 950 5.220
1787276897 84.1 85.0 83.2 85.0 2208 950 5.206
1787276898 84.1 85.0 83.2 85.0 2208 950 5.177
1787276899 84.1 85.0 84.1 85.9 2016 950 5.186
1787276900 84.1 85.0 83.2 85.0 2208 950 5.196
1787276901 85.0 85.9 84.1 85.9 2016 950 5.206
1787276902 85.0 85.9 84.1 85.9 2016 950 5.220
1787276904 84.1 85.0 84.1 85.9 2016 950 5.254
1787276905 85.0 85.9 84.1 85.9 2016 950 5.206
1787276906 85.0 85.9 85.0 85.9 2016 950 5.235
1787276907 85.0 85.0 84.1 85.0 2016 950 5.196
1787276908 85.0 85.9 84.1 85.9 1800 950 5.230
1787276909 84.1 85.0 84.1 85.0 2016 950 5.249
1787276910 85.0 85.9 84.1 85.9 1800 950 5.215
1787276912 85.0 85.9 84.1 85.9 1800 950 5.206
1787276913 85.0 86.8 84.1 85.0 1800 950 5.191
1787276914 85.0 85.9 85.0 85.9 2016 950 5.230
1787276915 85.0 85.9 85.0 85.9 1800 950 5.182
1787276916 85.0 85.9 85.0 85.9 1800 950 5.235
1787276917 85.0 85.9 84.1 85.9 1800 950 5.211
1787276918 85.0 85.9 85.0 85.9 1800 950 5.211
1787276920 85.0 85.9 85.0 85.9 1800 950 5.196
1787276921 85.9 86.8 85.0 85.9 1800 950 5.191
1787276922 85.0 85.9 84.1 85.9 1800 950 5.211
1787276923 85.9 86.8 85.0 85.9 1800 950 5.186
1787276924 85.9 86.8 85.0 86.8 1608 950 5.191
1787276925 85.9 86.8 85.0 85.0 1608 950 5.240
1787276926 79.5 78.5 77.6 79.5 2208 950 5.235
1787276927 77.6 76.7 75.8 77.6 2208 950 5.273
1787276929 76.7 75.8 75.8 76.7 2208 950 5.273
1787276930 75.8 74.8 74.8 75.8 2208 950 5.240
1787276931 74.8 74.8 73.9 74.8 2208 950 5.259
1787276932 73.9 73.9 73.0 74.8 2208 950 5.293
1787276933 73.9 73.0 73.0 73.9 2208 950 5.215
1787276934 73.0 73.0 72.1 73.0 2208 950 5.273
1787276935 73.0 72.1 72.1 73.0 2208 950 5.293
1787276936 72.1 72.1 72.1 72.1 2208 950 5.298
1787276937 72.1 72.1 71.2 72.1 2208 950 5.235
1787276938 72.1 71.2 71.2 72.1 2208 950 5.302
1787276939 71.2 71.2 71.2 71.2 2208 950 5.273
1787276940 71.2 71.2 70.2 71.2 2208 950 5.273
1787276941 71.2 71.2 70.2 71.2 2208 950 5.298
1787276942 71.2 70.2 70.2 71.2 2208 950 5.235
1787276944 70.2 70.2 69.3 71.2 2208 950 5.302
1787276945 70.2 70.2 69.3 70.2 2208 950 5.244
1787276946 70.2 69.3 69.3 70.2 2208 950 5.293
1787276947 70.2 69.3 68.4 69.3 2208 950 5.317
1787276948 69.3 69.3 68.4 70.2 2208 950 5.302
1787276949 69.3 69.3 68.4 69.3 2208 950 5.293
1787276950 69.3 68.4 67.5 69.3 2208 950 5.273
1787276951 71.2 72.1 71.2 73.0 2208 950 5.230
1787276952 76.7 77.6 75.8 77.6 2208 950 5.249
1787276953 71.2 71.2 70.2 71.2 2208 950 5.225
1787276954 70.2 70.2 69.3 69.3 2208 950 5.249
1787276955 75.8 76.7 74.8 77.6 2208 950 5.215
1787276957 73.9 73.9 73.0 73.9 2208 950 5.288
1787276958 77.6 78.5 76.7 77.6 2208 950 5.211
1787276959 73.9 73.9 73.0 73.9 2208 950 5.302
1787276960 71.2 71.2 70.2 71.2 2208 950 5.240
1787276961 71.2 70.2 70.2 71.2 2208 950 5.264
1787276962 70.2 69.3 69.3 70.2 2208 950 5.191
1787276963 73.9 74.8 73.0 74.8 2208 950 5.254
1787276964 77.6 78.5 76.7 79.5 2208 950 5.196
1787276965 72.1 72.1 71.2 72.1 2208 950 5.307
1787276966 71.2 70.2 69.3 71.2 2208 950 5.302
1787276967 77.6 77.6 76.7 78.5 2208 950 5.211
1787276969 77.6 77.6 76.7 78.5 2208 950 5.254
1787276970 80.4 80.4 79.5 81.3 2208 950 5.244
1787276971 78.5 77.6 77.6 78.5 2208 950 5.269
1787276972 73.0 73.0 72.1 73.0 2208 950 5.230
1787276973 77.6 77.6 76.7 77.6 2208 950 5.220
1787276974 79.5 80.4 79.5 81.3 2208 950 5.162
1787276975 75.8 74.8 73.9 74.8 2208 950 5.302
1787276976 73.0 72.1 72.1 73.0 2208 950 5.235
1787276977 76.7 78.5 76.7 78.5 2208 950 5.201
1787276978 79.5 79.5 78.5 80.4 2208 950 5.215
1787276980 73.0 73.0 72.1 73.0 2208 950 5.307
1787276981 72.1 71.2 71.2 71.2 2208 950 5.269
1787276982 78.5 79.5 77.6 79.5 2208 950 5.206
1787276983 77.6 76.7 76.7 77.6 2208 950 5.278
1787276984 73.0 73.0 72.1 73.0 2208 950 5.225
1787276985 76.7 77.6 75.8 77.6 2208 950 5.220
1787276986 73.9 73.9 73.0 74.8 2208 950 5.278
1787276987 73.9 74.8 73.0 75.8 2208 950 5.220
1787276988 78.5 79.5 77.6 80.4 2208 950 5.143
1787276989 73.9 73.0 73.0 73.9 2208 950 5.230
1787276990 72.1 72.1 71.2 73.0 2208 950 5.288
1787276992 75.8 75.8 74.8 77.6 2208 950 5.249
1787276993 74.8 74.8 73.9 76.7 2208 950 5.244
1787276994 78.5 79.5 77.6 79.5 2208 950 5.235
1787276995 72.1 72.1 71.2 72.1 2208 950 5.269
1787276996 74.8 75.8 74.8 76.7 2208 950 5.167
1787276997 74.8 73.9 73.0 73.9 2208 950 5.254
1787276998 72.1 71.2 71.2 72.1 2208 950 5.283
1787276999 71.2 71.2 71.2 71.2 2208 950 5.302
1787277000 71.2 71.2 69.3 71.2 2208 950 5.269
1787277001 70.2 69.3 69.3 70.2 2208 950 5.302
1787277002 76.7 77.6 75.8 78.5 2208 950 5.196
1787277004 77.6 78.5 76.7 78.5 2208 950 5.235
1787277005 73.0 73.0 72.1 73.0 2208 950 5.283
1787277006 75.8 76.7 75.8 77.6 2208 950 5.211
1787277007 74.8 73.9 73.0 73.9 2208 950 5.307
1787277008 72.1 71.2 71.2 72.1 2208 950 5.240
1787277009 76.7 76.7 75.8 77.6 2208 950 5.196
1787277010 78.5 79.5 77.6 79.5 2208 950 5.230
1787277011 76.7 77.6 76.7 77.6 2208 950 5.230
1787277013 78.5 78.5 77.6 79.5 2208 950 5.177
1787277014 73.0 73.0 72.1 73.0 2208 950 5.249
1787277015 72.1 72.1 71.2 71.2 2208 950 5.225
1787277016 78.5 79.5 77.6 80.4 2208 950 5.172
1787277017 79.5 78.5 77.6 78.5 2208 950 5.307
1787277018 73.0 73.0 72.1 73.0 2208 950 5.269
1787277019 75.8 76.7 74.8 77.6 2208 950 5.211
1787277020 76.7 75.8 75.8 76.7 2208 950 5.254
1787277021 79.5 80.4 78.5 80.4 2208 950 5.172
1787277022 79.5 79.5 78.5 80.4 2208 950 5.162
1787277024 73.9 73.0 73.0 73.0 2208 950 5.215
1787277025 73.0 72.1 72.1 73.0 2208 950 5.254
1787277026 71.2 71.2 70.2 71.2 2208 950 5.220
1787277027 70.2 70.2 69.3 71.2 2208 950 5.273
1787277028 70.2 69.3 69.3 70.2 2208 950 5.264
1787277029 69.3 69.3 68.4 69.3 2208 950 5.278
1787277030 69.3 68.4 68.4 69.3 2208 950 5.269
1787277031 68.4 68.4 67.5 69.3 2208 950 5.298
1787277032 68.4 67.5 67.5 67.5 2208 950 5.302
1787277033 68.4 67.5 67.5 68.4 2208 950 5.264
1787277034 67.5 67.5 66.5 68.4 2208 950 5.249
1787277035 67.5 67.5 66.5 67.5 2208 950 5.298
1787277036 67.5 67.5 66.5 67.5 2208 950 5.307
1787277038 67.5 66.5 65.6 67.5 2208 950 5.249
1787277039 67.5 66.5 65.6 66.5 2208 950 5.298
1787277040 66.5 66.5 65.6 66.5 2208 950 5.220
1787277041 66.5 66.5 65.6 66.5 2208 950 5.249
1787277042 66.5 65.6 65.6 65.6 2208 950 5.307
1787277043 65.6 65.6 65.6 65.6 2208 950 5.254
1787277044 65.6 65.6 64.7 65.6 2208 950 5.235
1787277045 65.6 65.6 64.7 65.6 2208 950 5.254
1787277046 65.6 65.6 64.7 66.5 2208 950 5.264
1787277047 65.6 65.6 64.7 65.6 2208 950 5.269
1787277048 65.6 65.6 64.7 65.6 2208 950 5.211
1787277049 69.3 70.2 68.4 70.2 2208 950 5.273
1787277050 72.1 72.1 71.2 71.2 2208 950 5.254
1787277051 67.5 67.5 66.5 67.5 2208 950 5.293
1787277052 69.3 68.4 67.5 69.3 2208 950 5.288
1787277054 73.0 73.9 72.1 73.9 2208 950 5.211
1787277055 71.2 70.2 70.2 70.2 2208 950 5.264
1787277056 67.5 67.5 66.5 68.4 2208 950 5.283
1787277057 68.4 69.3 67.5 69.3 2208 950 5.235
1787277058 67.5 66.5 65.6 66.5 2208 950 5.278
1787277059 66.5 66.5 65.6 66.5 2208 950 5.254
1787277060 67.5 66.5 65.6 67.5 2208 950 5.264
1787277061 65.6 65.6 64.7 66.5 2208 950 5.273
1787277062 67.5 67.5 66.5 70.2 2208 950 5.186
1787277063 67.5 66.5 65.6 67.5 2208 950 5.244
1787277064 73.0 73.0 72.1 73.0 2208 950 5.230
1787277065 73.9 73.9 73.0 74.8 2208 950 5.172
1787277067 68.4 68.4 67.5 68.4 2208 950 5.293
1787277068 67.5 67.5 66.5 67.5 2208 950 5.307
1787277069 67.5 66.5 65.6 66.5 2208 950 5.254
1787277070 71.2 72.1 70.2 72.1 2208 950 5.249
1787277071 70.2 71.2 70.2 72.1 2208 950 5.254
1787277072 69.3 69.3 68.4 69.3 2208 950 5.293
1787277073 73.9 74.8 73.0 74.8 2208 950 5.249
1787277074 74.8 75.8 74.8 75.8 2208 950 5.230
1787277075 69.3 68.4 68.4 69.3 2208 950 5.302
1787277076 69.3 68.4 68.4 71.2 2208 950 5.182
1787277078 72.1 71.2 71.2 72.1 2208 950 5.244
1787277079 68.4 68.4 67.5 68.4 2208 950 5.269
1787277080 67.5 67.5 66.5 67.5 2208 950 5.293
1787277081 70.2 70.2 69.3 70.2 2208 950 5.312
1787277082 67.5 67.5 66.5 67.5 2208 950 5.244
1787277083 68.4 69.3 67.5 70.2 2208 950 5.215
1787277084 72.1 72.1 71.2 72.1 2208 950 5.269
1787277085 72.1 72.1 71.2 72.1 2208 950 5.240
1787277086 73.9 73.9 73.0 73.9 2208 950 5.191
1787277087 74.8 75.8 73.9 76.7 2208 950 5.215
1787277088 70.2 70.2 69.3 70.2 2208 950 5.215
1787277089 71.2 71.2 70.2 71.2 2208 950 5.317
1787277091 74.8 73.9 73.0 73.9 2208 950 5.273
1787277092 69.3 69.3 68.4 70.2 2208 950 5.298
1787277093 72.1 73.0 72.1 73.9 2208 950 5.211
1787277094 75.8 75.8 74.8 75.8 2208 950 5.298
1787277095 72.1 72.1 72.1 72.1 2208 950 5.230
1787277096 69.3 69.3 68.4 69.3 2208 950 5.298
1787277097 68.4 67.5 67.5 69.3 2208 950 5.254
1787277098 73.0 72.1 71.2 72.1 2208 950 5.269
1787277099 69.3 68.4 67.5 69.3 2208 950 5.288
1787277100 74.8 74.8 73.9 74.8 2208 950 5.240
1787277101 69.3 68.4 68.4 69.3 2208 950 5.264
1787277102 68.4 68.4 67.5 68.4 2208 950 5.293
1787277103 73.0 73.9 73.0 74.8 2208 950 5.225
1787277104 75.8 76.7 74.8 76.7 2208 950 5.191
1787277106 70.2 69.3 69.3 70.2 2208 950 5.215
1787277107 72.1 73.0 71.2 73.0 2208 950 5.215
1787277108 71.2 70.2 70.2 71.2 2208 950 5.177
1787277109 72.1 71.2 71.2 71.2 2208 950 5.273
1787277110 73.0 73.9 73.0 74.8 2208 950 5.196
1787277111 76.7 77.6 75.8 76.7 2208 950 5.211
1787277112 70.2 69.3 69.3 70.2 2208 950 5.235
1787277113 73.9 74.8 73.9 75.8 2208 950 5.201
1787277114 71.2 71.2 70.2 71.2 2208 950 5.230
1787277115 74.8 75.8 73.9 76.7 2208 950 5.182
1787277117 76.7 77.6 76.7 78.5 2208 950 5.254
1787277118 71.2 70.2 70.2 71.2 2208 950 5.293
1787277119 71.2 71.2 70.2 73.0 2208 950 5.211
1787277120 76.7 77.6 76.7 78.5 2208 950 5.288
1787277121 73.0 73.9 72.1 73.9 2208 950 5.302
1787277122 70.2 70.2 69.3 70.2 2208 950 5.244
1787277123 72.1 71.2 71.2 72.1 2208 950 5.312
1787277124 69.3 69.3 68.4 69.3 2208 950 5.235
1787277125 69.3 69.3 68.4 70.2 2208 950 5.264
1787277126 68.4 67.5 67.5 68.4 2208 950 5.225
1787277127 67.5 67.5 66.5 67.5 2208 950 5.278
1787277128 67.5 66.5 66.5 67.5 2208 950 5.269
1787277130 66.5 66.5 65.6 67.5 2208 950 5.254
1787277131 66.5 66.5 65.6 66.5 2208 950 5.293
1787277132 66.5 65.6 65.6 66.5 2208 950 5.259
1787277133 65.6 65.6 65.6 66.5 2208 950 5.259
1787277134 65.6 65.6 64.7 66.5 2208 950 5.293
1787277135 65.6 65.6 64.7 65.6 2208 950 5.278
1787277136 65.6 65.6 64.7 65.6 2208 950 5.235
1787277137 65.6 64.7 63.8 65.6 2208 950 5.302
1787277138 65.6 64.7 63.8 65.6 2208 950 5.273
1787277139 65.6 64.7 63.8 65.6 2208 950 5.240
1787277140 64.7 64.7 63.8 65.6 2208 950 5.302
1787277141 64.7 64.7 63.8 64.7 2208 950 5.302
1787277142 64.7 63.8 62.8 64.7 2208 950 5.312
1787277143 64.7 64.7 63.8 64.7 2208 950 5.254
1787277145 64.7 63.8 63.8 64.7 2208 950 5.298
1787277146 63.8 63.8 63.8 64.7 2208 950 5.293
1787277147 64.7 63.8 62.8 63.8 2208 950 5.283
1787277148 63.8 63.8 62.8 63.8 2208 950 5.298
1787277149 68.4 69.3 67.5 69.3 2208 950 5.186
1787277150 73.0 73.9 72.1 74.8 2208 950 5.172
1787277151 66.5 66.5 65.6 67.5 2208 950 5.307
1787277152 65.6 65.6 64.7 65.6 2208 950 5.302
1787277153 65.6 65.6 64.7 65.6 2208 950 5.298
1787277154 69.3 69.3 68.4 69.3 2208 950 5.298
1787277155 73.0 73.0 72.1 73.0 2208 950 5.283
1787277156 69.3 69.3 68.4 69.3 2208 950 5.283
1787277157 70.2 70.2 69.3 71.2 2208 950 5.240
1787277159 67.5 66.5 66.5 68.4 2208 950 5.249
1787277160 65.6 65.6 64.7 65.6 2208 950 5.225
1787277161 67.5 66.5 65.6 67.5 2208 950 5.220
1787277162 69.3 70.2 69.3 70.2 2208 950 5.215
1787277163 73.9 74.8 73.0 75.8 2208 950 5.167
1787277164 73.9 74.8 73.0 73.9 2208 950 5.302
1787277165 68.4 68.4 67.5 68.4 2208 950 5.293
1787277166 69.3 68.4 68.4 68.4 2208 950 5.249
1787277167 73.9 73.9 73.0 74.8 2208 950 5.215
1787277169 74.8 75.8 73.9 76.7 2208 950 5.215
1787277170 73.9 74.8 73.0 74.8 2208 950 5.235
1787277171 70.2 69.3 69.3 69.3 2208 950 5.288
1787277172 68.4 67.5 67.5 68.4 2208 950 5.293
1787277173 69.3 69.3 68.4 69.3 2208 950 5.302
1787277174 71.2 72.1 71.2 73.0 2208 950 5.201
1787277175 73.0 73.9 73.0 74.8 2208 950 5.177
1787277176 71.2 72.1 70.2 72.1 2208 950 5.206
1787277177 71.2 71.2 70.2 73.0 2208 950 5.191
1787277178 68.4 68.4 67.5 68.4 2208 950 5.249
1787277180 70.2 71.2 70.2 72.1 2208 950 5.254
1787277181 70.2 69.3 69.3 70.2 2208 950 5.254
1787277182 68.4 67.5 67.5 68.4 2208 950 5.283
1787277183 73.0 73.9 72.1 73.9 2208 950 5.201
1787277184 74.8 75.8 73.9 75.8 2208 950 5.240
1787277185 69.3 69.3 68.4 69.3 2208 950 5.269
1787277186 67.5 67.5 66.5 67.5 2208 950 5.215
1787277187 74.8 75.8 73.9 75.8 2208 950 5.283
1787277188 72.1 72.1 71.2 73.0 2208 950 5.230
1787277189 69.3 68.4 67.5 68.4 2208 950 5.288
1787277190 72.1 71.2 71.2 71.2 2208 950 5.293
1787277192 68.4 68.4 67.5 68.4 2208 950 5.244
1787277193 72.1 73.0 71.2 73.9 2208 950 5.235
1787277194 74.8 76.7 73.9 75.8 2208 950 5.225
1787277195 71.2 72.1 70.2 73.0 2208 950 5.201
1787277196 75.8 75.8 74.8 76.7 2208 950 5.182
1787277197 71.2 70.2 70.2 70.2 2208 950 5.269
1787277198 69.3 69.3 68.4 69.3 2208 950 5.244
1787277199 68.4 68.4 67.5 68.4 2208 950 5.269
1787277200 73.9 74.8 73.0 75.8 2208 950 5.215
1787277201 70.2 69.3 69.3 70.2 2208 950 5.293
1787277202 72.1 73.0 71.2 73.0 2208 950 5.206
1787277204 73.0 73.0 73.0 74.8 2208 950 5.225
1787277205 72.1 72.1 71.2 72.1 2208 950 5.288
1787277206 69.3 69.3 68.4 69.3 2208 950 5.278
1787277207 73.9 74.8 73.0 75.8 2208 950 5.215
1787277208 70.2 70.2 69.3 71.2 2208 950 5.269
1787277209 71.2 72.1 71.2 73.0 2208 950 5.196
1787277210 74.8 75.8 73.9 76.7 2208 950 5.201
1787277211 70.2 69.3 69.3 70.2 2208 950 5.235
1787277212 69.3 68.4 67.5 69.3 2208 950 5.264
1787277213 75.8 76.7 74.8 76.7 2208 950 5.201
1787277215 74.8 73.9 73.0 74.8 2208 950 5.264
1787277216 70.2 69.3 69.3 70.2 2208 950 5.254
1787277217 72.1 73.0 72.1 73.0 2208 950 5.215
1787277218 76.7 77.6 75.8 77.6 2208 950 5.191
1787277219 71.2 70.2 70.2 71.2 2208 950 5.288
1787277220 69.3 69.3 68.4 69.3 2208 950 5.298
1787277221 73.0 73.9 72.1 73.9 2208 950 5.215
1787277222 72.1 71.2 70.2 72.1 2208 950 5.211
1787277223 69.3 69.3 68.4 69.3 2208 950 5.249
1787277224 69.3 68.4 67.5 69.3 2208 950 5.264
1787277225 67.5 67.5 66.5 67.5 2208 950 5.225
1787277227 67.5 66.5 66.5 67.5 2208 950 5.273
1787277228 66.5 66.5 65.6 67.5 2208 950 5.264
1787277229 66.5 65.6 65.6 66.5 2208 950 5.288
1787277230 66.5 65.6 65.6 66.5 2208 950 5.249
1787277231 66.5 65.6 64.7 65.6 2208 950 5.244
1787277232 65.6 65.6 64.7 65.6 2208 950 5.293
1787277233 65.6 65.6 64.7 65.6 2208 950 5.288
1787277234 65.6 64.7 63.8 65.6 2208 950 5.302
1787277235 65.6 64.7 63.8 65.6 2208 950 5.259
1787277236 64.7 64.7 63.8 64.7 2208 950 5.249
1787277237 64.7 64.7 63.8 64.7 2208 950 5.278
1787277238 64.7 64.7 63.8 64.7 2208 950 5.269
1787277239 64.7 63.8 63.8 64.7 2208 950 5.283
1787277240 64.7 63.8 63.8 64.7 2208 950 5.288
1787277242 63.8 63.8 62.8 63.8 2208 950 5.293
1787277243 63.8 63.8 62.8 63.8 2208 950 5.244
1787277244 63.8 63.8 62.8 63.8 2208 950 5.240
1787277245 63.8 63.8 62.8 63.8 2208 950 5.312
1787277246 63.8 63.8 62.8 63.8 2208 950 5.240
1787277247 67.5 68.4 67.5 69.3 2208 950 5.230
1787277248 69.3 69.3 68.4 69.3 2208 950 5.302
1787277249 65.6 65.6 64.7 65.6 2208 950 5.259
1787277250 70.2 71.2 69.3 71.2 2208 950 5.235
1787277251 69.3 68.4 68.4 68.4 2208 950 5.254
1787277252 67.5 66.5 65.6 67.5 2208 950 5.293
1787277253 67.5 66.5 65.6 67.5 2208 950 5.249
1787277254 72.1 72.1 71.2 73.0 2208 950 5.211
1787277256 70.2 70.2 69.3 70.2 2208 950 5.249
1787277257 67.5 66.5 65.6 67.5 2208 950 5.273
1787277258 65.6 65.6 65.6 66.5 2208 950 5.254
1787277259 65.6 64.7 64.7 65.6 2208 950 5.264
1787277260 70.2 71.2 69.3 71.2 2208 950 5.177
1787277261 66.5 65.6 64.7 65.6 2208 950 5.244
1787277262 65.6 65.6 64.7 65.6 2208 950 5.288
1787277263 64.7 63.8 63.8 64.7 2208 950 5.298
1787277264 64.7 63.8 62.8 64.7 2208 950 5.302
1787277265 68.4 69.3 67.5 70.2 2208 950 5.177
1787277266 73.0 73.9 72.1 73.9 2208 950 5.215
1787277268 66.5 66.5 65.6 66.5 2208 950 5.312
1787277269 65.6 65.6 64.7 65.6 2208 950 5.298
1787277270 72.1 73.0 72.1 73.0 2208 950 5.293
1787277271 71.2 71.2 70.2 72.1 2208 950 5.259
1787277272 70.2 71.2 70.2 72.1 2208 950 5.225
1787277273 68.4 67.5 67.5 67.5 2208 950 5.293
1787277274 67.5 68.4 66.5 69.3 2208 950 5.235
1787277275 68.4 67.5 67.5 68.4 2208 950 5.307
1787277276 66.5 65.6 64.7 65.6 2208 950 5.220
1787277277 73.0 73.0 72.1 73.0 2208 950 5.206
1787277278 72.1 73.0 71.2 73.9 2208 950 5.215
1787277280 73.9 74.8 73.0 74.8 2208 950 5.225
1787277281 72.1 73.0 71.2 73.0 2208 950 5.201
1787277282 71.2 71.2 70.2 72.1 2208 950 5.167
1787277283 70.2 69.3 69.3 70.2 2208 950 5.288
1787277284 68.4 69.3 67.5 70.2 2208 950 5.244
1787277285 69.3 69.3 68.4 69.3 2208 950 5.293
1787277286 69.3 70.2 69.3 71.2 2208 950 5.215
1787277287 73.0 73.0 72.1 73.0 2208 950 5.254
1787277288 71.2 70.2 69.3 70.2 2208 950 5.293
1787277289 68.4 67.5 66.5 68.4 2208 950 5.230
1787277291 67.5 66.5 65.6 67.5 2208 950 5.273
1787277292 70.2 71.2 70.2 72.1 2208 950 5.240
1787277293 68.4 68.4 67.5 68.4 2208 950 5.302
1787277294 67.5 66.5 65.6 67.5 2208 950 5.235
1787277295 73.0 73.9 72.1 73.9 2208 950 5.283
1787277296 73.0 73.9 73.0 74.8 2208 950 5.235
1787277297 74.8 75.8 73.9 75.8 2208 950 5.201
1787277298 70.2 70.2 69.3 71.2 2208 950 5.254
1787277299 72.1 71.2 71.2 72.1 2208 950 5.215
1787277300 71.2 72.1 71.2 72.1 2208 950 5.215
1787277301 72.1 73.0 71.2 73.0 2208 950 5.211
1787277303 70.2 70.2 69.3 70.2 2208 950 5.302
1787277304 73.9 73.9 73.0 74.8 2208 950 5.191
1787277305 73.0 72.1 71.2 72.1 2208 950 5.264
1787277306 69.3 69.3 67.5 69.3 2208 950 5.220
1787277307 75.8 76.7 74.8 76.7 2208 950 5.206
1787277308 75.8 75.8 74.8 75.8 2208 950 5.225
1787277309 69.3 69.3 69.3 69.3 2208 950 5.298
1787277310 72.1 73.0 72.1 73.9 2208 950 5.191
1787277311 73.0 73.9 72.1 73.9 2208 950 5.230
1787277313 71.2 70.2 69.3 70.2 2208 950 5.235
1787277314 69.3 68.4 67.5 69.3 2208 950 5.283
1787277315 74.8 75.8 73.9 75.8 2208 950 5.230
1787277316 74.8 75.8 73.9 75.8 2208 950 5.211
1787277317 70.2 69.3 69.3 70.2 2208 950 5.264
1787277318 68.4 67.5 67.5 68.4 2208 950 5.244
1787277319 67.5 67.5 66.5 67.5 2208 950 5.278
1787277320 67.5 66.5 66.5 67.5 2208 950 5.273
1787277321 67.5 67.5 67.5 69.3 2208 950 5.240
1787277322 67.5 66.5 65.6 67.5 2208 950 5.244
1787277323 67.5 66.5 65.6 67.5 2208 950 5.264
1787277324 65.6 65.6 64.7 65.6 2208 950 5.293
1787277326 65.6 65.6 64.7 65.6 2208 950 5.225
1787277327 65.6 65.6 64.7 65.6 2208 950 5.293
1787277328 65.6 64.7 63.8 65.6 2208 950 5.273
1787277329 65.6 64.7 63.8 65.6 2208 950 5.254
1787277330 64.7 64.7 63.8 65.6 2208 950 5.244
1787277331 64.7 63.8 63.8 64.7 2208 950 5.244
1787277332 64.7 64.7 63.8 64.7 2208 950 5.307
1787277333 64.7 63.8 62.8 64.7 2208 950 5.254
1787277334 64.7 63.8 62.8 63.8 2208 950 5.293
1787277335 63.8 63.8 62.8 64.7 2208 950 5.273
1787277336 63.8 63.8 62.8 63.8 2208 950 5.244
1787277337 63.8 63.8 62.8 63.8 2208 950 5.307
1787277338 63.8 62.8 62.8 63.8 2208 950 5.293
1787277339 63.8 63.8 61.9 63.8 2208 950 5.298
1787277340 63.8 62.8 62.8 62.8 2208 950 5.264
1787277342 62.8 62.8 61.9 63.8 2208 950 5.230
1787277343 62.8 62.8 61.9 62.8 2208 950 5.273
1787277344 62.8 62.8 61.9 63.8 2208 950 5.259
1787277345 62.8 61.9 61.9 62.8 2208 950 5.312
1787277346 67.5 67.5 66.5 67.5 2208 950 5.254
1787277347 68.4 69.3 67.5 69.3 2208 950 5.230
1787277348 69.3 70.2 68.4 69.3 2208 950 5.215
1787277349 69.3 70.2 69.3 70.2 2208 950 5.225
1787277350 69.3 70.2 69.3 69.3 2208 950 5.201
1787277351 70.2 71.2 69.3 70.2 2208 950 5.211
1787277352 70.2 71.2 69.3 70.2 2208 950 5.235
1787277353 71.2 71.2 70.2 70.2 2208 950 5.220
1787277354 71.2 71.2 70.2 71.2 2208 950 5.230
1787277355 69.3 69.3 68.4 69.3 2208 950 5.273
1787277357 67.5 66.5 66.5 67.5 2208 950 5.254
1787277358 65.6 65.6 64.7 65.6 2208 950 5.225
1787277359 72.1 73.0 71.2 73.9 2208 950 5.215
1787277360 73.9 74.8 73.0 74.8 2208 950 5.215
1787277361 73.9 74.8 73.9 75.8 2208 950 5.206
1787277362 75.8 76.7 74.8 76.7 2208 950 5.201
1787277363 76.7 76.7 74.8 76.7 2208 950 5.244
1787277364 76.7 77.6 75.8 77.6 2208 950 5.182
1787277365 77.6 77.6 76.7 77.6 2208 950 5.186
1787277367 77.6 78.5 76.7 78.5 2208 950 5.225
1787277368 77.6 78.5 76.7 78.5 2208 950 5.182
1787277369 78.5 78.5 77.6 79.5 2208 950 5.215
1787277370 78.5 79.5 77.6 79.5 2208 950 5.206
1787277371 78.5 79.5 77.6 79.5 2208 950 5.206
1787277372 78.5 78.5 77.6 78.5 2208 950 5.235
1787277373 79.5 80.4 78.5 80.4 2208 950 5.177
1787277374 79.5 80.4 79.5 81.3 2208 950 5.230
1787277376 80.4 81.3 79.5 82.2 2208 950 5.201
1787277377 80.4 80.4 79.5 81.3 2208 950 5.196
1787277378 80.4 81.3 79.5 81.3 2208 950 5.196
1787277379 80.4 81.3 80.4 82.2 2208 950 5.186
1787277380 81.3 81.3 80.4 83.2 2208 950 5.215
1787277381 80.4 81.3 79.5 81.3 2208 950 5.244
1787277382 80.4 81.3 79.5 81.3 2208 950 5.235
1787277383 81.3 82.2 80.4 83.2 2208 950 5.186
1787277385 81.3 81.3 80.4 82.2 2208 950 5.196
1787277386 81.3 82.2 80.4 82.2 2208 950 5.215
1787277387 81.3 82.2 80.4 83.2 2208 950 5.206
1787277388 82.2 83.2 81.3 84.1 2208 950 5.230
1787277389 81.3 82.2 81.3 82.2 2208 950 5.244
1787277390 82.2 83.2 81.3 84.1 2208 950 5.220
1787277391 83.2 83.2 81.3 83.2 2208 950 5.249
1787277393 82.2 83.2 81.3 83.2 2208 950 5.167
1787277394 83.2 83.2 82.2 84.1 2208 950 5.259
1787277395 82.2 83.2 81.3 83.2 2208 950 5.201
1787277396 83.2 84.1 82.2 85.0 2208 950 5.215
1787277397 83.2 84.1 82.2 84.1 2208 950 5.230
1787277398 84.1 84.1 83.2 85.0 2208 950 5.172
1787277399 83.2 84.1 82.2 84.1 2208 950 5.235
1787277401 83.2 84.1 82.2 85.0 2208 950 5.215
1787277402 84.1 85.0 83.2 85.0 2208 950 5.186
1787277403 84.1 85.0 83.2 85.0 2208 950 5.240
1787277404 84.1 84.1 83.2 84.1 2208 950 5.215
1787277405 84.1 85.0 83.2 85.9 2016 950 5.191
1787277406 85.0 85.0 84.1 85.0 2016 950 5.249
1787277407 85.0 85.0 84.1 85.9 2016 950 5.215
1787277409 85.0 85.0 83.2 85.0 2208 950 5.148
1787277410 84.1 85.0 83.2 85.0 2208 950 5.201
1787277411 84.1 85.0 83.2 85.0 2208 950 5.206
1787277412 85.0 85.0 84.1 85.9 2016 950 5.259
1787277413 85.0 85.0 84.1 85.0 2208 950 5.153
1787277414 85.0 85.9 84.1 85.9 2016 950 5.172
1787277415 85.0 85.9 85.0 85.9 1800 950 5.230
1787277417 84.1 85.0 84.1 85.0 1800 950 5.206
1787277418 85.0 85.0 84.1 85.0 2016 950 5.133
1787277419 80.4 78.5 79.5 81.3 2208 950 5.273
1787277420 76.7 75.8 75.8 76.7 2208 950 5.230
1787277421 75.8 74.8 74.8 76.7 2208 950 5.240
1787277422 74.8 73.9 73.9 74.8 2208 950 5.235
1787277423 73.9 73.0 73.0 73.9 2208 950 5.278
1787277424 73.0 73.0 72.1 73.0 2208 950 5.240
1787277425 73.0 72.1 72.1 73.0 2208 950 5.249
1787277426 72.1 72.1 71.2 72.1 2208 950 5.244
1787277427 72.1 71.2 70.2 72.1 2208 950 5.235
