=== 정책 A/B (freeze 5ff948f, 냉각=fan, 4라운드, 예열 6분, 재예열 1run) ===
  노드 3개 확인
--- 예열 6분 (round-robin, 결과는 버린다) ---
  예열  5/6  soc: 51 50 47 
  예열  6/6  soc: 52 50 47 
  예열 완료 — thermal steady-state 가정
  r1  round-robin  -> 389.7,87.02,143.97,177.66,0.0000,33.3,33.3,33.3,90.1,84.7,86.7  soc최대 48.076°C
  r1  least-queue  -> 387.9,89.69,129.63,151.46,0.0000,33.4,33.4,33.3,89.8,89.3,90.0  soc최대 47.153°C
  r1  ect          -> 386.7,88.87,136.87,163.62,0.0000,33.1,33.5,33.4,88.9,88.3,89.5  soc최대 53.615°C
  r2  least-queue  -> 388.5,89.25,130.29,152.84,0.0000,33.2,33.3,33.5,89.8,89.6,88.5  soc최대 49.923°C
  r2  ect          -> 389.7,88.30,135.96,160.72,0.0000,33.2,33.4,33.4,87.8,88.7,88.6  soc최대 49.922°C
  r2  round-robin  -> 388.1,86.21,148.40,187.59,0.0000,33.3,33.3,33.3,86.2,85.4,87.3  soc최대 49.922°C
  r3  ect          -> 388.3,88.63,136.39,163.23,0.0000,33.1,33.2,33.7,88.4,88.8,88.7  soc최대 48.999°C
  r3  round-robin  -> 389.9,86.31,145.74,189.70,0.0000,33.3,33.3,33.3,82.7,86.6,90.2  soc최대 48.999°C
  r3  least-queue  -> 391.0,88.91,128.45,149.67,0.0000,33.4,33.2,33.4,88.6,89.3,88.8  soc최대 49.922°C
  r4  round-robin  -> 392.0,85.61,146.35,187.42,0.0000,33.3,33.3,33.3,86.3,87.6,83.6  soc최대 49.922°C
  r4  least-queue  -> 392.2,88.74,128.65,150.00,0.0000,33.4,33.4,33.2,88.8,88.3,89.0  soc최대 49.922°C
  r4  ect          -> 389.6,88.08,136.16,165.23,0.0000,33.3,33.3,33.4,87.6,88.1,88.6  soc최대 49.922°C
--- 열 로거 수거 ---
--- 원상복구 (기본 설정, 팬리스 유지) ---
  npuforge-k       running
  npuforge-q       running
  npuforge-j       running

========================================================================================================
S0-C  정책 A/B (팬리스, thermal steady-state)
========================================================================================================
  같은 3노드 / 커넥션 2·node / c36. 달라지는 것은 스케줄링 정책뿐이다.

Policy          n    Throughput     p50     p95     p99   king%   jack%  queen%     err
--------------------------------------------------------------------------------------------------------
round-robin     4    389.9±1.6     86.3   146.1   185.6    33.3    33.3    33.3  0.0000
least-queue     4    389.9±2.0     89.1   129.3   151.0    33.4    33.3    33.4  0.0000
ect             4    388.6±1.4     88.5   136.3   163.2    33.2    33.4    33.5  0.0000

── 노드별 p50 (ms) — 분배가 이동하면 여기도 따라 움직인다 ────────────────────────────────────────────
Policy              king      jack     queen       최대/최소
--------------------------------------------------------------------------------------------------------
round-robin         86.3      86.1      87.0       1.01x
least-queue         89.2      89.1      89.1       1.00x
ect                 88.2      88.5      88.8       1.01x

── 노드별 CPU busy% — '놀고 있다' 를 지연이 아니라 utilization 으로 ──────────────────────────────
Policy              king      jack     queen
--------------------------------------------------------------------------------------------------------
round-robin        45.3%     45.0%     44.9%
least-queue        45.4%     45.1%     45.1%
ect                45.2%     45.2%     45.7%

  총 오류율 합계: 0.0000
  soc 최대 온도 범위: 47.2 ~ 53.6°C (정책 간 열 조건이 비슷해야 공정한 비교다)

────────────────────────────────────────────────────────────────────────────────────────────────────────
판정 — 분배가 이동했는가, 그리고 손실이 회수됐는가
────────────────────────────────────────────────────────────────────────────────────────────────────────

  least-queue: 처리량 389.9 → 389.9 (-0.0%), king 분배 33.3% → 33.4%
    → **분배가 이동하지 않았다.** 정책의 상태 신호가 thermal-induced
       capacity degradation 을 감지하지 못한다는 뜻이다.
       (queue_depth/in_flight 는 느린 노드에서도 낮게 유지될 수 있다 —
        느린 것은 큐가 아니라 서비스 시간이기 때문이다.)

  ect: 처리량 389.9 → 388.6 (-0.3%), king 분배 33.3% → 33.2%
    → **분배가 이동하지 않았다.** 정책의 상태 신호가 thermal-induced
       capacity degradation 을 감지하지 못한다는 뜻이다.
       (queue_depth/in_flight 는 느린 노드에서도 낮게 유지될 수 있다 —
        느린 것은 큐가 아니라 서비스 시간이기 때문이다.)

  기준: king 분배 3%p 이상 이동 = '이동', 처리량 2% 이상 = '회수'.
        측정 전에 정한 값이며 결과에 맞춰 바꾸지 않는다.
결과: results/policy-ab-20260821fan/
