=== S3.8 optimized scale-out (freeze 0af696d, 2 conn/node, 3회) ===
--- rep 1 · 1노드 (커넥션 2/node = 2 total) ---
  노드 검증 OK — expected=1 observed=1 (king)
  rep1  1N c8   -> 1,119.9,64.15,95.23,110.34,128.55,0.0000,0.00
  rep1  1N c12  -> 1,136.1,85.99,121.30,142.72,182.68,0.0000,0.00
  rep1  1N c16  -> 1,136.5,113.73,177.94,206.83,269.22,0.0000,0.00
  rep1  1N c20  -> 1,135.0,142.51,240.38,279.68,375.38,0.0000,0.00
--- rep 1 · 2노드 (커넥션 2/node = 4 total) ---
  !! 노드 수 불일치 — expected=2 observed=1 (king). 이 구성 건너뜀
--- rep 1 · 3노드 (커넥션 2/node = 6 total) ---
  !! 노드 수 불일치 — expected=3 observed=1 (king). 이 구성 건너뜀
--- rep 2 · 2노드 (커넥션 2/node = 4 total) ---
  !! 노드 수 불일치 — expected=2 observed=1 (king). 이 구성 건너뜀
--- rep 2 · 3노드 (커넥션 2/node = 6 total) ---
  !! 노드 수 불일치 — expected=3 observed=1 (king). 이 구성 건너뜀
--- rep 2 · 1노드 (커넥션 2/node = 2 total) ---
  노드 검증 OK — expected=1 observed=1 (king)
  rep2  1N c20  -> 1,134.1,142.84,246.06,288.53,383.57,0.0000,0.00
  rep2  1N c16  -> 1,136.8,113.85,174.21,207.17,283.33,0.0000,0.00
  rep2  1N c12  -> 1,135.6,86.19,121.18,140.77,202.77,0.0000,0.00
  rep2  1N c8   -> 1,119.9,64.41,94.73,108.66,130.31,0.0000,0.00
--- rep 3 · 3노드 (커넥션 2/node = 6 total) ---
  !! 노드 수 불일치 — expected=3 observed=1 (king). 이 구성 건너뜀
--- rep 3 · 1노드 (커넥션 2/node = 2 total) ---
  노드 검증 OK — expected=1 observed=1 (king)
  rep3  1N c8   -> 1,121.1,63.67,94.15,108.25,159.08,0.0000,0.00
  rep3  1N c12  -> 1,137.0,85.38,118.79,136.47,204.15,0.0000,0.00
  rep3  1N c16  -> 1,136.0,113.96,174.71,206.91,265.05,0.0000,0.00
  rep3  1N c20  -> 1,135.2,142.14,246.95,287.56,366.94,0.0000,0.00
--- rep 3 · 2노드 (커넥션 2/node = 4 total) ---
  !! 노드 수 불일치 — expected=2 observed=1 (king). 이 구성 건너뜀
--- 원상복구 (3노드, 기본 설정) ---
  npuforge-k       running
  npuforge-q       running
  npuforge-j       running

====================================================================================================
S3.8  optimized gRPC scale-out — 각 노드 수의 운영점에서 비교
====================================================================================================
  (지연은 run-level percentile 의 run 간 평균 — pooled 아님)

── 1노드 (커넥션 2/node = 2 total) ──────────────────────────────────────────────────────────
  conc  n      throughput      p50      p95      p99       max  balance     err
----------------------------------------------------------------------------------------------------
     8  3    120.3±0.7       64.1     94.7    109.1     139.3     0.0%p  0.0000
    12  3    136.2±0.7       85.9    120.4    140.0     196.5     0.0%p  0.0000
    16  3    136.4±0.4      113.8    175.6    207.0     272.5     0.0%p  0.0000
    20  3    134.8±0.6      142.5    244.5    285.3     375.3     0.0%p  0.0000

────────────────────────────────────────────────────────────────────────────────────────────────────
운영점 (peak 의 98% 이상을 내는 가장 낮은 concurrency)
────────────────────────────────────────────────────────────────────────────────────────────────────
 Nodes  Tot.conn  Op.conc   Throughput      p95      p99   Scaling  Efficiency
----------------------------------------------------------------------------------------------------
     1         2       12        136.2    120.4    140.0     1.00x     100.0%

  총 오류율 합계: 0.0000   (0 이 아니면 결과를 신뢰하지 않는다)

────────────────────────────────────────────────────────────────────────────────────────────────────
포화 판정
────────────────────────────────────────────────────────────────────────────────────────────────────
  1N: peak c16, 운영점 c12 → 범위 안에서 포화 확인.
결과: results/scaleout-optimized-20260820/
